Archive member included because of file (symbol)

/OPT/altera/12.1/tools/nios2eds/bin/gnu/H-i686-pc-linux-gnu/bin/../lib/gcc/nios2-elf/4.1.2/../../../../nios2-elf/lib/mno-hw-mul/libc.a(lib_a-printf.o)
                              obj/default/main.o (printf)
/OPT/altera/12.1/tools/nios2eds/bin/gnu/H-i686-pc-linux-gnu/bin/../lib/gcc/nios2-elf/4.1.2/../../../../nios2-elf/lib/mno-hw-mul/libc.a(lib_a-puts.o)
                              obj/default/main.o (puts)
/OPT/altera/12.1/tools/nios2eds/bin/gnu/H-i686-pc-linux-gnu/bin/../lib/gcc/nios2-elf/4.1.2/../../../../nios2-elf/lib/mno-hw-mul/libc.a(lib_a-strlen.o)
                              /OPT/altera/12.1/tools/nios2eds/bin/gnu/H-i686-pc-linux-gnu/bin/../lib/gcc/nios2-elf/4.1.2/../../../../nios2-elf/lib/mno-hw-mul/libc.a(lib_a-puts.o) (strlen)
/OPT/altera/12.1/tools/nios2eds/bin/gnu/H-i686-pc-linux-gnu/bin/../lib/gcc/nios2-elf/4.1.2/../../../../nios2-elf/lib/mno-hw-mul/libc.a(lib_a-vfprintf.o)
                              /OPT/altera/12.1/tools/nios2eds/bin/gnu/H-i686-pc-linux-gnu/bin/../lib/gcc/nios2-elf/4.1.2/../../../../nios2-elf/lib/mno-hw-mul/libc.a(lib_a-printf.o) (___vfprintf_internal_r)
/OPT/altera/12.1/tools/nios2eds/bin/gnu/H-i686-pc-linux-gnu/bin/../lib/gcc/nios2-elf/4.1.2/../../../../nios2-elf/lib/mno-hw-mul/libc.a(lib_a-wsetup.o)
                              /OPT/altera/12.1/tools/nios2eds/bin/gnu/H-i686-pc-linux-gnu/bin/../lib/gcc/nios2-elf/4.1.2/../../../../nios2-elf/lib/mno-hw-mul/libc.a(lib_a-vfprintf.o) (__swsetup_r)
/OPT/altera/12.1/tools/nios2eds/bin/gnu/H-i686-pc-linux-gnu/bin/../lib/gcc/nios2-elf/4.1.2/../../../../nios2-elf/lib/mno-hw-mul/libc.a(lib_a-dtoa.o)
                              /OPT/altera/12.1/tools/nios2eds/bin/gnu/H-i686-pc-linux-gnu/bin/../lib/gcc/nios2-elf/4.1.2/../../../../nios2-elf/lib/mno-hw-mul/libc.a(lib_a-vfprintf.o) (_dtoa_r)
/OPT/altera/12.1/tools/nios2eds/bin/gnu/H-i686-pc-linux-gnu/bin/../lib/gcc/nios2-elf/4.1.2/../../../../nios2-elf/lib/mno-hw-mul/libc.a(lib_a-fflush.o)
                              /OPT/altera/12.1/tools/nios2eds/bin/gnu/H-i686-pc-linux-gnu/bin/../lib/gcc/nios2-elf/4.1.2/../../../../nios2-elf/lib/mno-hw-mul/libc.a(lib_a-vfprintf.o) (_fflush_r)
/OPT/altera/12.1/tools/nios2eds/bin/gnu/H-i686-pc-linux-gnu/bin/../lib/gcc/nios2-elf/4.1.2/../../../../nios2-elf/lib/mno-hw-mul/libc.a(lib_a-findfp.o)
                              /OPT/altera/12.1/tools/nios2eds/bin/gnu/H-i686-pc-linux-gnu/bin/../lib/gcc/nios2-elf/4.1.2/../../../../nios2-elf/lib/mno-hw-mul/libc.a(lib_a-vfprintf.o) (__sinit)
/OPT/altera/12.1/tools/nios2eds/bin/gnu/H-i686-pc-linux-gnu/bin/../lib/gcc/nios2-elf/4.1.2/../../../../nios2-elf/lib/mno-hw-mul/libc.a(lib_a-freer.o)
                              /OPT/altera/12.1/tools/nios2eds/bin/gnu/H-i686-pc-linux-gnu/bin/../lib/gcc/nios2-elf/4.1.2/../../../../nios2-elf/lib/mno-hw-mul/libc.a(lib_a-wsetup.o) (_free_r)
/OPT/altera/12.1/tools/nios2eds/bin/gnu/H-i686-pc-linux-gnu/bin/../lib/gcc/nios2-elf/4.1.2/../../../../nios2-elf/lib/mno-hw-mul/libc.a(lib_a-fvwrite.o)
                              /OPT/altera/12.1/tools/nios2eds/bin/gnu/H-i686-pc-linux-gnu/bin/../lib/gcc/nios2-elf/4.1.2/../../../../nios2-elf/lib/mno-hw-mul/libc.a(lib_a-puts.o) (__sfvwrite_r)
/OPT/altera/12.1/tools/nios2eds/bin/gnu/H-i686-pc-linux-gnu/bin/../lib/gcc/nios2-elf/4.1.2/../../../../nios2-elf/lib/mno-hw-mul/libc.a(lib_a-fwalk.o)
                              /OPT/altera/12.1/tools/nios2eds/bin/gnu/H-i686-pc-linux-gnu/bin/../lib/gcc/nios2-elf/4.1.2/../../../../nios2-elf/lib/mno-hw-mul/libc.a(lib_a-fflush.o) (_fwalk_reent)
/OPT/altera/12.1/tools/nios2eds/bin/gnu/H-i686-pc-linux-gnu/bin/../lib/gcc/nios2-elf/4.1.2/../../../../nios2-elf/lib/mno-hw-mul/libc.a(lib_a-impure.o)
                              /OPT/altera/12.1/tools/nios2eds/bin/gnu/H-i686-pc-linux-gnu/bin/../lib/gcc/nios2-elf/4.1.2/../../../../nios2-elf/lib/mno-hw-mul/libc.a(lib_a-printf.o) (_impure_ptr)
/OPT/altera/12.1/tools/nios2eds/bin/gnu/H-i686-pc-linux-gnu/bin/../lib/gcc/nios2-elf/4.1.2/../../../../nios2-elf/lib/mno-hw-mul/libc.a(lib_a-locale.o)
                              /OPT/altera/12.1/tools/nios2eds/bin/gnu/H-i686-pc-linux-gnu/bin/../lib/gcc/nios2-elf/4.1.2/../../../../nios2-elf/lib/mno-hw-mul/libc.a(lib_a-vfprintf.o) (_localeconv_r)
/OPT/altera/12.1/tools/nios2eds/bin/gnu/H-i686-pc-linux-gnu/bin/../lib/gcc/nios2-elf/4.1.2/../../../../nios2-elf/lib/mno-hw-mul/libc.a(lib_a-makebuf.o)
                              /OPT/altera/12.1/tools/nios2eds/bin/gnu/H-i686-pc-linux-gnu/bin/../lib/gcc/nios2-elf/4.1.2/../../../../nios2-elf/lib/mno-hw-mul/libc.a(lib_a-wsetup.o) (__smakebuf_r)
/OPT/altera/12.1/tools/nios2eds/bin/gnu/H-i686-pc-linux-gnu/bin/../lib/gcc/nios2-elf/4.1.2/../../../../nios2-elf/lib/mno-hw-mul/libc.a(lib_a-mallocr.o)
                              /OPT/altera/12.1/tools/nios2eds/bin/gnu/H-i686-pc-linux-gnu/bin/../lib/gcc/nios2-elf/4.1.2/../../../../nios2-elf/lib/mno-hw-mul/libc.a(lib_a-findfp.o) (_malloc_r)
[...]
Memory Configuration

Name             Origin             Length             Attributes
sdram_0          0x00800000         0x00800000
sram_0           0x01080000         0x00080000
reset            0x01104000         0x00000020
onchip_memory2_0 0x01104020         0x00003fe0
*default*        0x00000000         0xffffffff

Linker script and memory map

LOAD ../G4Capstone_bsp//obj/HAL/src/crt0.o
LOAD obj/default/main.o
LOAD /OPT/altera/12.1/tools/nios2eds/bin/gnu/H-i686-pc-linux-gnu/bin/../lib/gcc/nios2-elf/4.1.2/../../../../nios2-elf/lib/mno-hw-mul/libstdc++.a
LOAD /OPT/altera/12.1/tools/nios2eds/bin/gnu/H-i686-pc-linux-gnu/bin/../lib/gcc/nios2-elf/4.1.2/../../../../nios2-elf/lib/mno-hw-mul/libm.a
LOAD /OPT/altera/12.1/tools/nios2eds/bin/gnu/H-i686-pc-linux-gnu/bin/../lib/gcc/nios2-elf/4.1.2/mno-hw-mul/libgcc.a
START GROUP
LOAD /OPT/altera/12.1/tools/nios2eds/bin/gnu/H-i686-pc-linux-gnu/bin/../lib/gcc/nios2-elf/4.1.2/../../../../nios2-elf/lib/mno-hw-mul/libc.a
LOAD /OPT/altera/12.1/tools/nios2eds/bin/gnu/H-i686-pc-linux-gnu/bin/../lib/gcc/nios2-elf/4.1.2/mno-hw-mul/libgcc.a
LOAD ../G4Capstone_bsp//libucosii_bsp.a
END GROUP
LOAD /OPT/altera/12.1/tools/nios2eds/bin/gnu/H-i686-pc-linux-gnu/bin/../lib/gcc/nios2-elf/4.1.2/mno-hw-mul/libgcc.a
                0x00800000                __alt_mem_sdram_0 = 0x800000
                0x01080000                __alt_mem_sram_0 = 0x1080000
                0x01104000                __alt_mem_onchip_memory2_0 = 0x1104000

.entry          0x01104000       0x20
 *(.entry)
 .entry         0x01104000       0x20 ../G4Capstone_bsp//obj/HAL/src/crt0.o
                0x01104000                __reset

.exceptions     0x01104020      0x1a0 load address 0x00800000
                0x01104020                PROVIDE (__ram_exceptions_start, ABSOLUTE (.))
                0x01104020                . = ALIGN (0x20)
 *(.irq)
 *(.exceptions.entry.label)
 .exceptions.entry.label
                0x01104020        0x0 ../G4Capstone_bsp//libucosii_bsp.a(alt_irq_entry.o)
                0x01104020                alt_irq_entry
 .exceptions.entry.label
                0x01104020        0x0 ../G4Capstone_bsp//libucosii_bsp.a(alt_exception_entry.o)
                0x01104020                alt_exception
 *(.exceptions.entry.user)
 *(.exceptions.entry)
 .exceptions.entry
                0x01104020       0x54 ../G4Capstone_bsp//libucosii_bsp.a(alt_exception_entry.o)
 *(.exceptions.irqtest.user)
 *(.exceptions.irqtest)
 .exceptions.irqtest
                0x01104074       0x10 ../G4Capstone_bsp//libucosii_bsp.a(alt_irq_entry.o)
 *(.exceptions.irqhandler.user)
 *(.exceptions.irqhandler)
 .exceptions.irqhandler
                0x01104084        0x4 ../G4Capstone_bsp//libucosii_bsp.a(alt_irq_entry.o)
 *(.exceptions.irqreturn.user)
 *(.exceptions.irqreturn)
 .exceptions.irqreturn
                0x01104088        0x4 ../G4Capstone_bsp//libucosii_bsp.a(alt_irq_entry.o)
 *(.exceptions.notirq.label)
 .exceptions.notirq.label
                0x0110408c        0x0 ../G4Capstone_bsp//libucosii_bsp.a(alt_irq_entry.o)
 *(.exceptions.notirq.user)
 *(.exceptions.notirq)
 .exceptions.notirq
                0x0110408c        0x8 ../G4Capstone_bsp//libucosii_bsp.a(alt_exception_entry.o)
 *(.exceptions.soft.user)
 *(.exceptions.soft)
 *(.exceptions.unknown.user)
 *(.exceptions.unknown)
 .exceptions.unknown
                0x01104094        0x4 ../G4Capstone_bsp//libucosii_bsp.a(alt_exception_entry.o)
 *(.exceptions.exit.label)
 .exceptions.exit.label
                0x01104098        0x0 ../G4Capstone_bsp//libucosii_bsp.a(alt_irq_entry.o)
 .exceptions.exit.label
                0x01104098        0x0 ../G4Capstone_bsp//libucosii_bsp.a(alt_exception_entry.o)
 *(.exceptions.exit.user)
 *(.exceptions.exit)
 .exceptions.exit
                0x01104098       0x54 ../G4Capstone_bsp//libucosii_bsp.a(alt_exception_entry.o)
 *(.exceptions)
 .exceptions    0x011040ec       0xd4 ../G4Capstone_bsp//libucosii_bsp.a(alt_irq_handler.o)
                0x011040ec                alt_irq_handler
                0x011041c0                PROVIDE (__ram_exceptions_end, ABSOLUTE (.))
                0x00800000                PROVIDE (__flash_exceptions_start, LOADADDR (.exceptions))

.text           0x008001a0    0x16a50
                0x008001a0                PROVIDE (stext, ABSOLUTE (.))
 *(.interp)
 *(.hash)
 *(.dynsym)
 *(.dynstr)
 *(.gnu.version)
 *(.gnu.version_d)
 *(.gnu.version_r)
 *(.rel.init)
 *(.rela.init)
 *(.rel.text .rel.text.* .rel.gnu.linkonce.t.*)
 *(.rela.text .rela.text.* .rela.gnu.linkonce.t.*)
 *(.rel.fini)
 *(.rela.fini)
 *(.rel.rodata .rel.rodata.* .rel.gnu.linkonce.r.*)
 *(.rela.rodata .rela.rodata.* .rela.gnu.linkonce.r.*)
 *(.rel.data .rel.data.* .rel.gnu.linkonce.d.*)
 *(.rela.data .rela.data.* .rela.gnu.linkonce.d.*)
 *(.rel.tdata .rel.tdata.* .rel.gnu.linkonce.td.*)
 *(.rela.tdata .rela.tdata.* .rela.gnu.linkonce.td.*)
 *(.rel.tbss .rel.tbss.* .rel.gnu.linkonce.tb.*)
 *(.rela.tbss .rela.tbss.* .rela.gnu.linkonce.tb.*)
 *(.rel.ctors)
 *(.rela.ctors)
 *(.rel.dtors)
 *(.rela.dtors)
 *(.rel.got)
 *(.rela.got)
 *(.rel.sdata .rel.sdata.* .rel.gnu.linkonce.s.*)
 *(.rela.sdata .rela.sdata.* .rela.gnu.linkonce.s.*)
 *(.rel.sbss .rel.sbss.* .rel.gnu.linkonce.sb.*)
 *(.rela.sbss .rela.sbss.* .rela.gnu.linkonce.sb.*)
 *(.rel.sdata2 .rel.sdata2.* .rel.gnu.linkonce.s2.*)
 *(.rela.sdata2 .rela.sdata2.* .rela.gnu.linkonce.s2.*)
 *(.rel.sbss2 .rel.sbss2.* .rel.gnu.linkonce.sb2.*)
 *(.rela.sbss2 .rela.sbss2.* .rela.gnu.linkonce.sb2.*)
 *(.rel.bss .rel.bss.* .rel.gnu.linkonce.b.*)
 *(.rela.bss .rela.bss.* .rela.gnu.linkonce.b.*)
 *(.rel.plt)
 *(.rela.plt)
 *(.rel.dyn)
 *(.init)
 *(.plt)
 *(.text .stub .text.* .gnu.linkonce.t.*)
 .text          0x008001a0       0x3c ../G4Capstone_bsp//obj/HAL/src/crt0.o
                0x008001a0                _start
 .text          0x008001dc      0x3c4 obj/default/main.o
                0x008001dc                main
                0x008002bc                AudioSetup
                0x008003a8                AudioTask
                0x00800510                LCDTask
 .text          0x008005a0       0x78 /OPT/altera/12.1/tools/nios2eds/bin/gnu/H-i686-pc-linux-gnu/bin/../lib/gcc/nios2-elf/4.1.2/../../../../nios2-elf/lib/mno-hw-mul/libc.a(lib_a-printf.o)
                0x008005a0                printf
                0x008005e4                _printf_r
 .text          0x00800618       0xb4 /OPT/altera/12.1/tools/nios2eds/bin/gnu/H-i686-pc-linux-gnu/bin/../lib/gcc/nios2-elf/4.1.2/../../../../nios2-elf/lib/mno-hw-mul/libc.a(lib_a-puts.o)
                0x00800618                _puts_r
                0x008006b8                puts
 .text          0x008006cc       0x74 /OPT/altera/12.1/tools/nios2eds/bin/gnu/H-i686-pc-linux-gnu/bin/../lib/gcc/nios2-elf/4.1.2/../../../../nios2-elf/lib/mno-hw-mul/libc.a(lib_a-strlen.o)
                0x008006cc                strlen
 .text          0x00800740     0x1f40 /OPT/altera/12.1/tools/nios2eds/bin/gnu/H-i686-pc-linux-gnu/bin/../lib/gcc/nios2-elf/4.1.2/../../../../nios2-elf/lib/mno-hw-mul/libc.a(lib_a-vfprintf.o)
                0x00800798                ___vfprintf_internal_r
                0x0080265c                __vfprintf_internal
 .text          0x00802680      0x13c /OPT/altera/12.1/tools/nios2eds/bin/gnu/H-i686-pc-linux-gnu/bin/../lib/gcc/nios2-elf/4.1.2/../../../../nios2-elf/lib/mno-hw-mul/libc.a(lib_a-wsetup.o)
                0x00802680                __swsetup_r
 .text          0x008027bc     0x17f8 /OPT/altera/12.1/tools/nios2eds/bin/gnu/H-i686-pc-linux-gnu/bin/../lib/gcc/nios2-elf/4.1.2/../../../../nios2-elf/lib/mno-hw-mul/libc.a(lib_a-dtoa.o)
                0x00802a00                _dtoa_r
 .text          0x00803fb4      0x230 /OPT/altera/12.1/tools/nios2eds/bin/gnu/H-i686-pc-linux-gnu/bin/../lib/gcc/nios2-elf/4.1.2/../../../../nios2-elf/lib/mno-hw-mul/libc.a(lib_a-fflush.o)
                0x00803fb4                _fflush_r
                0x008041b0                fflush
 .text          0x008041e4      0x2f4 /OPT/altera/12.1/tools/nios2eds/bin/gnu/H-i686-pc-linux-gnu/bin/../lib/gcc/nios2-elf/4.1.2/../../../../nios2-elf/lib/mno-hw-mul/libc.a(lib_a-findfp.o)
                0x0080423c                __sfp_lock_acquire
                0x00804240                __sfp_lock_release
                0x00804244                __sinit_lock_acquire
                0x00804248                __sinit_lock_release
                0x0080424c                __sinit
                0x00804300                __fp_unlock_all
                0x00804318                __fp_lock_all
                0x00804330                _cleanup_r
                0x0080433c                _cleanup
                0x0080434c                __sfmoreglue
                0x008043e8                __sfp
 .text          0x008044d8      0x440 /OPT/altera/12.1/tools/nios2eds/bin/gnu/H-i686-pc-linux-gnu/bin/../lib/gcc/nios2-elf/4.1.2/../../../../nios2-elf/lib/mno-hw-mul/libc.a(lib_a-freer.o)
                0x008044d8                _malloc_trim_r
                0x00804604                _free_r
 .text          0x00804918      0x49c /OPT/altera/12.1/tools/nios2eds/bin/gnu/H-i686-pc-linux-gnu/bin/../lib/gcc/nios2-elf/4.1.2/../../../../nios2-elf/lib/mno-hw-mul/libc.a(lib_a-fvwrite.o)
                0x00804918                __sfvwrite_r
 .text          0x00804db4      0x180 /OPT/altera/12.1/tools/nios2eds/bin/gnu/H-i686-pc-linux-gnu/bin/../lib/gcc/nios2-elf/4.1.2/../../../../nios2-elf/lib/mno-hw-mul/libc.a(lib_a-fwalk.o)
                0x00804db4                _fwalk_reent
                0x00804e7c                _fwalk
 .text          0x00804f34        0x0 /OPT/altera/12.1/tools/nios2eds/bin/gnu/H-i686-pc-linux-gnu/bin/../lib/gcc/nios2-elf/4.1.2/../../../../nios2-elf/lib/mno-hw-mul/libc.a(lib_a-impure.o)
 .text          0x00804f34       0xc4 /OPT/altera/12.1/tools/nios2eds/bin/gnu/H-i686-pc-linux-gnu/bin/../lib/gcc/nios2-elf/4.1.2/../../../../nios2-elf/lib/mno-hw-mul/libc.a(lib_a-locale.o)
                0x00804f34                __locale_charset
                0x00804f3c                _localeconv_r
                0x00804f48                localeconv
                0x00804f58                _setlocale_r
                0x00804fdc                setlocale
 .text          0x00804ff8      0x194 /OPT/altera/12.1/tools/nios2eds/bin/gnu/H-i686-pc-linux-gnu/bin/../lib/gcc/nios2-elf/4.1.2/../../../../nios2-elf/lib/mno-hw-mul/libc.a(lib_a-makebuf.o)
                0x00804ff8                __smakebuf_r
 .text          0x0080518c      0x740 /OPT/altera/12.1/tools/nios2eds/bin/gnu/H-i686-pc-linux-gnu/bin/../lib/gcc/nios2-elf/4.1.2/../../../../nios2-elf/lib/mno-hw-mul/libc.a(lib_a-mallocr.o)
                0x0080518c                _malloc_r
 .text          0x008058cc       0xe4 /OPT/altera/12.1/tools/nios2eds/bin/gnu/H-i686-pc-linux-gnu/bin/../lib/gcc/nios2-elf/4.1.2/../../../../nios2-elf/lib/mno-hw-mul/libc.a(lib_a-memchr.o)
                0x008058cc                memchr
 .text          0x008059b0       0xa0 /OPT/altera/12.1/tools/nios2eds/bin/gnu/H-i686-pc-linux-gnu/bin/../lib/gcc/nios2-elf/4.1.2/../../../../nios2-elf/lib/mno-hw-mul/libc.a(lib_a-memcpy.o)
                0x008059b0                memcpy
 .text          0x00805a50       0xe0 /OPT/altera/12.1/tools/nios2eds/bin/gnu/H-i686-pc-linux-gnu/bin/../lib/gcc/nios2-elf/4.1.2/../../../../nios2-elf/lib/mno-hw-mul/libc.a(lib_a-memmove.o)
                0x00805a50                memmove
 .text          0x00805b30       0x98 /OPT/altera/12.1/tools/nios2eds/bin/gnu/H-i686-pc-linux-gnu/bin/../lib/gcc/nios2-elf/4.1.2/../../../../nios2-elf/lib/mno-hw-mul/libc.a(lib_a-memset.o)
                0x00805b30                memset
 .text          0x00805bc8     0x108c /OPT/altera/12.1/tools/nios2eds/bin/gnu/H-i686-pc-linux-gnu/bin/../lib/gcc/nios2-elf/4.1.2/../../../../nios2-elf/lib/mno-hw-mul/libc.a(lib_a-mprec.o)
                0x00805bc8                _Bfree
                0x00805bf0                __hi0bits
                0x00805c60                __lo0bits
                0x00805d24                __mcmp
                0x00805d84                __ulp
                0x00805e04                __b2d
                0x00805f24                __ratio
                0x00805fd4                _mprec_log10
                0x00806068                __copybits
                0x008060c0                __any_on
                0x00806148                _Balloc
                0x00806204                __d2b
                0x00806380                __mdiff
                0x0080650c                __lshift
                0x00806658                __multiply
                0x008068ac                __i2b
                0x008068e8                __multadd
                0x00806a14                __pow5mult
                0x00806b34                __s2b
 .text          0x00806c54      0x5f4 /OPT/altera/12.1/tools/nios2eds/bin/gnu/H-i686-pc-linux-gnu/bin/../lib/gcc/nios2-elf/4.1.2/../../../../nios2-elf/lib/mno-hw-mul/libc.a(lib_a-reallocr.o)
                0x00806c54                _realloc_r
 .text          0x00807248       0x40 /OPT/altera/12.1/tools/nios2eds/bin/gnu/H-i686-pc-linux-gnu/bin/../lib/gcc/nios2-elf/4.1.2/../../../../nios2-elf/lib/mno-hw-mul/libc.a(lib_a-s_isinfd.o)
                0x00807248                __isinfd
 .text          0x00807288       0x30 /OPT/altera/12.1/tools/nios2eds/bin/gnu/H-i686-pc-linux-gnu/bin/../lib/gcc/nios2-elf/4.1.2/../../../../nios2-elf/lib/mno-hw-mul/libc.a(lib_a-s_isnand.o)
                0x00807288                __isnand
 .text          0x008072b8       0x70 /OPT/altera/12.1/tools/nios2eds/bin/gnu/H-i686-pc-linux-gnu/bin/../lib/gcc/nios2-elf/4.1.2/../../../../nios2-elf/lib/mno-hw-mul/libc.a(lib_a-sbrkr.o)
                0x008072b8                _sbrk_r
 .text          0x00807328      0x14c /OPT/altera/12.1/tools/nios2eds/bin/gnu/H-i686-pc-linux-gnu/bin/../lib/gcc/nios2-elf/4.1.2/../../../../nios2-elf/lib/mno-hw-mul/libc.a(lib_a-stdio.o)
                0x00807328                __sclose
                0x00807330                __sseek
                0x00807398                __swrite
                0x00807414                __sread
 .text          0x00807474       0xbc /OPT/altera/12.1/tools/nios2eds/bin/gnu/H-i686-pc-linux-gnu/bin/../lib/gcc/nios2-elf/4.1.2/../../../../nios2-elf/lib/mno-hw-mul/libc.a(lib_a-strcmp.o)
                0x00807474                strcmp
 .text          0x00807530       0x78 /OPT/altera/12.1/tools/nios2eds/bin/gnu/H-i686-pc-linux-gnu/bin/../lib/gcc/nios2-elf/4.1.2/../../../../nios2-elf/lib/mno-hw-mul/libc.a(lib_a-writer.o)
                0x00807530                _write_r
 .text          0x008075a8       0xc8 /OPT/altera/12.1/tools/nios2eds/bin/gnu/H-i686-pc-linux-gnu/bin/../lib/gcc/nios2-elf/4.1.2/../../../../nios2-elf/lib/mno-hw-mul/libc.a(lib_a-callocr.o)
                0x008075a8                _calloc_r
 .text          0x00807670       0x70 /OPT/altera/12.1/tools/nios2eds/bin/gnu/H-i686-pc-linux-gnu/bin/../lib/gcc/nios2-elf/4.1.2/../../../../nios2-elf/lib/mno-hw-mul/libc.a(lib_a-closer.o)
                0x00807670                _close_r
 .text          0x008076e0      0x124 /OPT/altera/12.1/tools/nios2eds/bin/gnu/H-i686-pc-linux-gnu/bin/../lib/gcc/nios2-elf/4.1.2/../../../../nios2-elf/lib/mno-hw-mul/libc.a(lib_a-fclose.o)
                0x008076e0                _fclose_r
                0x008077f0                fclose
 .text          0x00807804       0x74 /OPT/altera/12.1/tools/nios2eds/bin/gnu/H-i686-pc-linux-gnu/bin/../lib/gcc/nios2-elf/4.1.2/../../../../nios2-elf/lib/mno-hw-mul/libc.a(lib_a-fstatr.o)
                0x00807804                _fstat_r
 .text          0x00807878        0x0 /OPT/altera/12.1/tools/nios2eds/bin/gnu/H-i686-pc-linux-gnu/bin/../lib/gcc/nios2-elf/4.1.2/../../../../nios2-elf/lib/mno-hw-mul/libc.a(lib_a-int_errno.o)
 .text          0x00807878       0x70 /OPT/altera/12.1/tools/nios2eds/bin/gnu/H-i686-pc-linux-gnu/bin/../lib/gcc/nios2-elf/4.1.2/../../../../nios2-elf/lib/mno-hw-mul/libc.a(lib_a-isattyr.o)
                0x00807878                _isatty_r
 .text          0x008078e8       0x78 /OPT/altera/12.1/tools/nios2eds/bin/gnu/H-i686-pc-linux-gnu/bin/../lib/gcc/nios2-elf/4.1.2/../../../../nios2-elf/lib/mno-hw-mul/libc.a(lib_a-lseekr.o)
                0x008078e8                _lseek_r
 .text          0x00807960       0x78 /OPT/altera/12.1/tools/nios2eds/bin/gnu/H-i686-pc-linux-gnu/bin/../lib/gcc/nios2-elf/4.1.2/../../../../nios2-elf/lib/mno-hw-mul/libc.a(lib_a-readr.o)
                0x00807960                _read_r
 .text          0x008079d8      0x66c /OPT/altera/12.1/tools/nios2eds/bin/gnu/H-i686-pc-linux-gnu/bin/../lib/gcc/nios2-elf/4.1.2/mno-hw-mul/libgcc.a(_udivdi3.o)
                0x008079d8                __udivdi3
 .text          0x00808044      0x660 /OPT/altera/12.1/tools/nios2eds/bin/gnu/H-i686-pc-linux-gnu/bin/../lib/gcc/nios2-elf/4.1.2/mno-hw-mul/libgcc.a(_umoddi3.o)
                0x00808044                __umoddi3
 .text          0x008086a4      0x504 /OPT/altera/12.1/tools/nios2eds/bin/gnu/H-i686-pc-linux-gnu/bin/../lib/gcc/nios2-elf/4.1.2/mno-hw-mul/libgcc.a(_addsub_df.o)
                0x00808ab4                __subdf3
                0x00808b34                __adddf3
 .text          0x00808ba8      0x3c4 /OPT/altera/12.1/tools/nios2eds/bin/gnu/H-i686-pc-linux-gnu/bin/../lib/gcc/nios2-elf/4.1.2/mno-hw-mul/libgcc.a(_mul_df.o)
                0x00808ba8                __muldf3
 .text          0x00808f6c      0x258 /OPT/altera/12.1/tools/nios2eds/bin/gnu/H-i686-pc-linux-gnu/bin/../lib/gcc/nios2-elf/4.1.2/mno-hw-mul/libgcc.a(_div_df.o)
                0x00808f6c                __divdf3
 .text          0x008091c4       0x88 /OPT/altera/12.1/tools/nios2eds/bin/gnu/H-i686-pc-linux-gnu/bin/../lib/gcc/nios2-elf/4.1.2/mno-hw-mul/libgcc.a(_eq_df.o)
                0x008091c4                __eqdf2
 .text          0x0080924c       0x88 /OPT/altera/12.1/tools/nios2eds/bin/gnu/H-i686-pc-linux-gnu/bin/../lib/gcc/nios2-elf/4.1.2/mno-hw-mul/libgcc.a(_ne_df.o)
                0x0080924c                __nedf2
 .text          0x008092d4       0x88 /OPT/altera/12.1/tools/nios2eds/bin/gnu/H-i686-pc-linux-gnu/bin/../lib/gcc/nios2-elf/4.1.2/mno-hw-mul/libgcc.a(_gt_df.o)
                0x008092d4                __gtdf2
 .text          0x0080935c       0x88 /OPT/altera/12.1/tools/nios2eds/bin/gnu/H-i686-pc-linux-gnu/bin/../lib/gcc/nios2-elf/4.1.2/mno-hw-mul/libgcc.a(_ge_df.o)
                0x0080935c                __gedf2
 .text          0x008093e4       0x88 /OPT/altera/12.1/tools/nios2eds/bin/gnu/H-i686-pc-linux-gnu/bin/../lib/gcc/nios2-elf/4.1.2/mno-hw-mul/libgcc.a(_lt_df.o)
                0x008093e4                __ltdf2
 .text          0x0080946c       0xf8 /OPT/altera/12.1/tools/nios2eds/bin/gnu/H-i686-pc-linux-gnu/bin/../lib/gcc/nios2-elf/4.1.2/mno-hw-mul/libgcc.a(_si_to_df.o)
                0x0080946c                __floatsidf
 .text          0x00809564       0xd8 /OPT/altera/12.1/tools/nios2eds/bin/gnu/H-i686-pc-linux-gnu/bin/../lib/gcc/nios2-elf/4.1.2/mno-hw-mul/libgcc.a(_df_to_si.o)
                0x00809564                __fixdfsi
 .text          0x0080963c        0x0 /OPT/altera/12.1/tools/nios2eds/bin/gnu/H-i686-pc-linux-gnu/bin/../lib/gcc/nios2-elf/4.1.2/mno-hw-mul/libgcc.a(_thenan_df.o)
 .text          0x0080963c      0x194 /OPT/altera/12.1/tools/nios2eds/bin/gnu/H-i686-pc-linux-gnu/bin/../lib/gcc/nios2-elf/4.1.2/mno-hw-mul/libgcc.a(_usi_to_df.o)
                0x0080963c                __floatunsidf
 .text          0x008097d0      0x14c /OPT/altera/12.1/tools/nios2eds/bin/gnu/H-i686-pc-linux-gnu/bin/../lib/gcc/nios2-elf/4.1.2/mno-hw-mul/libgcc.a(lib2-divmod.o)
                0x0080984c                __divsi3
                0x008098ac                __modsi3
                0x0080990c                __udivsi3
                0x00809914                __umodsi3
 .text          0x0080991c       0x38 /OPT/altera/12.1/tools/nios2eds/bin/gnu/H-i686-pc-linux-gnu/bin/../lib/gcc/nios2-elf/4.1.2/mno-hw-mul/libgcc.a(lib2-mul.o)
                0x0080991c                __mulsi3
 .text          0x00809954      0x124 /OPT/altera/12.1/tools/nios2eds/bin/gnu/H-i686-pc-linux-gnu/bin/../lib/gcc/nios2-elf/4.1.2/mno-hw-mul/libgcc.a(_muldi3.o)
                0x00809954                __muldi3
 .text          0x00809a78        0x0 /OPT/altera/12.1/tools/nios2eds/bin/gnu/H-i686-pc-linux-gnu/bin/../lib/gcc/nios2-elf/4.1.2/mno-hw-mul/libgcc.a(_clz.o)
 .text          0x00809a78       0x80 /OPT/altera/12.1/tools/nios2eds/bin/gnu/H-i686-pc-linux-gnu/bin/../lib/gcc/nios2-elf/4.1.2/mno-hw-mul/libgcc.a(_clzsi2.o)
                0x00809a78                __clzsi2
 .text          0x00809af8      0x314 /OPT/altera/12.1/tools/nios2eds/bin/gnu/H-i686-pc-linux-gnu/bin/../lib/gcc/nios2-elf/4.1.2/mno-hw-mul/libgcc.a(_pack_df.o)
                0x00809af8                __pack_d
 .text          0x00809e0c      0x138 /OPT/altera/12.1/tools/nios2eds/bin/gnu/H-i686-pc-linux-gnu/bin/../lib/gcc/nios2-elf/4.1.2/mno-hw-mul/libgcc.a(_unpack_df.o)
                0x00809e0c                __unpack_d
 .text          0x00809f44       0xc8 /OPT/altera/12.1/tools/nios2eds/bin/gnu/H-i686-pc-linux-gnu/bin/../lib/gcc/nios2-elf/4.1.2/mno-hw-mul/libgcc.a(_fpcmp_parts_df.o)
                0x00809f44                __fpcmp_parts_d
 .text          0x0080a00c      0x160 ../G4Capstone_bsp//libucosii_bsp.a(alt_close.o)
                0x0080a00c                close
 .text          0x0080a16c       0x2c ../G4Capstone_bsp//libucosii_bsp.a(alt_dev.o)
 .text          0x0080a198        0x0 ../G4Capstone_bsp//libucosii_bsp.a(alt_errno.o)
 .text          0x0080a198      0x138 ../G4Capstone_bsp//libucosii_bsp.a(alt_fstat.o)
                0x0080a198                fstat
 .text          0x0080a2d0      0x124 ../G4Capstone_bsp//libucosii_bsp.a(alt_isatty.o)
                0x0080a2d0                isatty
 .text          0x0080a3f4       0xec ../G4Capstone_bsp//libucosii_bsp.a(alt_load.o)
                0x0080a3f4                alt_load
 .text          0x0080a4e0      0x154 ../G4Capstone_bsp//libucosii_bsp.a(alt_lseek.o)
                0x0080a4e0                lseek
 .text          0x0080a634       0xc8 ../G4Capstone_bsp//libucosii_bsp.a(alt_main.o)
                0x0080a634                alt_main
 .text          0x0080a6fc      0x184 ../G4Capstone_bsp//libucosii_bsp.a(alt_read.o)
                0x0080a6fc                read
 .text          0x0080a880       0x78 ../G4Capstone_bsp//libucosii_bsp.a(alt_release_fd.o)
                0x0080a880                alt_release_fd
 .text          0x0080a8f8       0xbc ../G4Capstone_bsp//libucosii_bsp.a(alt_sbrk.o)
                0x0080a8f8                sbrk
 .text          0x0080a9b4      0x184 ../G4Capstone_bsp//libucosii_bsp.a(alt_write.o)
                0x0080a9b4                write
 .text          0x0080ab38      0x108 ../G4Capstone_bsp//libucosii_bsp.a(alt_env_lock.o)
                0x0080ab38                __env_lock
                0x0080abe4                __env_unlock
 .text          0x0080ac40      0x1d8 ../G4Capstone_bsp//libucosii_bsp.a(alt_malloc_lock.o)
                0x0080ac40                __malloc_lock
                0x0080ad48                __malloc_unlock
 .text          0x0080ae18     0x2128 ../G4Capstone_bsp//libucosii_bsp.a(os_core.o)
                0x0080ae18                OSEventNameGet
                0x0080af48                OSEventNameSet
                0x0080b08c                OSEventPendMulti
                0x0080b740                OSInit
                0x0080b794                OSIntEnter
                0x0080b810                OSIntExit
                0x0080b910                OSSchedLock
                0x0080b99c                OSSchedUnlock
                0x0080ba80                OSStart
                0x0080baf0                OSStatInit
                0x0080bb9c                OSTimeTick
                0x0080bddc                OSVersion
                0x0080bdfc                OS_Dummy
                0x0080be18                OS_EventTaskRdy
                0x0080bfac                OS_EventTaskWait
                0x0080c0bc                OS_EventTaskWaitMulti
                0x0080c210                OS_EventTaskRemove
                0x0080c2c8                OS_EventTaskRemoveMulti
                0x0080c3cc                OS_EventWaitListInit
                0x0080c798                OS_MemClr
                0x0080c7ec                OS_MemCopy
                0x0080c858                OS_Sched
                0x0080c99c                OS_StrCopy
                0x0080ca1c                OS_StrLen
                0x0080ca74                OS_TaskIdle
                0x0080cad0                OS_TaskStat
                0x0080cb98                OS_TaskStatStkChk
                0x0080cc60                OS_TCBInit
 .text          0x0080cf40      0x18c ../G4Capstone_bsp//libucosii_bsp.a(os_dbg.o)
                0x0080cf40                OSDebugInit
 .text          0x0080d0cc     0x193c ../G4Capstone_bsp//libucosii_bsp.a(os_flag.o)
                0x0080d0cc                OSFlagAccept
                0x0080d400                OSFlagCreate
                0x0080d53c                OSFlagDel
                0x0080d7e4                OSFlagNameGet
                0x0080d928                OSFlagNameSet
                0x0080da7c                OSFlagPend
                0x0080e0c0                OSFlagPendGetFlagsRdy
                0x0080e128                OSFlagPost
                0x0080e4d0                OSFlagQuery
                0x0080e768                OS_FlagInit
                0x0080e95c                OS_FlagUnlink
 .text          0x0080ea08      0x80c ../G4Capstone_bsp//libucosii_bsp.a(os_mem.o)
                0x0080ea08                OSMemCreate
                0x0080ec24                OSMemGet
                0x0080ed28                OSMemNameGet
                0x0080ee34                OSMemNameSet
                0x0080ef54                OSMemPut
                0x0080f044                OSMemQuery
                0x0080f140                OS_MemInit
 .text          0x0080f214     0x1334 ../G4Capstone_bsp//libucosii_bsp.a(os_q.o)
                0x0080f214                OSQAccept
                0x0080f368                OSQCreate
                0x0080f57c                OSQDel
                0x0080f87c                OSQFlush
                0x0080f944                OSQPend
                0x0080fc64                OSQPendAbort
                0x0080fde0                OSQPost
                0x0080ff60                OSQPostFront
                0x008100e8                OSQPostOpt
                0x0081031c                OSQQuery
                0x0081049c                OS_QInit
 .text          0x00810548      0xbc8 ../G4Capstone_bsp//libucosii_bsp.a(os_sem.o)
                0x00810548                OSSemAccept
                0x00810608                OSSemCreate
                0x0081071c                OSSemDel
                0x008109bc                OSSemPend
                0x00810c38                OSSemPendAbort
                0x00810db4                OSSemPost
                0x00810edc                OSSemQuery
                0x0081100c                OSSemSet
 .text          0x00811110     0x1a40 ../G4Capstone_bsp//libucosii_bsp.a(os_task.o)
                0x00811110                OSTaskChangePrio
                0x00811684                OSTaskCreate
                0x00811858                OSTaskCreateExt
                0x00811a58                OSTaskDel
                0x00811e64                OSTaskDelReq
                0x00811fd4                OSTaskNameGet
                0x0081218c                OSTaskNameSet
                0x00812350                OSTaskResume
                0x00812568                OSTaskStkChk
                0x00812764                OSTaskSuspend
                0x00812990                OSTaskQuery
                0x00812ad4                OS_TaskStkClr
 .text          0x00812b50      0x5b4 ../G4Capstone_bsp//libucosii_bsp.a(os_time.o)
                0x00812b50                OSTimeDly
                0x00812c9c                OSTimeDlyHMSM
                0x00812e2c                OSTimeDlyResume
                0x0081303c                OSTimeGet
                0x008130a0                OSTimeSet
 .text          0x00813104       0xf8 ../G4Capstone_bsp//libucosii_bsp.a(alt_sys_init.o)
                0x00813104                alt_irq_init
                0x00813138                alt_sys_init
 .text          0x008131fc      0x148 ../G4Capstone_bsp//libucosii_bsp.a(altera_avalon_jtag_uart_fd.o)
                0x008131fc                altera_avalon_jtag_uart_read_fd
                0x00813254                altera_avalon_jtag_uart_write_fd
                0x008132ac                altera_avalon_jtag_uart_close_fd
                0x008132f4                altera_avalon_jtag_uart_ioctl_fd
 .text          0x00813344      0x580 ../G4Capstone_bsp//libucosii_bsp.a(altera_avalon_jtag_uart_init.o)
                0x00813344                altera_avalon_jtag_uart_init
                0x00813850                altera_avalon_jtag_uart_close
 .text          0x008138c4       0xf4 ../G4Capstone_bsp//libucosii_bsp.a(altera_avalon_jtag_uart_ioctl.o)
                0x008138c4                altera_avalon_jtag_uart_ioctl
 .text          0x008139b8      0x2c0 ../G4Capstone_bsp//libucosii_bsp.a(altera_avalon_jtag_uart_read.o)
                0x008139b8                altera_avalon_jtag_uart_read
 .text          0x00813c78      0x2dc ../G4Capstone_bsp//libucosii_bsp.a(altera_avalon_jtag_uart_write.o)
                0x00813c78                altera_avalon_jtag_uart_write
 .text          0x00813f54       0xfc ../G4Capstone_bsp//libucosii_bsp.a(altera_avalon_timer_sc.o)
                0x00813fc8                alt_avalon_timer_sc_init
 .text          0x00814050      0x80c ../G4Capstone_bsp//libucosii_bsp.a(altera_up_avalon_audio.o)
                0x00814050                alt_up_audio_open_dev
                0x00814090                alt_up_audio_enable_read_interrupt
                0x008140dc                alt_up_audio_disable_read_interrupt
                0x0081412c                alt_up_audio_enable_write_interrupt
                0x00814178                alt_up_audio_disable_write_interrupt
                0x008141c8                alt_up_audio_read_interrupt_pending
                0x00814204                alt_up_audio_write_interrupt_pending
                0x00814240                alt_up_audio_reset_audio_core
                0x008142c8                alt_up_audio_read_fifo_avail
                0x00814338                alt_up_audio_record_r
                0x008143a8                alt_up_audio_record_l
                0x00814418                alt_up_audio_write_fifo_space
                0x0081448c                alt_up_audio_play_r
                0x008144fc                alt_up_audio_play_l
                0x0081456c                alt_up_audio_read_fifo
                0x00814670                alt_up_audio_write_fifo
                0x0081479c                alt_up_audio_read_fifo_head
                0x008147fc                alt_up_audio_write_fifo_head
 .text          0x0081485c      0x788 ../G4Capstone_bsp//libucosii_bsp.a(altera_up_avalon_audio_and_video_config.o)
                0x0081485c                alt_up_av_config_open_dev
                0x008148c0                alt_up_av_config_write_data
                0x00814924                alt_up_av_config_read_data
                0x008149b0                alt_up_av_config_reset
                0x008149e8                alt_up_av_config_enable_interrupt
                0x00814a20                alt_up_av_config_disable_interrupt
                0x00814a50                alt_up_av_config_read_acknowledge
                0x00814ab8                alt_up_av_config_read_ready
                0x00814af0                alt_up_av_config_write_audio_cfg_register
                0x00814b9c                alt_up_av_config_read_video_cfg_register
                0x00814c94                alt_up_av_config_write_video_cfg_register
                0x00814d8c                alt_up_av_config_read_DC2_cfg_register
                0x00814df0                alt_up_av_config_write_DC2_cfg_register
                0x00814e54                alt_up_av_config_read_D5M_cfg_register
                0x00814eb8                alt_up_av_config_write_D5M_cfg_register
                0x00814f1c                alt_up_av_config_read_LTM_cfg_register
                0x00814f80                alt_up_av_config_write_LTM_cfg_register
 .text          0x00814fe4      0x530 ../G4Capstone_bsp//libucosii_bsp.a(altera_up_avalon_character_lcd.o)
                0x00814fe4                get_DDRAM_addr
                0x00815060                alt_up_character_lcd_send_cmd
                0x00815094                alt_up_character_lcd_init
                0x008150c8                alt_up_character_lcd_open_dev
                0x00815108                alt_up_character_lcd_write
                0x00815180                alt_up_character_lcd_string
                0x008151f8                alt_up_character_lcd_write_fd
                0x00815244                alt_up_character_lcd_set_cursor_pos
                0x008152bc                alt_up_character_lcd_shift_cursor
                0x0081536c                alt_up_character_lcd_shift_display
                0x0081541c                alt_up_character_lcd_erase_pos
                0x008154ac                alt_up_character_lcd_cursor_off
                0x008154e0                alt_up_character_lcd_cursor_blink_on
 .text          0x00815514      0x154 ../G4Capstone_bsp//libucosii_bsp.a(alt_alarm_start.o)
                0x00815514                alt_alarm_start
 .text          0x00815668       0x1c ../G4Capstone_bsp//libucosii_bsp.a(alt_dcache_flush_all.o)
                0x00815668                alt_dcache_flush_all
 .text          0x00815684      0x114 ../G4Capstone_bsp//libucosii_bsp.a(alt_dev_llist_insert.o)
                0x00815684                alt_dev_llist_insert
 .text          0x00815798       0x64 ../G4Capstone_bsp//libucosii_bsp.a(alt_do_ctors.o)
                0x00815798                _do_ctors
 .text          0x008157fc       0x64 ../G4Capstone_bsp//libucosii_bsp.a(alt_do_dtors.o)
                0x008157fc                _do_dtors
 .text          0x00815860       0x94 ../G4Capstone_bsp//libucosii_bsp.a(alt_find_dev.o)
                0x00815860                alt_find_dev
 .text          0x008158f4       0x1c ../G4Capstone_bsp//libucosii_bsp.a(alt_icache_flush_all.o)
                0x008158f4                alt_icache_flush_all
 .text          0x00815910      0x150 ../G4Capstone_bsp//libucosii_bsp.a(alt_io_redirect.o)
                0x008159e8                alt_io_redirect
 .text          0x00815a60      0x1c0 ../G4Capstone_bsp//libucosii_bsp.a(alt_irq_register.o)
                0x00815a60                alt_irq_register
 .text          0x00815c20        0x0 ../G4Capstone_bsp//libucosii_bsp.a(alt_irq_vars.o)
 .text          0x00815c20      0x2e4 ../G4Capstone_bsp//libucosii_bsp.a(alt_open.o)
                0x00815d18                open
 .text          0x00815f04      0x1a8 ../G4Capstone_bsp//libucosii_bsp.a(alt_tick.o)
                0x00815f04                alt_alarm_stop
                0x00815f9c                alt_tick
 .text          0x008160ac       0x20 ../G4Capstone_bsp//libucosii_bsp.a(altera_nios2_qsys_irq.o)
                0x008160ac                altera_nios2_qsys_irq_init
 .text          0x008160cc       0xd0 ../G4Capstone_bsp//libucosii_bsp.a(os_cpu_a.o)
                0x008160cc                OSCtxSw
                0x008160cc                OSIntCtxSw
                0x00816158                OSStartHighRdy
                0x00816178                OSStartTsk
 .text          0x0081619c      0x418 ../G4Capstone_bsp//libucosii_bsp.a(os_cpu_c.o)
                0x0081619c                OSTaskStkInit
                0x008164ac                OSTaskCreateHook
                0x008164cc                OSTaskDelHook
                0x008164ec                OSTaskSwHook
                0x00816508                OSTaskStatHook
                0x00816524                OSTimeTickHook
                0x00816540                OSInitHookBegin
                0x0081655c                OSInitHookEnd
                0x00816578                OSTaskIdleHook
                0x00816594                OSTCBInitHook
 .text          0x008165b4      0x120 ../G4Capstone_bsp//libucosii_bsp.a(alt_find_file.o)
                0x008165b4                alt_find_file
 .text          0x008166d4      0x104 ../G4Capstone_bsp//libucosii_bsp.a(alt_get_fd.o)
                0x008166d4                alt_get_fd
 .text          0x008167d8        0x0 ../G4Capstone_bsp//libucosii_bsp.a(alt_irq_entry.o)
 .text          0x008167d8        0x0 ../G4Capstone_bsp//libucosii_bsp.a(alt_irq_handler.o)
 .text          0x008167d8        0x0 ../G4Capstone_bsp//libucosii_bsp.a(alt_exception_entry.o)
 .text          0x008167d8       0x14 /OPT/altera/12.1/tools/nios2eds/bin/gnu/H-i686-pc-linux-gnu/bin/../lib/gcc/nios2-elf/4.1.2/../../../../nios2-elf/lib/mno-hw-mul/libc.a(lib_a-atexit.o)
                0x008167d8                atexit
 .text          0x008167ec       0x38 /OPT/altera/12.1/tools/nios2eds/bin/gnu/H-i686-pc-linux-gnu/bin/../lib/gcc/nios2-elf/4.1.2/../../../../nios2-elf/lib/mno-hw-mul/libc.a(lib_a-exit.o)
                0x008167ec                exit
 .text          0x00816824       0x74 /OPT/altera/12.1/tools/nios2eds/bin/gnu/H-i686-pc-linux-gnu/bin/../lib/gcc/nios2-elf/4.1.2/../../../../nios2-elf/lib/mno-hw-mul/libc.a(lib_a-memcmp.o)
                0x00816824                memcmp
 .text          0x00816898      0x134 /OPT/altera/12.1/tools/nios2eds/bin/gnu/H-i686-pc-linux-gnu/bin/../lib/gcc/nios2-elf/4.1.2/../../../../nios2-elf/lib/mno-hw-mul/libc.a(lib_a-__atexit.o)
                0x00816898                __register_exitproc
 .text          0x008169cc      0x1b4 /OPT/altera/12.1/tools/nios2eds/bin/gnu/H-i686-pc-linux-gnu/bin/../lib/gcc/nios2-elf/4.1.2/../../../../nios2-elf/lib/mno-hw-mul/libc.a(lib_a-__call_atexit.o)
                0x008169d0                __call_exitprocs
 .text          0x00816b80       0x6c ../G4Capstone_bsp//libucosii_bsp.a(alt_exit.o)
                0x00816bc0                _exit
 *(.gnu.warning.*)
 *(.fini)
                0x00816bec                PROVIDE (__etext, ABSOLUTE (.))
                0x00816bec                PROVIDE (_etext, ABSOLUTE (.))
                0x00816bec                PROVIDE (etext, ABSOLUTE (.))
 *(.eh_frame_hdr)
                0x00816bec                . = ALIGN (0x4)
                0x00816bec                PROVIDE (__preinit_array_start, ABSOLUTE (.))
 *(.preinit_array)
                0x00816bec                PROVIDE (__preinit_array_end, ABSOLUTE (.))
                0x00816bec                PROVIDE (__init_array_start, ABSOLUTE (.))
 *(.init_array)
                0x00816bec                PROVIDE (__init_array_end, ABSOLUTE (.))
                0x00816bec                PROVIDE (__fini_array_start, ABSOLUTE (.))
 *(.fini_array)
                0x00816bec                PROVIDE (__fini_array_end, ABSOLUTE (.))
 *(.eh_frame)
 *(.gcc_except_table)
 *(.dynamic)
                0x00816bec                PROVIDE (__CTOR_LIST__, ABSOLUTE (.))
 *(.ctors)
 *(SORT(.ctors.*))
 .ctors.65535   0x00816bec        0x4 /OPT/altera/12.1/tools/nios2eds/bin/gnu/H-i686-pc-linux-gnu/bin/../lib/gcc/nios2-elf/4.1.2/../../../../nios2-elf/lib/mno-hw-mul/libc.a(lib_a-__call_atexit.o)
                0x00816bf0                PROVIDE (__CTOR_END__, ABSOLUTE (.))
                0x00816bf0                PROVIDE (__DTOR_LIST__, ABSOLUTE (.))
 *(.dtors)
 *(SORT(.dtors.*))
                0x00816bf0                PROVIDE (__DTOR_END__, ABSOLUTE (.))
 *(.jcr)
                0x00816bf0                . = ALIGN (0x4)

.rodata         0x00816bf0      0x590
                0x00816bf0                PROVIDE (__ram_rodata_start, ABSOLUTE (.))
                0x00816bf0                . = ALIGN (0x4)
 *(.rodata .rodata.* .gnu.linkonce.r.*)
 .rodata        0x00816bf0       0xe0 obj/default/main.o
 .rodata.str1.4
                0x00816cd0        0x2 /OPT/altera/12.1/tools/nios2eds/bin/gnu/H-i686-pc-linux-gnu/bin/../lib/gcc/nios2-elf/4.1.2/../../../../nios2-elf/lib/mno-hw-mul/libc.a(lib_a-puts.o)
                                  0x4 (size before relaxing)
 *fill*         0x00816cd2        0x2 00
 .rodata.str1.4
                0x00816cd4       0x5e /OPT/altera/12.1/tools/nios2eds/bin/gnu/H-i686-pc-linux-gnu/bin/../lib/gcc/nios2-elf/4.1.2/../../../../nios2-elf/lib/mno-hw-mul/libc.a(lib_a-vfprintf.o)
                                 0x60 (size before relaxing)
 .rodata        0x00816d32       0x20 /OPT/altera/12.1/tools/nios2eds/bin/gnu/H-i686-pc-linux-gnu/bin/../lib/gcc/nios2-elf/4.1.2/../../../../nios2-elf/lib/mno-hw-mul/libc.a(lib_a-vfprintf.o)
 *fill*         0x00816d52        0x2 00
 .rodata.str1.4
                0x00816d54       0x10 /OPT/altera/12.1/tools/nios2eds/bin/gnu/H-i686-pc-linux-gnu/bin/../lib/gcc/nios2-elf/4.1.2/../../../../nios2-elf/lib/mno-hw-mul/libc.a(lib_a-dtoa.o)
                                 0x14 (size before relaxing)
 .rodata.str1.4
                0x00816d64        0x2 /OPT/altera/12.1/tools/nios2eds/bin/gnu/H-i686-pc-linux-gnu/bin/../lib/gcc/nios2-elf/4.1.2/../../../../nios2-elf/lib/mno-hw-mul/libc.a(lib_a-impure.o)
                                  0x4 (size before relaxing)
 *fill*         0x00816d66        0x2 00
 .rodata.str1.4
                0x00816d68       0x10 /OPT/altera/12.1/tools/nios2eds/bin/gnu/H-i686-pc-linux-gnu/bin/../lib/gcc/nios2-elf/4.1.2/../../../../nios2-elf/lib/mno-hw-mul/libc.a(lib_a-locale.o)
                                 0x18 (size before relaxing)
 .rodata        0x00816d78       0x30 /OPT/altera/12.1/tools/nios2eds/bin/gnu/H-i686-pc-linux-gnu/bin/../lib/gcc/nios2-elf/4.1.2/../../../../nios2-elf/lib/mno-hw-mul/libc.a(lib_a-locale.o)
 .rodata        0x00816da8      0x124 /OPT/altera/12.1/tools/nios2eds/bin/gnu/H-i686-pc-linux-gnu/bin/../lib/gcc/nios2-elf/4.1.2/../../../../nios2-elf/lib/mno-hw-mul/libc.a(lib_a-mprec.o)
                0x00816da8                __mprec_tens
                0x00816e70                __mprec_bigtens
                0x00816e98                __mprec_tinytens
 .rodata        0x00816ecc       0x14 /OPT/altera/12.1/tools/nios2eds/bin/gnu/H-i686-pc-linux-gnu/bin/../lib/gcc/nios2-elf/4.1.2/mno-hw-mul/libgcc.a(_thenan_df.o)
                0x00816ecc                __thenan_df
 .rodata        0x00816ee0      0x100 /OPT/altera/12.1/tools/nios2eds/bin/gnu/H-i686-pc-linux-gnu/bin/../lib/gcc/nios2-elf/4.1.2/mno-hw-mul/libgcc.a(_clz.o)
                0x00816ee0                __clz_tab
 .rodata        0x00816fe0        0xc ../G4Capstone_bsp//libucosii_bsp.a(alt_dev.o)
 .rodata        0x00816fec       0x14 ../G4Capstone_bsp//libucosii_bsp.a(alt_main.o)
 .rodata        0x00817000      0x120 ../G4Capstone_bsp//libucosii_bsp.a(os_core.o)
                0x00817000                OSUnMapTbl
 .rodata        0x00817120       0x5c ../G4Capstone_bsp//libucosii_bsp.a(alt_sys_init.o)
 .rodata        0x0081717c        0x4 ../G4Capstone_bsp//libucosii_bsp.a(os_cpu_c.o)
 *(.rodata1)
                0x00817180                . = ALIGN (0x4)
                0x00817180                PROVIDE (__ram_rodata_end, ABSOLUTE (.))
                0x00816bf0                PROVIDE (__flash_rodata_start, LOADADDR (.rodata))

.rwdata         0x00817180     0x1b70 load address 0x00818cf0
                0x00817180                PROVIDE (__ram_rwdata_start, ABSOLUTE (.))
                0x00817180                . = ALIGN (0x4)
 *(.got.plt)
 *(.got)
 *(.data1)
 *(.data .data.* .gnu.linkonce.d.*)
 .data          0x00817180        0x0 ../G4Capstone_bsp//obj/HAL/src/crt0.o
 .data          0x00817180        0x0 obj/default/main.o
 .data          0x00817180        0x0 /OPT/altera/12.1/tools/nios2eds/bin/gnu/H-i686-pc-linux-gnu/bin/../lib/gcc/nios2-elf/4.1.2/../../../../nios2-elf/lib/mno-hw-mul/libc.a(lib_a-printf.o)
 .data          0x00817180        0x0 /OPT/altera/12.1/tools/nios2eds/bin/gnu/H-i686-pc-linux-gnu/bin/../lib/gcc/nios2-elf/4.1.2/../../../../nios2-elf/lib/mno-hw-mul/libc.a(lib_a-puts.o)
 .data          0x00817180        0x0 /OPT/altera/12.1/tools/nios2eds/bin/gnu/H-i686-pc-linux-gnu/bin/../lib/gcc/nios2-elf/4.1.2/../../../../nios2-elf/lib/mno-hw-mul/libc.a(lib_a-strlen.o)
 .data          0x00817180        0x0 /OPT/altera/12.1/tools/nios2eds/bin/gnu/H-i686-pc-linux-gnu/bin/../lib/gcc/nios2-elf/4.1.2/../../../../nios2-elf/lib/mno-hw-mul/libc.a(lib_a-vfprintf.o)
 .data          0x00817180        0x0 /OPT/altera/12.1/tools/nios2eds/bin/gnu/H-i686-pc-linux-gnu/bin/../lib/gcc/nios2-elf/4.1.2/../../../../nios2-elf/lib/mno-hw-mul/libc.a(lib_a-wsetup.o)
 .data          0x00817180        0x0 /OPT/altera/12.1/tools/nios2eds/bin/gnu/H-i686-pc-linux-gnu/bin/../lib/gcc/nios2-elf/4.1.2/../../../../nios2-elf/lib/mno-hw-mul/libc.a(lib_a-dtoa.o)
 .data          0x00817180        0x0 /OPT/altera/12.1/tools/nios2eds/bin/gnu/H-i686-pc-linux-gnu/bin/../lib/gcc/nios2-elf/4.1.2/../../../../nios2-elf/lib/mno-hw-mul/libc.a(lib_a-fflush.o)
 .data          0x00817180        0x0 /OPT/altera/12.1/tools/nios2eds/bin/gnu/H-i686-pc-linux-gnu/bin/../lib/gcc/nios2-elf/4.1.2/../../../../nios2-elf/lib/mno-hw-mul/libc.a(lib_a-findfp.o)
 .data          0x00817180        0x0 /OPT/altera/12.1/tools/nios2eds/bin/gnu/H-i686-pc-linux-gnu/bin/../lib/gcc/nios2-elf/4.1.2/../../../../nios2-elf/lib/mno-hw-mul/libc.a(lib_a-freer.o)
 .data          0x00817180        0x0 /OPT/altera/12.1/tools/nios2eds/bin/gnu/H-i686-pc-linux-gnu/bin/../lib/gcc/nios2-elf/4.1.2/../../../../nios2-elf/lib/mno-hw-mul/libc.a(lib_a-fvwrite.o)
 .data          0x00817180        0x0 /OPT/altera/12.1/tools/nios2eds/bin/gnu/H-i686-pc-linux-gnu/bin/../lib/gcc/nios2-elf/4.1.2/../../../../nios2-elf/lib/mno-hw-mul/libc.a(lib_a-fwalk.o)
 .data          0x00817180      0x400 /OPT/altera/12.1/tools/nios2eds/bin/gnu/H-i686-pc-linux-gnu/bin/../lib/gcc/nios2-elf/4.1.2/../../../../nios2-elf/lib/mno-hw-mul/libc.a(lib_a-impure.o)
 .data          0x00817580        0xc /OPT/altera/12.1/tools/nios2eds/bin/gnu/H-i686-pc-linux-gnu/bin/../lib/gcc/nios2-elf/4.1.2/../../../../nios2-elf/lib/mno-hw-mul/libc.a(lib_a-locale.o)
                0x00817580                __lc_ctype
 .data          0x0081758c        0x0 /OPT/altera/12.1/tools/nios2eds/bin/gnu/H-i686-pc-linux-gnu/bin/../lib/gcc/nios2-elf/4.1.2/../../../../nios2-elf/lib/mno-hw-mul/libc.a(lib_a-makebuf.o)
 .data          0x0081758c      0x408 /OPT/altera/12.1/tools/nios2eds/bin/gnu/H-i686-pc-linux-gnu/bin/../lib/gcc/nios2-elf/4.1.2/../../../../nios2-elf/lib/mno-hw-mul/libc.a(lib_a-mallocr.o)
                0x0081758c                __malloc_av_
 .data          0x00817994        0x0 /OPT/altera/12.1/tools/nios2eds/bin/gnu/H-i686-pc-linux-gnu/bin/../lib/gcc/nios2-elf/4.1.2/../../../../nios2-elf/lib/mno-hw-mul/libc.a(lib_a-memchr.o)
 .data          0x00817994        0x0 /OPT/altera/12.1/tools/nios2eds/bin/gnu/H-i686-pc-linux-gnu/bin/../lib/gcc/nios2-elf/4.1.2/../../../../nios2-elf/lib/mno-hw-mul/libc.a(lib_a-memcpy.o)
 .data          0x00817994        0x0 /OPT/altera/12.1/tools/nios2eds/bin/gnu/H-i686-pc-linux-gnu/bin/../lib/gcc/nios2-elf/4.1.2/../../../../nios2-elf/lib/mno-hw-mul/libc.a(lib_a-memmove.o)
 .data          0x00817994        0x0 /OPT/altera/12.1/tools/nios2eds/bin/gnu/H-i686-pc-linux-gnu/bin/../lib/gcc/nios2-elf/4.1.2/../../../../nios2-elf/lib/mno-hw-mul/libc.a(lib_a-memset.o)
 .data          0x00817994        0x0 /OPT/altera/12.1/tools/nios2eds/bin/gnu/H-i686-pc-linux-gnu/bin/../lib/gcc/nios2-elf/4.1.2/../../../../nios2-elf/lib/mno-hw-mul/libc.a(lib_a-mprec.o)
 .data          0x00817994        0x0 /OPT/altera/12.1/tools/nios2eds/bin/gnu/H-i686-pc-linux-gnu/bin/../lib/gcc/nios2-elf/4.1.2/../../../../nios2-elf/lib/mno-hw-mul/libc.a(lib_a-reallocr.o)
 .data          0x00817994        0x0 /OPT/altera/12.1/tools/nios2eds/bin/gnu/H-i686-pc-linux-gnu/bin/../lib/gcc/nios2-elf/4.1.2/../../../../nios2-elf/lib/mno-hw-mul/libc.a(lib_a-s_isinfd.o)
 .data          0x00817994        0x0 /OPT/altera/12.1/tools/nios2eds/bin/gnu/H-i686-pc-linux-gnu/bin/../lib/gcc/nios2-elf/4.1.2/../../../../nios2-elf/lib/mno-hw-mul/libc.a(lib_a-s_isnand.o)
 .data          0x00817994        0x0 /OPT/altera/12.1/tools/nios2eds/bin/gnu/H-i686-pc-linux-gnu/bin/../lib/gcc/nios2-elf/4.1.2/../../../../nios2-elf/lib/mno-hw-mul/libc.a(lib_a-sbrkr.o)
 .data          0x00817994        0x0 /OPT/altera/12.1/tools/nios2eds/bin/gnu/H-i686-pc-linux-gnu/bin/../lib/gcc/nios2-elf/4.1.2/../../../../nios2-elf/lib/mno-hw-mul/libc.a(lib_a-stdio.o)
 .data          0x00817994        0x0 /OPT/altera/12.1/tools/nios2eds/bin/gnu/H-i686-pc-linux-gnu/bin/../lib/gcc/nios2-elf/4.1.2/../../../../nios2-elf/lib/mno-hw-mul/libc.a(lib_a-strcmp.o)
 .data          0x00817994        0x0 /OPT/altera/12.1/tools/nios2eds/bin/gnu/H-i686-pc-linux-gnu/bin/../lib/gcc/nios2-elf/4.1.2/../../../../nios2-elf/lib/mno-hw-mul/libc.a(lib_a-writer.o)
 .data          0x00817994        0x0 /OPT/altera/12.1/tools/nios2eds/bin/gnu/H-i686-pc-linux-gnu/bin/../lib/gcc/nios2-elf/4.1.2/../../../../nios2-elf/lib/mno-hw-mul/libc.a(lib_a-callocr.o)
 .data          0x00817994        0x0 /OPT/altera/12.1/tools/nios2eds/bin/gnu/H-i686-pc-linux-gnu/bin/../lib/gcc/nios2-elf/4.1.2/../../../../nios2-elf/lib/mno-hw-mul/libc.a(lib_a-closer.o)
 .data          0x00817994        0x0 /OPT/altera/12.1/tools/nios2eds/bin/gnu/H-i686-pc-linux-gnu/bin/../lib/gcc/nios2-elf/4.1.2/../../../../nios2-elf/lib/mno-hw-mul/libc.a(lib_a-fclose.o)
 .data          0x00817994        0x0 /OPT/altera/12.1/tools/nios2eds/bin/gnu/H-i686-pc-linux-gnu/bin/../lib/gcc/nios2-elf/4.1.2/../../../../nios2-elf/lib/mno-hw-mul/libc.a(lib_a-fstatr.o)
 .data          0x00817994        0x0 /OPT/altera/12.1/tools/nios2eds/bin/gnu/H-i686-pc-linux-gnu/bin/../lib/gcc/nios2-elf/4.1.2/../../../../nios2-elf/lib/mno-hw-mul/libc.a(lib_a-int_errno.o)
 .data          0x00817994        0x0 /OPT/altera/12.1/tools/nios2eds/bin/gnu/H-i686-pc-linux-gnu/bin/../lib/gcc/nios2-elf/4.1.2/../../../../nios2-elf/lib/mno-hw-mul/libc.a(lib_a-isattyr.o)
 .data          0x00817994        0x0 /OPT/altera/12.1/tools/nios2eds/bin/gnu/H-i686-pc-linux-gnu/bin/../lib/gcc/nios2-elf/4.1.2/../../../../nios2-elf/lib/mno-hw-mul/libc.a(lib_a-lseekr.o)
 .data          0x00817994        0x0 /OPT/altera/12.1/tools/nios2eds/bin/gnu/H-i686-pc-linux-gnu/bin/../lib/gcc/nios2-elf/4.1.2/../../../../nios2-elf/lib/mno-hw-mul/libc.a(lib_a-readr.o)
 .data          0x00817994        0x0 /OPT/altera/12.1/tools/nios2eds/bin/gnu/H-i686-pc-linux-gnu/bin/../lib/gcc/nios2-elf/4.1.2/mno-hw-mul/libgcc.a(_udivdi3.o)
 .data          0x00817994        0x0 /OPT/altera/12.1/tools/nios2eds/bin/gnu/H-i686-pc-linux-gnu/bin/../lib/gcc/nios2-elf/4.1.2/mno-hw-mul/libgcc.a(_umoddi3.o)
 .data          0x00817994        0x0 /OPT/altera/12.1/tools/nios2eds/bin/gnu/H-i686-pc-linux-gnu/bin/../lib/gcc/nios2-elf/4.1.2/mno-hw-mul/libgcc.a(_addsub_df.o)
 .data          0x00817994        0x0 /OPT/altera/12.1/tools/nios2eds/bin/gnu/H-i686-pc-linux-gnu/bin/../lib/gcc/nios2-elf/4.1.2/mno-hw-mul/libgcc.a(_mul_df.o)
 .data          0x00817994        0x0 /OPT/altera/12.1/tools/nios2eds/bin/gnu/H-i686-pc-linux-gnu/bin/../lib/gcc/nios2-elf/4.1.2/mno-hw-mul/libgcc.a(_div_df.o)
 .data          0x00817994        0x0 /OPT/altera/12.1/tools/nios2eds/bin/gnu/H-i686-pc-linux-gnu/bin/../lib/gcc/nios2-elf/4.1.2/mno-hw-mul/libgcc.a(_eq_df.o)
 .data          0x00817994        0x0 /OPT/altera/12.1/tools/nios2eds/bin/gnu/H-i686-pc-linux-gnu/bin/../lib/gcc/nios2-elf/4.1.2/mno-hw-mul/libgcc.a(_ne_df.o)
 .data          0x00817994        0x0 /OPT/altera/12.1/tools/nios2eds/bin/gnu/H-i686-pc-linux-gnu/bin/../lib/gcc/nios2-elf/4.1.2/mno-hw-mul/libgcc.a(_gt_df.o)
 .data          0x00817994        0x0 /OPT/altera/12.1/tools/nios2eds/bin/gnu/H-i686-pc-linux-gnu/bin/../lib/gcc/nios2-elf/4.1.2/mno-hw-mul/libgcc.a(_ge_df.o)
 .data          0x00817994        0x0 /OPT/altera/12.1/tools/nios2eds/bin/gnu/H-i686-pc-linux-gnu/bin/../lib/gcc/nios2-elf/4.1.2/mno-hw-mul/libgcc.a(_lt_df.o)
 .data          0x00817994        0x0 /OPT/altera/12.1/tools/nios2eds/bin/gnu/H-i686-pc-linux-gnu/bin/../lib/gcc/nios2-elf/4.1.2/mno-hw-mul/libgcc.a(_si_to_df.o)
 .data          0x00817994        0x0 /OPT/altera/12.1/tools/nios2eds/bin/gnu/H-i686-pc-linux-gnu/bin/../lib/gcc/nios2-elf/4.1.2/mno-hw-mul/libgcc.a(_df_to_si.o)
 .data          0x00817994        0x0 /OPT/altera/12.1/tools/nios2eds/bin/gnu/H-i686-pc-linux-gnu/bin/../lib/gcc/nios2-elf/4.1.2/mno-hw-mul/libgcc.a(_thenan_df.o)
 .data          0x00817994        0x0 /OPT/altera/12.1/tools/nios2eds/bin/gnu/H-i686-pc-linux-gnu/bin/../lib/gcc/nios2-elf/4.1.2/mno-hw-mul/libgcc.a(_usi_to_df.o)
 .data          0x00817994        0x0 /OPT/altera/12.1/tools/nios2eds/bin/gnu/H-i686-pc-linux-gnu/bin/../lib/gcc/nios2-elf/4.1.2/mno-hw-mul/libgcc.a(lib2-divmod.o)
 .data          0x00817994        0x0 /OPT/altera/12.1/tools/nios2eds/bin/gnu/H-i686-pc-linux-gnu/bin/../lib/gcc/nios2-elf/4.1.2/mno-hw-mul/libgcc.a(lib2-mul.o)
 .data          0x00817994        0x0 /OPT/altera/12.1/tools/nios2eds/bin/gnu/H-i686-pc-linux-gnu/bin/../lib/gcc/nios2-elf/4.1.2/mno-hw-mul/libgcc.a(_muldi3.o)
 .data          0x00817994        0x0 /OPT/altera/12.1/tools/nios2eds/bin/gnu/H-i686-pc-linux-gnu/bin/../lib/gcc/nios2-elf/4.1.2/mno-hw-mul/libgcc.a(_clz.o)
 .data          0x00817994        0x0 /OPT/altera/12.1/tools/nios2eds/bin/gnu/H-i686-pc-linux-gnu/bin/../lib/gcc/nios2-elf/4.1.2/mno-hw-mul/libgcc.a(_clzsi2.o)
 .data          0x00817994        0x0 /OPT/altera/12.1/tools/nios2eds/bin/gnu/H-i686-pc-linux-gnu/bin/../lib/gcc/nios2-elf/4.1.2/mno-hw-mul/libgcc.a(_pack_df.o)
 .data          0x00817994        0x0 /OPT/altera/12.1/tools/nios2eds/bin/gnu/H-i686-pc-linux-gnu/bin/../lib/gcc/nios2-elf/4.1.2/mno-hw-mul/libgcc.a(_unpack_df.o)
 .data          0x00817994        0x0 /OPT/altera/12.1/tools/nios2eds/bin/gnu/H-i686-pc-linux-gnu/bin/../lib/gcc/nios2-elf/4.1.2/mno-hw-mul/libgcc.a(_fpcmp_parts_df.o)
 .data          0x00817994        0x0 ../G4Capstone_bsp//libucosii_bsp.a(alt_close.o)
 .data          0x00817994      0x1a8 ../G4Capstone_bsp//libucosii_bsp.a(alt_dev.o)
                0x00817994                alt_dev_null
                0x008179bc                alt_fd_list
 .data          0x00817b3c        0x0 ../G4Capstone_bsp//libucosii_bsp.a(alt_errno.o)
 .data          0x00817b3c        0x0 ../G4Capstone_bsp//libucosii_bsp.a(alt_fstat.o)
 .data          0x00817b3c        0x0 ../G4Capstone_bsp//libucosii_bsp.a(alt_isatty.o)
 .data          0x00817b3c        0x0 ../G4Capstone_bsp//libucosii_bsp.a(alt_load.o)
 .data          0x00817b3c        0x0 ../G4Capstone_bsp//libucosii_bsp.a(alt_lseek.o)
 .data          0x00817b3c        0x0 ../G4Capstone_bsp//libucosii_bsp.a(alt_main.o)
 .data          0x00817b3c        0x0 ../G4Capstone_bsp//libucosii_bsp.a(alt_read.o)
 .data          0x00817b3c        0x0 ../G4Capstone_bsp//libucosii_bsp.a(alt_release_fd.o)
 .data          0x00817b3c        0x0 ../G4Capstone_bsp//libucosii_bsp.a(alt_sbrk.o)
 .data          0x00817b3c        0x0 ../G4Capstone_bsp//libucosii_bsp.a(alt_write.o)
 .data          0x00817b3c        0x0 ../G4Capstone_bsp//libucosii_bsp.a(alt_env_lock.o)
 .data          0x00817b3c        0x0 ../G4Capstone_bsp//libucosii_bsp.a(alt_malloc_lock.o)
 .data          0x00817b3c        0x0 ../G4Capstone_bsp//libucosii_bsp.a(os_core.o)
 .data          0x00817b3c        0x0 ../G4Capstone_bsp//libucosii_bsp.a(os_dbg.o)
 .data          0x00817b3c        0x0 ../G4Capstone_bsp//libucosii_bsp.a(os_flag.o)
 .data          0x00817b3c        0x0 ../G4Capstone_bsp//libucosii_bsp.a(os_mem.o)
 .data          0x00817b3c        0x0 ../G4Capstone_bsp//libucosii_bsp.a(os_q.o)
 .data          0x00817b3c        0x0 ../G4Capstone_bsp//libucosii_bsp.a(os_sem.o)
 .data          0x00817b3c        0x0 ../G4Capstone_bsp//libucosii_bsp.a(os_task.o)
 .data          0x00817b3c        0x0 ../G4Capstone_bsp//libucosii_bsp.a(os_time.o)
 .data          0x00817b3c     0x10f8 ../G4Capstone_bsp//libucosii_bsp.a(alt_sys_init.o)
 .data          0x00818c34        0x0 ../G4Capstone_bsp//libucosii_bsp.a(altera_avalon_jtag_uart_fd.o)
 .data          0x00818c34        0x0 ../G4Capstone_bsp//libucosii_bsp.a(altera_avalon_jtag_uart_init.o)
 .data          0x00818c34        0x0 ../G4Capstone_bsp//libucosii_bsp.a(altera_avalon_jtag_uart_ioctl.o)
 .data          0x00818c34        0x0 ../G4Capstone_bsp//libucosii_bsp.a(altera_avalon_jtag_uart_read.o)
 .data          0x00818c34        0x0 ../G4Capstone_bsp//libucosii_bsp.a(altera_avalon_jtag_uart_write.o)
 .data          0x00818c34        0x0 ../G4Capstone_bsp//libucosii_bsp.a(altera_avalon_timer_sc.o)
 .data          0x00818c34        0x0 ../G4Capstone_bsp//libucosii_bsp.a(altera_up_avalon_audio.o)
 .data          0x00818c34        0x0 ../G4Capstone_bsp//libucosii_bsp.a(altera_up_avalon_audio_and_video_config.o)
 .data          0x00818c34        0x0 ../G4Capstone_bsp//libucosii_bsp.a(altera_up_avalon_character_lcd.o)
 .data          0x00818c34        0x0 ../G4Capstone_bsp//libucosii_bsp.a(alt_alarm_start.o)
 .data          0x00818c34        0x0 ../G4Capstone_bsp//libucosii_bsp.a(alt_dcache_flush_all.o)
 .data          0x00818c34        0x0 ../G4Capstone_bsp//libucosii_bsp.a(alt_dev_llist_insert.o)
 .data          0x00818c34        0x0 ../G4Capstone_bsp//libucosii_bsp.a(alt_do_ctors.o)
 .data          0x00818c34        0x0 ../G4Capstone_bsp//libucosii_bsp.a(alt_do_dtors.o)
 .data          0x00818c34        0x0 ../G4Capstone_bsp//libucosii_bsp.a(alt_find_dev.o)
 .data          0x00818c34        0x0 ../G4Capstone_bsp//libucosii_bsp.a(alt_icache_flush_all.o)
 .data          0x00818c34        0x0 ../G4Capstone_bsp//libucosii_bsp.a(alt_io_redirect.o)
 .data          0x00818c34        0x0 ../G4Capstone_bsp//libucosii_bsp.a(alt_irq_register.o)
 .data          0x00818c34        0x0 ../G4Capstone_bsp//libucosii_bsp.a(alt_irq_vars.o)
 .data          0x00818c34        0x0 ../G4Capstone_bsp//libucosii_bsp.a(alt_open.o)
 .data          0x00818c34        0x0 ../G4Capstone_bsp//libucosii_bsp.a(alt_tick.o)
 .data          0x00818c34        0x0 ../G4Capstone_bsp//libucosii_bsp.a(altera_nios2_qsys_irq.o)
 .data          0x00818c34        0x0 ../G4Capstone_bsp//libucosii_bsp.a(os_cpu_a.o)
 .data          0x00818c34        0x0 ../G4Capstone_bsp//libucosii_bsp.a(os_cpu_c.o)
 .data          0x00818c34        0x0 ../G4Capstone_bsp//libucosii_bsp.a(alt_find_file.o)
 .data          0x00818c34        0x0 ../G4Capstone_bsp//libucosii_bsp.a(alt_get_fd.o)
 .data          0x00818c34        0x0 ../G4Capstone_bsp//libucosii_bsp.a(alt_irq_entry.o)
 .data          0x00818c34        0x0 ../G4Capstone_bsp//libucosii_bsp.a(alt_irq_handler.o)
 .data          0x00818c34        0x0 ../G4Capstone_bsp//libucosii_bsp.a(alt_exception_entry.o)
 .data          0x00818c34        0x0 /OPT/altera/12.1/tools/nios2eds/bin/gnu/H-i686-pc-linux-gnu/bin/../lib/gcc/nios2-elf/4.1.2/../../../../nios2-elf/lib/mno-hw-mul/libc.a(lib_a-atexit.o)
 .data          0x00818c34        0x0 /OPT/altera/12.1/tools/nios2eds/bin/gnu/H-i686-pc-linux-gnu/bin/../lib/gcc/nios2-elf/4.1.2/../../../../nios2-elf/lib/mno-hw-mul/libc.a(lib_a-exit.o)
 .data          0x00818c34        0x0 /OPT/altera/12.1/tools/nios2eds/bin/gnu/H-i686-pc-linux-gnu/bin/../lib/gcc/nios2-elf/4.1.2/../../../../nios2-elf/lib/mno-hw-mul/libc.a(lib_a-memcmp.o)
 .data          0x00818c34        0x0 /OPT/altera/12.1/tools/nios2eds/bin/gnu/H-i686-pc-linux-gnu/bin/../lib/gcc/nios2-elf/4.1.2/../../../../nios2-elf/lib/mno-hw-mul/libc.a(lib_a-__atexit.o)
 .data          0x00818c34        0x0 /OPT/altera/12.1/tools/nios2eds/bin/gnu/H-i686-pc-linux-gnu/bin/../lib/gcc/nios2-elf/4.1.2/../../../../nios2-elf/lib/mno-hw-mul/libc.a(lib_a-__call_atexit.o)
 .data          0x00818c34        0x0 ../G4Capstone_bsp//libucosii_bsp.a(alt_exit.o)
                0x00820c34                _gp = ABSOLUTE ((. + 0x8000))
                0x00820c34                PROVIDE (gp, _gp)
 *(.rwdata .rwdata.*)
 *(.sdata .sdata.* .gnu.linkonce.s.*)
 .sdata         0x00818c34        0x8 /OPT/altera/12.1/tools/nios2eds/bin/gnu/H-i686-pc-linux-gnu/bin/../lib/gcc/nios2-elf/4.1.2/../../../../nios2-elf/lib/mno-hw-mul/libc.a(lib_a-impure.o)
                0x00818c34                _impure_ptr
                0x00818c38                _global_impure_ptr
 .sdata         0x00818c3c        0x8 /OPT/altera/12.1/tools/nios2eds/bin/gnu/H-i686-pc-linux-gnu/bin/../lib/gcc/nios2-elf/4.1.2/../../../../nios2-elf/lib/mno-hw-mul/libc.a(lib_a-locale.o)
                0x00818c3c                __mb_cur_max
 .sdata         0x00818c44        0x8 /OPT/altera/12.1/tools/nios2eds/bin/gnu/H-i686-pc-linux-gnu/bin/../lib/gcc/nios2-elf/4.1.2/../../../../nios2-elf/lib/mno-hw-mul/libc.a(lib_a-mallocr.o)
                0x00818c44                __malloc_trim_threshold
                0x00818c48                __malloc_sbrk_base
 .sdata         0x00818c4c       0x14 ../G4Capstone_bsp//libucosii_bsp.a(alt_dev.o)
                0x00818c4c                alt_fs_list
                0x00818c54                alt_dev_list
                0x00818c5c                alt_max_fd
 .sdata         0x00818c60        0x4 ../G4Capstone_bsp//libucosii_bsp.a(alt_errno.o)
                0x00818c60                alt_errno
 .sdata         0x00818c64        0x4 ../G4Capstone_bsp//libucosii_bsp.a(alt_sbrk.o)
 .sdata         0x00818c68        0x4 ../G4Capstone_bsp//libucosii_bsp.a(alt_env_lock.o)
 .sdata         0x00818c6c        0x4 ../G4Capstone_bsp//libucosii_bsp.a(alt_malloc_lock.o)
 .sdata         0x00818c70       0x74 ../G4Capstone_bsp//libucosii_bsp.a(os_dbg.o)
                0x00818c70                OSDebugEn
                0x00818c74                OSEndiannessTest
                0x00818c78                OSEventEn
                0x00818c7a                OSEventMax
                0x00818c7c                OSEventNameSize
                0x00818c7e                OSEventSize
                0x00818c80                OSEventTblSize
                0x00818c82                OSEventMultiEn
                0x00818c84                OSFlagEn
                0x00818c86                OSFlagGrpSize
                0x00818c88                OSFlagNodeSize
                0x00818c8a                OSFlagWidth
                0x00818c8c                OSFlagMax
                0x00818c8e                OSFlagNameSize
                0x00818c90                OSLowestPrio
                0x00818c92                OSMboxEn
                0x00818c94                OSMemEn
                0x00818c96                OSMemMax
                0x00818c98                OSMemNameSize
                0x00818c9a                OSMemSize
                0x00818c9c                OSMemTblSize
                0x00818c9e                OSMutexEn
                0x00818ca0                OSPtrSize
                0x00818ca2                OSQEn
                0x00818ca4                OSQMax
                0x00818ca6                OSQSize
                0x00818ca8                OSRdyTblSize
                0x00818caa                OSSemEn
                0x00818cac                OSStkWidth
                0x00818cae                OSTaskCreateEn
                0x00818cb0                OSTaskCreateExtEn
                0x00818cb2                OSTaskDelEn
                0x00818cb4                OSTaskIdleStkSize
                0x00818cb6                OSTaskProfileEn
                0x00818cb8                OSTaskMax
                0x00818cba                OSTaskNameSize
                0x00818cbc                OSTaskStatEn
                0x00818cbe                OSTaskStatStkSize
                0x00818cc0                OSTaskStatStkChkEn
                0x00818cc2                OSTaskSwHookEn
                0x00818cc4                OSTCBPrioTblMax
                0x00818cc6                OSTCBSize
                0x00818cc8                OSTicksPerSec
                0x00818cca                OSTimeTickHookEn
                0x00818ccc                OSVersionNbr
                0x00818cce                OSTmrEn
                0x00818cd0                OSTmrCfgMax
                0x00818cd2                OSTmrCfgNameSize
                0x00818cd4                OSTmrCfgWheelSize
                0x00818cd6                OSTmrCfgTicksPerSec
                0x00818cd8                OSTmrSize
                0x00818cda                OSTmrTblSize
                0x00818cdc                OSTmrWheelSize
                0x00818cde                OSTmrWheelTblSize
                0x00818ce0                OSDataSize
 .sdata         0x00818ce4        0x4 ../G4Capstone_bsp//libucosii_bsp.a(alt_irq_vars.o)
                0x00818ce4                alt_priority_mask
 .sdata         0x00818ce8        0x8 ../G4Capstone_bsp//libucosii_bsp.a(alt_tick.o)
                0x00818ce8                alt_alarm_list
 *(.sdata2 .sdata2.* .gnu.linkonce.s2.*)
                0x00818cf0                . = ALIGN (0x4)
                0x00818cf0                _edata = ABSOLUTE (.)
                0x00818cf0                PROVIDE (edata, ABSOLUTE (.))
                0x00818cf0                PROVIDE (__ram_rwdata_end, ABSOLUTE (.))
                0x00818cf0                PROVIDE (__flash_rwdata_start, LOADADDR (.rwdata))

.bss            0x0081a860     0x7578
                0x0081a860                __bss_start = ABSOLUTE (.)
                0x0081a860                PROVIDE (__sbss_start, ABSOLUTE (.))
                0x0081a860                PROVIDE (___sbss_start, ABSOLUTE (.))
 *(.dynsbss)
 *(.sbss .sbss.* .gnu.linkonce.sb.*)
 .sbss          0x0081a860        0x4 obj/default/main.o
                0x0081a860                QUEUE
 .sbss          0x0081a864        0xc /OPT/altera/12.1/tools/nios2eds/bin/gnu/H-i686-pc-linux-gnu/bin/../lib/gcc/nios2-elf/4.1.2/../../../../nios2-elf/lib/mno-hw-mul/libc.a(lib_a-locale.o)
                0x0081a864                __nlocale_changed
                0x0081a868                __mlocale_changed
                0x0081a86c                _PathLocale
 .sbss          0x0081a870        0xc /OPT/altera/12.1/tools/nios2eds/bin/gnu/H-i686-pc-linux-gnu/bin/../lib/gcc/nios2-elf/4.1.2/../../../../nios2-elf/lib/mno-hw-mul/libc.a(lib_a-mallocr.o)
                0x0081a870                __malloc_top_pad
                0x0081a874                __malloc_max_sbrked_mem
                0x0081a878                __malloc_max_total_mem
 .sbss          0x0081a87c        0x4 /OPT/altera/12.1/tools/nios2eds/bin/gnu/H-i686-pc-linux-gnu/bin/../lib/gcc/nios2-elf/4.1.2/../../../../nios2-elf/lib/mno-hw-mul/libc.a(lib_a-int_errno.o)
                0x0081a87c                errno
 .sbss          0x0081a880        0x4 ../G4Capstone_bsp//libucosii_bsp.a(alt_dev.o)
                0x0081a880                alt_fd_list_lock
 .sbss          0x0081a884        0xc ../G4Capstone_bsp//libucosii_bsp.a(alt_main.o)
                0x0081a884                alt_argc
                0x0081a888                alt_argv
                0x0081a88c                alt_envp
 .sbss          0x0081a890        0x8 ../G4Capstone_bsp//libucosii_bsp.a(alt_env_lock.o)
                0x0081a894                alt_envsem
 .sbss          0x0081a898        0x8 ../G4Capstone_bsp//libucosii_bsp.a(alt_malloc_lock.o)
                0x0081a89c                alt_heapsem
 .sbss          0x0081a8a0       0x50 ../G4Capstone_bsp//libucosii_bsp.a(os_core.o)
                0x0081a8a0                OSLockNesting
                0x0081a8a1                OSRunning
                0x0081a8a4                OSIdleCtr
                0x0081a8a8                OSPrioHighRdy
                0x0081a8a9                OSPrioCur
                0x0081a8ac                OSTCBList
                0x0081a8b0                OSTickStepState
                0x0081a8b4                OSCtxSwCtr
                0x0081a8b8                OSIdleCtrMax
                0x0081a8bc                OSTCBFreeList
                0x0081a8c0                OSCPUUsage
                0x0081a8c1                OSTaskCtr
                0x0081a8c4                OSMemFreeList
                0x0081a8c8                OSTCBHighRdy
                0x0081a8cc                OSQFreeList
                0x0081a8d0                OSRdyGrp
                0x0081a8d1                OSRdyTbl
                0x0081a8d4                OSEventFreeList
                0x0081a8d8                OSIntNesting
                0x0081a8dc                OSTCBCur
                0x0081a8e0                OSTime
                0x0081a8e4                OSFlagFreeList
                0x0081a8e8                OSStatRdy
                0x0081a8ec                OSIdleCtrRun
 .sbss          0x0081a8f0        0x4 ../G4Capstone_bsp//libucosii_bsp.a(alt_irq_vars.o)
                0x0081a8f0                alt_irq_active
 .sbss          0x0081a8f4        0x8 ../G4Capstone_bsp//libucosii_bsp.a(alt_tick.o)
                0x0081a8f4                _alt_tick_rate
                0x0081a8f8                _alt_nticks
 *(.sbss2 .sbss2.* .gnu.linkonce.sb2.*)
 *(.scommon)
                0x0081a8fc                PROVIDE (__sbss_end, ABSOLUTE (.))
                0x0081a8fc                PROVIDE (___sbss_end, ABSOLUTE (.))
 *(.dynbss)
 *(.bss .bss.* .gnu.linkonce.b.*)
 .bss           0x0081a8fc        0x0 ../G4Capstone_bsp//obj/HAL/src/crt0.o
 .bss           0x0081a8fc        0x0 obj/default/main.o
 .bss           0x0081a8fc        0x0 /OPT/altera/12.1/tools/nios2eds/bin/gnu/H-i686-pc-linux-gnu/bin/../lib/gcc/nios2-elf/4.1.2/../../../../nios2-elf/lib/mno-hw-mul/libc.a(lib_a-printf.o)
 .bss           0x0081a8fc        0x0 /OPT/altera/12.1/tools/nios2eds/bin/gnu/H-i686-pc-linux-gnu/bin/../lib/gcc/nios2-elf/4.1.2/../../../../nios2-elf/lib/mno-hw-mul/libc.a(lib_a-puts.o)
 .bss           0x0081a8fc        0x0 /OPT/altera/12.1/tools/nios2eds/bin/gnu/H-i686-pc-linux-gnu/bin/../lib/gcc/nios2-elf/4.1.2/../../../../nios2-elf/lib/mno-hw-mul/libc.a(lib_a-strlen.o)
 .bss           0x0081a8fc        0x0 /OPT/altera/12.1/tools/nios2eds/bin/gnu/H-i686-pc-linux-gnu/bin/../lib/gcc/nios2-elf/4.1.2/../../../../nios2-elf/lib/mno-hw-mul/libc.a(lib_a-vfprintf.o)
 .bss           0x0081a8fc        0x0 /OPT/altera/12.1/tools/nios2eds/bin/gnu/H-i686-pc-linux-gnu/bin/../lib/gcc/nios2-elf/4.1.2/../../../../nios2-elf/lib/mno-hw-mul/libc.a(lib_a-wsetup.o)
 .bss           0x0081a8fc        0x0 /OPT/altera/12.1/tools/nios2eds/bin/gnu/H-i686-pc-linux-gnu/bin/../lib/gcc/nios2-elf/4.1.2/../../../../nios2-elf/lib/mno-hw-mul/libc.a(lib_a-dtoa.o)
 .bss           0x0081a8fc        0x0 /OPT/altera/12.1/tools/nios2eds/bin/gnu/H-i686-pc-linux-gnu/bin/../lib/gcc/nios2-elf/4.1.2/../../../../nios2-elf/lib/mno-hw-mul/libc.a(lib_a-fflush.o)
 .bss           0x0081a8fc        0x0 /OPT/altera/12.1/tools/nios2eds/bin/gnu/H-i686-pc-linux-gnu/bin/../lib/gcc/nios2-elf/4.1.2/../../../../nios2-elf/lib/mno-hw-mul/libc.a(lib_a-findfp.o)
 .bss           0x0081a8fc        0x0 /OPT/altera/12.1/tools/nios2eds/bin/gnu/H-i686-pc-linux-gnu/bin/../lib/gcc/nios2-elf/4.1.2/../../../../nios2-elf/lib/mno-hw-mul/libc.a(lib_a-freer.o)
 .bss           0x0081a8fc        0x0 /OPT/altera/12.1/tools/nios2eds/bin/gnu/H-i686-pc-linux-gnu/bin/../lib/gcc/nios2-elf/4.1.2/../../../../nios2-elf/lib/mno-hw-mul/libc.a(lib_a-fvwrite.o)
 .bss           0x0081a8fc        0x0 /OPT/altera/12.1/tools/nios2eds/bin/gnu/H-i686-pc-linux-gnu/bin/../lib/gcc/nios2-elf/4.1.2/../../../../nios2-elf/lib/mno-hw-mul/libc.a(lib_a-fwalk.o)
 .bss           0x0081a8fc        0x0 /OPT/altera/12.1/tools/nios2eds/bin/gnu/H-i686-pc-linux-gnu/bin/../lib/gcc/nios2-elf/4.1.2/../../../../nios2-elf/lib/mno-hw-mul/libc.a(lib_a-impure.o)
 .bss           0x0081a8fc        0x0 /OPT/altera/12.1/tools/nios2eds/bin/gnu/H-i686-pc-linux-gnu/bin/../lib/gcc/nios2-elf/4.1.2/../../../../nios2-elf/lib/mno-hw-mul/libc.a(lib_a-locale.o)
 .bss           0x0081a8fc        0x0 /OPT/altera/12.1/tools/nios2eds/bin/gnu/H-i686-pc-linux-gnu/bin/../lib/gcc/nios2-elf/4.1.2/../../../../nios2-elf/lib/mno-hw-mul/libc.a(lib_a-makebuf.o)
 .bss           0x0081a8fc       0x28 /OPT/altera/12.1/tools/nios2eds/bin/gnu/H-i686-pc-linux-gnu/bin/../lib/gcc/nios2-elf/4.1.2/../../../../nios2-elf/lib/mno-hw-mul/libc.a(lib_a-mallocr.o)
                0x0081a8fc                __malloc_current_mallinfo
 .bss           0x0081a924        0x0 /OPT/altera/12.1/tools/nios2eds/bin/gnu/H-i686-pc-linux-gnu/bin/../lib/gcc/nios2-elf/4.1.2/../../../../nios2-elf/lib/mno-hw-mul/libc.a(lib_a-memchr.o)
 .bss           0x0081a924        0x0 /OPT/altera/12.1/tools/nios2eds/bin/gnu/H-i686-pc-linux-gnu/bin/../lib/gcc/nios2-elf/4.1.2/../../../../nios2-elf/lib/mno-hw-mul/libc.a(lib_a-memcpy.o)
 .bss           0x0081a924        0x0 /OPT/altera/12.1/tools/nios2eds/bin/gnu/H-i686-pc-linux-gnu/bin/../lib/gcc/nios2-elf/4.1.2/../../../../nios2-elf/lib/mno-hw-mul/libc.a(lib_a-memmove.o)
 .bss           0x0081a924        0x0 /OPT/altera/12.1/tools/nios2eds/bin/gnu/H-i686-pc-linux-gnu/bin/../lib/gcc/nios2-elf/4.1.2/../../../../nios2-elf/lib/mno-hw-mul/libc.a(lib_a-memset.o)
 .bss           0x0081a924        0x0 /OPT/altera/12.1/tools/nios2eds/bin/gnu/H-i686-pc-linux-gnu/bin/../lib/gcc/nios2-elf/4.1.2/../../../../nios2-elf/lib/mno-hw-mul/libc.a(lib_a-mprec.o)
 .bss           0x0081a924        0x0 /OPT/altera/12.1/tools/nios2eds/bin/gnu/H-i686-pc-linux-gnu/bin/../lib/gcc/nios2-elf/4.1.2/../../../../nios2-elf/lib/mno-hw-mul/libc.a(lib_a-reallocr.o)
 .bss           0x0081a924        0x0 /OPT/altera/12.1/tools/nios2eds/bin/gnu/H-i686-pc-linux-gnu/bin/../lib/gcc/nios2-elf/4.1.2/../../../../nios2-elf/lib/mno-hw-mul/libc.a(lib_a-s_isinfd.o)
 .bss           0x0081a924        0x0 /OPT/altera/12.1/tools/nios2eds/bin/gnu/H-i686-pc-linux-gnu/bin/../lib/gcc/nios2-elf/4.1.2/../../../../nios2-elf/lib/mno-hw-mul/libc.a(lib_a-s_isnand.o)
 .bss           0x0081a924        0x0 /OPT/altera/12.1/tools/nios2eds/bin/gnu/H-i686-pc-linux-gnu/bin/../lib/gcc/nios2-elf/4.1.2/../../../../nios2-elf/lib/mno-hw-mul/libc.a(lib_a-sbrkr.o)
 .bss           0x0081a924        0x0 /OPT/altera/12.1/tools/nios2eds/bin/gnu/H-i686-pc-linux-gnu/bin/../lib/gcc/nios2-elf/4.1.2/../../../../nios2-elf/lib/mno-hw-mul/libc.a(lib_a-stdio.o)
 .bss           0x0081a924        0x0 /OPT/altera/12.1/tools/nios2eds/bin/gnu/H-i686-pc-linux-gnu/bin/../lib/gcc/nios2-elf/4.1.2/../../../../nios2-elf/lib/mno-hw-mul/libc.a(lib_a-strcmp.o)
 .bss           0x0081a924        0x0 /OPT/altera/12.1/tools/nios2eds/bin/gnu/H-i686-pc-linux-gnu/bin/../lib/gcc/nios2-elf/4.1.2/../../../../nios2-elf/lib/mno-hw-mul/libc.a(lib_a-writer.o)
 .bss           0x0081a924        0x0 /OPT/altera/12.1/tools/nios2eds/bin/gnu/H-i686-pc-linux-gnu/bin/../lib/gcc/nios2-elf/4.1.2/../../../../nios2-elf/lib/mno-hw-mul/libc.a(lib_a-callocr.o)
 .bss           0x0081a924        0x0 /OPT/altera/12.1/tools/nios2eds/bin/gnu/H-i686-pc-linux-gnu/bin/../lib/gcc/nios2-elf/4.1.2/../../../../nios2-elf/lib/mno-hw-mul/libc.a(lib_a-closer.o)
 .bss           0x0081a924        0x0 /OPT/altera/12.1/tools/nios2eds/bin/gnu/H-i686-pc-linux-gnu/bin/../lib/gcc/nios2-elf/4.1.2/../../../../nios2-elf/lib/mno-hw-mul/libc.a(lib_a-fclose.o)
 .bss           0x0081a924        0x0 /OPT/altera/12.1/tools/nios2eds/bin/gnu/H-i686-pc-linux-gnu/bin/../lib/gcc/nios2-elf/4.1.2/../../../../nios2-elf/lib/mno-hw-mul/libc.a(lib_a-fstatr.o)
 .bss           0x0081a924        0x0 /OPT/altera/12.1/tools/nios2eds/bin/gnu/H-i686-pc-linux-gnu/bin/../lib/gcc/nios2-elf/4.1.2/../../../../nios2-elf/lib/mno-hw-mul/libc.a(lib_a-int_errno.o)
 .bss           0x0081a924        0x0 /OPT/altera/12.1/tools/nios2eds/bin/gnu/H-i686-pc-linux-gnu/bin/../lib/gcc/nios2-elf/4.1.2/../../../../nios2-elf/lib/mno-hw-mul/libc.a(lib_a-isattyr.o)
 .bss           0x0081a924        0x0 /OPT/altera/12.1/tools/nios2eds/bin/gnu/H-i686-pc-linux-gnu/bin/../lib/gcc/nios2-elf/4.1.2/../../../../nios2-elf/lib/mno-hw-mul/libc.a(lib_a-lseekr.o)
 .bss           0x0081a924        0x0 /OPT/altera/12.1/tools/nios2eds/bin/gnu/H-i686-pc-linux-gnu/bin/../lib/gcc/nios2-elf/4.1.2/../../../../nios2-elf/lib/mno-hw-mul/libc.a(lib_a-readr.o)
 .bss           0x0081a924        0x0 /OPT/altera/12.1/tools/nios2eds/bin/gnu/H-i686-pc-linux-gnu/bin/../lib/gcc/nios2-elf/4.1.2/mno-hw-mul/libgcc.a(_udivdi3.o)
 .bss           0x0081a924        0x0 /OPT/altera/12.1/tools/nios2eds/bin/gnu/H-i686-pc-linux-gnu/bin/../lib/gcc/nios2-elf/4.1.2/mno-hw-mul/libgcc.a(_umoddi3.o)
 .bss           0x0081a924        0x0 /OPT/altera/12.1/tools/nios2eds/bin/gnu/H-i686-pc-linux-gnu/bin/../lib/gcc/nios2-elf/4.1.2/mno-hw-mul/libgcc.a(_addsub_df.o)
 .bss           0x0081a924        0x0 /OPT/altera/12.1/tools/nios2eds/bin/gnu/H-i686-pc-linux-gnu/bin/../lib/gcc/nios2-elf/4.1.2/mno-hw-mul/libgcc.a(_mul_df.o)
 .bss           0x0081a924        0x0 /OPT/altera/12.1/tools/nios2eds/bin/gnu/H-i686-pc-linux-gnu/bin/../lib/gcc/nios2-elf/4.1.2/mno-hw-mul/libgcc.a(_div_df.o)
 .bss           0x0081a924        0x0 /OPT/altera/12.1/tools/nios2eds/bin/gnu/H-i686-pc-linux-gnu/bin/../lib/gcc/nios2-elf/4.1.2/mno-hw-mul/libgcc.a(_eq_df.o)
 .bss           0x0081a924        0x0 /OPT/altera/12.1/tools/nios2eds/bin/gnu/H-i686-pc-linux-gnu/bin/../lib/gcc/nios2-elf/4.1.2/mno-hw-mul/libgcc.a(_ne_df.o)
 .bss           0x0081a924        0x0 /OPT/altera/12.1/tools/nios2eds/bin/gnu/H-i686-pc-linux-gnu/bin/../lib/gcc/nios2-elf/4.1.2/mno-hw-mul/libgcc.a(_gt_df.o)
 .bss           0x0081a924        0x0 /OPT/altera/12.1/tools/nios2eds/bin/gnu/H-i686-pc-linux-gnu/bin/../lib/gcc/nios2-elf/4.1.2/mno-hw-mul/libgcc.a(_ge_df.o)
 .bss           0x0081a924        0x0 /OPT/altera/12.1/tools/nios2eds/bin/gnu/H-i686-pc-linux-gnu/bin/../lib/gcc/nios2-elf/4.1.2/mno-hw-mul/libgcc.a(_lt_df.o)
 .bss           0x0081a924        0x0 /OPT/altera/12.1/tools/nios2eds/bin/gnu/H-i686-pc-linux-gnu/bin/../lib/gcc/nios2-elf/4.1.2/mno-hw-mul/libgcc.a(_si_to_df.o)
 .bss           0x0081a924        0x0 /OPT/altera/12.1/tools/nios2eds/bin/gnu/H-i686-pc-linux-gnu/bin/../lib/gcc/nios2-elf/4.1.2/mno-hw-mul/libgcc.a(_df_to_si.o)
 .bss           0x0081a924        0x0 /OPT/altera/12.1/tools/nios2eds/bin/gnu/H-i686-pc-linux-gnu/bin/../lib/gcc/nios2-elf/4.1.2/mno-hw-mul/libgcc.a(_thenan_df.o)
 .bss           0x0081a924        0x0 /OPT/altera/12.1/tools/nios2eds/bin/gnu/H-i686-pc-linux-gnu/bin/../lib/gcc/nios2-elf/4.1.2/mno-hw-mul/libgcc.a(_usi_to_df.o)
 .bss           0x0081a924        0x0 /OPT/altera/12.1/tools/nios2eds/bin/gnu/H-i686-pc-linux-gnu/bin/../lib/gcc/nios2-elf/4.1.2/mno-hw-mul/libgcc.a(lib2-divmod.o)
 .bss           0x0081a924        0x0 /OPT/altera/12.1/tools/nios2eds/bin/gnu/H-i686-pc-linux-gnu/bin/../lib/gcc/nios2-elf/4.1.2/mno-hw-mul/libgcc.a(lib2-mul.o)
 .bss           0x0081a924        0x0 /OPT/altera/12.1/tools/nios2eds/bin/gnu/H-i686-pc-linux-gnu/bin/../lib/gcc/nios2-elf/4.1.2/mno-hw-mul/libgcc.a(_muldi3.o)
 .bss           0x0081a924        0x0 /OPT/altera/12.1/tools/nios2eds/bin/gnu/H-i686-pc-linux-gnu/bin/../lib/gcc/nios2-elf/4.1.2/mno-hw-mul/libgcc.a(_clz.o)
 .bss           0x0081a924        0x0 /OPT/altera/12.1/tools/nios2eds/bin/gnu/H-i686-pc-linux-gnu/bin/../lib/gcc/nios2-elf/4.1.2/mno-hw-mul/libgcc.a(_clzsi2.o)
 .bss           0x0081a924        0x0 /OPT/altera/12.1/tools/nios2eds/bin/gnu/H-i686-pc-linux-gnu/bin/../lib/gcc/nios2-elf/4.1.2/mno-hw-mul/libgcc.a(_pack_df.o)
 .bss           0x0081a924        0x0 /OPT/altera/12.1/tools/nios2eds/bin/gnu/H-i686-pc-linux-gnu/bin/../lib/gcc/nios2-elf/4.1.2/mno-hw-mul/libgcc.a(_unpack_df.o)
 .bss           0x0081a924        0x0 /OPT/altera/12.1/tools/nios2eds/bin/gnu/H-i686-pc-linux-gnu/bin/../lib/gcc/nios2-elf/4.1.2/mno-hw-mul/libgcc.a(_fpcmp_parts_df.o)
 .bss           0x0081a924        0x0 ../G4Capstone_bsp//libucosii_bsp.a(alt_close.o)
 .bss           0x0081a924        0x0 ../G4Capstone_bsp//libucosii_bsp.a(alt_dev.o)
 .bss           0x0081a924        0x0 ../G4Capstone_bsp//libucosii_bsp.a(alt_errno.o)
 .bss           0x0081a924        0x0 ../G4Capstone_bsp//libucosii_bsp.a(alt_fstat.o)
 .bss           0x0081a924        0x0 ../G4Capstone_bsp//libucosii_bsp.a(alt_isatty.o)
 .bss           0x0081a924        0x0 ../G4Capstone_bsp//libucosii_bsp.a(alt_load.o)
 .bss           0x0081a924        0x0 ../G4Capstone_bsp//libucosii_bsp.a(alt_lseek.o)
 .bss           0x0081a924        0x0 ../G4Capstone_bsp//libucosii_bsp.a(alt_main.o)
 .bss           0x0081a924        0x0 ../G4Capstone_bsp//libucosii_bsp.a(alt_read.o)
 .bss           0x0081a924        0x0 ../G4Capstone_bsp//libucosii_bsp.a(alt_release_fd.o)
 .bss           0x0081a924        0x0 ../G4Capstone_bsp//libucosii_bsp.a(alt_sbrk.o)
 .bss           0x0081a924        0x0 ../G4Capstone_bsp//libucosii_bsp.a(alt_write.o)
 .bss           0x0081a924        0x0 ../G4Capstone_bsp//libucosii_bsp.a(alt_env_lock.o)
 .bss           0x0081a924        0x0 ../G4Capstone_bsp//libucosii_bsp.a(alt_malloc_lock.o)
 .bss           0x0081a924        0x0 ../G4Capstone_bsp//libucosii_bsp.a(os_core.o)
 .bss           0x0081a924        0x0 ../G4Capstone_bsp//libucosii_bsp.a(os_dbg.o)
 .bss           0x0081a924        0x0 ../G4Capstone_bsp//libucosii_bsp.a(os_flag.o)
 .bss           0x0081a924        0x0 ../G4Capstone_bsp//libucosii_bsp.a(os_mem.o)
 .bss           0x0081a924        0x0 ../G4Capstone_bsp//libucosii_bsp.a(os_q.o)
 .bss           0x0081a924        0x0 ../G4Capstone_bsp//libucosii_bsp.a(os_sem.o)
 .bss           0x0081a924        0x0 ../G4Capstone_bsp//libucosii_bsp.a(os_task.o)
 .bss           0x0081a924        0x0 ../G4Capstone_bsp//libucosii_bsp.a(os_time.o)
 .bss           0x0081a924        0x0 ../G4Capstone_bsp//libucosii_bsp.a(alt_sys_init.o)
 .bss           0x0081a924        0x0 ../G4Capstone_bsp//libucosii_bsp.a(altera_avalon_jtag_uart_fd.o)
 .bss           0x0081a924        0x0 ../G4Capstone_bsp//libucosii_bsp.a(altera_avalon_jtag_uart_init.o)
 .bss           0x0081a924        0x0 ../G4Capstone_bsp//libucosii_bsp.a(altera_avalon_jtag_uart_ioctl.o)
 .bss           0x0081a924        0x0 ../G4Capstone_bsp//libucosii_bsp.a(altera_avalon_jtag_uart_read.o)
 .bss           0x0081a924        0x0 ../G4Capstone_bsp//libucosii_bsp.a(altera_avalon_jtag_uart_write.o)
 .bss           0x0081a924        0x0 ../G4Capstone_bsp//libucosii_bsp.a(altera_avalon_timer_sc.o)
 .bss           0x0081a924        0x0 ../G4Capstone_bsp//libucosii_bsp.a(altera_up_avalon_audio.o)
 .bss           0x0081a924        0x0 ../G4Capstone_bsp//libucosii_bsp.a(altera_up_avalon_audio_and_video_config.o)
 .bss           0x0081a924        0x0 ../G4Capstone_bsp//libucosii_bsp.a(altera_up_avalon_character_lcd.o)
 .bss           0x0081a924        0x0 ../G4Capstone_bsp//libucosii_bsp.a(alt_alarm_start.o)
 .bss           0x0081a924        0x0 ../G4Capstone_bsp//libucosii_bsp.a(alt_dcache_flush_all.o)
 .bss           0x0081a924        0x0 ../G4Capstone_bsp//libucosii_bsp.a(alt_dev_llist_insert.o)
 .bss           0x0081a924        0x0 ../G4Capstone_bsp//libucosii_bsp.a(alt_do_ctors.o)
 .bss           0x0081a924        0x0 ../G4Capstone_bsp//libucosii_bsp.a(alt_do_dtors.o)
 .bss           0x0081a924        0x0 ../G4Capstone_bsp//libucosii_bsp.a(alt_find_dev.o)
 .bss           0x0081a924        0x0 ../G4Capstone_bsp//libucosii_bsp.a(alt_icache_flush_all.o)
 .bss           0x0081a924        0x0 ../G4Capstone_bsp//libucosii_bsp.a(alt_io_redirect.o)
 .bss           0x0081a924        0x0 ../G4Capstone_bsp//libucosii_bsp.a(alt_irq_register.o)
 .bss           0x0081a924        0x0 ../G4Capstone_bsp//libucosii_bsp.a(alt_irq_vars.o)
 .bss           0x0081a924        0x0 ../G4Capstone_bsp//libucosii_bsp.a(alt_open.o)
 .bss           0x0081a924        0x0 ../G4Capstone_bsp//libucosii_bsp.a(alt_tick.o)
 .bss           0x0081a924        0x0 ../G4Capstone_bsp//libucosii_bsp.a(altera_nios2_qsys_irq.o)
 .bss           0x0081a924        0x0 ../G4Capstone_bsp//libucosii_bsp.a(os_cpu_a.o)
 .bss           0x0081a924        0x0 ../G4Capstone_bsp//libucosii_bsp.a(os_cpu_c.o)
 .bss           0x0081a924        0x0 ../G4Capstone_bsp//libucosii_bsp.a(alt_find_file.o)
 .bss           0x0081a924        0x0 ../G4Capstone_bsp//libucosii_bsp.a(alt_get_fd.o)
 .bss           0x0081a924        0x0 ../G4Capstone_bsp//libucosii_bsp.a(alt_irq_entry.o)
 .bss           0x0081a924        0x0 ../G4Capstone_bsp//libucosii_bsp.a(alt_irq_handler.o)
 .bss           0x0081a924        0x0 ../G4Capstone_bsp//libucosii_bsp.a(alt_exception_entry.o)
 .bss           0x0081a924        0x0 /OPT/altera/12.1/tools/nios2eds/bin/gnu/H-i686-pc-linux-gnu/bin/../lib/gcc/nios2-elf/4.1.2/../../../../nios2-elf/lib/mno-hw-mul/libc.a(lib_a-atexit.o)
 .bss           0x0081a924        0x0 /OPT/altera/12.1/tools/nios2eds/bin/gnu/H-i686-pc-linux-gnu/bin/../lib/gcc/nios2-elf/4.1.2/../../../../nios2-elf/lib/mno-hw-mul/libc.a(lib_a-exit.o)
 .bss           0x0081a924        0x0 /OPT/altera/12.1/tools/nios2eds/bin/gnu/H-i686-pc-linux-gnu/bin/../lib/gcc/nios2-elf/4.1.2/../../../../nios2-elf/lib/mno-hw-mul/libc.a(lib_a-memcmp.o)
 .bss           0x0081a924        0x0 /OPT/altera/12.1/tools/nios2eds/bin/gnu/H-i686-pc-linux-gnu/bin/../lib/gcc/nios2-elf/4.1.2/../../../../nios2-elf/lib/mno-hw-mul/libc.a(lib_a-__atexit.o)
 .bss           0x0081a924        0x0 /OPT/altera/12.1/tools/nios2eds/bin/gnu/H-i686-pc-linux-gnu/bin/../lib/gcc/nios2-elf/4.1.2/../../../../nios2-elf/lib/mno-hw-mul/libc.a(lib_a-__call_atexit.o)
 .bss           0x0081a924        0x0 ../G4Capstone_bsp//libucosii_bsp.a(alt_exit.o)
 *(COMMON)
 COMMON         0x0081a924     0x4000 obj/default/main.o
                0x0081a924                AudioTask_stk
                0x0081c924                LCDTask_stk
 COMMON         0x0081e924     0x3224 ../G4Capstone_bsp//libucosii_bsp.a(os_core.o)
                0x0081e924                OSFlagTbl
                0x0081ec94                OSMemTbl
                0x0081f8c4                OSTaskStatStk
                0x008200c4                OSQTbl
                0x008202a4                OSTaskIdleStk
                0x00820aa4                OSEventTbl
                0x008215e4                OSTCBTbl
                0x00821af4                OSTCBPrioTbl
 COMMON         0x00821b48      0x100 ../G4Capstone_bsp//libucosii_bsp.a(alt_irq_handler.o)
                0x00821b48                alt_irq
 COMMON         0x00821c48      0x190 /OPT/altera/12.1/tools/nios2eds/bin/gnu/H-i686-pc-linux-gnu/bin/../lib/gcc/nios2-elf/4.1.2/../../../../nios2-elf/lib/mno-hw-mul/libc.a(lib_a-atexit.o)
                0x00821c48                _atexit0
                0x00821dd8                . = ALIGN (0x4)
                0x00821dd8                __bss_end = ABSOLUTE (.)

.sdram_0        0x00821dd8        0x0
                0x00821dd8                PROVIDE (_alt_partition_sdram_0_start, ABSOLUTE (.))
 *(.sdram_0. sdram_0.*)
                0x00821dd8                . = ALIGN (0x4)
                0x00821dd8                PROVIDE (_alt_partition_sdram_0_end, ABSOLUTE (.))
                0x00821dd8                _end = ABSOLUTE (.)
                0x00821dd8                end = ABSOLUTE (.)
                0x00821dd8                __alt_stack_base = ABSOLUTE (.)
                0x00821dd8                PROVIDE (_alt_partition_sdram_0_load_addr, LOADADDR (.sdram_0))

.sram_0         0x01080000        0x0 load address 0x00821dd8
                0x01080000                PROVIDE (_alt_partition_sram_0_start, ABSOLUTE (.))
 *(.sram_0. sram_0.*)
                0x01080000                . = ALIGN (0x4)
                0x01080000                PROVIDE (_alt_partition_sram_0_end, ABSOLUTE (.))
                0x00821dd8                PROVIDE (_alt_partition_sram_0_load_addr, LOADADDR (.sram_0))

.onchip_memory2_0
                0x011041c0        0x0 load address 0x00821dd8
                0x011041c0                PROVIDE (_alt_partition_onchip_memory2_0_start, ABSOLUTE (.))
 *(.onchip_memory2_0. onchip_memory2_0.*)
                0x011041c0                . = ALIGN (0x4)
                0x011041c0                PROVIDE (_alt_partition_onchip_memory2_0_end, ABSOLUTE (.))
                0x00821dd8                PROVIDE (_alt_partition_onchip_memory2_0_load_addr, LOADADDR (.onchip_memory2_0))

.stab
 *(.stab)

.stabstr
 *(.stabstr)

.stab.excl
 *(.stab.excl)

.stab.exclstr
 *(.stab.exclstr)

.stab.index
 *(.stab.index)

.stab.indexstr
 *(.stab.indexstr)

.comment        0x00000000       0x26
 *(.comment)
 .comment       0x00000000       0x26 obj/default/main.o
                                 0x27 (size before relaxing)
 .comment       0x00000000       0x27 /OPT/altera/12.1/tools/nios2eds/bin/gnu/H-i686-pc-linux-gnu/bin/../lib/gcc/nios2-elf/4.1.2/../../../../nios2-elf/lib/mno-hw-mul/libc.a(lib_a-printf.o)
 .comment       0x00000000       0x27 /OPT/altera/12.1/tools/nios2eds/bin/gnu/H-i686-pc-linux-gnu/bin/../lib/gcc/nios2-elf/4.1.2/../../../../nios2-elf/lib/mno-hw-mul/libc.a(lib_a-puts.o)
 .comment       0x00000000       0x27 /OPT/altera/12.1/tools/nios2eds/bin/gnu/H-i686-pc-linux-gnu/bin/../lib/gcc/nios2-elf/4.1.2/../../../../nios2-elf/lib/mno-hw-mul/libc.a(lib_a-strlen.o)
 .comment       0x00000000       0x27 /OPT/altera/12.1/tools/nios2eds/bin/gnu/H-i686-pc-linux-gnu/bin/../lib/gcc/nios2-elf/4.1.2/../../../../nios2-elf/lib/mno-hw-mul/libc.a(lib_a-vfprintf.o)
 .comment       0x00000000       0x27 /OPT/altera/12.1/tools/nios2eds/bin/gnu/H-i686-pc-linux-gnu/bin/../lib/gcc/nios2-elf/4.1.2/../../../../nios2-elf/lib/mno-hw-mul/libc.a(lib_a-wsetup.o)
 .comment       0x00000000       0x27 /OPT/altera/12.1/tools/nios2eds/bin/gnu/H-i686-pc-linux-gnu/bin/../lib/gcc/nios2-elf/4.1.2/../../../../nios2-elf/lib/mno-hw-mul/libc.a(lib_a-dtoa.o)
 .comment       0x00000000       0x27 /OPT/altera/12.1/tools/nios2eds/bin/gnu/H-i686-pc-linux-gnu/bin/../lib/gcc/nios2-elf/4.1.2/../../../../nios2-elf/lib/mno-hw-mul/libc.a(lib_a-fflush.o)
 .comment       0x00000000       0x27 /OPT/altera/12.1/tools/nios2eds/bin/gnu/H-i686-pc-linux-gnu/bin/../lib/gcc/nios2-elf/4.1.2/../../../../nios2-elf/lib/mno-hw-mul/libc.a(lib_a-findfp.o)
 .comment       0x00000000       0x27 /OPT/altera/12.1/tools/nios2eds/bin/gnu/H-i686-pc-linux-gnu/bin/../lib/gcc/nios2-elf/4.1.2/../../../../nios2-elf/lib/mno-hw-mul/libc.a(lib_a-freer.o)
 .comment       0x00000000       0x27 /OPT/altera/12.1/tools/nios2eds/bin/gnu/H-i686-pc-linux-gnu/bin/../lib/gcc/nios2-elf/4.1.2/../../../../nios2-elf/lib/mno-hw-mul/libc.a(lib_a-fvwrite.o)
 .comment       0x00000000       0x27 /OPT/altera/12.1/tools/nios2eds/bin/gnu/H-i686-pc-linux-gnu/bin/../lib/gcc/nios2-elf/4.1.2/../../../../nios2-elf/lib/mno-hw-mul/libc.a(lib_a-fwalk.o)
 .comment       0x00000000       0x27 /OPT/altera/12.1/tools/nios2eds/bin/gnu/H-i686-pc-linux-gnu/bin/../lib/gcc/nios2-elf/4.1.2/../../../../nios2-elf/lib/mno-hw-mul/libc.a(lib_a-impure.o)
 .comment       0x00000000       0x27 /OPT/altera/12.1/tools/nios2eds/bin/gnu/H-i686-pc-linux-gnu/bin/../lib/gcc/nios2-elf/4.1.2/../../../../nios2-elf/lib/mno-hw-mul/libc.a(lib_a-locale.o)
 .comment       0x00000000       0x27 /OPT/altera/12.1/tools/nios2eds/bin/gnu/H-i686-pc-linux-gnu/bin/../lib/gcc/nios2-elf/4.1.2/../../../../nios2-elf/lib/mno-hw-mul/libc.a(lib_a-makebuf.o)
 .comment       0x00000000       0x27 /OPT/altera/12.1/tools/nios2eds/bin/gnu/H-i686-pc-linux-gnu/bin/../lib/gcc/nios2-elf/4.1.2/../../../../nios2-elf/lib/mno-hw-mul/libc.a(lib_a-mallocr.o)
 .comment       0x00000000       0x27 /OPT/altera/12.1/tools/nios2eds/bin/gnu/H-i686-pc-linux-gnu/bin/../lib/gcc/nios2-elf/4.1.2/../../../../nios2-elf/lib/mno-hw-mul/libc.a(lib_a-memchr.o)
 .comment       0x00000000       0x27 /OPT/altera/12.1/tools/nios2eds/bin/gnu/H-i686-pc-linux-gnu/bin/../lib/gcc/nios2-elf/4.1.2/../../../../nios2-elf/lib/mno-hw-mul/libc.a(lib_a-memcpy.o)
 .comment       0x00000000       0x27 /OPT/altera/12.1/tools/nios2eds/bin/gnu/H-i686-pc-linux-gnu/bin/../lib/gcc/nios2-elf/4.1.2/../../../../nios2-elf/lib/mno-hw-mul/libc.a(lib_a-memmove.o)
 .comment       0x00000000       0x27 /OPT/altera/12.1/tools/nios2eds/bin/gnu/H-i686-pc-linux-gnu/bin/../lib/gcc/nios2-elf/4.1.2/../../../../nios2-elf/lib/mno-hw-mul/libc.a(lib_a-memset.o)
 .comment       0x00000000       0x27 /OPT/altera/12.1/tools/nios2eds/bin/gnu/H-i686-pc-linux-gnu/bin/../lib/gcc/nios2-elf/4.1.2/../../../../nios2-elf/lib/mno-hw-mul/libc.a(lib_a-mprec.o)
 .comment       0x00000000       0x27 /OPT/altera/12.1/tools/nios2eds/bin/gnu/H-i686-pc-linux-gnu/bin/../lib/gcc/nios2-elf/4.1.2/../../../../nios2-elf/lib/mno-hw-mul/libc.a(lib_a-reallocr.o)
 .comment       0x00000000       0x27 /OPT/altera/12.1/tools/nios2eds/bin/gnu/H-i686-pc-linux-gnu/bin/../lib/gcc/nios2-elf/4.1.2/../../../../nios2-elf/lib/mno-hw-mul/libc.a(lib_a-s_isinfd.o)
 .comment       0x00000000       0x27 /OPT/altera/12.1/tools/nios2eds/bin/gnu/H-i686-pc-linux-gnu/bin/../lib/gcc/nios2-elf/4.1.2/../../../../nios2-elf/lib/mno-hw-mul/libc.a(lib_a-s_isnand.o)
 .comment       0x00000000       0x27 /OPT/altera/12.1/tools/nios2eds/bin/gnu/H-i686-pc-linux-gnu/bin/../lib/gcc/nios2-elf/4.1.2/../../../../nios2-elf/lib/mno-hw-mul/libc.a(lib_a-sbrkr.o)
 .comment       0x00000000       0x27 /OPT/altera/12.1/tools/nios2eds/bin/gnu/H-i686-pc-linux-gnu/bin/../lib/gcc/nios2-elf/4.1.2/../../../../nios2-elf/lib/mno-hw-mul/libc.a(lib_a-stdio.o)
 .comment       0x00000000       0x27 /OPT/altera/12.1/tools/nios2eds/bin/gnu/H-i686-pc-linux-gnu/bin/../lib/gcc/nios2-elf/4.1.2/../../../../nios2-elf/lib/mno-hw-mul/libc.a(lib_a-strcmp.o)
 .comment       0x00000000       0x27 /OPT/altera/12.1/tools/nios2eds/bin/gnu/H-i686-pc-linux-gnu/bin/../lib/gcc/nios2-elf/4.1.2/../../../../nios2-elf/lib/mno-hw-mul/libc.a(lib_a-writer.o)
 .comment       0x00000000       0x27 /OPT/altera/12.1/tools/nios2eds/bin/gnu/H-i686-pc-linux-gnu/bin/../lib/gcc/nios2-elf/4.1.2/../../../../nios2-elf/lib/mno-hw-mul/libc.a(lib_a-callocr.o)
 .comment       0x00000000       0x27 /OPT/altera/12.1/tools/nios2eds/bin/gnu/H-i686-pc-linux-gnu/bin/../lib/gcc/nios2-elf/4.1.2/../../../../nios2-elf/lib/mno-hw-mul/libc.a(lib_a-closer.o)
 .comment       0x00000000       0x27 /OPT/altera/12.1/tools/nios2eds/bin/gnu/H-i686-pc-linux-gnu/bin/../lib/gcc/nios2-elf/4.1.2/../../../../nios2-elf/lib/mno-hw-mul/libc.a(lib_a-fclose.o)