Archive member included because of file (symbol)

/OPT/altera/12.1/tools/nios2eds/bin/gnu/H-i686-pc-linux-gnu/bin/../lib/gcc/nios2-elf/4.1.2/../../../../nios2-elf/lib/mno-hw-mul/libc.a(lib_a-printf.o)
                              obj/default/main.o (printf)
/OPT/altera/12.1/tools/nios2eds/bin/gnu/H-i686-pc-linux-gnu/bin/../lib/gcc/nios2-elf/4.1.2/../../../../nios2-elf/lib/mno-hw-mul/libc.a(lib_a-puts.o)
                              obj/default/main.o (puts)
/OPT/altera/12.1/tools/nios2eds/bin/gnu/H-i686-pc-linux-gnu/bin/../lib/gcc/nios2-elf/4.1.2/../../../../nios2-elf/lib/mno-hw-mul/libc.a(lib_a-strlen.o)
                              /OPT/altera/12.1/tools/nios2eds/bin/gnu/H-i686-pc-linux-gnu/bin/../lib/gcc/nios2-elf/4.1.2/../../../../nios2-elf/lib/mno-hw-mul/libc.a(lib_a-puts.o) (strlen)
/OPT/altera/12.1/tools/nios2eds/bin/gnu/H-i686-pc-linux-gnu/bin/../lib/gcc/nios2-elf/4.1.2/../../../../nios2-elf/lib/mno-hw-mul/libc.a(lib_a-vfprintf.o)
                              /OPT/altera/12.1/tools/nios2eds/bin/gnu/H-i686-pc-linux-gnu/bin/../lib/gcc/nios2-elf/4.1.2/../../../../nios2-elf/lib/mno-hw-mul/libc.a(lib_a-printf.o) (___vfprintf_internal_r)
/OPT/altera/12.1/tools/nios2eds/bin/gnu/H-i686-pc-linux-gnu/bin/../lib/gcc/nios2-elf/4.1.2/../../../../nios2-elf/lib/mno-hw-mul/libc.a(lib_a-wsetup.o)
                              /OPT/altera/12.1/tools/nios2eds/bin/gnu/H-i686-pc-linux-gnu/bin/../lib/gcc/nios2-elf/4.1.2/../../../../nios2-elf/lib/mno-hw-mul/libc.a(lib_a-vfprintf.o) (__swsetup_r)
/OPT/altera/12.1/tools/nios2eds/bin/gnu/H-i686-pc-linux-gnu/bin/../lib/gcc/nios2-elf/4.1.2/../../../../nios2-elf/lib/mno-hw-mul/libc.a(lib_a-dtoa.o)
                              /OPT/altera/12.1/tools/nios2eds/bin/gnu/H-i686-pc-linux-gnu/bin/../lib/gcc/nios2-elf/4.1.2/../../../../nios2-elf/lib/mno-hw-mul/libc.a(lib_a-vfprintf.o) (_dtoa_r)
/OPT/altera/12.1/tools/nios2eds/bin/gnu/H-i686-pc-linux-gnu/bin/../lib/gcc/nios2-elf/4.1.2/../../../../nios2-elf/lib/mno-hw-mul/libc.a(lib_a-fflush.o)
                              /OPT/altera/12.1/tools/nios2eds/bin/gnu/H-i686-pc-linux-gnu/bin/../lib/gcc/nios2-elf/4.1.2/../../../../nios2-elf/lib/mno-hw-mul/libc.a(lib_a-vfprintf.o) (_fflush_r)
/OPT/altera/12.1/tools/nios2eds/bin/gnu/H-i686-pc-linux-gnu/bin/../lib/gcc/nios2-elf/4.1.2/../../../../nios2-elf/lib/mno-hw-mul/libc.a(lib_a-findfp.o)
                              /OPT/altera/12.1/tools/nios2eds/bin/gnu/H-i686-pc-linux-gnu/bin/../lib/gcc/nios2-elf/4.1.2/../../../../nios2-elf/lib/mno-hw-mul/libc.a(lib_a-vfprintf.o) (__sinit)
/OPT/altera/12.1/tools/nios2eds/bin/gnu/H-i686-pc-linux-gnu/bin/../lib/gcc/nios2-elf/4.1.2/../../../../nios2-elf/lib/mno-hw-mul/libc.a(lib_a-freer.o)
                              /OPT/altera/12.1/tools/nios2eds/bin/gnu/H-i686-pc-linux-gnu/bin/../lib/gcc/nios2-elf/4.1.2/../../../../nios2-elf/lib/mno-hw-mul/libc.a(lib_a-wsetup.o) (_free_r)
/OPT/altera/12.1/tools/nios2eds/bin/gnu/H-i686-pc-linux-gnu/bin/../lib/gcc/nios2-elf/4.1.2/../../../../nios2-elf/lib/mno-hw-mul/libc.a(lib_a-fvwrite.o)
                              /OPT/altera/12.1/tools/nios2eds/bin/gnu/H-i686-pc-linux-gnu/bin/../lib/gcc/nios2-elf/4.1.2/../../../../nios2-elf/lib/mno-hw-mul/libc.a(lib_a-puts.o) (__sfvwrite_r)
/OPT/altera/12.1/tools/nios2eds/bin/gnu/H-i686-pc-linux-gnu/bin/../lib/gcc/nios2-elf/4.1.2/../../../../nios2-elf/lib/mno-hw-mul/libc.a(lib_a-fwalk.o)
                              /OPT/altera/12.1/tools/nios2eds/bin/gnu/H-i686-pc-linux-gnu/bin/../lib/gcc/nios2-elf/4.1.2/../../../../nios2-elf/lib/mno-hw-mul/libc.a(lib_a-fflush.o) (_fwalk_reent)
/OPT/altera/12.1/tools/nios2eds/bin/gnu/H-i686-pc-linux-gnu/bin/../lib/gcc/nios2-elf/4.1.2/../../../../nios2-elf/lib/mno-hw-mul/libc.a(lib_a-impure.o)
                              /OPT/altera/12.1/tools/nios2eds/bin/gnu/H-i686-pc-linux-gnu/bin/../lib/gcc/nios2-elf/4.1.2/../../../../nios2-elf/lib/mno-hw-mul/libc.a(lib_a-printf.o) (_impure_ptr)
/OPT/altera/12.1/tools/nios2eds/bin/gnu/H-i686-pc-linux-gnu/bin/../lib/gcc/nios2-elf/4.1.2/../../../../nios2-elf/lib/mno-hw-mul/libc.a(lib_a-locale.o)
                              /OPT/altera/12.1/tools/nios2eds/bin/gnu/H-i686-pc-linux-gnu/bin/../lib/gcc/nios2-elf/4.1.2/../../../../nios2-elf/lib/mno-hw-mul/libc.a(lib_a-vfprintf.o) (_localeconv_r)
/OPT/altera/12.1/tools/nios2eds/bin/gnu/H-i686-pc-linux-gnu/bin/../lib/gcc/nios2-elf/4.1.2/../../../../nios2-elf/lib/mno-hw-mul/libc.a(lib_a-makebuf.o)
                              /OPT/altera/12.1/tools/nios2eds/bin/gnu/H-i686-pc-linux-gnu/bin/../lib/gcc/nios2-elf/4.1.2/../../../../nios2-elf/lib/mno-hw-mul/libc.a(lib_a-wsetup.o) (__smakebuf_r)
/OPT/altera/12.1/tools/nios2eds/bin/gnu/H-i686-pc-linux-gnu/bin/../lib/gcc/nios2-elf/4.1.2/../../../../nios2-elf/lib/mno-hw-mul/libc.a(lib_a-mallocr.o)
                              /OPT/altera/12.1/tools/nios2eds/bin/gnu/H-i686-pc-linux-gnu/bin/../lib/gcc/nios2-elf/4.1.2/../../../../nios2-elf/lib/mno-hw-mul/libc.a(lib_a-findfp.o) (_malloc_r)
[...]
Memory Configuration

Name             Origin             Length             Attributes
sdram_0          0x00800000         0x00800000
sram_0           0x01080000         0x00080000
reset            0x01104000         0x00000020
onchip_memory2_0 0x01104020         0x00003fe0
*default*        0x00000000         0xffffffff

Linker script and memory map

LOAD ../G4Capstone_bsp//obj/HAL/src/crt0.o
LOAD obj/default/main.o
LOAD /OPT/altera/12.1/tools/nios2eds/bin/gnu/H-i686-pc-linux-gnu/bin/../lib/gcc/nios2-elf/4.1.2/../../../../nios2-elf/lib/mno-hw-mul/libstdc++.a
LOAD /OPT/altera/12.1/tools/nios2eds/bin/gnu/H-i686-pc-linux-gnu/bin/../lib/gcc/nios2-elf/4.1.2/../../../../nios2-elf/lib/mno-hw-mul/libm.a
LOAD /OPT/altera/12.1/tools/nios2eds/bin/gnu/H-i686-pc-linux-gnu/bin/../lib/gcc/nios2-elf/4.1.2/mno-hw-mul/libgcc.a
START GROUP
LOAD /OPT/altera/12.1/tools/nios2eds/bin/gnu/H-i686-pc-linux-gnu/bin/../lib/gcc/nios2-elf/4.1.2/../../../../nios2-elf/lib/mno-hw-mul/libc.a
LOAD /OPT/altera/12.1/tools/nios2eds/bin/gnu/H-i686-pc-linux-gnu/bin/../lib/gcc/nios2-elf/4.1.2/mno-hw-mul/libgcc.a
LOAD ../G4Capstone_bsp//libucosii_bsp.a
END GROUP
LOAD /OPT/altera/12.1/tools/nios2eds/bin/gnu/H-i686-pc-linux-gnu/bin/../lib/gcc/nios2-elf/4.1.2/mno-hw-mul/libgcc.a
                0x00800000                __alt_mem_sdram_0 = 0x800000
                0x01080000                __alt_mem_sram_0 = 0x1080000
                0x01104000                __alt_mem_onchip_memory2_0 = 0x1104000

.entry          0x01104000       0x20
 *(.entry)
 .entry         0x01104000       0x20 ../G4Capstone_bsp//obj/HAL/src/crt0.o
                0x01104000                __reset

.exceptions     0x01104020      0x1a0 load address 0x00800000
                0x01104020                PROVIDE (__ram_exceptions_start, ABSOLUTE (.))
                0x01104020                . = ALIGN (0x20)
 *(.irq)
 *(.exceptions.entry.label)
 .exceptions.entry.label
                0x01104020        0x0 ../G4Capstone_bsp//libucosii_bsp.a(alt_irq_entry.o)
                0x01104020                alt_irq_entry
 .exceptions.entry.label
                0x01104020        0x0 ../G4Capstone_bsp//libucosii_bsp.a(alt_exception_entry.o)
                0x01104020                alt_exception
 *(.exceptions.entry.user)
 *(.exceptions.entry)
 .exceptions.entry
                0x01104020       0x54 ../G4Capstone_bsp//libucosii_bsp.a(alt_exception_entry.o)
 *(.exceptions.irqtest.user)
 *(.exceptions.irqtest)
 .exceptions.irqtest
                0x01104074       0x10 ../G4Capstone_bsp//libucosii_bsp.a(alt_irq_entry.o)
 *(.exceptions.irqhandler.user)
 *(.exceptions.irqhandler)
 .exceptions.irqhandler
                0x01104084        0x4 ../G4Capstone_bsp//libucosii_bsp.a(alt_irq_entry.o)
 *(.exceptions.irqreturn.user)
 *(.exceptions.irqreturn)
 .exceptions.irqreturn
                0x01104088        0x4 ../G4Capstone_bsp//libucosii_bsp.a(alt_irq_entry.o)
 *(.exceptions.notirq.label)
 .exceptions.notirq.label
                0x0110408c        0x0 ../G4Capstone_bsp//libucosii_bsp.a(alt_irq_entry.o)
 *(.exceptions.notirq.user)
 *(.exceptions.notirq)
 .exceptions.notirq
                0x0110408c        0x8 ../G4Capstone_bsp//libucosii_bsp.a(alt_exception_entry.o)
 *(.exceptions.soft.user)
 *(.exceptions.soft)
 *(.exceptions.unknown.user)
 *(.exceptions.unknown)
 .exceptions.unknown
                0x01104094        0x4 ../G4Capstone_bsp//libucosii_bsp.a(alt_exception_entry.o)
 *(.exceptions.exit.label)
 .exceptions.exit.label
                0x01104098        0x0 ../G4Capstone_bsp//libucosii_bsp.a(alt_irq_entry.o)
 .exceptions.exit.label
                0x01104098        0x0 ../G4Capstone_bsp//libucosii_bsp.a(alt_exception_entry.o)
 *(.exceptions.exit.user)
 *(.exceptions.exit)
 .exceptions.exit
                0x01104098       0x54 ../G4Capstone_bsp//libucosii_bsp.a(alt_exception_entry.o)
 *(.exceptions)
 .exceptions    0x011040ec       0xd4 ../G4Capstone_bsp//libucosii_bsp.a(alt_irq_handler.o)
                0x011040ec                alt_irq_handler
                0x011041c0                PROVIDE (__ram_exceptions_end, ABSOLUTE (.))
                0x00800000                PROVIDE (__flash_exceptions_start, LOADADDR (.exceptions))

.text           0x008001a0    0x16a00
                0x008001a0                PROVIDE (stext, ABSOLUTE (.))
 *(.interp)
 *(.hash)
 *(.dynsym)
 *(.dynstr)
 *(.gnu.version)
 *(.gnu.version_d)
 *(.gnu.version_r)
 *(.rel.init)
 *(.rela.init)
 *(.rel.text .rel.text.* .rel.gnu.linkonce.t.*)
 *(.rela.text .rela.text.* .rela.gnu.linkonce.t.*)
 *(.rel.fini)
 *(.rela.fini)
 *(.rel.rodata .rel.rodata.* .rel.gnu.linkonce.r.*)
 *(.rela.rodata .rela.rodata.* .rela.gnu.linkonce.r.*)
 *(.rel.data .rel.data.* .rel.gnu.linkonce.d.*)
 *(.rela.data .rela.data.* .rela.gnu.linkonce.d.*)
 *(.rel.tdata .rel.tdata.* .rel.gnu.linkonce.td.*)
 *(.rela.tdata .rela.tdata.* .rela.gnu.linkonce.td.*)
 *(.rel.tbss .rel.tbss.* .rel.gnu.linkonce.tb.*)
 *(.rela.tbss .rela.tbss.* .rela.gnu.linkonce.tb.*)
 *(.rel.ctors)
 *(.rela.ctors)
 *(.rel.dtors)
 *(.rela.dtors)
 *(.rel.got)
 *(.rela.got)
 *(.rel.sdata .rel.sdata.* .rel.gnu.linkonce.s.*)
 *(.rela.sdata .rela.sdata.* .rela.gnu.linkonce.s.*)
 *(.rel.sbss .rel.sbss.* .rel.gnu.linkonce.sb.*)
 *(.rela.sbss .rela.sbss.* .rela.gnu.linkonce.sb.*)
 *(.rel.sdata2 .rel.sdata2.* .rel.gnu.linkonce.s2.*)
 *(.rela.sdata2 .rela.sdata2.* .rela.gnu.linkonce.s2.*)
 *(.rel.sbss2 .rel.sbss2.* .rel.gnu.linkonce.sb2.*)
 *(.rela.sbss2 .rela.sbss2.* .rela.gnu.linkonce.sb2.*)
 *(.rel.bss .rel.bss.* .rel.gnu.linkonce.b.*)
 *(.rela.bss .rela.bss.* .rela.gnu.linkonce.b.*)
 *(.rel.plt)
 *(.rela.plt)
 *(.rel.dyn)
 *(.init)
 *(.plt)
 *(.text .stub .text.* .gnu.linkonce.t.*)
 .text          0x008001a0       0x3c ../G4Capstone_bsp//obj/HAL/src/crt0.o
                0x008001a0                _start
 .text          0x008001dc      0x374 obj/default/main.o
                0x008001dc                main
                0x008002b0                AudioTask
                0x008004c0                LCDTask
 .text          0x00800550       0x78 /OPT/altera/12.1/tools/nios2eds/bin/gnu/H-i686-pc-linux-gnu/bin/../lib/gcc/nios2-elf/4.1.2/../../../../nios2-elf/lib/mno-hw-mul/libc.a(lib_a-printf.o)
                0x00800550                printf
                0x00800594                _printf_r
 .text          0x008005c8       0xb4 /OPT/altera/12.1/tools/nios2eds/bin/gnu/H-i686-pc-linux-gnu/bin/../lib/gcc/nios2-elf/4.1.2/../../../../nios2-elf/lib/mno-hw-mul/libc.a(lib_a-puts.o)
                0x008005c8                _puts_r
                0x00800668                puts
 .text          0x0080067c       0x74 /OPT/altera/12.1/tools/nios2eds/bin/gnu/H-i686-pc-linux-gnu/bin/../lib/gcc/nios2-elf/4.1.2/../../../../nios2-elf/lib/mno-hw-mul/libc.a(lib_a-strlen.o)
                0x0080067c                strlen
 .text          0x008006f0     0x1f40 /OPT/altera/12.1/tools/nios2eds/bin/gnu/H-i686-pc-linux-gnu/bin/../lib/gcc/nios2-elf/4.1.2/../../../../nios2-elf/lib/mno-hw-mul/libc.a(lib_a-vfprintf.o)
                0x00800748                ___vfprintf_internal_r
                0x0080260c                __vfprintf_internal
 .text          0x00802630      0x13c /OPT/altera/12.1/tools/nios2eds/bin/gnu/H-i686-pc-linux-gnu/bin/../lib/gcc/nios2-elf/4.1.2/../../../../nios2-elf/lib/mno-hw-mul/libc.a(lib_a-wsetup.o)
                0x00802630                __swsetup_r
 .text          0x0080276c     0x17f8 /OPT/altera/12.1/tools/nios2eds/bin/gnu/H-i686-pc-linux-gnu/bin/../lib/gcc/nios2-elf/4.1.2/../../../../nios2-elf/lib/mno-hw-mul/libc.a(lib_a-dtoa.o)
                0x008029b0                _dtoa_r
 .text          0x00803f64      0x230 /OPT/altera/12.1/tools/nios2eds/bin/gnu/H-i686-pc-linux-gnu/bin/../lib/gcc/nios2-elf/4.1.2/../../../../nios2-elf/lib/mno-hw-mul/libc.a(lib_a-fflush.o)
                0x00803f64                _fflush_r
                0x00804160                fflush
 .text          0x00804194      0x2f4 /OPT/altera/12.1/tools/nios2eds/bin/gnu/H-i686-pc-linux-gnu/bin/../lib/gcc/nios2-elf/4.1.2/../../../../nios2-elf/lib/mno-hw-mul/libc.a(lib_a-findfp.o)
                0x008041ec                __sfp_lock_acquire
                0x008041f0                __sfp_lock_release
                0x008041f4                __sinit_lock_acquire
                0x008041f8                __sinit_lock_release
                0x008041fc                __sinit
                0x008042b0                __fp_unlock_all
                0x008042c8                __fp_lock_all
                0x008042e0                _cleanup_r
                0x008042ec                _cleanup
                0x008042fc                __sfmoreglue
                0x00804398                __sfp
 .text          0x00804488      0x440 /OPT/altera/12.1/tools/nios2eds/bin/gnu/H-i686-pc-linux-gnu/bin/../lib/gcc/nios2-elf/4.1.2/../../../../nios2-elf/lib/mno-hw-mul/libc.a(lib_a-freer.o)
                0x00804488                _malloc_trim_r
                0x008045b4                _free_r
 .text          0x008048c8      0x49c /OPT/altera/12.1/tools/nios2eds/bin/gnu/H-i686-pc-linux-gnu/bin/../lib/gcc/nios2-elf/4.1.2/../../../../nios2-elf/lib/mno-hw-mul/libc.a(lib_a-fvwrite.o)
                0x008048c8                __sfvwrite_r
 .text          0x00804d64      0x180 /OPT/altera/12.1/tools/nios2eds/bin/gnu/H-i686-pc-linux-gnu/bin/../lib/gcc/nios2-elf/4.1.2/../../../../nios2-elf/lib/mno-hw-mul/libc.a(lib_a-fwalk.o)
                0x00804d64                _fwalk_reent
                0x00804e2c                _fwalk
 .text          0x00804ee4        0x0 /OPT/altera/12.1/tools/nios2eds/bin/gnu/H-i686-pc-linux-gnu/bin/../lib/gcc/nios2-elf/4.1.2/../../../../nios2-elf/lib/mno-hw-mul/libc.a(lib_a-impure.o)
 .text          0x00804ee4       0xc4 /OPT/altera/12.1/tools/nios2eds/bin/gnu/H-i686-pc-linux-gnu/bin/../lib/gcc/nios2-elf/4.1.2/../../../../nios2-elf/lib/mno-hw-mul/libc.a(lib_a-locale.o)
                0x00804ee4                __locale_charset
                0x00804eec                _localeconv_r
                0x00804ef8                localeconv
                0x00804f08                _setlocale_r
                0x00804f8c                setlocale
 .text          0x00804fa8      0x194 /OPT/altera/12.1/tools/nios2eds/bin/gnu/H-i686-pc-linux-gnu/bin/../lib/gcc/nios2-elf/4.1.2/../../../../nios2-elf/lib/mno-hw-mul/libc.a(lib_a-makebuf.o)
                0x00804fa8                __smakebuf_r
 .text          0x0080513c      0x740 /OPT/altera/12.1/tools/nios2eds/bin/gnu/H-i686-pc-linux-gnu/bin/../lib/gcc/nios2-elf/4.1.2/../../../../nios2-elf/lib/mno-hw-mul/libc.a(lib_a-mallocr.o)
                0x0080513c                _malloc_r
 .text          0x0080587c       0xe4 /OPT/altera/12.1/tools/nios2eds/bin/gnu/H-i686-pc-linux-gnu/bin/../lib/gcc/nios2-elf/4.1.2/../../../../nios2-elf/lib/mno-hw-mul/libc.a(lib_a-memchr.o)
                0x0080587c                memchr
 .text          0x00805960       0xa0 /OPT/altera/12.1/tools/nios2eds/bin/gnu/H-i686-pc-linux-gnu/bin/../lib/gcc/nios2-elf/4.1.2/../../../../nios2-elf/lib/mno-hw-mul/libc.a(lib_a-memcpy.o)
                0x00805960                memcpy
 .text          0x00805a00       0xe0 /OPT/altera/12.1/tools/nios2eds/bin/gnu/H-i686-pc-linux-gnu/bin/../lib/gcc/nios2-elf/4.1.2/../../../../nios2-elf/lib/mno-hw-mul/libc.a(lib_a-memmove.o)
                0x00805a00                memmove
 .text          0x00805ae0       0x98 /OPT/altera/12.1/tools/nios2eds/bin/gnu/H-i686-pc-linux-gnu/bin/../lib/gcc/nios2-elf/4.1.2/../../../../nios2-elf/lib/mno-hw-mul/libc.a(lib_a-memset.o)
                0x00805ae0                memset
 .text          0x00805b78     0x108c /OPT/altera/12.1/tools/nios2eds/bin/gnu/H-i686-pc-linux-gnu/bin/../lib/gcc/nios2-elf/4.1.2/../../../../nios2-elf/lib/mno-hw-mul/libc.a(lib_a-mprec.o)
                0x00805b78                _Bfree
                0x00805ba0                __hi0bits
                0x00805c10                __lo0bits
                0x00805cd4                __mcmp
                0x00805d34                __ulp
                0x00805db4                __b2d
                0x00805ed4                __ratio
                0x00805f84                _mprec_log10
                0x00806018                __copybits
                0x00806070                __any_on
                0x008060f8                _Balloc
                0x008061b4                __d2b
                0x00806330                __mdiff
                0x008064bc                __lshift
                0x00806608                __multiply
                0x0080685c                __i2b
                0x00806898                __multadd
                0x008069c4                __pow5mult
                0x00806ae4                __s2b
 .text          0x00806c04      0x5f4 /OPT/altera/12.1/tools/nios2eds/bin/gnu/H-i686-pc-linux-gnu/bin/../lib/gcc/nios2-elf/4.1.2/../../../../nios2-elf/lib/mno-hw-mul/libc.a(lib_a-reallocr.o)
                0x00806c04                _realloc_r
 .text          0x008071f8       0x40 /OPT/altera/12.1/tools/nios2eds/bin/gnu/H-i686-pc-linux-gnu/bin/../lib/gcc/nios2-elf/4.1.2/../../../../nios2-elf/lib/mno-hw-mul/libc.a(lib_a-s_isinfd.o)
                0x008071f8                __isinfd
 .text          0x00807238       0x30 /OPT/altera/12.1/tools/nios2eds/bin/gnu/H-i686-pc-linux-gnu/bin/../lib/gcc/nios2-elf/4.1.2/../../../../nios2-elf/lib/mno-hw-mul/libc.a(lib_a-s_isnand.o)
                0x00807238                __isnand
 .text          0x00807268       0x70 /OPT/altera/12.1/tools/nios2eds/bin/gnu/H-i686-pc-linux-gnu/bin/../lib/gcc/nios2-elf/4.1.2/../../../../nios2-elf/lib/mno-hw-mul/libc.a(lib_a-sbrkr.o)
                0x00807268                _sbrk_r
 .text          0x008072d8      0x14c /OPT/altera/12.1/tools/nios2eds/bin/gnu/H-i686-pc-linux-gnu/bin/../lib/gcc/nios2-elf/4.1.2/../../../../nios2-elf/lib/mno-hw-mul/libc.a(lib_a-stdio.o)
                0x008072d8                __sclose
                0x008072e0                __sseek
                0x00807348                __swrite
                0x008073c4                __sread
 .text          0x00807424       0xbc /OPT/altera/12.1/tools/nios2eds/bin/gnu/H-i686-pc-linux-gnu/bin/../lib/gcc/nios2-elf/4.1.2/../../../../nios2-elf/lib/mno-hw-mul/libc.a(lib_a-strcmp.o)
                0x00807424                strcmp
 .text          0x008074e0       0x78 /OPT/altera/12.1/tools/nios2eds/bin/gnu/H-i686-pc-linux-gnu/bin/../lib/gcc/nios2-elf/4.1.2/../../../../nios2-elf/lib/mno-hw-mul/libc.a(lib_a-writer.o)
                0x008074e0                _write_r
 .text          0x00807558       0xc8 /OPT/altera/12.1/tools/nios2eds/bin/gnu/H-i686-pc-linux-gnu/bin/../lib/gcc/nios2-elf/4.1.2/../../../../nios2-elf/lib/mno-hw-mul/libc.a(lib_a-callocr.o)
                0x00807558                _calloc_r
 .text          0x00807620       0x70 /OPT/altera/12.1/tools/nios2eds/bin/gnu/H-i686-pc-linux-gnu/bin/../lib/gcc/nios2-elf/4.1.2/../../../../nios2-elf/lib/mno-hw-mul/libc.a(lib_a-closer.o)
                0x00807620                _close_r
 .text          0x00807690      0x124 /OPT/altera/12.1/tools/nios2eds/bin/gnu/H-i686-pc-linux-gnu/bin/../lib/gcc/nios2-elf/4.1.2/../../../../nios2-elf/lib/mno-hw-mul/libc.a(lib_a-fclose.o)
                0x00807690                _fclose_r
                0x008077a0                fclose
 .text          0x008077b4       0x74 /OPT/altera/12.1/tools/nios2eds/bin/gnu/H-i686-pc-linux-gnu/bin/../lib/gcc/nios2-elf/4.1.2/../../../../nios2-elf/lib/mno-hw-mul/libc.a(lib_a-fstatr.o)
                0x008077b4                _fstat_r
 .text          0x00807828        0x0 /OPT/altera/12.1/tools/nios2eds/bin/gnu/H-i686-pc-linux-gnu/bin/../lib/gcc/nios2-elf/4.1.2/../../../../nios2-elf/lib/mno-hw-mul/libc.a(lib_a-int_errno.o)
 .text          0x00807828       0x70 /OPT/altera/12.1/tools/nios2eds/bin/gnu/H-i686-pc-linux-gnu/bin/../lib/gcc/nios2-elf/4.1.2/../../../../nios2-elf/lib/mno-hw-mul/libc.a(lib_a-isattyr.o)
                0x00807828                _isatty_r
 .text          0x00807898       0x78 /OPT/altera/12.1/tools/nios2eds/bin/gnu/H-i686-pc-linux-gnu/bin/../lib/gcc/nios2-elf/4.1.2/../../../../nios2-elf/lib/mno-hw-mul/libc.a(lib_a-lseekr.o)
                0x00807898                _lseek_r
 .text          0x00807910       0x78 /OPT/altera/12.1/tools/nios2eds/bin/gnu/H-i686-pc-linux-gnu/bin/../lib/gcc/nios2-elf/4.1.2/../../../../nios2-elf/lib/mno-hw-mul/libc.a(lib_a-readr.o)
                0x00807910                _read_r
 .text          0x00807988      0x66c /OPT/altera/12.1/tools/nios2eds/bin/gnu/H-i686-pc-linux-gnu/bin/../lib/gcc/nios2-elf/4.1.2/mno-hw-mul/libgcc.a(_udivdi3.o)
                0x00807988                __udivdi3
 .text          0x00807ff4      0x660 /OPT/altera/12.1/tools/nios2eds/bin/gnu/H-i686-pc-linux-gnu/bin/../lib/gcc/nios2-elf/4.1.2/mno-hw-mul/libgcc.a(_umoddi3.o)
                0x00807ff4                __umoddi3
 .text          0x00808654      0x504 /OPT/altera/12.1/tools/nios2eds/bin/gnu/H-i686-pc-linux-gnu/bin/../lib/gcc/nios2-elf/4.1.2/mno-hw-mul/libgcc.a(_addsub_df.o)
                0x00808a64                __subdf3
                0x00808ae4                __adddf3
 .text          0x00808b58      0x3c4 /OPT/altera/12.1/tools/nios2eds/bin/gnu/H-i686-pc-linux-gnu/bin/../lib/gcc/nios2-elf/4.1.2/mno-hw-mul/libgcc.a(_mul_df.o)
                0x00808b58                __muldf3
 .text          0x00808f1c      0x258 /OPT/altera/12.1/tools/nios2eds/bin/gnu/H-i686-pc-linux-gnu/bin/../lib/gcc/nios2-elf/4.1.2/mno-hw-mul/libgcc.a(_div_df.o)
                0x00808f1c                __divdf3
 .text          0x00809174       0x88 /OPT/altera/12.1/tools/nios2eds/bin/gnu/H-i686-pc-linux-gnu/bin/../lib/gcc/nios2-elf/4.1.2/mno-hw-mul/libgcc.a(_eq_df.o)
                0x00809174                __eqdf2
 .text          0x008091fc       0x88 /OPT/altera/12.1/tools/nios2eds/bin/gnu/H-i686-pc-linux-gnu/bin/../lib/gcc/nios2-elf/4.1.2/mno-hw-mul/libgcc.a(_ne_df.o)
                0x008091fc                __nedf2
 .text          0x00809284       0x88 /OPT/altera/12.1/tools/nios2eds/bin/gnu/H-i686-pc-linux-gnu/bin/../lib/gcc/nios2-elf/4.1.2/mno-hw-mul/libgcc.a(_gt_df.o)
                0x00809284                __gtdf2
 .text          0x0080930c       0x88 /OPT/altera/12.1/tools/nios2eds/bin/gnu/H-i686-pc-linux-gnu/bin/../lib/gcc/nios2-elf/4.1.2/mno-hw-mul/libgcc.a(_ge_df.o)
                0x0080930c                __gedf2
 .text          0x00809394       0x88 /OPT/altera/12.1/tools/nios2eds/bin/gnu/H-i686-pc-linux-gnu/bin/../lib/gcc/nios2-elf/4.1.2/mno-hw-mul/libgcc.a(_lt_df.o)
                0x00809394                __ltdf2
 .text          0x0080941c       0xf8 /OPT/altera/12.1/tools/nios2eds/bin/gnu/H-i686-pc-linux-gnu/bin/../lib/gcc/nios2-elf/4.1.2/mno-hw-mul/libgcc.a(_si_to_df.o)
                0x0080941c                __floatsidf
 .text          0x00809514       0xd8 /OPT/altera/12.1/tools/nios2eds/bin/gnu/H-i686-pc-linux-gnu/bin/../lib/gcc/nios2-elf/4.1.2/mno-hw-mul/libgcc.a(_df_to_si.o)
                0x00809514                __fixdfsi
 .text          0x008095ec        0x0 /OPT/altera/12.1/tools/nios2eds/bin/gnu/H-i686-pc-linux-gnu/bin/../lib/gcc/nios2-elf/4.1.2/mno-hw-mul/libgcc.a(_thenan_df.o)
 .text          0x008095ec      0x194 /OPT/altera/12.1/tools/nios2eds/bin/gnu/H-i686-pc-linux-gnu/bin/../lib/gcc/nios2-elf/4.1.2/mno-hw-mul/libgcc.a(_usi_to_df.o)
                0x008095ec                __floatunsidf
 .text          0x00809780      0x14c /OPT/altera/12.1/tools/nios2eds/bin/gnu/H-i686-pc-linux-gnu/bin/../lib/gcc/nios2-elf/4.1.2/mno-hw-mul/libgcc.a(lib2-divmod.o)
                0x008097fc                __divsi3
                0x0080985c                __modsi3
                0x008098bc                __udivsi3
                0x008098c4                __umodsi3
 .text          0x008098cc       0x38 /OPT/altera/12.1/tools/nios2eds/bin/gnu/H-i686-pc-linux-gnu/bin/../lib/gcc/nios2-elf/4.1.2/mno-hw-mul/libgcc.a(lib2-mul.o)
                0x008098cc                __mulsi3
 .text          0x00809904      0x124 /OPT/altera/12.1/tools/nios2eds/bin/gnu/H-i686-pc-linux-gnu/bin/../lib/gcc/nios2-elf/4.1.2/mno-hw-mul/libgcc.a(_muldi3.o)
                0x00809904                __muldi3
 .text          0x00809a28        0x0 /OPT/altera/12.1/tools/nios2eds/bin/gnu/H-i686-pc-linux-gnu/bin/../lib/gcc/nios2-elf/4.1.2/mno-hw-mul/libgcc.a(_clz.o)
 .text          0x00809a28       0x80 /OPT/altera/12.1/tools/nios2eds/bin/gnu/H-i686-pc-linux-gnu/bin/../lib/gcc/nios2-elf/4.1.2/mno-hw-mul/libgcc.a(_clzsi2.o)
                0x00809a28                __clzsi2
 .text          0x00809aa8      0x314 /OPT/altera/12.1/tools/nios2eds/bin/gnu/H-i686-pc-linux-gnu/bin/../lib/gcc/nios2-elf/4.1.2/mno-hw-mul/libgcc.a(_pack_df.o)
                0x00809aa8                __pack_d
 .text          0x00809dbc      0x138 /OPT/altera/12.1/tools/nios2eds/bin/gnu/H-i686-pc-linux-gnu/bin/../lib/gcc/nios2-elf/4.1.2/mno-hw-mul/libgcc.a(_unpack_df.o)
                0x00809dbc                __unpack_d
 .text          0x00809ef4       0xc8 /OPT/altera/12.1/tools/nios2eds/bin/gnu/H-i686-pc-linux-gnu/bin/../lib/gcc/nios2-elf/4.1.2/mno-hw-mul/libgcc.a(_fpcmp_parts_df.o)
                0x00809ef4                __fpcmp_parts_d
 .text          0x00809fbc      0x160 ../G4Capstone_bsp//libucosii_bsp.a(alt_close.o)
                0x00809fbc                close
 .text          0x0080a11c       0x2c ../G4Capstone_bsp//libucosii_bsp.a(alt_dev.o)
 .text          0x0080a148        0x0 ../G4Capstone_bsp//libucosii_bsp.a(alt_errno.o)
 .text          0x0080a148      0x138 ../G4Capstone_bsp//libucosii_bsp.a(alt_fstat.o)
                0x0080a148                fstat
 .text          0x0080a280      0x124 ../G4Capstone_bsp//libucosii_bsp.a(alt_isatty.o)
                0x0080a280                isatty
 .text          0x0080a3a4       0xec ../G4Capstone_bsp//libucosii_bsp.a(alt_load.o)
                0x0080a3a4                alt_load
 .text          0x0080a490      0x154 ../G4Capstone_bsp//libucosii_bsp.a(alt_lseek.o)
                0x0080a490                lseek
 .text          0x0080a5e4       0xc8 ../G4Capstone_bsp//libucosii_bsp.a(alt_main.o)
                0x0080a5e4                alt_main
 .text          0x0080a6ac      0x184 ../G4Capstone_bsp//libucosii_bsp.a(alt_read.o)
                0x0080a6ac                read
 .text          0x0080a830       0x78 ../G4Capstone_bsp//libucosii_bsp.a(alt_release_fd.o)
                0x0080a830                alt_release_fd
 .text          0x0080a8a8       0xbc ../G4Capstone_bsp//libucosii_bsp.a(alt_sbrk.o)
                0x0080a8a8                sbrk
 .text          0x0080a964      0x184 ../G4Capstone_bsp//libucosii_bsp.a(alt_write.o)
                0x0080a964                write
 .text          0x0080aae8      0x108 ../G4Capstone_bsp//libucosii_bsp.a(alt_env_lock.o)
                0x0080aae8                __env_lock
                0x0080ab94                __env_unlock
 .text          0x0080abf0      0x1d8 ../G4Capstone_bsp//libucosii_bsp.a(alt_malloc_lock.o)
                0x0080abf0                __malloc_lock
                0x0080acf8                __malloc_unlock
 .text          0x0080adc8     0x2128 ../G4Capstone_bsp//libucosii_bsp.a(os_core.o)
                0x0080adc8                OSEventNameGet
                0x0080aef8                OSEventNameSet
                0x0080b03c                OSEventPendMulti
                0x0080b6f0                OSInit
                0x0080b744                OSIntEnter
                0x0080b7c0                OSIntExit
                0x0080b8c0                OSSchedLock
                0x0080b94c                OSSchedUnlock
                0x0080ba30                OSStart
                0x0080baa0                OSStatInit
                0x0080bb4c                OSTimeTick
                0x0080bd8c                OSVersion
                0x0080bdac                OS_Dummy
                0x0080bdc8                OS_EventTaskRdy
                0x0080bf5c                OS_EventTaskWait
                0x0080c06c                OS_EventTaskWaitMulti
                0x0080c1c0                OS_EventTaskRemove
                0x0080c278                OS_EventTaskRemoveMulti
                0x0080c37c                OS_EventWaitListInit
                0x0080c748                OS_MemClr
                0x0080c79c                OS_MemCopy
                0x0080c808                OS_Sched
                0x0080c94c                OS_StrCopy
                0x0080c9cc                OS_StrLen
                0x0080ca24                OS_TaskIdle
                0x0080ca80                OS_TaskStat
                0x0080cb48                OS_TaskStatStkChk
                0x0080cc10                OS_TCBInit
 .text          0x0080cef0      0x18c ../G4Capstone_bsp//libucosii_bsp.a(os_dbg.o)
                0x0080cef0                OSDebugInit
 .text          0x0080d07c     0x193c ../G4Capstone_bsp//libucosii_bsp.a(os_flag.o)
                0x0080d07c                OSFlagAccept
                0x0080d3b0                OSFlagCreate
                0x0080d4ec                OSFlagDel
                0x0080d794                OSFlagNameGet
                0x0080d8d8                OSFlagNameSet
                0x0080da2c                OSFlagPend
                0x0080e070                OSFlagPendGetFlagsRdy
                0x0080e0d8                OSFlagPost
                0x0080e480                OSFlagQuery
                0x0080e718                OS_FlagInit
                0x0080e90c                OS_FlagUnlink
 .text          0x0080e9b8      0x80c ../G4Capstone_bsp//libucosii_bsp.a(os_mem.o)
                0x0080e9b8                OSMemCreate
                0x0080ebd4                OSMemGet
                0x0080ecd8                OSMemNameGet
                0x0080ede4                OSMemNameSet
                0x0080ef04                OSMemPut
                0x0080eff4                OSMemQuery
                0x0080f0f0                OS_MemInit
 .text          0x0080f1c4     0x1334 ../G4Capstone_bsp//libucosii_bsp.a(os_q.o)
                0x0080f1c4                OSQAccept
                0x0080f318                OSQCreate
                0x0080f52c                OSQDel
                0x0080f82c                OSQFlush
                0x0080f8f4                OSQPend
                0x0080fc14                OSQPendAbort
                0x0080fd90                OSQPost
                0x0080ff10                OSQPostFront
                0x00810098                OSQPostOpt
                0x008102cc                OSQQuery
                0x0081044c                OS_QInit
 .text          0x008104f8      0xbc8 ../G4Capstone_bsp//libucosii_bsp.a(os_sem.o)
                0x008104f8                OSSemAccept
                0x008105b8                OSSemCreate
                0x008106cc                OSSemDel
                0x0081096c                OSSemPend
                0x00810be8                OSSemPendAbort
                0x00810d64                OSSemPost
                0x00810e8c                OSSemQuery
                0x00810fbc                OSSemSet
 .text          0x008110c0     0x1a40 ../G4Capstone_bsp//libucosii_bsp.a(os_task.o)
                0x008110c0                OSTaskChangePrio
                0x00811634                OSTaskCreate
                0x00811808                OSTaskCreateExt
                0x00811a08                OSTaskDel
                0x00811e14                OSTaskDelReq
                0x00811f84                OSTaskNameGet
                0x0081213c                OSTaskNameSet
                0x00812300                OSTaskResume
                0x00812518                OSTaskStkChk
                0x00812714                OSTaskSuspend
                0x00812940                OSTaskQuery
                0x00812a84                OS_TaskStkClr
 .text          0x00812b00      0x5b4 ../G4Capstone_bsp//libucosii_bsp.a(os_time.o)
                0x00812b00                OSTimeDly
                0x00812c4c                OSTimeDlyHMSM
                0x00812ddc                OSTimeDlyResume
                0x00812fec                OSTimeGet
                0x00813050                OSTimeSet
 .text          0x008130b4       0xf8 ../G4Capstone_bsp//libucosii_bsp.a(alt_sys_init.o)
                0x008130b4                alt_irq_init
                0x008130e8                alt_sys_init
 .text          0x008131ac      0x148 ../G4Capstone_bsp//libucosii_bsp.a(altera_avalon_jtag_uart_fd.o)
                0x008131ac                altera_avalon_jtag_uart_read_fd
                0x00813204                altera_avalon_jtag_uart_write_fd
                0x0081325c                altera_avalon_jtag_uart_close_fd
                0x008132a4                altera_avalon_jtag_uart_ioctl_fd
 .text          0x008132f4      0x580 ../G4Capstone_bsp//libucosii_bsp.a(altera_avalon_jtag_uart_init.o)
                0x008132f4                altera_avalon_jtag_uart_init
                0x00813800                altera_avalon_jtag_uart_close
 .text          0x00813874       0xf4 ../G4Capstone_bsp//libucosii_bsp.a(altera_avalon_jtag_uart_ioctl.o)
                0x00813874                altera_avalon_jtag_uart_ioctl
 .text          0x00813968      0x2c0 ../G4Capstone_bsp//libucosii_bsp.a(altera_avalon_jtag_uart_read.o)
                0x00813968                altera_avalon_jtag_uart_read
 .text          0x00813c28      0x2dc ../G4Capstone_bsp//libucosii_bsp.a(altera_avalon_jtag_uart_write.o)
                0x00813c28                altera_avalon_jtag_uart_write
 .text          0x00813f04       0xfc ../G4Capstone_bsp//libucosii_bsp.a(altera_avalon_timer_sc.o)
                0x00813f78                alt_avalon_timer_sc_init
 .text          0x00814000      0x80c ../G4Capstone_bsp//libucosii_bsp.a(altera_up_avalon_audio.o)
                0x00814000                alt_up_audio_open_dev
                0x00814040                alt_up_audio_enable_read_interrupt
                0x0081408c                alt_up_audio_disable_read_interrupt
                0x008140dc                alt_up_audio_enable_write_interrupt
                0x00814128                alt_up_audio_disable_write_interrupt
                0x00814178                alt_up_audio_read_interrupt_pending
                0x008141b4                alt_up_audio_write_interrupt_pending
                0x008141f0                alt_up_audio_reset_audio_core
                0x00814278                alt_up_audio_read_fifo_avail
                0x008142e8                alt_up_audio_record_r
                0x00814358                alt_up_audio_record_l
                0x008143c8                alt_up_audio_write_fifo_space
                0x0081443c                alt_up_audio_play_r
                0x008144ac                alt_up_audio_play_l
                0x0081451c                alt_up_audio_read_fifo
                0x00814620                alt_up_audio_write_fifo
                0x0081474c                alt_up_audio_read_fifo_head
                0x008147ac                alt_up_audio_write_fifo_head
 .text          0x0081480c      0x788 ../G4Capstone_bsp//libucosii_bsp.a(altera_up_avalon_audio_and_video_config.o)
                0x0081480c                alt_up_av_config_open_dev
                0x00814870                alt_up_av_config_write_data
                0x008148d4                alt_up_av_config_read_data
                0x00814960                alt_up_av_config_reset
                0x00814998                alt_up_av_config_enable_interrupt
                0x008149d0                alt_up_av_config_disable_interrupt
                0x00814a00                alt_up_av_config_read_acknowledge
                0x00814a68                alt_up_av_config_read_ready
                0x00814aa0                alt_up_av_config_write_audio_cfg_register
                0x00814b4c                alt_up_av_config_read_video_cfg_register
                0x00814c44                alt_up_av_config_write_video_cfg_register
                0x00814d3c                alt_up_av_config_read_DC2_cfg_register
                0x00814da0                alt_up_av_config_write_DC2_cfg_register
                0x00814e04                alt_up_av_config_read_D5M_cfg_register
                0x00814e68                alt_up_av_config_write_D5M_cfg_register
                0x00814ecc                alt_up_av_config_read_LTM_cfg_register
                0x00814f30                alt_up_av_config_write_LTM_cfg_register
 .text          0x00814f94      0x530 ../G4Capstone_bsp//libucosii_bsp.a(altera_up_avalon_character_lcd.o)
                0x00814f94                get_DDRAM_addr
                0x00815010                alt_up_character_lcd_send_cmd
                0x00815044                alt_up_character_lcd_init
                0x00815078                alt_up_character_lcd_open_dev
                0x008150b8                alt_up_character_lcd_write
                0x00815130                alt_up_character_lcd_string
                0x008151a8                alt_up_character_lcd_write_fd
                0x008151f4                alt_up_character_lcd_set_cursor_pos
                0x0081526c                alt_up_character_lcd_shift_cursor
                0x0081531c                alt_up_character_lcd_shift_display
                0x008153cc                alt_up_character_lcd_erase_pos
                0x0081545c                alt_up_character_lcd_cursor_off
                0x00815490                alt_up_character_lcd_cursor_blink_on
 .text          0x008154c4      0x154 ../G4Capstone_bsp//libucosii_bsp.a(alt_alarm_start.o)
                0x008154c4                alt_alarm_start
 .text          0x00815618       0x1c ../G4Capstone_bsp//libucosii_bsp.a(alt_dcache_flush_all.o)
                0x00815618                alt_dcache_flush_all
 .text          0x00815634      0x114 ../G4Capstone_bsp//libucosii_bsp.a(alt_dev_llist_insert.o)
                0x00815634                alt_dev_llist_insert
 .text          0x00815748       0x64 ../G4Capstone_bsp//libucosii_bsp.a(alt_do_ctors.o)
                0x00815748                _do_ctors
 .text          0x008157ac       0x64 ../G4Capstone_bsp//libucosii_bsp.a(alt_do_dtors.o)
                0x008157ac                _do_dtors
 .text          0x00815810       0x94 ../G4Capstone_bsp//libucosii_bsp.a(alt_find_dev.o)
                0x00815810                alt_find_dev
 .text          0x008158a4       0x1c ../G4Capstone_bsp//libucosii_bsp.a(alt_icache_flush_all.o)
                0x008158a4                alt_icache_flush_all
 .text          0x008158c0      0x150 ../G4Capstone_bsp//libucosii_bsp.a(alt_io_redirect.o)
                0x00815998                alt_io_redirect
 .text          0x00815a10      0x1c0 ../G4Capstone_bsp//libucosii_bsp.a(alt_irq_register.o)
                0x00815a10                alt_irq_register
 .text          0x00815bd0        0x0 ../G4Capstone_bsp//libucosii_bsp.a(alt_irq_vars.o)
 .text          0x00815bd0      0x2e4 ../G4Capstone_bsp//libucosii_bsp.a(alt_open.o)
                0x00815cc8                open
 .text          0x00815eb4      0x1a8 ../G4Capstone_bsp//libucosii_bsp.a(alt_tick.o)
                0x00815eb4                alt_alarm_stop
                0x00815f4c                alt_tick
 .text          0x0081605c       0x20 ../G4Capstone_bsp//libucosii_bsp.a(altera_nios2_qsys_irq.o)
                0x0081605c                altera_nios2_qsys_irq_init
 .text          0x0081607c       0xd0 ../G4Capstone_bsp//libucosii_bsp.a(os_cpu_a.o)
                0x0081607c                OSCtxSw
                0x0081607c                OSIntCtxSw
                0x00816108                OSStartHighRdy
                0x00816128                OSStartTsk
 .text          0x0081614c      0x418 ../G4Capstone_bsp//libucosii_bsp.a(os_cpu_c.o)
                0x0081614c                OSTaskStkInit
                0x0081645c                OSTaskCreateHook
                0x0081647c                OSTaskDelHook
                0x0081649c                OSTaskSwHook
                0x008164b8                OSTaskStatHook
                0x008164d4                OSTimeTickHook
                0x008164f0                OSInitHookBegin
                0x0081650c                OSInitHookEnd
                0x00816528                OSTaskIdleHook
                0x00816544                OSTCBInitHook
 .text          0x00816564      0x120 ../G4Capstone_bsp//libucosii_bsp.a(alt_find_file.o)
                0x00816564                alt_find_file
 .text          0x00816684      0x104 ../G4Capstone_bsp//libucosii_bsp.a(alt_get_fd.o)
                0x00816684                alt_get_fd
 .text          0x00816788        0x0 ../G4Capstone_bsp//libucosii_bsp.a(alt_irq_entry.o)
 .text          0x00816788        0x0 ../G4Capstone_bsp//libucosii_bsp.a(alt_irq_handler.o)
 .text          0x00816788        0x0 ../G4Capstone_bsp//libucosii_bsp.a(alt_exception_entry.o)
 .text          0x00816788       0x14 /OPT/altera/12.1/tools/nios2eds/bin/gnu/H-i686-pc-linux-gnu/bin/../lib/gcc/nios2-elf/4.1.2/../../../../nios2-elf/lib/mno-hw-mul/libc.a(lib_a-atexit.o)
                0x00816788                atexit
 .text          0x0081679c       0x38 /OPT/altera/12.1/tools/nios2eds/bin/gnu/H-i686-pc-linux-gnu/bin/../lib/gcc/nios2-elf/4.1.2/../../../../nios2-elf/lib/mno-hw-mul/libc.a(lib_a-exit.o)
                0x0081679c                exit
 .text          0x008167d4       0x74 /OPT/altera/12.1/tools/nios2eds/bin/gnu/H-i686-pc-linux-gnu/bin/../lib/gcc/nios2-elf/4.1.2/../../../../nios2-elf/lib/mno-hw-mul/libc.a(lib_a-memcmp.o)
                0x008167d4                memcmp
 .text          0x00816848      0x134 /OPT/altera/12.1/tools/nios2eds/bin/gnu/H-i686-pc-linux-gnu/bin/../lib/gcc/nios2-elf/4.1.2/../../../../nios2-elf/lib/mno-hw-mul/libc.a(lib_a-__atexit.o)
                0x00816848                __register_exitproc
 .text          0x0081697c      0x1b4 /OPT/altera/12.1/tools/nios2eds/bin/gnu/H-i686-pc-linux-gnu/bin/../lib/gcc/nios2-elf/4.1.2/../../../../nios2-elf/lib/mno-hw-mul/libc.a(lib_a-__call_atexit.o)
                0x00816980                __call_exitprocs
 .text          0x00816b30       0x6c ../G4Capstone_bsp//libucosii_bsp.a(alt_exit.o)
                0x00816b70                _exit
 *(.gnu.warning.*)
 *(.fini)
                0x00816b9c                PROVIDE (__etext, ABSOLUTE (.))
                0x00816b9c                PROVIDE (_etext, ABSOLUTE (.))
                0x00816b9c                PROVIDE (etext, ABSOLUTE (.))
 *(.eh_frame_hdr)
                0x00816b9c                . = ALIGN (0x4)
                0x00816b9c                PROVIDE (__preinit_array_start, ABSOLUTE (.))
 *(.preinit_array)
                0x00816b9c                PROVIDE (__preinit_array_end, ABSOLUTE (.))
                0x00816b9c                PROVIDE (__init_array_start, ABSOLUTE (.))
 *(.init_array)
                0x00816b9c                PROVIDE (__init_array_end, ABSOLUTE (.))
                0x00816b9c                PROVIDE (__fini_array_start, ABSOLUTE (.))
 *(.fini_array)
                0x00816b9c                PROVIDE (__fini_array_end, ABSOLUTE (.))
 *(.eh_frame)
 *(.gcc_except_table)
 *(.dynamic)
                0x00816b9c                PROVIDE (__CTOR_LIST__, ABSOLUTE (.))
 *(.ctors)
 *(SORT(.ctors.*))
 .ctors.65535   0x00816b9c        0x4 /OPT/altera/12.1/tools/nios2eds/bin/gnu/H-i686-pc-linux-gnu/bin/../lib/gcc/nios2-elf/4.1.2/../../../../nios2-elf/lib/mno-hw-mul/libc.a(lib_a-__call_atexit.o)
                0x00816ba0                PROVIDE (__CTOR_END__, ABSOLUTE (.))
                0x00816ba0                PROVIDE (__DTOR_LIST__, ABSOLUTE (.))
 *(.dtors)
 *(SORT(.dtors.*))
                0x00816ba0                PROVIDE (__DTOR_END__, ABSOLUTE (.))
 *(.jcr)
                0x00816ba0                . = ALIGN (0x4)

.rodata         0x00816ba0      0x590
                0x00816ba0                PROVIDE (__ram_rodata_start, ABSOLUTE (.))
                0x00816ba0                . = ALIGN (0x4)
 *(.rodata .rodata.* .gnu.linkonce.r.*)
 .rodata        0x00816ba0       0xe0 obj/default/main.o
 .rodata.str1.4
                0x00816c80        0x2 /OPT/altera/12.1/tools/nios2eds/bin/gnu/H-i686-pc-linux-gnu/bin/../lib/gcc/nios2-elf/4.1.2/../../../../nios2-elf/lib/mno-hw-mul/libc.a(lib_a-puts.o)
                                  0x4 (size before relaxing)
 *fill*         0x00816c82        0x2 00
 .rodata.str1.4
                0x00816c84       0x5e /OPT/altera/12.1/tools/nios2eds/bin/gnu/H-i686-pc-linux-gnu/bin/../lib/gcc/nios2-elf/4.1.2/../../../../nios2-elf/lib/mno-hw-mul/libc.a(lib_a-vfprintf.o)
                                 0x60 (size before relaxing)
 .rodata        0x00816ce2       0x20 /OPT/altera/12.1/tools/nios2eds/bin/gnu/H-i686-pc-linux-gnu/bin/../lib/gcc/nios2-elf/4.1.2/../../../../nios2-elf/lib/mno-hw-mul/libc.a(lib_a-vfprintf.o)
 *fill*         0x00816d02        0x2 00
 .rodata.str1.4
                0x00816d04       0x10 /OPT/altera/12.1/tools/nios2eds/bin/gnu/H-i686-pc-linux-gnu/bin/../lib/gcc/nios2-elf/4.1.2/../../../../nios2-elf/lib/mno-hw-mul/libc.a(lib_a-dtoa.o)
                                 0x14 (size before relaxing)
 .rodata.str1.4
                0x00816d14        0x2 /OPT/altera/12.1/tools/nios2eds/bin/gnu/H-i686-pc-linux-gnu/bin/../lib/gcc/nios2-elf/4.1.2/../../../../nios2-elf/lib/mno-hw-mul/libc.a(lib_a-impure.o)
                                  0x4 (size before relaxing)
 *fill*         0x00816d16        0x2 00
 .rodata.str1.4
                0x00816d18       0x10 /OPT/altera/12.1/tools/nios2eds/bin/gnu/H-i686-pc-linux-gnu/bin/../lib/gcc/nios2-elf/4.1.2/../../../../nios2-elf/lib/mno-hw-mul/libc.a(lib_a-locale.o)
                                 0x18 (size before relaxing)
 .rodata        0x00816d28       0x30 /OPT/altera/12.1/tools/nios2eds/bin/gnu/H-i686-pc-linux-gnu/bin/../lib/gcc/nios2-elf/4.1.2/../../../../nios2-elf/lib/mno-hw-mul/libc.a(lib_a-locale.o)
 .rodata        0x00816d58      0x124 /OPT/altera/12.1/tools/nios2eds/bin/gnu/H-i686-pc-linux-gnu/bin/../lib/gcc/nios2-elf/4.1.2/../../../../nios2-elf/lib/mno-hw-mul/libc.a(lib_a-mprec.o)
                0x00816d58                __mprec_tens
                0x00816e20                __mprec_bigtens
                0x00816e48                __mprec_tinytens
 .rodata        0x00816e7c       0x14 /OPT/altera/12.1/tools/nios2eds/bin/gnu/H-i686-pc-linux-gnu/bin/../lib/gcc/nios2-elf/4.1.2/mno-hw-mul/libgcc.a(_thenan_df.o)
                0x00816e7c                __thenan_df
 .rodata        0x00816e90      0x100 /OPT/altera/12.1/tools/nios2eds/bin/gnu/H-i686-pc-linux-gnu/bin/../lib/gcc/nios2-elf/4.1.2/mno-hw-mul/libgcc.a(_clz.o)
                0x00816e90                __clz_tab
 .rodata        0x00816f90        0xc ../G4Capstone_bsp//libucosii_bsp.a(alt_dev.o)
 .rodata        0x00816f9c       0x14 ../G4Capstone_bsp//libucosii_bsp.a(alt_main.o)
 .rodata        0x00816fb0      0x120 ../G4Capstone_bsp//libucosii_bsp.a(os_core.o)
                0x00816fb0                OSUnMapTbl
 .rodata        0x008170d0       0x5c ../G4Capstone_bsp//libucosii_bsp.a(alt_sys_init.o)
 .rodata        0x0081712c        0x4 ../G4Capstone_bsp//libucosii_bsp.a(os_cpu_c.o)
 *(.rodata1)
                0x00817130                . = ALIGN (0x4)
                0x00817130                PROVIDE (__ram_rodata_end, ABSOLUTE (.))
                0x00816ba0                PROVIDE (__flash_rodata_start, LOADADDR (.rodata))

.rwdata         0x00817130     0x1b70 load address 0x00818ca0
                0x00817130                PROVIDE (__ram_rwdata_start, ABSOLUTE (.))
                0x00817130                . = ALIGN (0x4)
 *(.got.plt)
 *(.got)
 *(.data1)
 *(.data .data.* .gnu.linkonce.d.*)
 .data          0x00817130        0x0 ../G4Capstone_bsp//obj/HAL/src/crt0.o
 .data          0x00817130        0x0 obj/default/main.o
 .data          0x00817130        0x0 /OPT/altera/12.1/tools/nios2eds/bin/gnu/H-i686-pc-linux-gnu/bin/../lib/gcc/nios2-elf/4.1.2/../../../../nios2-elf/lib/mno-hw-mul/libc.a(lib_a-printf.o)
 .data          0x00817130        0x0 /OPT/altera/12.1/tools/nios2eds/bin/gnu/H-i686-pc-linux-gnu/bin/../lib/gcc/nios2-elf/4.1.2/../../../../nios2-elf/lib/mno-hw-mul/libc.a(lib_a-puts.o)
 .data          0x00817130        0x0 /OPT/altera/12.1/tools/nios2eds/bin/gnu/H-i686-pc-linux-gnu/bin/../lib/gcc/nios2-elf/4.1.2/../../../../nios2-elf/lib/mno-hw-mul/libc.a(lib_a-strlen.o)
 .data          0x00817130        0x0 /OPT/altera/12.1/tools/nios2eds/bin/gnu/H-i686-pc-linux-gnu/bin/../lib/gcc/nios2-elf/4.1.2/../../../../nios2-elf/lib/mno-hw-mul/libc.a(lib_a-vfprintf.o)
 .data          0x00817130        0x0 /OPT/altera/12.1/tools/nios2eds/bin/gnu/H-i686-pc-linux-gnu/bin/../lib/gcc/nios2-elf/4.1.2/../../../../nios2-elf/lib/mno-hw-mul/libc.a(lib_a-wsetup.o)
 .data          0x00817130        0x0 /OPT/altera/12.1/tools/nios2eds/bin/gnu/H-i686-pc-linux-gnu/bin/../lib/gcc/nios2-elf/4.1.2/../../../../nios2-elf/lib/mno-hw-mul/libc.a(lib_a-dtoa.o)
 .data          0x00817130        0x0 /OPT/altera/12.1/tools/nios2eds/bin/gnu/H-i686-pc-linux-gnu/bin/../lib/gcc/nios2-elf/4.1.2/../../../../nios2-elf/lib/mno-hw-mul/libc.a(lib_a-fflush.o)
 .data          0x00817130        0x0 /OPT/altera/12.1/tools/nios2eds/bin/gnu/H-i686-pc-linux-gnu/bin/../lib/gcc/nios2-elf/4.1.2/../../../../nios2-elf/lib/mno-hw-mul/libc.a(lib_a-findfp.o)
 .data          0x00817130        0x0 /OPT/altera/12.1/tools/nios2eds/bin/gnu/H-i686-pc-linux-gnu/bin/../lib/gcc/nios2-elf/4.1.2/../../../../nios2-elf/lib/mno-hw-mul/libc.a(lib_a-freer.o)
 .data          0x00817130        0x0 /OPT/altera/12.1/tools/nios2eds/bin/gnu/H-i686-pc-linux-gnu/bin/../lib/gcc/nios2-elf/4.1.2/../../../../nios2-elf/lib/mno-hw-mul/libc.a(lib_a-fvwrite.o)
 .data          0x00817130        0x0 /OPT/altera/12.1/tools/nios2eds/bin/gnu/H-i686-pc-linux-gnu/bin/../lib/gcc/nios2-elf/4.1.2/../../../../nios2-elf/lib/mno-hw-mul/libc.a(lib_a-fwalk.o)
 .data          0x00817130      0x400 /OPT/altera/12.1/tools/nios2eds/bin/gnu/H-i686-pc-linux-gnu/bin/../lib/gcc/nios2-elf/4.1.2/../../../../nios2-elf/lib/mno-hw-mul/libc.a(lib_a-impure.o)
 .data          0x00817530        0xc /OPT/altera/12.1/tools/nios2eds/bin/gnu/H-i686-pc-linux-gnu/bin/../lib/gcc/nios2-elf/4.1.2/../../../../nios2-elf/lib/mno-hw-mul/libc.a(lib_a-locale.o)
                0x00817530                __lc_ctype
 .data          0x0081753c        0x0 /OPT/altera/12.1/tools/nios2eds/bin/gnu/H-i686-pc-linux-gnu/bin/../lib/gcc/nios2-elf/4.1.2/../../../../nios2-elf/lib/mno-hw-mul/libc.a(lib_a-makebuf.o)
 .data          0x0081753c      0x408 /OPT/altera/12.1/tools/nios2eds/bin/gnu/H-i686-pc-linux-gnu/bin/../lib/gcc/nios2-elf/4.1.2/../../../../nios2-elf/lib/mno-hw-mul/libc.a(lib_a-mallocr.o)
                0x0081753c                __malloc_av_
 .data          0x00817944        0x0 /OPT/altera/12.1/tools/nios2eds/bin/gnu/H-i686-pc-linux-gnu/bin/../lib/gcc/nios2-elf/4.1.2/../../../../nios2-elf/lib/mno-hw-mul/libc.a(lib_a-memchr.o)
 .data          0x00817944        0x0 /OPT/altera/12.1/tools/nios2eds/bin/gnu/H-i686-pc-linux-gnu/bin/../lib/gcc/nios2-elf/4.1.2/../../../../nios2-elf/lib/mno-hw-mul/libc.a(lib_a-memcpy.o)
 .data          0x00817944        0x0 /OPT/altera/12.1/tools/nios2eds/bin/gnu/H-i686-pc-linux-gnu/bin/../lib/gcc/nios2-elf/4.1.2/../../../../nios2-elf/lib/mno-hw-mul/libc.a(lib_a-memmove.o)
 .data          0x00817944        0x0 /OPT/altera/12.1/tools/nios2eds/bin/gnu/H-i686-pc-linux-gnu/bin/../lib/gcc/nios2-elf/4.1.2/../../../../nios2-elf/lib/mno-hw-mul/libc.a(lib_a-memset.o)
 .data          0x00817944        0x0 /OPT/altera/12.1/tools/nios2eds/bin/gnu/H-i686-pc-linux-gnu/bin/../lib/gcc/nios2-elf/4.1.2/../../../../nios2-elf/lib/mno-hw-mul/libc.a(lib_a-mprec.o)
 .data          0x00817944        0x0 /OPT/altera/12.1/tools/nios2eds/bin/gnu/H-i686-pc-linux-gnu/bin/../lib/gcc/nios2-elf/4.1.2/../../../../nios2-elf/lib/mno-hw-mul/libc.a(lib_a-reallocr.o)
 .data          0x00817944        0x0 /OPT/altera/12.1/tools/nios2eds/bin/gnu/H-i686-pc-linux-gnu/bin/../lib/gcc/nios2-elf/4.1.2/../../../../nios2-elf/lib/mno-hw-mul/libc.a(lib_a-s_isinfd.o)
 .data          0x00817944        0x0 /OPT/altera/12.1/tools/nios2eds/bin/gnu/H-i686-pc-linux-gnu/bin/../lib/gcc/nios2-elf/4.1.2/../../../../nios2-elf/lib/mno-hw-mul/libc.a(lib_a-s_isnand.o)
 .data          0x00817944        0x0 /OPT/altera/12.1/tools/nios2eds/bin/gnu/H-i686-pc-linux-gnu/bin/../lib/gcc/nios2-elf/4.1.2/../../../../nios2-elf/lib/mno-hw-mul/libc.a(lib_a-sbrkr.o)
 .data          0x00817944        0x0 /OPT/altera/12.1/tools/nios2eds/bin/gnu/H-i686-pc-linux-gnu/bin/../lib/gcc/nios2-elf/4.1.2/../../../../nios2-elf/lib/mno-hw-mul/libc.a(lib_a-stdio.o)
 .data          0x00817944        0x0 /OPT/altera/12.1/tools/nios2eds/bin/gnu/H-i686-pc-linux-gnu/bin/../lib/gcc/nios2-elf/4.1.2/../../../../nios2-elf/lib/mno-hw-mul/libc.a(lib_a-strcmp.o)
 .data          0x00817944        0x0 /OPT/altera/12.1/tools/nios2eds/bin/gnu/H-i686-pc-linux-gnu/bin/../lib/gcc/nios2-elf/4.1.2/../../../../nios2-elf/lib/mno-hw-mul/libc.a(lib_a-writer.o)
 .data          0x00817944        0x0 /OPT/altera/12.1/tools/nios2eds/bin/gnu/H-i686-pc-linux-gnu/bin/../lib/gcc/nios2-elf/4.1.2/../../../../nios2-elf/lib/mno-hw-mul/libc.a(lib_a-callocr.o)
 .data          0x00817944        0x0 /OPT/altera/12.1/tools/nios2eds/bin/gnu/H-i686-pc-linux-gnu/bin/../lib/gcc/nios2-elf/4.1.2/../../../../nios2-elf/lib/mno-hw-mul/libc.a(lib_a-closer.o)
 .data          0x00817944        0x0 /OPT/altera/12.1/tools/nios2eds/bin/gnu/H-i686-pc-linux-gnu/bin/../lib/gcc/nios2-elf/4.1.2/../../../../nios2-elf/lib/mno-hw-mul/libc.a(lib_a-fclose.o)
 .data          0x00817944        0x0 /OPT/altera/12.1/tools/nios2eds/bin/gnu/H-i686-pc-linux-gnu/bin/../lib/gcc/nios2-elf/4.1.2/../../../../nios2-elf/lib/mno-hw-mul/libc.a(lib_a-fstatr.o)
 .data          0x00817944        0x0 /OPT/altera/12.1/tools/nios2eds/bin/gnu/H-i686-pc-linux-gnu/bin/../lib/gcc/nios2-elf/4.1.2/../../../../nios2-elf/lib/mno-hw-mul/libc.a(lib_a-int_errno.o)
 .data          0x00817944        0x0 /OPT/altera/12.1/tools/nios2eds/bin/gnu/H-i686-pc-linux-gnu/bin/../lib/gcc/nios2-elf/4.1.2/../../../../nios2-elf/lib/mno-hw-mul/libc.a(lib_a-isattyr.o)
 .data          0x00817944        0x0 /OPT/altera/12.1/tools/nios2eds/bin/gnu/H-i686-pc-linux-gnu/bin/../lib/gcc/nios2-elf/4.1.2/../../../../nios2-elf/lib/mno-hw-mul/libc.a(lib_a-lseekr.o)
 .data          0x00817944        0x0 /OPT/altera/12.1/tools/nios2eds/bin/gnu/H-i686-pc-linux-gnu/bin/../lib/gcc/nios2-elf/4.1.2/../../../../nios2-elf/lib/mno-hw-mul/libc.a(lib_a-readr.o)
 .data          0x00817944        0x0 /OPT/altera/12.1/tools/nios2eds/bin/gnu/H-i686-pc-linux-gnu/bin/../lib/gcc/nios2-elf/4.1.2/mno-hw-mul/libgcc.a(_udivdi3.o)
 .data          0x00817944        0x0 /OPT/altera/12.1/tools/nios2eds/bin/gnu/H-i686-pc-linux-gnu/bin/../lib/gcc/nios2-elf/4.1.2/mno-hw-mul/libgcc.a(_umoddi3.o)
 .data          0x00817944        0x0 /OPT/altera/12.1/tools/nios2eds/bin/gnu/H-i686-pc-linux-gnu/bin/../lib/gcc/nios2-elf/4.1.2/mno-hw-mul/libgcc.a(_addsub_df.o)
 .data          0x00817944        0x0 /OPT/altera/12.1/tools/nios2eds/bin/gnu/H-i686-pc-linux-gnu/bin/../lib/gcc/nios2-elf/4.1.2/mno-hw-mul/libgcc.a(_mul_df.o)
 .data          0x00817944        0x0 /OPT/altera/12.1/tools/nios2eds/bin/gnu/H-i686-pc-linux-gnu/bin/../lib/gcc/nios2-elf/4.1.2/mno-hw-mul/libgcc.a(_div_df.o)
 .data          0x00817944        0x0 /OPT/altera/12.1/tools/nios2eds/bin/gnu/H-i686-pc-linux-gnu/bin/../lib/gcc/nios2-elf/4.1.2/mno-hw-mul/libgcc.a(_eq_df.o)
 .data          0x00817944        0x0 /OPT/altera/12.1/tools/nios2eds/bin/gnu/H-i686-pc-linux-gnu/bin/../lib/gcc/nios2-elf/4.1.2/mno-hw-mul/libgcc.a(_ne_df.o)
 .data          0x00817944        0x0 /OPT/altera/12.1/tools/nios2eds/bin/gnu/H-i686-pc-linux-gnu/bin/../lib/gcc/nios2-elf/4.1.2/mno-hw-mul/libgcc.a(_gt_df.o)
 .data          0x00817944        0x0 /OPT/altera/12.1/tools/nios2eds/bin/gnu/H-i686-pc-linux-gnu/bin/../lib/gcc/nios2-elf/4.1.2/mno-hw-mul/libgcc.a(_ge_df.o)
 .data          0x00817944        0x0 /OPT/altera/12.1/tools/nios2eds/bin/gnu/H-i686-pc-linux-gnu/bin/../lib/gcc/nios2-elf/4.1.2/mno-hw-mul/libgcc.a(_lt_df.o)
 .data          0x00817944        0x0 /OPT/altera/12.1/tools/nios2eds/bin/gnu/H-i686-pc-linux-gnu/bin/../lib/gcc/nios2-elf/4.1.2/mno-hw-mul/libgcc.a(_si_to_df.o)
 .data          0x00817944        0x0 /OPT/altera/12.1/tools/nios2eds/bin/gnu/H-i686-pc-linux-gnu/bin/../lib/gcc/nios2-elf/4.1.2/mno-hw-mul/libgcc.a(_df_to_si.o)
 .data          0x00817944        0x0 /OPT/altera/12.1/tools/nios2eds/bin/gnu/H-i686-pc-linux-gnu/bin/../lib/gcc/nios2-elf/4.1.2/mno-hw-mul/libgcc.a(_thenan_df.o)
 .data          0x00817944        0x0 /OPT/altera/12.1/tools/nios2eds/bin/gnu/H-i686-pc-linux-gnu/bin/../lib/gcc/nios2-elf/4.1.2/mno-hw-mul/libgcc.a(_usi_to_df.o)
 .data          0x00817944        0x0 /OPT/altera/12.1/tools/nios2eds/bin/gnu/H-i686-pc-linux-gnu/bin/../lib/gcc/nios2-elf/4.1.2/mno-hw-mul/libgcc.a(lib2-divmod.o)
 .data          0x00817944        0x0 /OPT/altera/12.1/tools/nios2eds/bin/gnu/H-i686-pc-linux-gnu/bin/../lib/gcc/nios2-elf/4.1.2/mno-hw-mul/libgcc.a(lib2-mul.o)
 .data          0x00817944        0x0 /OPT/altera/12.1/tools/nios2eds/bin/gnu/H-i686-pc-linux-gnu/bin/../lib/gcc/nios2-elf/4.1.2/mno-hw-mul/libgcc.a(_muldi3.o)
 .data          0x00817944        0x0 /OPT/altera/12.1/tools/nios2eds/bin/gnu/H-i686-pc-linux-gnu/bin/../lib/gcc/nios2-elf/4.1.2/mno-hw-mul/libgcc.a(_clz.o)
 .data          0x00817944        0x0 /OPT/altera/12.1/tools/nios2eds/bin/gnu/H-i686-pc-linux-gnu/bin/../lib/gcc/nios2-elf/4.1.2/mno-hw-mul/libgcc.a(_clzsi2.o)
 .data          0x00817944        0x0 /OPT/altera/12.1/tools/nios2eds/bin/gnu/H-i686-pc-linux-gnu/bin/../lib/gcc/nios2-elf/4.1.2/mno-hw-mul/libgcc.a(_pack_df.o)
 .data          0x00817944        0x0 /OPT/altera/12.1/tools/nios2eds/bin/gnu/H-i686-pc-linux-gnu/bin/../lib/gcc/nios2-elf/4.1.2/mno-hw-mul/libgcc.a(_unpack_df.o)
 .data          0x00817944        0x0 /OPT/altera/12.1/tools/nios2eds/bin/gnu/H-i686-pc-linux-gnu/bin/../lib/gcc/nios2-elf/4.1.2/mno-hw-mul/libgcc.a(_fpcmp_parts_df.o)
 .data          0x00817944        0x0 ../G4Capstone_bsp//libucosii_bsp.a(alt_close.o)
 .data          0x00817944      0x1a8 ../G4Capstone_bsp//libucosii_bsp.a(alt_dev.o)
                0x00817944                alt_dev_null
                0x0081796c                alt_fd_list
 .data          0x00817aec        0x0 ../G4Capstone_bsp//libucosii_bsp.a(alt_errno.o)
 .data          0x00817aec        0x0 ../G4Capstone_bsp//libucosii_bsp.a(alt_fstat.o)
 .data          0x00817aec        0x0 ../G4Capstone_bsp//libucosii_bsp.a(alt_isatty.o)
 .data          0x00817aec        0x0 ../G4Capstone_bsp//libucosii_bsp.a(alt_load.o)
 .data          0x00817aec        0x0 ../G4Capstone_bsp//libucosii_bsp.a(alt_lseek.o)
 .data          0x00817aec        0x0 ../G4Capstone_bsp//libucosii_bsp.a(alt_main.o)
 .data          0x00817aec        0x0 ../G4Capstone_bsp//libucosii_bsp.a(alt_read.o)
 .data          0x00817aec        0x0 ../G4Capstone_bsp//libucosii_bsp.a(alt_release_fd.o)
 .data          0x00817aec        0x0 ../G4Capstone_bsp//libucosii_bsp.a(alt_sbrk.o)
 .data          0x00817aec        0x0 ../G4Capstone_bsp//libucosii_bsp.a(alt_write.o)
 .data          0x00817aec        0x0 ../G4Capstone_bsp//libucosii_bsp.a(alt_env_lock.o)
 .data          0x00817aec        0x0 ../G4Capstone_bsp//libucosii_bsp.a(alt_malloc_lock.o)
 .data          0x00817aec        0x0 ../G4Capstone_bsp//libucosii_bsp.a(os_core.o)
 .data          0x00817aec        0x0 ../G4Capstone_bsp//libucosii_bsp.a(os_dbg.o)
 .data          0x00817aec        0x0 ../G4Capstone_bsp//libucosii_bsp.a(os_flag.o)
 .data          0x00817aec        0x0 ../G4Capstone_bsp//libucosii_bsp.a(os_mem.o)
 .data          0x00817aec        0x0 ../G4Capstone_bsp//libucosii_bsp.a(os_q.o)
 .data          0x00817aec        0x0 ../G4Capstone_bsp//libucosii_bsp.a(os_sem.o)
 .data          0x00817aec        0x0 ../G4Capstone_bsp//libucosii_bsp.a(os_task.o)
 .data          0x00817aec        0x0 ../G4Capstone_bsp//libucosii_bsp.a(os_time.o)
 .data          0x00817aec     0x10f8 ../G4Capstone_bsp//libucosii_bsp.a(alt_sys_init.o)
 .data          0x00818be4        0x0 ../G4Capstone_bsp//libucosii_bsp.a(altera_avalon_jtag_uart_fd.o)
 .data          0x00818be4        0x0 ../G4Capstone_bsp//libucosii_bsp.a(altera_avalon_jtag_uart_init.o)
 .data          0x00818be4        0x0 ../G4Capstone_bsp//libucosii_bsp.a(altera_avalon_jtag_uart_ioctl.o)
 .data          0x00818be4        0x0 ../G4Capstone_bsp//libucosii_bsp.a(altera_avalon_jtag_uart_read.o)
 .data          0x00818be4        0x0 ../G4Capstone_bsp//libucosii_bsp.a(altera_avalon_jtag_uart_write.o)
 .data          0x00818be4        0x0 ../G4Capstone_bsp//libucosii_bsp.a(altera_avalon_timer_sc.o)
 .data          0x00818be4        0x0 ../G4Capstone_bsp//libucosii_bsp.a(altera_up_avalon_audio.o)
 .data          0x00818be4        0x0 ../G4Capstone_bsp//libucosii_bsp.a(altera_up_avalon_audio_and_video_config.o)
 .data          0x00818be4        0x0 ../G4Capstone_bsp//libucosii_bsp.a(altera_up_avalon_character_lcd.o)
 .data          0x00818be4        0x0 ../G4Capstone_bsp//libucosii_bsp.a(alt_alarm_start.o)
 .data          0x00818be4        0x0 ../G4Capstone_bsp//libucosii_bsp.a(alt_dcache_flush_all.o)
 .data          0x00818be4        0x0 ../G4Capstone_bsp//libucosii_bsp.a(alt_dev_llist_insert.o)
 .data          0x00818be4        0x0 ../G4Capstone_bsp//libucosii_bsp.a(alt_do_ctors.o)
 .data          0x00818be4        0x0 ../G4Capstone_bsp//libucosii_bsp.a(alt_do_dtors.o)
 .data          0x00818be4        0x0 ../G4Capstone_bsp//libucosii_bsp.a(alt_find_dev.o)
 .data          0x00818be4        0x0 ../G4Capstone_bsp//libucosii_bsp.a(alt_icache_flush_all.o)
 .data          0x00818be4        0x0 ../G4Capstone_bsp//libucosii_bsp.a(alt_io_redirect.o)
 .data          0x00818be4        0x0 ../G4Capstone_bsp//libucosii_bsp.a(alt_irq_register.o)
 .data          0x00818be4        0x0 ../G4Capstone_bsp//libucosii_bsp.a(alt_irq_vars.o)
 .data          0x00818be4        0x0 ../G4Capstone_bsp//libucosii_bsp.a(alt_open.o)
 .data          0x00818be4        0x0 ../G4Capstone_bsp//libucosii_bsp.a(alt_tick.o)
 .data          0x00818be4        0x0 ../G4Capstone_bsp//libucosii_bsp.a(altera_nios2_qsys_irq.o)
 .data          0x00818be4        0x0 ../G4Capstone_bsp//libucosii_bsp.a(os_cpu_a.o)
 .data          0x00818be4        0x0 ../G4Capstone_bsp//libucosii_bsp.a(os_cpu_c.o)
 .data          0x00818be4        0x0 ../G4Capstone_bsp//libucosii_bsp.a(alt_find_file.o)
 .data          0x00818be4        0x0 ../G4Capstone_bsp//libucosii_bsp.a(alt_get_fd.o)
 .data          0x00818be4        0x0 ../G4Capstone_bsp//libucosii_bsp.a(alt_irq_entry.o)
 .data          0x00818be4        0x0 ../G4Capstone_bsp//libucosii_bsp.a(alt_irq_handler.o)
 .data          0x00818be4        0x0 ../G4Capstone_bsp//libucosii_bsp.a(alt_exception_entry.o)
 .data          0x00818be4        0x0 /OPT/altera/12.1/tools/nios2eds/bin/gnu/H-i686-pc-linux-gnu/bin/../lib/gcc/nios2-elf/4.1.2/../../../../nios2-elf/lib/mno-hw-mul/libc.a(lib_a-atexit.o)
 .data          0x00818be4        0x0 /OPT/altera/12.1/tools/nios2eds/bin/gnu/H-i686-pc-linux-gnu/bin/../lib/gcc/nios2-elf/4.1.2/../../../../nios2-elf/lib/mno-hw-mul/libc.a(lib_a-exit.o)
 .data          0x00818be4        0x0 /OPT/altera/12.1/tools/nios2eds/bin/gnu/H-i686-pc-linux-gnu/bin/../lib/gcc/nios2-elf/4.1.2/../../../../nios2-elf/lib/mno-hw-mul/libc.a(lib_a-memcmp.o)
 .data          0x00818be4        0x0 /OPT/altera/12.1/tools/nios2eds/bin/gnu/H-i686-pc-linux-gnu/bin/../lib/gcc/nios2-elf/4.1.2/../../../../nios2-elf/lib/mno-hw-mul/libc.a(lib_a-__atexit.o)
 .data          0x00818be4        0x0 /OPT/altera/12.1/tools/nios2eds/bin/gnu/H-i686-pc-linux-gnu/bin/../lib/gcc/nios2-elf/4.1.2/../../../../nios2-elf/lib/mno-hw-mul/libc.a(lib_a-__call_atexit.o)
 .data          0x00818be4        0x0 ../G4Capstone_bsp//libucosii_bsp.a(alt_exit.o)
                0x00820be4                _gp = ABSOLUTE ((. + 0x8000))
                0x00820be4                PROVIDE (gp, _gp)
 *(.rwdata .rwdata.*)
 *(.sdata .sdata.* .gnu.linkonce.s.*)
 .sdata         0x00818be4        0x8 /OPT/altera/12.1/tools/nios2eds/bin/gnu/H-i686-pc-linux-gnu/bin/../lib/gcc/nios2-elf/4.1.2/../../../../nios2-elf/lib/mno-hw-mul/libc.a(lib_a-impure.o)
                0x00818be4                _impure_ptr
                0x00818be8                _global_impure_ptr
 .sdata         0x00818bec        0x8 /OPT/altera/12.1/tools/nios2eds/bin/gnu/H-i686-pc-linux-gnu/bin/../lib/gcc/nios2-elf/4.1.2/../../../../nios2-elf/lib/mno-hw-mul/libc.a(lib_a-locale.o)
                0x00818bec                __mb_cur_max
 .sdata         0x00818bf4        0x8 /OPT/altera/12.1/tools/nios2eds/bin/gnu/H-i686-pc-linux-gnu/bin/../lib/gcc/nios2-elf/4.1.2/../../../../nios2-elf/lib/mno-hw-mul/libc.a(lib_a-mallocr.o)
                0x00818bf4                __malloc_trim_threshold
                0x00818bf8                __malloc_sbrk_base
 .sdata         0x00818bfc       0x14 ../G4Capstone_bsp//libucosii_bsp.a(alt_dev.o)
                0x00818bfc                alt_fs_list
                0x00818c04                alt_dev_list
                0x00818c0c                alt_max_fd
 .sdata         0x00818c10        0x4 ../G4Capstone_bsp//libucosii_bsp.a(alt_errno.o)
                0x00818c10                alt_errno
 .sdata         0x00818c14        0x4 ../G4Capstone_bsp//libucosii_bsp.a(alt_sbrk.o)
 .sdata         0x00818c18        0x4 ../G4Capstone_bsp//libucosii_bsp.a(alt_env_lock.o)
 .sdata         0x00818c1c        0x4 ../G4Capstone_bsp//libucosii_bsp.a(alt_malloc_lock.o)
 .sdata         0x00818c20       0x74 ../G4Capstone_bsp//libucosii_bsp.a(os_dbg.o)
                0x00818c20                OSDebugEn
                0x00818c24                OSEndiannessTest
                0x00818c28                OSEventEn
                0x00818c2a                OSEventMax
                0x00818c2c                OSEventNameSize
                0x00818c2e                OSEventSize
                0x00818c30                OSEventTblSize
                0x00818c32                OSEventMultiEn
                0x00818c34                OSFlagEn
                0x00818c36                OSFlagGrpSize
                0x00818c38                OSFlagNodeSize
                0x00818c3a                OSFlagWidth
                0x00818c3c                OSFlagMax
                0x00818c3e                OSFlagNameSize
                0x00818c40                OSLowestPrio
                0x00818c42                OSMboxEn
                0x00818c44                OSMemEn
                0x00818c46                OSMemMax
                0x00818c48                OSMemNameSize
                0x00818c4a                OSMemSize
                0x00818c4c                OSMemTblSize
                0x00818c4e                OSMutexEn
                0x00818c50                OSPtrSize
                0x00818c52                OSQEn
                0x00818c54                OSQMax
                0x00818c56                OSQSize
                0x00818c58                OSRdyTblSize
                0x00818c5a                OSSemEn
                0x00818c5c                OSStkWidth
                0x00818c5e                OSTaskCreateEn
                0x00818c60                OSTaskCreateExtEn
                0x00818c62                OSTaskDelEn
                0x00818c64                OSTaskIdleStkSize
                0x00818c66                OSTaskProfileEn
                0x00818c68                OSTaskMax
                0x00818c6a                OSTaskNameSize
                0x00818c6c                OSTaskStatEn
                0x00818c6e                OSTaskStatStkSize
                0x00818c70                OSTaskStatStkChkEn
                0x00818c72                OSTaskSwHookEn
                0x00818c74                OSTCBPrioTblMax
                0x00818c76                OSTCBSize
                0x00818c78                OSTicksPerSec
                0x00818c7a                OSTimeTickHookEn
                0x00818c7c                OSVersionNbr
                0x00818c7e                OSTmrEn
                0x00818c80                OSTmrCfgMax
                0x00818c82                OSTmrCfgNameSize
                0x00818c84                OSTmrCfgWheelSize
                0x00818c86                OSTmrCfgTicksPerSec
                0x00818c88                OSTmrSize
                0x00818c8a                OSTmrTblSize
                0x00818c8c                OSTmrWheelSize
                0x00818c8e                OSTmrWheelTblSize
                0x00818c90                OSDataSize
 .sdata         0x00818c94        0x4 ../G4Capstone_bsp//libucosii_bsp.a(alt_irq_vars.o)
                0x00818c94                alt_priority_mask
 .sdata         0x00818c98        0x8 ../G4Capstone_bsp//libucosii_bsp.a(alt_tick.o)
                0x00818c98                alt_alarm_list
 *(.sdata2 .sdata2.* .gnu.linkonce.s2.*)
                0x00818ca0                . = ALIGN (0x4)
                0x00818ca0                _edata = ABSOLUTE (.)
                0x00818ca0                PROVIDE (edata, ABSOLUTE (.))
                0x00818ca0                PROVIDE (__ram_rwdata_end, ABSOLUTE (.))
                0x00818ca0                PROVIDE (__flash_rwdata_start, LOADADDR (.rwdata))

.bss            0x0081a810     0x7578
                0x0081a810                __bss_start = ABSOLUTE (.)
                0x0081a810                PROVIDE (__sbss_start, ABSOLUTE (.))
                0x0081a810                PROVIDE (___sbss_start, ABSOLUTE (.))
 *(.dynsbss)
 *(.sbss .sbss.* .gnu.linkonce.sb.*)
 .sbss          0x0081a810        0x4 obj/default/main.o
                0x0081a810                QUEUE
 .sbss          0x0081a814        0xc /OPT/altera/12.1/tools/nios2eds/bin/gnu/H-i686-pc-linux-gnu/bin/../lib/gcc/nios2-elf/4.1.2/../../../../nios2-elf/lib/mno-hw-mul/libc.a(lib_a-locale.o)
                0x0081a814                __nlocale_changed
                0x0081a818                __mlocale_changed
                0x0081a81c                _PathLocale
 .sbss          0x0081a820        0xc /OPT/altera/12.1/tools/nios2eds/bin/gnu/H-i686-pc-linux-gnu/bin/../lib/gcc/nios2-elf/4.1.2/../../../../nios2-elf/lib/mno-hw-mul/libc.a(lib_a-mallocr.o)
                0x0081a820                __malloc_top_pad
                0x0081a824                __malloc_max_sbrked_mem
                0x0081a828                __malloc_max_total_mem
 .sbss          0x0081a82c        0x4 /OPT/altera/12.1/tools/nios2eds/bin/gnu/H-i686-pc-linux-gnu/bin/../lib/gcc/nios2-elf/4.1.2/../../../../nios2-elf/lib/mno-hw-mul/libc.a(lib_a-int_errno.o)
                0x0081a82c                errno
 .sbss          0x0081a830        0x4 ../G4Capstone_bsp//libucosii_bsp.a(alt_dev.o)
                0x0081a830                alt_fd_list_lock
 .sbss          0x0081a834        0xc ../G4Capstone_bsp//libucosii_bsp.a(alt_main.o)
                0x0081a834                alt_argc
                0x0081a838                alt_argv
                0x0081a83c                alt_envp
 .sbss          0x0081a840        0x8 ../G4Capstone_bsp//libucosii_bsp.a(alt_env_lock.o)
                0x0081a844                alt_envsem
 .sbss          0x0081a848        0x8 ../G4Capstone_bsp//libucosii_bsp.a(alt_malloc_lock.o)
                0x0081a84c                alt_heapsem
 .sbss          0x0081a850       0x50 ../G4Capstone_bsp//libucosii_bsp.a(os_core.o)
                0x0081a850                OSLockNesting
                0x0081a851                OSRunning
                0x0081a854                OSIdleCtr
                0x0081a858                OSPrioHighRdy
                0x0081a859                OSPrioCur
                0x0081a85c                OSTCBList
                0x0081a860                OSTickStepState
                0x0081a864                OSCtxSwCtr
                0x0081a868                OSIdleCtrMax
                0x0081a86c                OSTCBFreeList
                0x0081a870                OSCPUUsage
                0x0081a871                OSTaskCtr
                0x0081a874                OSMemFreeList
                0x0081a878                OSTCBHighRdy
                0x0081a87c                OSQFreeList
                0x0081a880                OSRdyGrp
                0x0081a881                OSRdyTbl
                0x0081a884                OSEventFreeList
                0x0081a888                OSIntNesting
                0x0081a88c                OSTCBCur
                0x0081a890                OSTime
                0x0081a894                OSFlagFreeList
                0x0081a898                OSStatRdy
                0x0081a89c                OSIdleCtrRun
 .sbss          0x0081a8a0        0x4 ../G4Capstone_bsp//libucosii_bsp.a(alt_irq_vars.o)
                0x0081a8a0                alt_irq_active
 .sbss          0x0081a8a4        0x8 ../G4Capstone_bsp//libucosii_bsp.a(alt_tick.o)
                0x0081a8a4                _alt_tick_rate
                0x0081a8a8                _alt_nticks
 *(.sbss2 .sbss2.* .gnu.linkonce.sb2.*)
 *(.scommon)
                0x0081a8ac                PROVIDE (__sbss_end, ABSOLUTE (.))
                0x0081a8ac                PROVIDE (___sbss_end, ABSOLUTE (.))
 *(.dynbss)
 *(.bss .bss.* .gnu.linkonce.b.*)
 .bss           0x0081a8ac        0x0 ../G4Capstone_bsp//obj/HAL/src/crt0.o
 .bss           0x0081a8ac        0x0 obj/default/main.o
 .bss           0x0081a8ac        0x0 /OPT/altera/12.1/tools/nios2eds/bin/gnu/H-i686-pc-linux-gnu/bin/../lib/gcc/nios2-elf/4.1.2/../../../../nios2-elf/lib/mno-hw-mul/libc.a(lib_a-printf.o)
 .bss           0x0081a8ac        0x0 /OPT/altera/12.1/tools/nios2eds/bin/gnu/H-i686-pc-linux-gnu/bin/../lib/gcc/nios2-elf/4.1.2/../../../../nios2-elf/lib/mno-hw-mul/libc.a(lib_a-puts.o)
 .bss           0x0081a8ac        0x0 /OPT/altera/12.1/tools/nios2eds/bin/gnu/H-i686-pc-linux-gnu/bin/../lib/gcc/nios2-elf/4.1.2/../../../../nios2-elf/lib/mno-hw-mul/libc.a(lib_a-strlen.o)
 .bss           0x0081a8ac        0x0 /OPT/altera/12.1/tools/nios2eds/bin/gnu/H-i686-pc-linux-gnu/bin/../lib/gcc/nios2-elf/4.1.2/../../../../nios2-elf/lib/mno-hw-mul/libc.a(lib_a-vfprintf.o)
 .bss           0x0081a8ac        0x0 /OPT/altera/12.1/tools/nios2eds/bin/gnu/H-i686-pc-linux-gnu/bin/../lib/gcc/nios2-elf/4.1.2/../../../../nios2-elf/lib/mno-hw-mul/libc.a(lib_a-wsetup.o)
 .bss           0x0081a8ac        0x0 /OPT/altera/12.1/tools/nios2eds/bin/gnu/H-i686-pc-linux-gnu/bin/../lib/gcc/nios2-elf/4.1.2/../../../../nios2-elf/lib/mno-hw-mul/libc.a(lib_a-dtoa.o)
 .bss           0x0081a8ac        0x0 /OPT/altera/12.1/tools/nios2eds/bin/gnu/H-i686-pc-linux-gnu/bin/../lib/gcc/nios2-elf/4.1.2/../../../../nios2-elf/lib/mno-hw-mul/libc.a(lib_a-fflush.o)
 .bss           0x0081a8ac        0x0 /OPT/altera/12.1/tools/nios2eds/bin/gnu/H-i686-pc-linux-gnu/bin/../lib/gcc/nios2-elf/4.1.2/../../../../nios2-elf/lib/mno-hw-mul/libc.a(lib_a-findfp.o)
 .bss           0x0081a8ac        0x0 /OPT/altera/12.1/tools/nios2eds/bin/gnu/H-i686-pc-linux-gnu/bin/../lib/gcc/nios2-elf/4.1.2/../../../../nios2-elf/lib/mno-hw-mul/libc.a(lib_a-freer.o)
 .bss           0x0081a8ac        0x0 /OPT/altera/12.1/tools/nios2eds/bin/gnu/H-i686-pc-linux-gnu/bin/../lib/gcc/nios2-elf/4.1.2/../../../../nios2-elf/lib/mno-hw-mul/libc.a(lib_a-fvwrite.o)
 .bss           0x0081a8ac        0x0 /OPT/altera/12.1/tools/nios2eds/bin/gnu/H-i686-pc-linux-gnu/bin/../lib/gcc/nios2-elf/4.1.2/../../../../nios2-elf/lib/mno-hw-mul/libc.a(lib_a-fwalk.o)
 .bss           0x0081a8ac        0x0 /OPT/altera/12.1/tools/nios2eds/bin/gnu/H-i686-pc-linux-gnu/bin/../lib/gcc/nios2-elf/4.1.2/../../../../nios2-elf/lib/mno-hw-mul/libc.a(lib_a-impure.o)
 .bss           0x0081a8ac        0x0 /OPT/altera/12.1/tools/nios2eds/bin/gnu/H-i686-pc-linux-gnu/bin/../lib/gcc/nios2-elf/4.1.2/../../../../nios2-elf/lib/mno-hw-mul/libc.a(lib_a-locale.o)
 .bss           0x0081a8ac        0x0 /OPT/altera/12.1/tools/nios2eds/bin/gnu/H-i686-pc-linux-gnu/bin/../lib/gcc/nios2-elf/4.1.2/../../../../nios2-elf/lib/mno-hw-mul/libc.a(lib_a-makebuf.o)
 .bss           0x0081a8ac       0x28 /OPT/altera/12.1/tools/nios2eds/bin/gnu/H-i686-pc-linux-gnu/bin/../lib/gcc/nios2-elf/4.1.2/../../../../nios2-elf/lib/mno-hw-mul/libc.a(lib_a-mallocr.o)
                0x0081a8ac                __malloc_current_mallinfo
 .bss           0x0081a8d4        0x0 /OPT/altera/12.1/tools/nios2eds/bin/gnu/H-i686-pc-linux-gnu/bin/../lib/gcc/nios2-elf/4.1.2/../../../../nios2-elf/lib/mno-hw-mul/libc.a(lib_a-memchr.o)
 .bss           0x0081a8d4        0x0 /OPT/altera/12.1/tools/nios2eds/bin/gnu/H-i686-pc-linux-gnu/bin/../lib/gcc/nios2-elf/4.1.2/../../../../nios2-elf/lib/mno-hw-mul/libc.a(lib_a-memcpy.o)
 .bss           0x0081a8d4        0x0 /OPT/altera/12.1/tools/nios2eds/bin/gnu/H-i686-pc-linux-gnu/bin/../lib/gcc/nios2-elf/4.1.2/../../../../nios2-elf/lib/mno-hw-mul/libc.a(lib_a-memmove.o)
 .bss           0x0081a8d4        0x0 /OPT/altera/12.1/tools/nios2eds/bin/gnu/H-i686-pc-linux-gnu/bin/../lib/gcc/nios2-elf/4.1.2/../../../../nios2-elf/lib/mno-hw-mul/libc.a(lib_a-memset.o)
 .bss           0x0081a8d4        0x0 /OPT/altera/12.1/tools/nios2eds/bin/gnu/H-i686-pc-linux-gnu/bin/../lib/gcc/nios2-elf/4.1.2/../../../../nios2-elf/lib/mno-hw-mul/libc.a(lib_a-mprec.o)
 .bss           0x0081a8d4        0x0 /OPT/altera/12.1/tools/nios2eds/bin/gnu/H-i686-pc-linux-gnu/bin/../lib/gcc/nios2-elf/4.1.2/../../../../nios2-elf/lib/mno-hw-mul/libc.a(lib_a-reallocr.o)
 .bss           0x0081a8d4        0x0 /OPT/altera/12.1/tools/nios2eds/bin/gnu/H-i686-pc-linux-gnu/bin/../lib/gcc/nios2-elf/4.1.2/../../../../nios2-elf/lib/mno-hw-mul/libc.a(lib_a-s_isinfd.o)
 .bss           0x0081a8d4        0x0 /OPT/altera/12.1/tools/nios2eds/bin/gnu/H-i686-pc-linux-gnu/bin/../lib/gcc/nios2-elf/4.1.2/../../../../nios2-elf/lib/mno-hw-mul/libc.a(lib_a-s_isnand.o)
 .bss           0x0081a8d4        0x0 /OPT/altera/12.1/tools/nios2eds/bin/gnu/H-i686-pc-linux-gnu/bin/../lib/gcc/nios2-elf/4.1.2/../../../../nios2-elf/lib/mno-hw-mul/libc.a(lib_a-sbrkr.o)
 .bss           0x0081a8d4        0x0 /OPT/altera/12.1/tools/nios2eds/bin/gnu/H-i686-pc-linux-gnu/bin/../lib/gcc/nios2-elf/4.1.2/../../../../nios2-elf/lib/mno-hw-mul/libc.a(lib_a-stdio.o)
 .bss           0x0081a8d4        0x0 /OPT/altera/12.1/tools/nios2eds/bin/gnu/H-i686-pc-linux-gnu/bin/../lib/gcc/nios2-elf/4.1.2/../../../../nios2-elf/lib/mno-hw-mul/libc.a(lib_a-strcmp.o)
 .bss           0x0081a8d4        0x0 /OPT/altera/12.1/tools/nios2eds/bin/gnu/H-i686-pc-linux-gnu/bin/../lib/gcc/nios2-elf/4.1.2/../../../../nios2-elf/lib/mno-hw-mul/libc.a(lib_a-writer.o)
 .bss           0x0081a8d4        0x0 /OPT/altera/12.1/tools/nios2eds/bin/gnu/H-i686-pc-linux-gnu/bin/../lib/gcc/nios2-elf/4.1.2/../../../../nios2-elf/lib/mno-hw-mul/libc.a(lib_a-callocr.o)
 .bss           0x0081a8d4        0x0 /OPT/altera/12.1/tools/nios2eds/bin/gnu/H-i686-pc-linux-gnu/bin/../lib/gcc/nios2-elf/4.1.2/../../../../nios2-elf/lib/mno-hw-mul/libc.a(lib_a-closer.o)
 .bss           0x0081a8d4        0x0 /OPT/altera/12.1/tools/nios2eds/bin/gnu/H-i686-pc-linux-gnu/bin/../lib/gcc/nios2-elf/4.1.2/../../../../nios2-elf/lib/mno-hw-mul/libc.a(lib_a-fclose.o)
 .bss           0x0081a8d4        0x0 /OPT/altera/12.1/tools/nios2eds/bin/gnu/H-i686-pc-linux-gnu/bin/../lib/gcc/nios2-elf/4.1.2/../../../../nios2-elf/lib/mno-hw-mul/libc.a(lib_a-fstatr.o)
 .bss           0x0081a8d4        0x0 /OPT/altera/12.1/tools/nios2eds/bin/gnu/H-i686-pc-linux-gnu/bin/../lib/gcc/nios2-elf/4.1.2/../../../../nios2-elf/lib/mno-hw-mul/libc.a(lib_a-int_errno.o)
 .bss           0x0081a8d4        0x0 /OPT/altera/12.1/tools/nios2eds/bin/gnu/H-i686-pc-linux-gnu/bin/../lib/gcc/nios2-elf/4.1.2/../../../../nios2-elf/lib/mno-hw-mul/libc.a(lib_a-isattyr.o)
 .bss           0x0081a8d4        0x0 /OPT/altera/12.1/tools/nios2eds/bin/gnu/H-i686-pc-linux-gnu/bin/../lib/gcc/nios2-elf/4.1.2/../../../../nios2-elf/lib/mno-hw-mul/libc.a(lib_a-lseekr.o)
 .bss           0x0081a8d4        0x0 /OPT/altera/12.1/tools/nios2eds/bin/gnu/H-i686-pc-linux-gnu/bin/../lib/gcc/nios2-elf/4.1.2/../../../../nios2-elf/lib/mno-hw-mul/libc.a(lib_a-readr.o)
 .bss           0x0081a8d4        0x0 /OPT/altera/12.1/tools/nios2eds/bin/gnu/H-i686-pc-linux-gnu/bin/../lib/gcc/nios2-elf/4.1.2/mno-hw-mul/libgcc.a(_udivdi3.o)
 .bss           0x0081a8d4        0x0 /OPT/altera/12.1/tools/nios2eds/bin/gnu/H-i686-pc-linux-gnu/bin/../lib/gcc/nios2-elf/4.1.2/mno-hw-mul/libgcc.a(_umoddi3.o)
 .bss           0x0081a8d4        0x0 /OPT/altera/12.1/tools/nios2eds/bin/gnu/H-i686-pc-linux-gnu/bin/../lib/gcc/nios2-elf/4.1.2/mno-hw-mul/libgcc.a(_addsub_df.o)
 .bss           0x0081a8d4        0x0 /OPT/altera/12.1/tools/nios2eds/bin/gnu/H-i686-pc-linux-gnu/bin/../lib/gcc/nios2-elf/4.1.2/mno-hw-mul/libgcc.a(_mul_df.o)
 .bss           0x0081a8d4        0x0 /OPT/altera/12.1/tools/nios2eds/bin/gnu/H-i686-pc-linux-gnu/bin/../lib/gcc/nios2-elf/4.1.2/mno-hw-mul/libgcc.a(_div_df.o)
 .bss           0x0081a8d4        0x0 /OPT/altera/12.1/tools/nios2eds/bin/gnu/H-i686-pc-linux-gnu/bin/../lib/gcc/nios2-elf/4.1.2/mno-hw-mul/libgcc.a(_eq_df.o)
 .bss           0x0081a8d4        0x0 /OPT/altera/12.1/tools/nios2eds/bin/gnu/H-i686-pc-linux-gnu/bin/../lib/gcc/nios2-elf/4.1.2/mno-hw-mul/libgcc.a(_ne_df.o)
 .bss           0x0081a8d4        0x0 /OPT/altera/12.1/tools/nios2eds/bin/gnu/H-i686-pc-linux-gnu/bin/../lib/gcc/nios2-elf/4.1.2/mno-hw-mul/libgcc.a(_gt_df.o)
 .bss           0x0081a8d4        0x0 /OPT/altera/12.1/tools/nios2eds/bin/gnu/H-i686-pc-linux-gnu/bin/../lib/gcc/nios2-elf/4.1.2/mno-hw-mul/libgcc.a(_ge_df.o)
 .bss           0x0081a8d4        0x0 /OPT/altera/12.1/tools/nios2eds/bin/gnu/H-i686-pc-linux-gnu/bin/../lib/gcc/nios2-elf/4.1.2/mno-hw-mul/libgcc.a(_lt_df.o)
 .bss           0x0081a8d4        0x0 /OPT/altera/12.1/tools/nios2eds/bin/gnu/H-i686-pc-linux-gnu/bin/../lib/gcc/nios2-elf/4.1.2/mno-hw-mul/libgcc.a(_si_to_df.o)
 .bss           0x0081a8d4        0x0 /OPT/altera/12.1/tools/nios2eds/bin/gnu/H-i686-pc-linux-gnu/bin/../lib/gcc/nios2-elf/4.1.2/mno-hw-mul/libgcc.a(_df_to_si.o)
 .bss           0x0081a8d4        0x0 /OPT/altera/12.1/tools/nios2eds/bin/gnu/H-i686-pc-linux-gnu/bin/../lib/gcc/nios2-elf/4.1.2/mno-hw-mul/libgcc.a(_thenan_df.o)
 .bss           0x0081a8d4        0x0 /OPT/altera/12.1/tools/nios2eds/bin/gnu/H-i686-pc-linux-gnu/bin/../lib/gcc/nios2-elf/4.1.2/mno-hw-mul/libgcc.a(_usi_to_df.o)
 .bss           0x0081a8d4        0x0 /OPT/altera/12.1/tools/nios2eds/bin/gnu/H-i686-pc-linux-gnu/bin/../lib/gcc/nios2-elf/4.1.2/mno-hw-mul/libgcc.a(lib2-divmod.o)
 .bss           0x0081a8d4        0x0 /OPT/altera/12.1/tools/nios2eds/bin/gnu/H-i686-pc-linux-gnu/bin/../lib/gcc/nios2-elf/4.1.2/mno-hw-mul/libgcc.a(lib2-mul.o)
 .bss           0x0081a8d4        0x0 /OPT/altera/12.1/tools/nios2eds/bin/gnu/H-i686-pc-linux-gnu/bin/../lib/gcc/nios2-elf/4.1.2/mno-hw-mul/libgcc.a(_muldi3.o)
 .bss           0x0081a8d4        0x0 /OPT/altera/12.1/tools/nios2eds/bin/gnu/H-i686-pc-linux-gnu/bin/../lib/gcc/nios2-elf/4.1.2/mno-hw-mul/libgcc.a(_clz.o)
 .bss           0x0081a8d4        0x0 /OPT/altera/12.1/tools/nios2eds/bin/gnu/H-i686-pc-linux-gnu/bin/../lib/gcc/nios2-elf/4.1.2/mno-hw-mul/libgcc.a(_clzsi2.o)
 .bss           0x0081a8d4        0x0 /OPT/altera/12.1/tools/nios2eds/bin/gnu/H-i686-pc-linux-gnu/bin/../lib/gcc/nios2-elf/4.1.2/mno-hw-mul/libgcc.a(_pack_df.o)
 .bss           0x0081a8d4        0x0 /OPT/altera/12.1/tools/nios2eds/bin/gnu/H-i686-pc-linux-gnu/bin/../lib/gcc/nios2-elf/4.1.2/mno-hw-mul/libgcc.a(_unpack_df.o)
 .bss           0x0081a8d4        0x0 /OPT/altera/12.1/tools/nios2eds/bin/gnu/H-i686-pc-linux-gnu/bin/../lib/gcc/nios2-elf/4.1.2/mno-hw-mul/libgcc.a(_fpcmp_parts_df.o)
 .bss           0x0081a8d4        0x0 ../G4Capstone_bsp//libucosii_bsp.a(alt_close.o)
 .bss           0x0081a8d4        0x0 ../G4Capstone_bsp//libucosii_bsp.a(alt_dev.o)
 .bss           0x0081a8d4        0x0 ../G4Capstone_bsp//libucosii_bsp.a(alt_errno.o)
 .bss           0x0081a8d4        0x0 ../G4Capstone_bsp//libucosii_bsp.a(alt_fstat.o)
 .bss           0x0081a8d4        0x0 ../G4Capstone_bsp//libucosii_bsp.a(alt_isatty.o)
 .bss           0x0081a8d4        0x0 ../G4Capstone_bsp//libucosii_bsp.a(alt_load.o)
 .bss           0x0081a8d4        0x0 ../G4Capstone_bsp//libucosii_bsp.a(alt_lseek.o)
 .bss           0x0081a8d4        0x0 ../G4Capstone_bsp//libucosii_bsp.a(alt_main.o)
 .bss           0x0081a8d4        0x0 ../G4Capstone_bsp//libucosii_bsp.a(alt_read.o)
 .bss           0x0081a8d4        0x0 ../G4Capstone_bsp//libucosii_bsp.a(alt_release_fd.o)
 .bss           0x0081a8d4        0x0 ../G4Capstone_bsp//libucosii_bsp.a(alt_sbrk.o)
 .bss           0x0081a8d4        0x0 ../G4Capstone_bsp//libucosii_bsp.a(alt_write.o)
 .bss           0x0081a8d4        0x0 ../G4Capstone_bsp//libucosii_bsp.a(alt_env_lock.o)
 .bss           0x0081a8d4        0x0 ../G4Capstone_bsp//libucosii_bsp.a(alt_malloc_lock.o)
 .bss           0x0081a8d4        0x0 ../G4Capstone_bsp//libucosii_bsp.a(os_core.o)
 .bss           0x0081a8d4        0x0 ../G4Capstone_bsp//libucosii_bsp.a(os_dbg.o)
 .bss           0x0081a8d4        0x0 ../G4Capstone_bsp//libucosii_bsp.a(os_flag.o)
 .bss           0x0081a8d4        0x0 ../G4Capstone_bsp//libucosii_bsp.a(os_mem.o)
 .bss           0x0081a8d4        0x0 ../G4Capstone_bsp//libucosii_bsp.a(os_q.o)
 .bss           0x0081a8d4        0x0 ../G4Capstone_bsp//libucosii_bsp.a(os_sem.o)
 .bss           0x0081a8d4        0x0 ../G4Capstone_bsp//libucosii_bsp.a(os_task.o)
 .bss           0x0081a8d4        0x0 ../G4Capstone_bsp//libucosii_bsp.a(os_time.o)
 .bss           0x0081a8d4        0x0 ../G4Capstone_bsp//libucosii_bsp.a(alt_sys_init.o)
 .bss           0x0081a8d4        0x0 ../G4Capstone_bsp//libucosii_bsp.a(altera_avalon_jtag_uart_fd.o)
 .bss           0x0081a8d4        0x0 ../G4Capstone_bsp//libucosii_bsp.a(altera_avalon_jtag_uart_init.o)
 .bss           0x0081a8d4        0x0 ../G4Capstone_bsp//libucosii_bsp.a(altera_avalon_jtag_uart_ioctl.o)
 .bss           0x0081a8d4        0x0 ../G4Capstone_bsp//libucosii_bsp.a(altera_avalon_jtag_uart_read.o)
 .bss           0x0081a8d4        0x0 ../G4Capstone_bsp//libucosii_bsp.a(altera_avalon_jtag_uart_write.o)
 .bss           0x0081a8d4        0x0 ../G4Capstone_bsp//libucosii_bsp.a(altera_avalon_timer_sc.o)
 .bss           0x0081a8d4        0x0 ../G4Capstone_bsp//libucosii_bsp.a(altera_up_avalon_audio.o)
 .bss           0x0081a8d4        0x0 ../G4Capstone_bsp//libucosii_bsp.a(altera_up_avalon_audio_and_video_config.o)
 .bss           0x0081a8d4        0x0 ../G4Capstone_bsp//libucosii_bsp.a(altera_up_avalon_character_lcd.o)
 .bss           0x0081a8d4        0x0 ../G4Capstone_bsp//libucosii_bsp.a(alt_alarm_start.o)
 .bss           0x0081a8d4        0x0 ../G4Capstone_bsp//libucosii_bsp.a(alt_dcache_flush_all.o)
 .bss           0x0081a8d4        0x0 ../G4Capstone_bsp//libucosii_bsp.a(alt_dev_llist_insert.o)
 .bss           0x0081a8d4        0x0 ../G4Capstone_bsp//libucosii_bsp.a(alt_do_ctors.o)
 .bss           0x0081a8d4        0x0 ../G4Capstone_bsp//libucosii_bsp.a(alt_do_dtors.o)
 .bss           0x0081a8d4        0x0 ../G4Capstone_bsp//libucosii_bsp.a(alt_find_dev.o)
 .bss           0x0081a8d4        0x0 ../G4Capstone_bsp//libucosii_bsp.a(alt_icache_flush_all.o)
 .bss           0x0081a8d4        0x0 ../G4Capstone_bsp//libucosii_bsp.a(alt_io_redirect.o)
 .bss           0x0081a8d4        0x0 ../G4Capstone_bsp//libucosii_bsp.a(alt_irq_register.o)
 .bss           0x0081a8d4        0x0 ../G4Capstone_bsp//libucosii_bsp.a(alt_irq_vars.o)
 .bss           0x0081a8d4        0x0 ../G4Capstone_bsp//libucosii_bsp.a(alt_open.o)
 .bss           0x0081a8d4        0x0 ../G4Capstone_bsp//libucosii_bsp.a(alt_tick.o)
 .bss           0x0081a8d4        0x0 ../G4Capstone_bsp//libucosii_bsp.a(altera_nios2_qsys_irq.o)
 .bss           0x0081a8d4        0x0 ../G4Capstone_bsp//libucosii_bsp.a(os_cpu_a.o)
 .bss           0x0081a8d4        0x0 ../G4Capstone_bsp//libucosii_bsp.a(os_cpu_c.o)
 .bss           0x0081a8d4        0x0 ../G4Capstone_bsp//libucosii_bsp.a(alt_find_file.o)
 .bss           0x0081a8d4        0x0 ../G4Capstone_bsp//libucosii_bsp.a(alt_get_fd.o)
 .bss           0x0081a8d4        0x0 ../G4Capstone_bsp//libucosii_bsp.a(alt_irq_entry.o)
 .bss           0x0081a8d4        0x0 ../G4Capstone_bsp//libucosii_bsp.a(alt_irq_handler.o)
 .bss           0x0081a8d4        0x0 ../G4Capstone_bsp//libucosii_bsp.a(alt_exception_entry.o)
 .bss           0x0081a8d4        0x0 /OPT/altera/12.1/tools/nios2eds/bin/gnu/H-i686-pc-linux-gnu/bin/../lib/gcc/nios2-elf/4.1.2/../../../../nios2-elf/lib/mno-hw-mul/libc.a(lib_a-atexit.o)
 .bss           0x0081a8d4        0x0 /OPT/altera/12.1/tools/nios2eds/bin/gnu/H-i686-pc-linux-gnu/bin/../lib/gcc/nios2-elf/4.1.2/../../../../nios2-elf/lib/mno-hw-mul/libc.a(lib_a-exit.o)
 .bss           0x0081a8d4        0x0 /OPT/altera/12.1/tools/nios2eds/bin/gnu/H-i686-pc-linux-gnu/bin/../lib/gcc/nios2-elf/4.1.2/../../../../nios2-elf/lib/mno-hw-mul/libc.a(lib_a-memcmp.o)
 .bss           0x0081a8d4        0x0 /OPT/altera/12.1/tools/nios2eds/bin/gnu/H-i686-pc-linux-gnu/bin/../lib/gcc/nios2-elf/4.1.2/../../../../nios2-elf/lib/mno-hw-mul/libc.a(lib_a-__atexit.o)
 .bss           0x0081a8d4        0x0 /OPT/altera/12.1/tools/nios2eds/bin/gnu/H-i686-pc-linux-gnu/bin/../lib/gcc/nios2-elf/4.1.2/../../../../nios2-elf/lib/mno-hw-mul/libc.a(lib_a-__call_atexit.o)
 .bss           0x0081a8d4        0x0 ../G4Capstone_bsp//libucosii_bsp.a(alt_exit.o)
 *(COMMON)
 COMMON         0x0081a8d4     0x4000 obj/default/main.o
                0x0081a8d4                AudioTask_stk
                0x0081c8d4                LCDTask_stk
 COMMON         0x0081e8d4     0x3224 ../G4Capstone_bsp//libucosii_bsp.a(os_core.o)
                0x0081e8d4                OSFlagTbl
                0x0081ec44                OSMemTbl
                0x0081f874                OSTaskStatStk
                0x00820074                OSQTbl
                0x00820254                OSTaskIdleStk
                0x00820a54                OSEventTbl
                0x00821594                OSTCBTbl
                0x00821aa4                OSTCBPrioTbl
 COMMON         0x00821af8      0x100 ../G4Capstone_bsp//libucosii_bsp.a(alt_irq_handler.o)
                0x00821af8                alt_irq
 COMMON         0x00821bf8      0x190 /OPT/altera/12.1/tools/nios2eds/bin/gnu/H-i686-pc-linux-gnu/bin/../lib/gcc/nios2-elf/4.1.2/../../../../nios2-elf/lib/mno-hw-mul/libc.a(lib_a-atexit.o)
                0x00821bf8                _atexit0
                0x00821d88                . = ALIGN (0x4)
                0x00821d88                __bss_end = ABSOLUTE (.)

.sdram_0        0x00821d88        0x0
                0x00821d88                PROVIDE (_alt_partition_sdram_0_start, ABSOLUTE (.))
 *(.sdram_0. sdram_0.*)
                0x00821d88                . = ALIGN (0x4)
                0x00821d88                PROVIDE (_alt_partition_sdram_0_end, ABSOLUTE (.))
                0x00821d88                _end = ABSOLUTE (.)
                0x00821d88                end = ABSOLUTE (.)
                0x00821d88                __alt_stack_base = ABSOLUTE (.)
                0x00821d88                PROVIDE (_alt_partition_sdram_0_load_addr, LOADADDR (.sdram_0))

.sram_0         0x01080000        0x0 load address 0x00821d88
                0x01080000                PROVIDE (_alt_partition_sram_0_start, ABSOLUTE (.))
 *(.sram_0. sram_0.*)
                0x01080000                . = ALIGN (0x4)
                0x01080000                PROVIDE (_alt_partition_sram_0_end, ABSOLUTE (.))
                0x00821d88                PROVIDE (_alt_partition_sram_0_load_addr, LOADADDR (.sram_0))

.onchip_memory2_0
                0x011041c0        0x0 load address 0x00821d88
                0x011041c0                PROVIDE (_alt_partition_onchip_memory2_0_start, ABSOLUTE (.))
 *(.onchip_memory2_0. onchip_memory2_0.*)
                0x011041c0                . = ALIGN (0x4)
                0x011041c0                PROVIDE (_alt_partition_onchip_memory2_0_end, ABSOLUTE (.))
                0x00821d88                PROVIDE (_alt_partition_onchip_memory2_0_load_addr, LOADADDR (.onchip_memory2_0))

.stab
 *(.stab)

.stabstr
 *(.stabstr)

.stab.excl
 *(.stab.excl)

.stab.exclstr
 *(.stab.exclstr)

.stab.index
 *(.stab.index)

.stab.indexstr
 *(.stab.indexstr)

.comment        0x00000000       0x26
 *(.comment)
 .comment       0x00000000       0x26 obj/default/main.o
                                 0x27 (size before relaxing)
 .comment       0x00000000       0x27 /OPT/altera/12.1/tools/nios2eds/bin/gnu/H-i686-pc-linux-gnu/bin/../lib/gcc/nios2-elf/4.1.2/../../../../nios2-elf/lib/mno-hw-mul/libc.a(lib_a-printf.o)
 .comment       0x00000000       0x27 /OPT/altera/12.1/tools/nios2eds/bin/gnu/H-i686-pc-linux-gnu/bin/../lib/gcc/nios2-elf/4.1.2/../../../../nios2-elf/lib/mno-hw-mul/libc.a(lib_a-puts.o)
 .comment       0x00000000       0x27 /OPT/altera/12.1/tools/nios2eds/bin/gnu/H-i686-pc-linux-gnu/bin/../lib/gcc/nios2-elf/4.1.2/../../../../nios2-elf/lib/mno-hw-mul/libc.a(lib_a-strlen.o)
 .comment       0x00000000       0x27 /OPT/altera/12.1/tools/nios2eds/bin/gnu/H-i686-pc-linux-gnu/bin/../lib/gcc/nios2-elf/4.1.2/../../../../nios2-elf/lib/mno-hw-mul/libc.a(lib_a-vfprintf.o)
 .comment       0x00000000       0x27 /OPT/altera/12.1/tools/nios2eds/bin/gnu/H-i686-pc-linux-gnu/bin/../lib/gcc/nios2-elf/4.1.2/../../../../nios2-elf/lib/mno-hw-mul/libc.a(lib_a-wsetup.o)
 .comment       0x00000000       0x27 /OPT/altera/12.1/tools/nios2eds/bin/gnu/H-i686-pc-linux-gnu/bin/../lib/gcc/nios2-elf/4.1.2/../../../../nios2-elf/lib/mno-hw-mul/libc.a(lib_a-dtoa.o)
 .comment       0x00000000       0x27 /OPT/altera/12.1/tools/nios2eds/bin/gnu/H-i686-pc-linux-gnu/bin/../lib/gcc/nios2-elf/4.1.2/../../../../nios2-elf/lib/mno-hw-mul/libc.a(lib_a-fflush.o)
 .comment       0x00000000       0x27 /OPT/altera/12.1/tools/nios2eds/bin/gnu/H-i686-pc-linux-gnu/bin/../lib/gcc/nios2-elf/4.1.2/../../../../nios2-elf/lib/mno-hw-mul/libc.a(lib_a-findfp.o)
 .comment       0x00000000       0x27 /OPT/altera/12.1/tools/nios2eds/bin/gnu/H-i686-pc-linux-gnu/bin/../lib/gcc/nios2-elf/4.1.2/../../../../nios2-elf/lib/mno-hw-mul/libc.a(lib_a-freer.o)
 .comment       0x00000000       0x27 /OPT/altera/12.1/tools/nios2eds/bin/gnu/H-i686-pc-linux-gnu/bin/../lib/gcc/nios2-elf/4.1.2/../../../../nios2-elf/lib/mno-hw-mul/libc.a(lib_a-fvwrite.o)
 .comment       0x00000000       0x27 /OPT/altera/12.1/tools/nios2eds/bin/gnu/H-i686-pc-linux-gnu/bin/../lib/gcc/nios2-elf/4.1.2/../../../../nios2-elf/lib/mno-hw-mul/libc.a(lib_a-fwalk.o)
 .comment       0x00000000       0x27 /OPT/altera/12.1/tools/nios2eds/bin/gnu/H-i686-pc-linux-gnu/bin/../lib/gcc/nios2-elf/4.1.2/../../../../nios2-elf/lib/mno-hw-mul/libc.a(lib_a-impure.o)
 .comment       0x00000000       0x27 /OPT/altera/12.1/tools/nios2eds/bin/gnu/H-i686-pc-linux-gnu/bin/../lib/gcc/nios2-elf/4.1.2/../../../../nios2-elf/lib/mno-hw-mul/libc.a(lib_a-locale.o)
 .comment       0x00000000       0x27 /OPT/altera/12.1/tools/nios2eds/bin/gnu/H-i686-pc-linux-gnu/bin/../lib/gcc/nios2-elf/4.1.2/../../../../nios2-elf/lib/mno-hw-mul/libc.a(lib_a-makebuf.o)
 .comment       0x00000000       0x27 /OPT/altera/12.1/tools/nios2eds/bin/gnu/H-i686-pc-linux-gnu/bin/../lib/gcc/nios2-elf/4.1.2/../../../../nios2-elf/lib/mno-hw-mul/libc.a(lib_a-mallocr.o)
 .comment       0x00000000       0x27 /OPT/altera/12.1/tools/nios2eds/bin/gnu/H-i686-pc-linux-gnu/bin/../lib/gcc/nios2-elf/4.1.2/../../../../nios2-elf/lib/mno-hw-mul/libc.a(lib_a-memchr.o)
 .comment       0x00000000       0x27 /OPT/altera/12.1/tools/nios2eds/bin/gnu/H-i686-pc-linux-gnu/bin/../lib/gcc/nios2-elf/4.1.2/../../../../nios2-elf/lib/mno-hw-mul/libc.a(lib_a-memcpy.o)
 .comment       0x00000000       0x27 /OPT/altera/12.1/tools/nios2eds/bin/gnu/H-i686-pc-linux-gnu/bin/../lib/gcc/nios2-elf/4.1.2/../../../../nios2-elf/lib/mno-hw-mul/libc.a(lib_a-memmove.o)
 .comment       0x00000000       0x27 /OPT/altera/12.1/tools/nios2eds/bin/gnu/H-i686-pc-linux-gnu/bin/../lib/gcc/nios2-elf/4.1.2/../../../../nios2-elf/lib/mno-hw-mul/libc.a(lib_a-memset.o)
 .comment       0x00000000       0x27 /OPT/altera/12.1/tools/nios2eds/bin/gnu/H-i686-pc-linux-gnu/bin/../lib/gcc/nios2-elf/4.1.2/../../../../nios2-elf/lib/mno-hw-mul/libc.a(lib_a-mprec.o)
 .comment       0x00000000       0x27 /OPT/altera/12.1/tools/nios2eds/bin/gnu/H-i686-pc-linux-gnu/bin/../lib/gcc/nios2-elf/4.1.2/../../../../nios2-elf/lib/mno-hw-mul/libc.a(lib_a-reallocr.o)
 .comment       0x00000000       0x27 /OPT/altera/12.1/tools/nios2eds/bin/gnu/H-i686-pc-linux-gnu/bin/../lib/gcc/nios2-elf/4.1.2/../../../../nios2-elf/lib/mno-hw-mul/libc.a(lib_a-s_isinfd.o)
 .comment       0x00000000       0x27 /OPT/altera/12.1/tools/nios2eds/bin/gnu/H-i686-pc-linux-gnu/bin/../lib/gcc/nios2-elf/4.1.2/../../../../nios2-elf/lib/mno-hw-mul/libc.a(lib_a-s_isnand.o)
 .comment       0x00000000       0x27 /OPT/altera/12.1/tools/nios2eds/bin/gnu/H-i686-pc-linux-gnu/bin/../lib/gcc/nios2-elf/4.1.2/../../../../nios2-elf/lib/mno-hw-mul/libc.a(lib_a-sbrkr.o)
 .comment       0x00000000       0x27 /OPT/altera/12.1/tools/nios2eds/bin/gnu/H-i686-pc-linux-gnu/bin/../lib/gcc/nios2-elf/4.1.2/../../../../nios2-elf/lib/mno-hw-mul/libc.a(lib_a-stdio.o)
 .comment       0x00000000       0x27 /OPT/altera/12.1/tools/nios2eds/bin/gnu/H-i686-pc-linux-gnu/bin/../lib/gcc/nios2-elf/4.1.2/../../../../nios2-elf/lib/mno-hw-mul/libc.a(lib_a-strcmp.o)
 .comment       0x00000000       0x27 /OPT/altera/12.1/tools/nios2eds/bin/gnu/H-i686-pc-linux-gnu/bin/../lib/gcc/nios2-elf/4.1.2/../../../../nios2-elf/lib/mno-hw-mul/libc.a(lib_a-writer.o)
 .comment       0x00000000       0x27 /OPT/altera/12.1/tools/nios2eds/bin/gnu/H-i686-pc-linux-gnu/bin/../lib/gcc/nios2-elf/4.1.2/../../../../nios2-elf/lib/mno-hw-mul/libc.a(lib_a-callocr.o)
 .comment       0x00000000       0x27 /OPT/altera/12.1/tools/nios2eds/bin/gnu/H-i686-pc-linux-gnu/bin/../lib/gcc/nios2-elf/4.1.2/../../../../nios2-elf/lib/mno-hw-mul/libc.a(lib_a-closer.o)
 .comment       0x00000000       0x27 /OPT/altera/12.1/tools/nios2eds/bin/gnu/H-i686-pc-linux-gnu/bin/../lib/gcc/nios2-elf/4.1.2/../../../../nios2-elf/lib/mno-hw-mul/libc.a(lib_a-fclose.o)