Archive member included because of file (symbol)

/OPT/altera/12.1/tools/nios2eds/bin/gnu/H-i686-pc-linux-gnu/bin/../lib/gcc/nios2-elf/4.1.2/../../../../nios2-elf/lib/libc.a(lib_a-memset.o)
                              obj/default/main.o (memset)
/OPT/altera/12.1/tools/nios2eds/bin/gnu/H-i686-pc-linux-gnu/bin/../lib/gcc/nios2-elf/4.1.2/../../../../nios2-elf/lib/libc.a(lib_a-printf.o)
                              obj/default/main.o (printf)
/OPT/altera/12.1/tools/nios2eds/bin/gnu/H-i686-pc-linux-gnu/bin/../lib/gcc/nios2-elf/4.1.2/../../../../nios2-elf/lib/libc.a(lib_a-puts.o)
                              obj/default/main.o (puts)
/OPT/altera/12.1/tools/nios2eds/bin/gnu/H-i686-pc-linux-gnu/bin/../lib/gcc/nios2-elf/4.1.2/../../../../nios2-elf/lib/libc.a(lib_a-strlen.o)
                              obj/default/main.o (strlen)
/OPT/altera/12.1/tools/nios2eds/bin/gnu/H-i686-pc-linux-gnu/bin/../lib/gcc/nios2-elf/4.1.2/../../../../nios2-elf/lib/libc.a(lib_a-vfprintf.o)
                              /OPT/altera/12.1/tools/nios2eds/bin/gnu/H-i686-pc-linux-gnu/bin/../lib/gcc/nios2-elf/4.1.2/../../../../nios2-elf/lib/libc.a(lib_a-printf.o) (___vfprintf_internal_r)
/OPT/altera/12.1/tools/nios2eds/bin/gnu/H-i686-pc-linux-gnu/bin/../lib/gcc/nios2-elf/4.1.2/../../../../nios2-elf/lib/libc.a(lib_a-wsetup.o)
                              /OPT/altera/12.1/tools/nios2eds/bin/gnu/H-i686-pc-linux-gnu/bin/../lib/gcc/nios2-elf/4.1.2/../../../../nios2-elf/lib/libc.a(lib_a-vfprintf.o) (__swsetup_r)
/OPT/altera/12.1/tools/nios2eds/bin/gnu/H-i686-pc-linux-gnu/bin/../lib/gcc/nios2-elf/4.1.2/../../../../nios2-elf/lib/libc.a(lib_a-dtoa.o)
                              /OPT/altera/12.1/tools/nios2eds/bin/gnu/H-i686-pc-linux-gnu/bin/../lib/gcc/nios2-elf/4.1.2/../../../../nios2-elf/lib/libc.a(lib_a-vfprintf.o) (_dtoa_r)
/OPT/altera/12.1/tools/nios2eds/bin/gnu/H-i686-pc-linux-gnu/bin/../lib/gcc/nios2-elf/4.1.2/../../../../nios2-elf/lib/libc.a(lib_a-fflush.o)
                              /OPT/altera/12.1/tools/nios2eds/bin/gnu/H-i686-pc-linux-gnu/bin/../lib/gcc/nios2-elf/4.1.2/../../../../nios2-elf/lib/libc.a(lib_a-vfprintf.o) (_fflush_r)
/OPT/altera/12.1/tools/nios2eds/bin/gnu/H-i686-pc-linux-gnu/bin/../lib/gcc/nios2-elf/4.1.2/../../../../nios2-elf/lib/libc.a(lib_a-findfp.o)
                              /OPT/altera/12.1/tools/nios2eds/bin/gnu/H-i686-pc-linux-gnu/bin/../lib/gcc/nios2-elf/4.1.2/../../../../nios2-elf/lib/libc.a(lib_a-vfprintf.o) (__sinit)
/OPT/altera/12.1/tools/nios2eds/bin/gnu/H-i686-pc-linux-gnu/bin/../lib/gcc/nios2-elf/4.1.2/../../../../nios2-elf/lib/libc.a(lib_a-freer.o)
                              /OPT/altera/12.1/tools/nios2eds/bin/gnu/H-i686-pc-linux-gnu/bin/../lib/gcc/nios2-elf/4.1.2/../../../../nios2-elf/lib/libc.a(lib_a-wsetup.o) (_free_r)
/OPT/altera/12.1/tools/nios2eds/bin/gnu/H-i686-pc-linux-gnu/bin/../lib/gcc/nios2-elf/4.1.2/../../../../nios2-elf/lib/libc.a(lib_a-fvwrite.o)
                              /OPT/altera/12.1/tools/nios2eds/bin/gnu/H-i686-pc-linux-gnu/bin/../lib/gcc/nios2-elf/4.1.2/../../../../nios2-elf/lib/libc.a(lib_a-puts.o) (__sfvwrite_r)
/OPT/altera/12.1/tools/nios2eds/bin/gnu/H-i686-pc-linux-gnu/bin/../lib/gcc/nios2-elf/4.1.2/../../../../nios2-elf/lib/libc.a(lib_a-fwalk.o)
                              /OPT/altera/12.1/tools/nios2eds/bin/gnu/H-i686-pc-linux-gnu/bin/../lib/gcc/nios2-elf/4.1.2/../../../../nios2-elf/lib/libc.a(lib_a-fflush.o) (_fwalk_reent)
/OPT/altera/12.1/tools/nios2eds/bin/gnu/H-i686-pc-linux-gnu/bin/../lib/gcc/nios2-elf/4.1.2/../../../../nios2-elf/lib/libc.a(lib_a-impure.o)
                              /OPT/altera/12.1/tools/nios2eds/bin/gnu/H-i686-pc-linux-gnu/bin/../lib/gcc/nios2-elf/4.1.2/../../../../nios2-elf/lib/libc.a(lib_a-printf.o) (_impure_ptr)
/OPT/altera/12.1/tools/nios2eds/bin/gnu/H-i686-pc-linux-gnu/bin/../lib/gcc/nios2-elf/4.1.2/../../../../nios2-elf/lib/libc.a(lib_a-locale.o)
                              /OPT/altera/12.1/tools/nios2eds/bin/gnu/H-i686-pc-linux-gnu/bin/../lib/gcc/nios2-elf/4.1.2/../../../../nios2-elf/lib/libc.a(lib_a-vfprintf.o) (_localeconv_r)
/OPT/altera/12.1/tools/nios2eds/bin/gnu/H-i686-pc-linux-gnu/bin/../lib/gcc/nios2-elf/4.1.2/../../../../nios2-elf/lib/libc.a(lib_a-makebuf.o)
                              /OPT/altera/12.1/tools/nios2eds/bin/gnu/H-i686-pc-linux-gnu/bin/../lib/gcc/nios2-elf/4.1.2/../../../../nios2-elf/lib/libc.a(lib_a-wsetup.o) (__smakebuf_r)
/OPT/altera/12.1/tools/nios2eds/bin/gnu/H-i686-pc-linux-gnu/bin/../lib/gcc/nios2-elf/4.1.2/../../../../nios2-elf/lib/libc.a(lib_a-mallocr.o)
                              /OPT/altera/12.1/tools/nios2eds/bin/gnu/H-i686-pc-linux-gnu/bin/../lib/gcc/nios2-elf/4.1.2/../../../../nios2-elf/lib/libc.a(lib_a-findfp.o) (_malloc_r)
/OPT/altera/12.1/tools/nios2eds/bin/gnu/H-i686-pc-linux-gnu/bin/../lib/gcc/nios2-elf/4.1.2/../../../../nios2-elf/lib/libc.a(lib_a-memchr.o)
[...]
Memory Configuration

Name             Origin             Length             Attributes
sdram_0          0x00800000         0x00800000
sram_0           0x01080000         0x00080000
reset            0x01104000         0x00000020
onchip_memory2_0 0x01104020         0x00003fe0
*default*        0x00000000         0xffffffff

Linker script and memory map

LOAD ../G4Capstone_bsp//obj/HAL/src/crt0.o
LOAD obj/default/main.o
LOAD /OPT/altera/12.1/tools/nios2eds/bin/gnu/H-i686-pc-linux-gnu/bin/../lib/gcc/nios2-elf/4.1.2/../../../../nios2-elf/lib/libstdc++.a
LOAD /OPT/altera/12.1/tools/nios2eds/bin/gnu/H-i686-pc-linux-gnu/bin/../lib/gcc/nios2-elf/4.1.2/../../../../nios2-elf/lib/libm.a
LOAD /OPT/altera/12.1/tools/nios2eds/bin/gnu/H-i686-pc-linux-gnu/bin/../lib/gcc/nios2-elf/4.1.2/libgcc.a
START GROUP
LOAD /OPT/altera/12.1/tools/nios2eds/bin/gnu/H-i686-pc-linux-gnu/bin/../lib/gcc/nios2-elf/4.1.2/../../../../nios2-elf/lib/libc.a
LOAD /OPT/altera/12.1/tools/nios2eds/bin/gnu/H-i686-pc-linux-gnu/bin/../lib/gcc/nios2-elf/4.1.2/libgcc.a
LOAD ../G4Capstone_bsp//libucosii_bsp.a
END GROUP
LOAD /OPT/altera/12.1/tools/nios2eds/bin/gnu/H-i686-pc-linux-gnu/bin/../lib/gcc/nios2-elf/4.1.2/libgcc.a
                0x00800000                __alt_mem_sdram_0 = 0x800000
                0x01080000                __alt_mem_sram_0 = 0x1080000
                0x01104000                __alt_mem_onchip_memory2_0 = 0x1104000

.entry          0x01104000       0x20
 *(.entry)
 .entry         0x01104000       0x20 ../G4Capstone_bsp//obj/HAL/src/crt0.o
                0x01104000                __reset

.exceptions     0x01104020      0x1a0 load address 0x00800000
                0x01104020                PROVIDE (__ram_exceptions_start, ABSOLUTE (.))
                0x01104020                . = ALIGN (0x20)
 *(.irq)
 *(.exceptions.entry.label)
 .exceptions.entry.label
                0x01104020        0x0 ../G4Capstone_bsp//libucosii_bsp.a(alt_irq_entry.o)
                0x01104020                alt_irq_entry
 .exceptions.entry.label
                0x01104020        0x0 ../G4Capstone_bsp//libucosii_bsp.a(alt_exception_entry.o)
                0x01104020                alt_exception
 *(.exceptions.entry.user)
 *(.exceptions.entry)
 .exceptions.entry
                0x01104020       0x54 ../G4Capstone_bsp//libucosii_bsp.a(alt_exception_entry.o)
 *(.exceptions.irqtest.user)
 *(.exceptions.irqtest)
 .exceptions.irqtest
                0x01104074       0x10 ../G4Capstone_bsp//libucosii_bsp.a(alt_irq_entry.o)
 *(.exceptions.irqhandler.user)
 *(.exceptions.irqhandler)
 .exceptions.irqhandler
                0x01104084        0x4 ../G4Capstone_bsp//libucosii_bsp.a(alt_irq_entry.o)
 *(.exceptions.irqreturn.user)
 *(.exceptions.irqreturn)
 .exceptions.irqreturn
                0x01104088        0x4 ../G4Capstone_bsp//libucosii_bsp.a(alt_irq_entry.o)
 *(.exceptions.notirq.label)
 .exceptions.notirq.label
                0x0110408c        0x0 ../G4Capstone_bsp//libucosii_bsp.a(alt_irq_entry.o)
 *(.exceptions.notirq.user)
 *(.exceptions.notirq)
 .exceptions.notirq
                0x0110408c        0x8 ../G4Capstone_bsp//libucosii_bsp.a(alt_exception_entry.o)
 *(.exceptions.soft.user)
 *(.exceptions.soft)
 *(.exceptions.unknown.user)
 *(.exceptions.unknown)
 .exceptions.unknown
                0x01104094        0x4 ../G4Capstone_bsp//libucosii_bsp.a(alt_exception_entry.o)
 *(.exceptions.exit.label)
 .exceptions.exit.label
                0x01104098        0x0 ../G4Capstone_bsp//libucosii_bsp.a(alt_irq_entry.o)
 .exceptions.exit.label
                0x01104098        0x0 ../G4Capstone_bsp//libucosii_bsp.a(alt_exception_entry.o)
 *(.exceptions.exit.user)
 *(.exceptions.exit)
 .exceptions.exit
                0x01104098       0x54 ../G4Capstone_bsp//libucosii_bsp.a(alt_exception_entry.o)
 *(.exceptions)
 .exceptions    0x011040ec       0xd4 ../G4Capstone_bsp//libucosii_bsp.a(alt_irq_handler.o)
                0x011040ec                alt_irq_handler
                0x011041c0                PROVIDE (__ram_exceptions_end, ABSOLUTE (.))
                0x00800000                PROVIDE (__flash_exceptions_start, LOADADDR (.exceptions))

.text           0x008001a0    0x1649c
                0x008001a0                PROVIDE (stext, ABSOLUTE (.))
 *(.interp)
 *(.hash)
 *(.dynsym)
 *(.dynstr)
 *(.gnu.version)
 *(.gnu.version_d)
 *(.gnu.version_r)
 *(.rel.init)
 *(.rela.init)
 *(.rel.text .rel.text.* .rel.gnu.linkonce.t.*)
 *(.rela.text .rela.text.* .rela.gnu.linkonce.t.*)
 *(.rel.fini)
 *(.rela.fini)
 *(.rel.rodata .rel.rodata.* .rel.gnu.linkonce.r.*)
 *(.rela.rodata .rela.rodata.* .rela.gnu.linkonce.r.*)
 *(.rel.data .rel.data.* .rel.gnu.linkonce.d.*)
 *(.rela.data .rela.data.* .rela.gnu.linkonce.d.*)
 *(.rel.tdata .rel.tdata.* .rel.gnu.linkonce.td.*)
 *(.rela.tdata .rela.tdata.* .rela.gnu.linkonce.td.*)
 *(.rel.tbss .rel.tbss.* .rel.gnu.linkonce.tb.*)
 *(.rela.tbss .rela.tbss.* .rela.gnu.linkonce.tb.*)
 *(.rel.ctors)
 *(.rela.ctors)
 *(.rel.dtors)
 *(.rela.dtors)
 *(.rel.got)
 *(.rela.got)
 *(.rel.sdata .rel.sdata.* .rel.gnu.linkonce.s.*)
 *(.rela.sdata .rela.sdata.* .rela.gnu.linkonce.s.*)
 *(.rel.sbss .rel.sbss.* .rel.gnu.linkonce.sb.*)
 *(.rela.sbss .rela.sbss.* .rela.gnu.linkonce.sb.*)
 *(.rel.sdata2 .rel.sdata2.* .rel.gnu.linkonce.s2.*)
 *(.rela.sdata2 .rela.sdata2.* .rela.gnu.linkonce.s2.*)
 *(.rel.sbss2 .rel.sbss2.* .rel.gnu.linkonce.sb2.*)
 *(.rela.sbss2 .rela.sbss2.* .rela.gnu.linkonce.sb2.*)
 *(.rel.bss .rel.bss.* .rel.gnu.linkonce.b.*)
 *(.rela.bss .rela.bss.* .rela.gnu.linkonce.b.*)
 *(.rel.plt)
 *(.rela.plt)
 *(.rel.dyn)
 *(.init)
 *(.plt)
 *(.text .stub .text.* .gnu.linkonce.t.*)
 .text          0x008001a0       0x3c ../G4Capstone_bsp//obj/HAL/src/crt0.o
                0x008001a0                _start
 .text          0x008001dc      0x59c obj/default/main.o
                0x008001dc                main
                0x008002f0                AudioTask
                0x00800428                LCDTask
                0x00800580                uart
 .text          0x00800778       0x98 /OPT/altera/12.1/tools/nios2eds/bin/gnu/H-i686-pc-linux-gnu/bin/../lib/gcc/nios2-elf/4.1.2/../../../../nios2-elf/lib/libc.a(lib_a-memset.o)
                0x00800778                memset
 .text          0x00800810       0x78 /OPT/altera/12.1/tools/nios2eds/bin/gnu/H-i686-pc-linux-gnu/bin/../lib/gcc/nios2-elf/4.1.2/../../../../nios2-elf/lib/libc.a(lib_a-printf.o)
                0x00800810                printf
                0x00800854                _printf_r
 .text          0x00800888       0xb4 /OPT/altera/12.1/tools/nios2eds/bin/gnu/H-i686-pc-linux-gnu/bin/../lib/gcc/nios2-elf/4.1.2/../../../../nios2-elf/lib/libc.a(lib_a-puts.o)
                0x00800888                _puts_r
                0x00800928                puts
 .text          0x0080093c       0x74 /OPT/altera/12.1/tools/nios2eds/bin/gnu/H-i686-pc-linux-gnu/bin/../lib/gcc/nios2-elf/4.1.2/../../../../nios2-elf/lib/libc.a(lib_a-strlen.o)
                0x0080093c                strlen
 .text          0x008009b0     0x1f28 /OPT/altera/12.1/tools/nios2eds/bin/gnu/H-i686-pc-linux-gnu/bin/../lib/gcc/nios2-elf/4.1.2/../../../../nios2-elf/lib/libc.a(lib_a-vfprintf.o)
                0x00800a08                ___vfprintf_internal_r
                0x008028b4                __vfprintf_internal
 .text          0x008028d8      0x13c /OPT/altera/12.1/tools/nios2eds/bin/gnu/H-i686-pc-linux-gnu/bin/../lib/gcc/nios2-elf/4.1.2/../../../../nios2-elf/lib/libc.a(lib_a-wsetup.o)
                0x008028d8                __swsetup_r
 .text          0x00802a14     0x17cc /OPT/altera/12.1/tools/nios2eds/bin/gnu/H-i686-pc-linux-gnu/bin/../lib/gcc/nios2-elf/4.1.2/../../../../nios2-elf/lib/libc.a(lib_a-dtoa.o)
                0x00802c2c                _dtoa_r
 .text          0x008041e0      0x230 /OPT/altera/12.1/tools/nios2eds/bin/gnu/H-i686-pc-linux-gnu/bin/../lib/gcc/nios2-elf/4.1.2/../../../../nios2-elf/lib/libc.a(lib_a-fflush.o)
                0x008041e0                _fflush_r
                0x008043dc                fflush
 .text          0x00804410      0x2c0 /OPT/altera/12.1/tools/nios2eds/bin/gnu/H-i686-pc-linux-gnu/bin/../lib/gcc/nios2-elf/4.1.2/../../../../nios2-elf/lib/libc.a(lib_a-findfp.o)
                0x00804468                __sfp_lock_acquire
                0x0080446c                __sfp_lock_release
                0x00804470                __sinit_lock_acquire
                0x00804474                __sinit_lock_release
                0x00804478                __sinit
                0x0080452c                __fp_unlock_all
                0x00804544                __fp_lock_all
                0x0080455c                _cleanup_r
                0x00804568                _cleanup
                0x00804578                __sfmoreglue
                0x008045e0                __sfp
 .text          0x008046d0      0x440 /OPT/altera/12.1/tools/nios2eds/bin/gnu/H-i686-pc-linux-gnu/bin/../lib/gcc/nios2-elf/4.1.2/../../../../nios2-elf/lib/libc.a(lib_a-freer.o)
                0x008046d0                _malloc_trim_r
                0x008047fc                _free_r
 .text          0x00804b10      0x49c /OPT/altera/12.1/tools/nios2eds/bin/gnu/H-i686-pc-linux-gnu/bin/../lib/gcc/nios2-elf/4.1.2/../../../../nios2-elf/lib/libc.a(lib_a-fvwrite.o)
                0x00804b10                __sfvwrite_r
 .text          0x00804fac      0x180 /OPT/altera/12.1/tools/nios2eds/bin/gnu/H-i686-pc-linux-gnu/bin/../lib/gcc/nios2-elf/4.1.2/../../../../nios2-elf/lib/libc.a(lib_a-fwalk.o)
                0x00804fac                _fwalk_reent
                0x00805074                _fwalk
 .text          0x0080512c        0x0 /OPT/altera/12.1/tools/nios2eds/bin/gnu/H-i686-pc-linux-gnu/bin/../lib/gcc/nios2-elf/4.1.2/../../../../nios2-elf/lib/libc.a(lib_a-impure.o)
 .text          0x0080512c       0xc4 /OPT/altera/12.1/tools/nios2eds/bin/gnu/H-i686-pc-linux-gnu/bin/../lib/gcc/nios2-elf/4.1.2/../../../../nios2-elf/lib/libc.a(lib_a-locale.o)
                0x0080512c                __locale_charset
                0x00805134                _localeconv_r
                0x00805140                localeconv
                0x00805150                _setlocale_r
                0x008051d4                setlocale
 .text          0x008051f0      0x194 /OPT/altera/12.1/tools/nios2eds/bin/gnu/H-i686-pc-linux-gnu/bin/../lib/gcc/nios2-elf/4.1.2/../../../../nios2-elf/lib/libc.a(lib_a-makebuf.o)
                0x008051f0                __smakebuf_r
 .text          0x00805384      0x740 /OPT/altera/12.1/tools/nios2eds/bin/gnu/H-i686-pc-linux-gnu/bin/../lib/gcc/nios2-elf/4.1.2/../../../../nios2-elf/lib/libc.a(lib_a-mallocr.o)
                0x00805384                _malloc_r
 .text          0x00805ac4       0xe4 /OPT/altera/12.1/tools/nios2eds/bin/gnu/H-i686-pc-linux-gnu/bin/../lib/gcc/nios2-elf/4.1.2/../../../../nios2-elf/lib/libc.a(lib_a-memchr.o)
                0x00805ac4                memchr
 .text          0x00805ba8       0xa0 /OPT/altera/12.1/tools/nios2eds/bin/gnu/H-i686-pc-linux-gnu/bin/../lib/gcc/nios2-elf/4.1.2/../../../../nios2-elf/lib/libc.a(lib_a-memcpy.o)
                0x00805ba8                memcpy
 .text          0x00805c48       0xe0 /OPT/altera/12.1/tools/nios2eds/bin/gnu/H-i686-pc-linux-gnu/bin/../lib/gcc/nios2-elf/4.1.2/../../../../nios2-elf/lib/libc.a(lib_a-memmove.o)
                0x00805c48                memmove
 .text          0x00805d28      0xff4 /OPT/altera/12.1/tools/nios2eds/bin/gnu/H-i686-pc-linux-gnu/bin/../lib/gcc/nios2-elf/4.1.2/../../../../nios2-elf/lib/libc.a(lib_a-mprec.o)
                0x00805d28                _Bfree
                0x00805d50                __hi0bits
                0x00805dc0                __lo0bits
                0x00805e84                __mcmp
                0x00805ee4                __ulp
                0x00805f64                __b2d
                0x00806084                __ratio
                0x00806134                _mprec_log10
                0x008061c8                __copybits
                0x00806220                __any_on
                0x008062a8                _Balloc
                0x00806364                __d2b
                0x008064e0                __mdiff
                0x0080666c                __lshift
                0x008067b8                __multiply
                0x008069a0                __i2b
                0x008069dc                __multadd
                0x00806adc                __pow5mult
                0x00806bfc                __s2b
 .text          0x00806d1c      0x5f4 /OPT/altera/12.1/tools/nios2eds/bin/gnu/H-i686-pc-linux-gnu/bin/../lib/gcc/nios2-elf/4.1.2/../../../../nios2-elf/lib/libc.a(lib_a-reallocr.o)
                0x00806d1c                _realloc_r
 .text          0x00807310       0x40 /OPT/altera/12.1/tools/nios2eds/bin/gnu/H-i686-pc-linux-gnu/bin/../lib/gcc/nios2-elf/4.1.2/../../../../nios2-elf/lib/libc.a(lib_a-s_isinfd.o)
                0x00807310                __isinfd
 .text          0x00807350       0x30 /OPT/altera/12.1/tools/nios2eds/bin/gnu/H-i686-pc-linux-gnu/bin/../lib/gcc/nios2-elf/4.1.2/../../../../nios2-elf/lib/libc.a(lib_a-s_isnand.o)
                0x00807350                __isnand
 .text          0x00807380       0x70 /OPT/altera/12.1/tools/nios2eds/bin/gnu/H-i686-pc-linux-gnu/bin/../lib/gcc/nios2-elf/4.1.2/../../../../nios2-elf/lib/libc.a(lib_a-sbrkr.o)
                0x00807380                _sbrk_r
 .text          0x008073f0      0x14c /OPT/altera/12.1/tools/nios2eds/bin/gnu/H-i686-pc-linux-gnu/bin/../lib/gcc/nios2-elf/4.1.2/../../../../nios2-elf/lib/libc.a(lib_a-stdio.o)
                0x008073f0                __sclose
                0x008073f8                __sseek
                0x00807460                __swrite
                0x008074dc                __sread
 .text          0x0080753c       0xbc /OPT/altera/12.1/tools/nios2eds/bin/gnu/H-i686-pc-linux-gnu/bin/../lib/gcc/nios2-elf/4.1.2/../../../../nios2-elf/lib/libc.a(lib_a-strcmp.o)
                0x0080753c                strcmp
 .text          0x008075f8       0x78 /OPT/altera/12.1/tools/nios2eds/bin/gnu/H-i686-pc-linux-gnu/bin/../lib/gcc/nios2-elf/4.1.2/../../../../nios2-elf/lib/libc.a(lib_a-writer.o)
                0x008075f8                _write_r
 .text          0x00807670       0xb4 /OPT/altera/12.1/tools/nios2eds/bin/gnu/H-i686-pc-linux-gnu/bin/../lib/gcc/nios2-elf/4.1.2/../../../../nios2-elf/lib/libc.a(lib_a-callocr.o)
                0x00807670                _calloc_r
 .text          0x00807724       0x70 /OPT/altera/12.1/tools/nios2eds/bin/gnu/H-i686-pc-linux-gnu/bin/../lib/gcc/nios2-elf/4.1.2/../../../../nios2-elf/lib/libc.a(lib_a-closer.o)
                0x00807724                _close_r
 .text          0x00807794      0x124 /OPT/altera/12.1/tools/nios2eds/bin/gnu/H-i686-pc-linux-gnu/bin/../lib/gcc/nios2-elf/4.1.2/../../../../nios2-elf/lib/libc.a(lib_a-fclose.o)
                0x00807794                _fclose_r
                0x008078a4                fclose
 .text          0x008078b8       0x74 /OPT/altera/12.1/tools/nios2eds/bin/gnu/H-i686-pc-linux-gnu/bin/../lib/gcc/nios2-elf/4.1.2/../../../../nios2-elf/lib/libc.a(lib_a-fstatr.o)
                0x008078b8                _fstat_r
 .text          0x0080792c        0x0 /OPT/altera/12.1/tools/nios2eds/bin/gnu/H-i686-pc-linux-gnu/bin/../lib/gcc/nios2-elf/4.1.2/../../../../nios2-elf/lib/libc.a(lib_a-int_errno.o)
 .text          0x0080792c       0x70 /OPT/altera/12.1/tools/nios2eds/bin/gnu/H-i686-pc-linux-gnu/bin/../lib/gcc/nios2-elf/4.1.2/../../../../nios2-elf/lib/libc.a(lib_a-isattyr.o)
                0x0080792c                _isatty_r
 .text          0x0080799c       0x78 /OPT/altera/12.1/tools/nios2eds/bin/gnu/H-i686-pc-linux-gnu/bin/../lib/gcc/nios2-elf/4.1.2/../../../../nios2-elf/lib/libc.a(lib_a-lseekr.o)
                0x0080799c                _lseek_r
 .text          0x00807a14       0x78 /OPT/altera/12.1/tools/nios2eds/bin/gnu/H-i686-pc-linux-gnu/bin/../lib/gcc/nios2-elf/4.1.2/../../../../nios2-elf/lib/libc.a(lib_a-readr.o)
                0x00807a14                _read_r
 .text          0x00807a8c      0x5dc /OPT/altera/12.1/tools/nios2eds/bin/gnu/H-i686-pc-linux-gnu/bin/../lib/gcc/nios2-elf/4.1.2/libgcc.a(_udivdi3.o)
                0x00807a8c                __udivdi3
 .text          0x00808068      0x5b0 /OPT/altera/12.1/tools/nios2eds/bin/gnu/H-i686-pc-linux-gnu/bin/../lib/gcc/nios2-elf/4.1.2/libgcc.a(_umoddi3.o)
                0x00808068                __umoddi3
 .text          0x00808618      0x504 /OPT/altera/12.1/tools/nios2eds/bin/gnu/H-i686-pc-linux-gnu/bin/../lib/gcc/nios2-elf/4.1.2/libgcc.a(_addsub_df.o)
                0x00808a28                __subdf3
                0x00808aa8                __adddf3
 .text          0x00808b1c      0x3c4 /OPT/altera/12.1/tools/nios2eds/bin/gnu/H-i686-pc-linux-gnu/bin/../lib/gcc/nios2-elf/4.1.2/libgcc.a(_mul_df.o)
                0x00808b1c                __muldf3
 .text          0x00808ee0      0x258 /OPT/altera/12.1/tools/nios2eds/bin/gnu/H-i686-pc-linux-gnu/bin/../lib/gcc/nios2-elf/4.1.2/libgcc.a(_div_df.o)
                0x00808ee0                __divdf3
 .text          0x00809138       0x88 /OPT/altera/12.1/tools/nios2eds/bin/gnu/H-i686-pc-linux-gnu/bin/../lib/gcc/nios2-elf/4.1.2/libgcc.a(_eq_df.o)
                0x00809138                __eqdf2
 .text          0x008091c0       0x88 /OPT/altera/12.1/tools/nios2eds/bin/gnu/H-i686-pc-linux-gnu/bin/../lib/gcc/nios2-elf/4.1.2/libgcc.a(_ne_df.o)
                0x008091c0                __nedf2
 .text          0x00809248       0x88 /OPT/altera/12.1/tools/nios2eds/bin/gnu/H-i686-pc-linux-gnu/bin/../lib/gcc/nios2-elf/4.1.2/libgcc.a(_gt_df.o)
                0x00809248                __gtdf2
 .text          0x008092d0       0x88 /OPT/altera/12.1/tools/nios2eds/bin/gnu/H-i686-pc-linux-gnu/bin/../lib/gcc/nios2-elf/4.1.2/libgcc.a(_ge_df.o)
                0x008092d0                __gedf2
 .text          0x00809358       0x88 /OPT/altera/12.1/tools/nios2eds/bin/gnu/H-i686-pc-linux-gnu/bin/../lib/gcc/nios2-elf/4.1.2/libgcc.a(_lt_df.o)
                0x00809358                __ltdf2
 .text          0x008093e0       0xf8 /OPT/altera/12.1/tools/nios2eds/bin/gnu/H-i686-pc-linux-gnu/bin/../lib/gcc/nios2-elf/4.1.2/libgcc.a(_si_to_df.o)
                0x008093e0                __floatsidf
 .text          0x008094d8       0xd8 /OPT/altera/12.1/tools/nios2eds/bin/gnu/H-i686-pc-linux-gnu/bin/../lib/gcc/nios2-elf/4.1.2/libgcc.a(_df_to_si.o)
                0x008094d8                __fixdfsi
 .text          0x008095b0        0x0 /OPT/altera/12.1/tools/nios2eds/bin/gnu/H-i686-pc-linux-gnu/bin/../lib/gcc/nios2-elf/4.1.2/libgcc.a(_thenan_df.o)
 .text          0x008095b0      0x194 /OPT/altera/12.1/tools/nios2eds/bin/gnu/H-i686-pc-linux-gnu/bin/../lib/gcc/nios2-elf/4.1.2/libgcc.a(_usi_to_df.o)
                0x008095b0                __floatunsidf
 .text          0x00809744      0x14c /OPT/altera/12.1/tools/nios2eds/bin/gnu/H-i686-pc-linux-gnu/bin/../lib/gcc/nios2-elf/4.1.2/libgcc.a(lib2-divmod.o)
                0x008097c0                __divsi3
                0x00809820                __modsi3
                0x00809880                __udivsi3
                0x00809888                __umodsi3
 .text          0x00809890       0x98 /OPT/altera/12.1/tools/nios2eds/bin/gnu/H-i686-pc-linux-gnu/bin/../lib/gcc/nios2-elf/4.1.2/libgcc.a(_muldi3.o)
                0x00809890                __muldi3
 .text          0x00809928        0x0 /OPT/altera/12.1/tools/nios2eds/bin/gnu/H-i686-pc-linux-gnu/bin/../lib/gcc/nios2-elf/4.1.2/libgcc.a(_clz.o)
 .text          0x00809928       0x80 /OPT/altera/12.1/tools/nios2eds/bin/gnu/H-i686-pc-linux-gnu/bin/../lib/gcc/nios2-elf/4.1.2/libgcc.a(_clzsi2.o)
                0x00809928                __clzsi2
 .text          0x008099a8      0x314 /OPT/altera/12.1/tools/nios2eds/bin/gnu/H-i686-pc-linux-gnu/bin/../lib/gcc/nios2-elf/4.1.2/libgcc.a(_pack_df.o)
                0x008099a8                __pack_d
 .text          0x00809cbc      0x138 /OPT/altera/12.1/tools/nios2eds/bin/gnu/H-i686-pc-linux-gnu/bin/../lib/gcc/nios2-elf/4.1.2/libgcc.a(_unpack_df.o)
                0x00809cbc                __unpack_d
 .text          0x00809df4       0xc8 /OPT/altera/12.1/tools/nios2eds/bin/gnu/H-i686-pc-linux-gnu/bin/../lib/gcc/nios2-elf/4.1.2/libgcc.a(_fpcmp_parts_df.o)
                0x00809df4                __fpcmp_parts_d
 .text          0x00809ebc      0x15c ../G4Capstone_bsp//libucosii_bsp.a(alt_close.o)
                0x00809ebc                close
 .text          0x0080a018       0x2c ../G4Capstone_bsp//libucosii_bsp.a(alt_dev.o)
 .text          0x0080a044        0x0 ../G4Capstone_bsp//libucosii_bsp.a(alt_errno.o)
 .text          0x0080a044      0x134 ../G4Capstone_bsp//libucosii_bsp.a(alt_fstat.o)
                0x0080a044                fstat
 .text          0x0080a178      0x120 ../G4Capstone_bsp//libucosii_bsp.a(alt_isatty.o)
                0x0080a178                isatty
 .text          0x0080a298       0xec ../G4Capstone_bsp//libucosii_bsp.a(alt_load.o)
                0x0080a298                alt_load
 .text          0x0080a384      0x150 ../G4Capstone_bsp//libucosii_bsp.a(alt_lseek.o)
                0x0080a384                lseek
 .text          0x0080a4d4       0xc8 ../G4Capstone_bsp//libucosii_bsp.a(alt_main.o)
                0x0080a4d4                alt_main
 .text          0x0080a59c      0x180 ../G4Capstone_bsp//libucosii_bsp.a(alt_read.o)
                0x0080a59c                read
 .text          0x0080a71c       0x60 ../G4Capstone_bsp//libucosii_bsp.a(alt_release_fd.o)
                0x0080a71c                alt_release_fd
 .text          0x0080a77c       0xbc ../G4Capstone_bsp//libucosii_bsp.a(alt_sbrk.o)
                0x0080a77c                sbrk
 .text          0x0080a838      0x180 ../G4Capstone_bsp//libucosii_bsp.a(alt_write.o)
                0x0080a838                write
 .text          0x0080a9b8      0x108 ../G4Capstone_bsp//libucosii_bsp.a(alt_env_lock.o)
                0x0080a9b8                __env_lock
                0x0080aa64                __env_unlock
 .text          0x0080aac0      0x1d8 ../G4Capstone_bsp//libucosii_bsp.a(alt_malloc_lock.o)
                0x0080aac0                __malloc_lock
                0x0080abc8                __malloc_unlock
 .text          0x0080ac98     0x2128 ../G4Capstone_bsp//libucosii_bsp.a(os_core.o)
                0x0080ac98                OSEventNameGet
                0x0080adc8                OSEventNameSet
                0x0080af0c                OSEventPendMulti
                0x0080b5c0                OSInit
                0x0080b614                OSIntEnter
                0x0080b690                OSIntExit
                0x0080b790                OSSchedLock
                0x0080b81c                OSSchedUnlock
                0x0080b900                OSStart
                0x0080b970                OSStatInit
                0x0080ba1c                OSTimeTick
                0x0080bc5c                OSVersion
                0x0080bc7c                OS_Dummy
                0x0080bc98                OS_EventTaskRdy
                0x0080be2c                OS_EventTaskWait
                0x0080bf3c                OS_EventTaskWaitMulti
                0x0080c090                OS_EventTaskRemove
                0x0080c148                OS_EventTaskRemoveMulti
                0x0080c24c                OS_EventWaitListInit
                0x0080c618                OS_MemClr
                0x0080c66c                OS_MemCopy
                0x0080c6d8                OS_Sched
                0x0080c81c                OS_StrCopy
                0x0080c89c                OS_StrLen
                0x0080c8f4                OS_TaskIdle
                0x0080c950                OS_TaskStat
                0x0080ca18                OS_TaskStatStkChk
                0x0080cae0                OS_TCBInit
 .text          0x0080cdc0      0x18c ../G4Capstone_bsp//libucosii_bsp.a(os_dbg.o)
                0x0080cdc0                OSDebugInit
 .text          0x0080cf4c     0x193c ../G4Capstone_bsp//libucosii_bsp.a(os_flag.o)
                0x0080cf4c                OSFlagAccept
                0x0080d280                OSFlagCreate
                0x0080d3bc                OSFlagDel
                0x0080d664                OSFlagNameGet
                0x0080d7a8                OSFlagNameSet
                0x0080d8fc                OSFlagPend
                0x0080df40                OSFlagPendGetFlagsRdy
                0x0080dfa8                OSFlagPost
                0x0080e350                OSFlagQuery
                0x0080e5e8                OS_FlagInit
                0x0080e7dc                OS_FlagUnlink
 .text          0x0080e888      0x808 ../G4Capstone_bsp//libucosii_bsp.a(os_mem.o)
                0x0080e888                OSMemCreate
                0x0080eaa4                OSMemGet
                0x0080eba8                OSMemNameGet
                0x0080ecb4                OSMemNameSet
                0x0080edd4                OSMemPut
                0x0080eec4                OSMemQuery
                0x0080efc0                OS_MemInit
 .text          0x0080f090     0x1334 ../G4Capstone_bsp//libucosii_bsp.a(os_q.o)
                0x0080f090                OSQAccept
                0x0080f1e4                OSQCreate
                0x0080f3f8                OSQDel
                0x0080f6f8                OSQFlush
                0x0080f7c0                OSQPend
                0x0080fae0                OSQPendAbort
                0x0080fc5c                OSQPost
                0x0080fddc                OSQPostFront
                0x0080ff64                OSQPostOpt
                0x00810198                OSQQuery
                0x00810318                OS_QInit
 .text          0x008103c4      0xbc8 ../G4Capstone_bsp//libucosii_bsp.a(os_sem.o)
                0x008103c4                OSSemAccept
                0x00810484                OSSemCreate
                0x00810598                OSSemDel
                0x00810838                OSSemPend
                0x00810ab4                OSSemPendAbort
                0x00810c30                OSSemPost
                0x00810d58                OSSemQuery
                0x00810e88                OSSemSet
 .text          0x00810f8c     0x1a40 ../G4Capstone_bsp//libucosii_bsp.a(os_task.o)
                0x00810f8c                OSTaskChangePrio
                0x00811500                OSTaskCreate
                0x008116d4                OSTaskCreateExt
                0x008118d4                OSTaskDel
                0x00811ce0                OSTaskDelReq
                0x00811e50                OSTaskNameGet
                0x00812008                OSTaskNameSet
                0x008121cc                OSTaskResume
                0x008123e4                OSTaskStkChk
                0x008125e0                OSTaskSuspend
                0x0081280c                OSTaskQuery
                0x00812950                OS_TaskStkClr
 .text          0x008129cc      0x598 ../G4Capstone_bsp//libucosii_bsp.a(os_time.o)
                0x008129cc                OSTimeDly
                0x00812b18                OSTimeDlyHMSM
                0x00812c8c                OSTimeDlyResume
                0x00812e9c                OSTimeGet
                0x00812f00                OSTimeSet
 .text          0x00812f64       0xf8 ../G4Capstone_bsp//libucosii_bsp.a(alt_sys_init.o)
                0x00812f64                alt_irq_init
                0x00812f98                alt_sys_init
 .text          0x0081305c      0x148 ../G4Capstone_bsp//libucosii_bsp.a(altera_avalon_jtag_uart_fd.o)
                0x0081305c                altera_avalon_jtag_uart_read_fd
                0x008130b4                altera_avalon_jtag_uart_write_fd
                0x0081310c                altera_avalon_jtag_uart_close_fd
                0x00813154                altera_avalon_jtag_uart_ioctl_fd
 .text          0x008131a4      0x580 ../G4Capstone_bsp//libucosii_bsp.a(altera_avalon_jtag_uart_init.o)
                0x008131a4                altera_avalon_jtag_uart_init
                0x008136b0                altera_avalon_jtag_uart_close
 .text          0x00813724       0xf4 ../G4Capstone_bsp//libucosii_bsp.a(altera_avalon_jtag_uart_ioctl.o)
                0x00813724                altera_avalon_jtag_uart_ioctl
 .text          0x00813818      0x2c0 ../G4Capstone_bsp//libucosii_bsp.a(altera_avalon_jtag_uart_read.o)
                0x00813818                altera_avalon_jtag_uart_read
 .text          0x00813ad8      0x2dc ../G4Capstone_bsp//libucosii_bsp.a(altera_avalon_jtag_uart_write.o)
                0x00813ad8                altera_avalon_jtag_uart_write
 .text          0x00813db4       0xfc ../G4Capstone_bsp//libucosii_bsp.a(altera_avalon_timer_sc.o)
                0x00813e28                alt_avalon_timer_sc_init
 .text          0x00813eb0      0x788 ../G4Capstone_bsp//libucosii_bsp.a(altera_up_avalon_audio_and_video_config.o)
                0x00813eb0                alt_up_av_config_open_dev
                0x00813f14                alt_up_av_config_write_data
                0x00813f78                alt_up_av_config_read_data
                0x00814004                alt_up_av_config_reset
                0x0081403c                alt_up_av_config_enable_interrupt
                0x00814074                alt_up_av_config_disable_interrupt
                0x008140a4                alt_up_av_config_read_acknowledge
                0x0081410c                alt_up_av_config_read_ready
                0x00814144                alt_up_av_config_write_audio_cfg_register
                0x008141f0                alt_up_av_config_read_video_cfg_register
                0x008142e8                alt_up_av_config_write_video_cfg_register
                0x008143e0                alt_up_av_config_read_DC2_cfg_register
                0x00814444                alt_up_av_config_write_DC2_cfg_register
                0x008144a8                alt_up_av_config_read_D5M_cfg_register
                0x0081450c                alt_up_av_config_write_D5M_cfg_register
                0x00814570                alt_up_av_config_read_LTM_cfg_register
                0x008145d4                alt_up_av_config_write_LTM_cfg_register
 .text          0x00814638      0x530 ../G4Capstone_bsp//libucosii_bsp.a(altera_up_avalon_character_lcd.o)
                0x00814638                get_DDRAM_addr
                0x008146b4                alt_up_character_lcd_send_cmd
                0x008146e8                alt_up_character_lcd_init
                0x0081471c                alt_up_character_lcd_open_dev
                0x0081475c                alt_up_character_lcd_write
                0x008147d4                alt_up_character_lcd_string
                0x0081484c                alt_up_character_lcd_write_fd
                0x00814898                alt_up_character_lcd_set_cursor_pos
                0x00814910                alt_up_character_lcd_shift_cursor
                0x008149c0                alt_up_character_lcd_shift_display
                0x00814a70                alt_up_character_lcd_erase_pos
                0x00814b00                alt_up_character_lcd_cursor_off
                0x00814b34                alt_up_character_lcd_cursor_blink_on
 .text          0x00814b68      0x398 ../G4Capstone_bsp//libucosii_bsp.a(altera_up_avalon_rs232.o)
                0x00814b68                alt_up_rs232_enable_read_interrupt
                0x00814bbc                alt_up_rs232_disable_read_interrupt
                0x00814c14                alt_up_rs232_get_used_space_in_read_FIFO
                0x00814c50                alt_up_rs232_get_available_space_in_write_FIFO
                0x00814c90                alt_up_rs232_check_parity
                0x00814ce0                alt_up_rs232_write_data
                0x00814d28                alt_up_rs232_read_data
                0x00814d9c                alt_up_rs232_read_fd
                0x00814e2c                alt_up_rs232_write_fd
                0x00814ec0                alt_up_rs232_open_dev
 .text          0x00814f00      0x154 ../G4Capstone_bsp//libucosii_bsp.a(alt_alarm_start.o)
                0x00814f00                alt_alarm_start
 .text          0x00815054       0x1c ../G4Capstone_bsp//libucosii_bsp.a(alt_dcache_flush_all.o)
                0x00815054                alt_dcache_flush_all
 .text          0x00815070      0x114 ../G4Capstone_bsp//libucosii_bsp.a(alt_dev_llist_insert.o)
                0x00815070                alt_dev_llist_insert
 .text          0x00815184       0x64 ../G4Capstone_bsp//libucosii_bsp.a(alt_do_ctors.o)
                0x00815184                _do_ctors
 .text          0x008151e8       0x64 ../G4Capstone_bsp//libucosii_bsp.a(alt_do_dtors.o)
                0x008151e8                _do_dtors
 .text          0x0081524c       0x94 ../G4Capstone_bsp//libucosii_bsp.a(alt_find_dev.o)
                0x0081524c                alt_find_dev
 .text          0x008152e0       0x30 ../G4Capstone_bsp//libucosii_bsp.a(alt_icache_flush_all.o)
                0x008152e0                alt_icache_flush_all
 .text          0x00815310      0x13c ../G4Capstone_bsp//libucosii_bsp.a(alt_io_redirect.o)
                0x008153d4                alt_io_redirect
 .text          0x0081544c      0x1c0 ../G4Capstone_bsp//libucosii_bsp.a(alt_irq_register.o)
                0x0081544c                alt_irq_register
 .text          0x0081560c        0x0 ../G4Capstone_bsp//libucosii_bsp.a(alt_irq_vars.o)
 .text          0x0081560c      0x2c4 ../G4Capstone_bsp//libucosii_bsp.a(alt_open.o)
                0x008156e8                open
 .text          0x008158d0      0x1a8 ../G4Capstone_bsp//libucosii_bsp.a(alt_tick.o)
                0x008158d0                alt_alarm_stop
                0x00815968                alt_tick
 .text          0x00815a78       0x20 ../G4Capstone_bsp//libucosii_bsp.a(altera_nios2_qsys_irq.o)
                0x00815a78                altera_nios2_qsys_irq_init
 .text          0x00815a98       0xd0 ../G4Capstone_bsp//libucosii_bsp.a(os_cpu_a.o)
                0x00815a98                OSCtxSw
                0x00815a98                OSIntCtxSw
                0x00815b24                OSStartHighRdy
                0x00815b44                OSStartTsk
 .text          0x00815b68      0x418 ../G4Capstone_bsp//libucosii_bsp.a(os_cpu_c.o)
                0x00815b68                OSTaskStkInit
                0x00815e78                OSTaskCreateHook
                0x00815e98                OSTaskDelHook
                0x00815eb8                OSTaskSwHook
                0x00815ed4                OSTaskStatHook
                0x00815ef0                OSTimeTickHook
                0x00815f0c                OSInitHookBegin
                0x00815f28                OSInitHookEnd
                0x00815f44                OSTaskIdleHook
                0x00815f60                OSTCBInitHook
 .text          0x00815f80      0x120 ../G4Capstone_bsp//libucosii_bsp.a(alt_find_file.o)
                0x00815f80                alt_find_file
 .text          0x008160a0       0xf4 ../G4Capstone_bsp//libucosii_bsp.a(alt_get_fd.o)
                0x008160a0                alt_get_fd
 .text          0x00816194       0x90 ../G4Capstone_bsp//libucosii_bsp.a(alt_icache_flush.o)
                0x00816194                alt_icache_flush
 .text          0x00816224        0x0 ../G4Capstone_bsp//libucosii_bsp.a(alt_irq_entry.o)
 .text          0x00816224        0x0 ../G4Capstone_bsp//libucosii_bsp.a(alt_irq_handler.o)
 .text          0x00816224        0x0 ../G4Capstone_bsp//libucosii_bsp.a(alt_exception_entry.o)
 .text          0x00816224       0x14 /OPT/altera/12.1/tools/nios2eds/bin/gnu/H-i686-pc-linux-gnu/bin/../lib/gcc/nios2-elf/4.1.2/../../../../nios2-elf/lib/libc.a(lib_a-atexit.o)
                0x00816224                atexit
 .text          0x00816238       0x38 /OPT/altera/12.1/tools/nios2eds/bin/gnu/H-i686-pc-linux-gnu/bin/../lib/gcc/nios2-elf/4.1.2/../../../../nios2-elf/lib/libc.a(lib_a-exit.o)
                0x00816238                exit
 .text          0x00816270       0x74 /OPT/altera/12.1/tools/nios2eds/bin/gnu/H-i686-pc-linux-gnu/bin/../lib/gcc/nios2-elf/4.1.2/../../../../nios2-elf/lib/libc.a(lib_a-memcmp.o)
                0x00816270                memcmp
 .text          0x008162e4      0x134 /OPT/altera/12.1/tools/nios2eds/bin/gnu/H-i686-pc-linux-gnu/bin/../lib/gcc/nios2-elf/4.1.2/../../../../nios2-elf/lib/libc.a(lib_a-__atexit.o)
                0x008162e4                __register_exitproc
 .text          0x00816418      0x1b4 /OPT/altera/12.1/tools/nios2eds/bin/gnu/H-i686-pc-linux-gnu/bin/../lib/gcc/nios2-elf/4.1.2/../../../../nios2-elf/lib/libc.a(lib_a-__call_atexit.o)
                0x0081641c                __call_exitprocs
 .text          0x008165cc       0x6c ../G4Capstone_bsp//libucosii_bsp.a(alt_exit.o)
                0x0081660c                _exit
 *(.gnu.warning.*)
 *(.fini)
                0x00816638                PROVIDE (__etext, ABSOLUTE (.))
                0x00816638                PROVIDE (_etext, ABSOLUTE (.))
                0x00816638                PROVIDE (etext, ABSOLUTE (.))
 *(.eh_frame_hdr)
                0x00816638                . = ALIGN (0x4)
                0x00816638                PROVIDE (__preinit_array_start, ABSOLUTE (.))
 *(.preinit_array)
                0x00816638                PROVIDE (__preinit_array_end, ABSOLUTE (.))
                0x00816638                PROVIDE (__init_array_start, ABSOLUTE (.))
 *(.init_array)
                0x00816638                PROVIDE (__init_array_end, ABSOLUTE (.))
                0x00816638                PROVIDE (__fini_array_start, ABSOLUTE (.))
 *(.fini_array)
                0x00816638                PROVIDE (__fini_array_end, ABSOLUTE (.))
 *(.eh_frame)
 *(.gcc_except_table)
 *(.dynamic)
                0x00816638                PROVIDE (__CTOR_LIST__, ABSOLUTE (.))
 *(.ctors)
 *(SORT(.ctors.*))
 .ctors.65535   0x00816638        0x4 /OPT/altera/12.1/tools/nios2eds/bin/gnu/H-i686-pc-linux-gnu/bin/../lib/gcc/nios2-elf/4.1.2/../../../../nios2-elf/lib/libc.a(lib_a-__call_atexit.o)
                0x0081663c                PROVIDE (__CTOR_END__, ABSOLUTE (.))
                0x0081663c                PROVIDE (__DTOR_LIST__, ABSOLUTE (.))
 *(.dtors)
 *(SORT(.dtors.*))
                0x0081663c                PROVIDE (__DTOR_END__, ABSOLUTE (.))
 *(.jcr)
                0x0081663c                . = ALIGN (0x4)

.rodata         0x0081663c      0x630
                0x0081663c                PROVIDE (__ram_rodata_start, ABSOLUTE (.))
                0x0081663c                . = ALIGN (0x4)
 *(.rodata .rodata.* .gnu.linkonce.r.*)
 .rodata        0x0081663c      0x180 obj/default/main.o
 .rodata.str1.4
                0x008167bc        0x2 /OPT/altera/12.1/tools/nios2eds/bin/gnu/H-i686-pc-linux-gnu/bin/../lib/gcc/nios2-elf/4.1.2/../../../../nios2-elf/lib/libc.a(lib_a-puts.o)
                                  0x4 (size before relaxing)
 *fill*         0x008167be        0x2 00
 .rodata.str1.4
                0x008167c0       0x5e /OPT/altera/12.1/tools/nios2eds/bin/gnu/H-i686-pc-linux-gnu/bin/../lib/gcc/nios2-elf/4.1.2/../../../../nios2-elf/lib/libc.a(lib_a-vfprintf.o)
                                 0x60 (size before relaxing)
 .rodata        0x0081681e       0x20 /OPT/altera/12.1/tools/nios2eds/bin/gnu/H-i686-pc-linux-gnu/bin/../lib/gcc/nios2-elf/4.1.2/../../../../nios2-elf/lib/libc.a(lib_a-vfprintf.o)
 *fill*         0x0081683e        0x2 00
 .rodata.str1.4
                0x00816840       0x10 /OPT/altera/12.1/tools/nios2eds/bin/gnu/H-i686-pc-linux-gnu/bin/../lib/gcc/nios2-elf/4.1.2/../../../../nios2-elf/lib/libc.a(lib_a-dtoa.o)
                                 0x14 (size before relaxing)
 .rodata.str1.4
                0x00816850        0x2 /OPT/altera/12.1/tools/nios2eds/bin/gnu/H-i686-pc-linux-gnu/bin/../lib/gcc/nios2-elf/4.1.2/../../../../nios2-elf/lib/libc.a(lib_a-impure.o)
                                  0x4 (size before relaxing)
 *fill*         0x00816852        0x2 00
 .rodata.str1.4
                0x00816854       0x10 /OPT/altera/12.1/tools/nios2eds/bin/gnu/H-i686-pc-linux-gnu/bin/../lib/gcc/nios2-elf/4.1.2/../../../../nios2-elf/lib/libc.a(lib_a-locale.o)
                                 0x18 (size before relaxing)
 .rodata        0x00816864       0x30 /OPT/altera/12.1/tools/nios2eds/bin/gnu/H-i686-pc-linux-gnu/bin/../lib/gcc/nios2-elf/4.1.2/../../../../nios2-elf/lib/libc.a(lib_a-locale.o)
 .rodata        0x00816894      0x124 /OPT/altera/12.1/tools/nios2eds/bin/gnu/H-i686-pc-linux-gnu/bin/../lib/gcc/nios2-elf/4.1.2/../../../../nios2-elf/lib/libc.a(lib_a-mprec.o)
                0x00816894                __mprec_tens
                0x0081695c                __mprec_bigtens
                0x00816984                __mprec_tinytens
 .rodata        0x008169b8       0x14 /OPT/altera/12.1/tools/nios2eds/bin/gnu/H-i686-pc-linux-gnu/bin/../lib/gcc/nios2-elf/4.1.2/libgcc.a(_thenan_df.o)
                0x008169b8                __thenan_df
 .rodata        0x008169cc      0x100 /OPT/altera/12.1/tools/nios2eds/bin/gnu/H-i686-pc-linux-gnu/bin/../lib/gcc/nios2-elf/4.1.2/libgcc.a(_clz.o)
                0x008169cc                __clz_tab
 .rodata        0x00816acc        0xc ../G4Capstone_bsp//libucosii_bsp.a(alt_dev.o)
 .rodata        0x00816ad8       0x14 ../G4Capstone_bsp//libucosii_bsp.a(alt_main.o)
 .rodata        0x00816aec      0x120 ../G4Capstone_bsp//libucosii_bsp.a(os_core.o)
                0x00816aec                OSUnMapTbl
 .rodata        0x00816c0c       0x5c ../G4Capstone_bsp//libucosii_bsp.a(alt_sys_init.o)
 .rodata        0x00816c68        0x4 ../G4Capstone_bsp//libucosii_bsp.a(os_cpu_c.o)
 *(.rodata1)
                0x00816c6c                . = ALIGN (0x4)
                0x00816c6c                PROVIDE (__ram_rodata_end, ABSOLUTE (.))
                0x0081663c                PROVIDE (__flash_rodata_start, LOADADDR (.rodata))

.rwdata         0x00816c6c     0x1b6c load address 0x008187d8
                0x00816c6c                PROVIDE (__ram_rwdata_start, ABSOLUTE (.))
                0x00816c6c                . = ALIGN (0x4)
 *(.got.plt)
 *(.got)
 *(.data1)
 *(.data .data.* .gnu.linkonce.d.*)
 .data          0x00816c6c        0x0 ../G4Capstone_bsp//obj/HAL/src/crt0.o
 .data          0x00816c6c        0x0 obj/default/main.o
 .data          0x00816c6c        0x0 /OPT/altera/12.1/tools/nios2eds/bin/gnu/H-i686-pc-linux-gnu/bin/../lib/gcc/nios2-elf/4.1.2/../../../../nios2-elf/lib/libc.a(lib_a-memset.o)
 .data          0x00816c6c        0x0 /OPT/altera/12.1/tools/nios2eds/bin/gnu/H-i686-pc-linux-gnu/bin/../lib/gcc/nios2-elf/4.1.2/../../../../nios2-elf/lib/libc.a(lib_a-printf.o)
 .data          0x00816c6c        0x0 /OPT/altera/12.1/tools/nios2eds/bin/gnu/H-i686-pc-linux-gnu/bin/../lib/gcc/nios2-elf/4.1.2/../../../../nios2-elf/lib/libc.a(lib_a-puts.o)
 .data          0x00816c6c        0x0 /OPT/altera/12.1/tools/nios2eds/bin/gnu/H-i686-pc-linux-gnu/bin/../lib/gcc/nios2-elf/4.1.2/../../../../nios2-elf/lib/libc.a(lib_a-strlen.o)
 .data          0x00816c6c        0x0 /OPT/altera/12.1/tools/nios2eds/bin/gnu/H-i686-pc-linux-gnu/bin/../lib/gcc/nios2-elf/4.1.2/../../../../nios2-elf/lib/libc.a(lib_a-vfprintf.o)
 .data          0x00816c6c        0x0 /OPT/altera/12.1/tools/nios2eds/bin/gnu/H-i686-pc-linux-gnu/bin/../lib/gcc/nios2-elf/4.1.2/../../../../nios2-elf/lib/libc.a(lib_a-wsetup.o)
 .data          0x00816c6c        0x0 /OPT/altera/12.1/tools/nios2eds/bin/gnu/H-i686-pc-linux-gnu/bin/../lib/gcc/nios2-elf/4.1.2/../../../../nios2-elf/lib/libc.a(lib_a-dtoa.o)
 .data          0x00816c6c        0x0 /OPT/altera/12.1/tools/nios2eds/bin/gnu/H-i686-pc-linux-gnu/bin/../lib/gcc/nios2-elf/4.1.2/../../../../nios2-elf/lib/libc.a(lib_a-fflush.o)
 .data          0x00816c6c        0x0 /OPT/altera/12.1/tools/nios2eds/bin/gnu/H-i686-pc-linux-gnu/bin/../lib/gcc/nios2-elf/4.1.2/../../../../nios2-elf/lib/libc.a(lib_a-findfp.o)
 .data          0x00816c6c        0x0 /OPT/altera/12.1/tools/nios2eds/bin/gnu/H-i686-pc-linux-gnu/bin/../lib/gcc/nios2-elf/4.1.2/../../../../nios2-elf/lib/libc.a(lib_a-freer.o)
 .data          0x00816c6c        0x0 /OPT/altera/12.1/tools/nios2eds/bin/gnu/H-i686-pc-linux-gnu/bin/../lib/gcc/nios2-elf/4.1.2/../../../../nios2-elf/lib/libc.a(lib_a-fvwrite.o)
 .data          0x00816c6c        0x0 /OPT/altera/12.1/tools/nios2eds/bin/gnu/H-i686-pc-linux-gnu/bin/../lib/gcc/nios2-elf/4.1.2/../../../../nios2-elf/lib/libc.a(lib_a-fwalk.o)
 .data          0x00816c6c      0x400 /OPT/altera/12.1/tools/nios2eds/bin/gnu/H-i686-pc-linux-gnu/bin/../lib/gcc/nios2-elf/4.1.2/../../../../nios2-elf/lib/libc.a(lib_a-impure.o)
 .data          0x0081706c        0xc /OPT/altera/12.1/tools/nios2eds/bin/gnu/H-i686-pc-linux-gnu/bin/../lib/gcc/nios2-elf/4.1.2/../../../../nios2-elf/lib/libc.a(lib_a-locale.o)
                0x0081706c                __lc_ctype
 .data          0x00817078        0x0 /OPT/altera/12.1/tools/nios2eds/bin/gnu/H-i686-pc-linux-gnu/bin/../lib/gcc/nios2-elf/4.1.2/../../../../nios2-elf/lib/libc.a(lib_a-makebuf.o)
 .data          0x00817078      0x408 /OPT/altera/12.1/tools/nios2eds/bin/gnu/H-i686-pc-linux-gnu/bin/../lib/gcc/nios2-elf/4.1.2/../../../../nios2-elf/lib/libc.a(lib_a-mallocr.o)
                0x00817078                __malloc_av_
 .data          0x00817480        0x0 /OPT/altera/12.1/tools/nios2eds/bin/gnu/H-i686-pc-linux-gnu/bin/../lib/gcc/nios2-elf/4.1.2/../../../../nios2-elf/lib/libc.a(lib_a-memchr.o)
 .data          0x00817480        0x0 /OPT/altera/12.1/tools/nios2eds/bin/gnu/H-i686-pc-linux-gnu/bin/../lib/gcc/nios2-elf/4.1.2/../../../../nios2-elf/lib/libc.a(lib_a-memcpy.o)
 .data          0x00817480        0x0 /OPT/altera/12.1/tools/nios2eds/bin/gnu/H-i686-pc-linux-gnu/bin/../lib/gcc/nios2-elf/4.1.2/../../../../nios2-elf/lib/libc.a(lib_a-memmove.o)
 .data          0x00817480        0x0 /OPT/altera/12.1/tools/nios2eds/bin/gnu/H-i686-pc-linux-gnu/bin/../lib/gcc/nios2-elf/4.1.2/../../../../nios2-elf/lib/libc.a(lib_a-mprec.o)
 .data          0x00817480        0x0 /OPT/altera/12.1/tools/nios2eds/bin/gnu/H-i686-pc-linux-gnu/bin/../lib/gcc/nios2-elf/4.1.2/../../../../nios2-elf/lib/libc.a(lib_a-reallocr.o)
 .data          0x00817480        0x0 /OPT/altera/12.1/tools/nios2eds/bin/gnu/H-i686-pc-linux-gnu/bin/../lib/gcc/nios2-elf/4.1.2/../../../../nios2-elf/lib/libc.a(lib_a-s_isinfd.o)
 .data          0x00817480        0x0 /OPT/altera/12.1/tools/nios2eds/bin/gnu/H-i686-pc-linux-gnu/bin/../lib/gcc/nios2-elf/4.1.2/../../../../nios2-elf/lib/libc.a(lib_a-s_isnand.o)
 .data          0x00817480        0x0 /OPT/altera/12.1/tools/nios2eds/bin/gnu/H-i686-pc-linux-gnu/bin/../lib/gcc/nios2-elf/4.1.2/../../../../nios2-elf/lib/libc.a(lib_a-sbrkr.o)
 .data          0x00817480        0x0 /OPT/altera/12.1/tools/nios2eds/bin/gnu/H-i686-pc-linux-gnu/bin/../lib/gcc/nios2-elf/4.1.2/../../../../nios2-elf/lib/libc.a(lib_a-stdio.o)
 .data          0x00817480        0x0 /OPT/altera/12.1/tools/nios2eds/bin/gnu/H-i686-pc-linux-gnu/bin/../lib/gcc/nios2-elf/4.1.2/../../../../nios2-elf/lib/libc.a(lib_a-strcmp.o)
 .data          0x00817480        0x0 /OPT/altera/12.1/tools/nios2eds/bin/gnu/H-i686-pc-linux-gnu/bin/../lib/gcc/nios2-elf/4.1.2/../../../../nios2-elf/lib/libc.a(lib_a-writer.o)
 .data          0x00817480        0x0 /OPT/altera/12.1/tools/nios2eds/bin/gnu/H-i686-pc-linux-gnu/bin/../lib/gcc/nios2-elf/4.1.2/../../../../nios2-elf/lib/libc.a(lib_a-callocr.o)
 .data          0x00817480        0x0 /OPT/altera/12.1/tools/nios2eds/bin/gnu/H-i686-pc-linux-gnu/bin/../lib/gcc/nios2-elf/4.1.2/../../../../nios2-elf/lib/libc.a(lib_a-closer.o)
 .data          0x00817480        0x0 /OPT/altera/12.1/tools/nios2eds/bin/gnu/H-i686-pc-linux-gnu/bin/../lib/gcc/nios2-elf/4.1.2/../../../../nios2-elf/lib/libc.a(lib_a-fclose.o)
 .data          0x00817480        0x0 /OPT/altera/12.1/tools/nios2eds/bin/gnu/H-i686-pc-linux-gnu/bin/../lib/gcc/nios2-elf/4.1.2/../../../../nios2-elf/lib/libc.a(lib_a-fstatr.o)
 .data          0x00817480        0x0 /OPT/altera/12.1/tools/nios2eds/bin/gnu/H-i686-pc-linux-gnu/bin/../lib/gcc/nios2-elf/4.1.2/../../../../nios2-elf/lib/libc.a(lib_a-int_errno.o)
 .data          0x00817480        0x0 /OPT/altera/12.1/tools/nios2eds/bin/gnu/H-i686-pc-linux-gnu/bin/../lib/gcc/nios2-elf/4.1.2/../../../../nios2-elf/lib/libc.a(lib_a-isattyr.o)
 .data          0x00817480        0x0 /OPT/altera/12.1/tools/nios2eds/bin/gnu/H-i686-pc-linux-gnu/bin/../lib/gcc/nios2-elf/4.1.2/../../../../nios2-elf/lib/libc.a(lib_a-lseekr.o)
 .data          0x00817480        0x0 /OPT/altera/12.1/tools/nios2eds/bin/gnu/H-i686-pc-linux-gnu/bin/../lib/gcc/nios2-elf/4.1.2/../../../../nios2-elf/lib/libc.a(lib_a-readr.o)
 .data          0x00817480        0x0 /OPT/altera/12.1/tools/nios2eds/bin/gnu/H-i686-pc-linux-gnu/bin/../lib/gcc/nios2-elf/4.1.2/libgcc.a(_udivdi3.o)
 .data          0x00817480        0x0 /OPT/altera/12.1/tools/nios2eds/bin/gnu/H-i686-pc-linux-gnu/bin/../lib/gcc/nios2-elf/4.1.2/libgcc.a(_umoddi3.o)
 .data          0x00817480        0x0 /OPT/altera/12.1/tools/nios2eds/bin/gnu/H-i686-pc-linux-gnu/bin/../lib/gcc/nios2-elf/4.1.2/libgcc.a(_addsub_df.o)
 .data          0x00817480        0x0 /OPT/altera/12.1/tools/nios2eds/bin/gnu/H-i686-pc-linux-gnu/bin/../lib/gcc/nios2-elf/4.1.2/libgcc.a(_mul_df.o)
 .data          0x00817480        0x0 /OPT/altera/12.1/tools/nios2eds/bin/gnu/H-i686-pc-linux-gnu/bin/../lib/gcc/nios2-elf/4.1.2/libgcc.a(_div_df.o)
 .data          0x00817480        0x0 /OPT/altera/12.1/tools/nios2eds/bin/gnu/H-i686-pc-linux-gnu/bin/../lib/gcc/nios2-elf/4.1.2/libgcc.a(_eq_df.o)
 .data          0x00817480        0x0 /OPT/altera/12.1/tools/nios2eds/bin/gnu/H-i686-pc-linux-gnu/bin/../lib/gcc/nios2-elf/4.1.2/libgcc.a(_ne_df.o)
 .data          0x00817480        0x0 /OPT/altera/12.1/tools/nios2eds/bin/gnu/H-i686-pc-linux-gnu/bin/../lib/gcc/nios2-elf/4.1.2/libgcc.a(_gt_df.o)
 .data          0x00817480        0x0 /OPT/altera/12.1/tools/nios2eds/bin/gnu/H-i686-pc-linux-gnu/bin/../lib/gcc/nios2-elf/4.1.2/libgcc.a(_ge_df.o)
 .data          0x00817480        0x0 /OPT/altera/12.1/tools/nios2eds/bin/gnu/H-i686-pc-linux-gnu/bin/../lib/gcc/nios2-elf/4.1.2/libgcc.a(_lt_df.o)
 .data          0x00817480        0x0 /OPT/altera/12.1/tools/nios2eds/bin/gnu/H-i686-pc-linux-gnu/bin/../lib/gcc/nios2-elf/4.1.2/libgcc.a(_si_to_df.o)
 .data          0x00817480        0x0 /OPT/altera/12.1/tools/nios2eds/bin/gnu/H-i686-pc-linux-gnu/bin/../lib/gcc/nios2-elf/4.1.2/libgcc.a(_df_to_si.o)
 .data          0x00817480        0x0 /OPT/altera/12.1/tools/nios2eds/bin/gnu/H-i686-pc-linux-gnu/bin/../lib/gcc/nios2-elf/4.1.2/libgcc.a(_thenan_df.o)
 .data          0x00817480        0x0 /OPT/altera/12.1/tools/nios2eds/bin/gnu/H-i686-pc-linux-gnu/bin/../lib/gcc/nios2-elf/4.1.2/libgcc.a(_usi_to_df.o)
 .data          0x00817480        0x0 /OPT/altera/12.1/tools/nios2eds/bin/gnu/H-i686-pc-linux-gnu/bin/../lib/gcc/nios2-elf/4.1.2/libgcc.a(lib2-divmod.o)
 .data          0x00817480        0x0 /OPT/altera/12.1/tools/nios2eds/bin/gnu/H-i686-pc-linux-gnu/bin/../lib/gcc/nios2-elf/4.1.2/libgcc.a(_muldi3.o)
 .data          0x00817480        0x0 /OPT/altera/12.1/tools/nios2eds/bin/gnu/H-i686-pc-linux-gnu/bin/../lib/gcc/nios2-elf/4.1.2/libgcc.a(_clz.o)
 .data          0x00817480        0x0 /OPT/altera/12.1/tools/nios2eds/bin/gnu/H-i686-pc-linux-gnu/bin/../lib/gcc/nios2-elf/4.1.2/libgcc.a(_clzsi2.o)
 .data          0x00817480        0x0 /OPT/altera/12.1/tools/nios2eds/bin/gnu/H-i686-pc-linux-gnu/bin/../lib/gcc/nios2-elf/4.1.2/libgcc.a(_pack_df.o)
 .data          0x00817480        0x0 /OPT/altera/12.1/tools/nios2eds/bin/gnu/H-i686-pc-linux-gnu/bin/../lib/gcc/nios2-elf/4.1.2/libgcc.a(_unpack_df.o)
 .data          0x00817480        0x0 /OPT/altera/12.1/tools/nios2eds/bin/gnu/H-i686-pc-linux-gnu/bin/../lib/gcc/nios2-elf/4.1.2/libgcc.a(_fpcmp_parts_df.o)
 .data          0x00817480        0x0 ../G4Capstone_bsp//libucosii_bsp.a(alt_close.o)
 .data          0x00817480      0x1a8 ../G4Capstone_bsp//libucosii_bsp.a(alt_dev.o)
                0x00817480                alt_dev_null
                0x008174a8                alt_fd_list
 .data          0x00817628        0x0 ../G4Capstone_bsp//libucosii_bsp.a(alt_errno.o)
 .data          0x00817628        0x0 ../G4Capstone_bsp//libucosii_bsp.a(alt_fstat.o)
 .data          0x00817628        0x0 ../G4Capstone_bsp//libucosii_bsp.a(alt_isatty.o)
 .data          0x00817628        0x0 ../G4Capstone_bsp//libucosii_bsp.a(alt_load.o)
 .data          0x00817628        0x0 ../G4Capstone_bsp//libucosii_bsp.a(alt_lseek.o)
 .data          0x00817628        0x0 ../G4Capstone_bsp//libucosii_bsp.a(alt_main.o)
 .data          0x00817628        0x0 ../G4Capstone_bsp//libucosii_bsp.a(alt_read.o)
 .data          0x00817628        0x0 ../G4Capstone_bsp//libucosii_bsp.a(alt_release_fd.o)
 .data          0x00817628        0x0 ../G4Capstone_bsp//libucosii_bsp.a(alt_sbrk.o)
 .data          0x00817628        0x0 ../G4Capstone_bsp//libucosii_bsp.a(alt_write.o)
 .data          0x00817628        0x0 ../G4Capstone_bsp//libucosii_bsp.a(alt_env_lock.o)
 .data          0x00817628        0x0 ../G4Capstone_bsp//libucosii_bsp.a(alt_malloc_lock.o)
 .data          0x00817628        0x0 ../G4Capstone_bsp//libucosii_bsp.a(os_core.o)
 .data          0x00817628        0x0 ../G4Capstone_bsp//libucosii_bsp.a(os_dbg.o)
 .data          0x00817628        0x0 ../G4Capstone_bsp//libucosii_bsp.a(os_flag.o)
 .data          0x00817628        0x0 ../G4Capstone_bsp//libucosii_bsp.a(os_mem.o)
 .data          0x00817628        0x0 ../G4Capstone_bsp//libucosii_bsp.a(os_q.o)
 .data          0x00817628        0x0 ../G4Capstone_bsp//libucosii_bsp.a(os_sem.o)
 .data          0x00817628        0x0 ../G4Capstone_bsp//libucosii_bsp.a(os_task.o)
 .data          0x00817628        0x0 ../G4Capstone_bsp//libucosii_bsp.a(os_time.o)
 .data          0x00817628     0x10f4 ../G4Capstone_bsp//libucosii_bsp.a(alt_sys_init.o)
 .data          0x0081871c        0x0 ../G4Capstone_bsp//libucosii_bsp.a(altera_avalon_jtag_uart_fd.o)
 .data          0x0081871c        0x0 ../G4Capstone_bsp//libucosii_bsp.a(altera_avalon_jtag_uart_init.o)
 .data          0x0081871c        0x0 ../G4Capstone_bsp//libucosii_bsp.a(altera_avalon_jtag_uart_ioctl.o)
 .data          0x0081871c        0x0 ../G4Capstone_bsp//libucosii_bsp.a(altera_avalon_jtag_uart_read.o)
 .data          0x0081871c        0x0 ../G4Capstone_bsp//libucosii_bsp.a(altera_avalon_jtag_uart_write.o)
 .data          0x0081871c        0x0 ../G4Capstone_bsp//libucosii_bsp.a(altera_avalon_timer_sc.o)
 .data          0x0081871c        0x0 ../G4Capstone_bsp//libucosii_bsp.a(altera_up_avalon_audio_and_video_config.o)
 .data          0x0081871c        0x0 ../G4Capstone_bsp//libucosii_bsp.a(altera_up_avalon_character_lcd.o)
 .data          0x0081871c        0x0 ../G4Capstone_bsp//libucosii_bsp.a(altera_up_avalon_rs232.o)
 .data          0x0081871c        0x0 ../G4Capstone_bsp//libucosii_bsp.a(alt_alarm_start.o)
 .data          0x0081871c        0x0 ../G4Capstone_bsp//libucosii_bsp.a(alt_dcache_flush_all.o)
 .data          0x0081871c        0x0 ../G4Capstone_bsp//libucosii_bsp.a(alt_dev_llist_insert.o)
 .data          0x0081871c        0x0 ../G4Capstone_bsp//libucosii_bsp.a(alt_do_ctors.o)
 .data          0x0081871c        0x0 ../G4Capstone_bsp//libucosii_bsp.a(alt_do_dtors.o)
 .data          0x0081871c        0x0 ../G4Capstone_bsp//libucosii_bsp.a(alt_find_dev.o)
 .data          0x0081871c        0x0 ../G4Capstone_bsp//libucosii_bsp.a(alt_icache_flush_all.o)
 .data          0x0081871c        0x0 ../G4Capstone_bsp//libucosii_bsp.a(alt_io_redirect.o)
 .data          0x0081871c        0x0 ../G4Capstone_bsp//libucosii_bsp.a(alt_irq_register.o)
 .data          0x0081871c        0x0 ../G4Capstone_bsp//libucosii_bsp.a(alt_irq_vars.o)
 .data          0x0081871c        0x0 ../G4Capstone_bsp//libucosii_bsp.a(alt_open.o)
 .data          0x0081871c        0x0 ../G4Capstone_bsp//libucosii_bsp.a(alt_tick.o)
 .data          0x0081871c        0x0 ../G4Capstone_bsp//libucosii_bsp.a(altera_nios2_qsys_irq.o)
 .data          0x0081871c        0x0 ../G4Capstone_bsp//libucosii_bsp.a(os_cpu_a.o)
 .data          0x0081871c        0x0 ../G4Capstone_bsp//libucosii_bsp.a(os_cpu_c.o)
 .data          0x0081871c        0x0 ../G4Capstone_bsp//libucosii_bsp.a(alt_find_file.o)
 .data          0x0081871c        0x0 ../G4Capstone_bsp//libucosii_bsp.a(alt_get_fd.o)
 .data          0x0081871c        0x0 ../G4Capstone_bsp//libucosii_bsp.a(alt_icache_flush.o)
 .data          0x0081871c        0x0 ../G4Capstone_bsp//libucosii_bsp.a(alt_irq_entry.o)
 .data          0x0081871c        0x0 ../G4Capstone_bsp//libucosii_bsp.a(alt_irq_handler.o)
 .data          0x0081871c        0x0 ../G4Capstone_bsp//libucosii_bsp.a(alt_exception_entry.o)
 .data          0x0081871c        0x0 /OPT/altera/12.1/tools/nios2eds/bin/gnu/H-i686-pc-linux-gnu/bin/../lib/gcc/nios2-elf/4.1.2/../../../../nios2-elf/lib/libc.a(lib_a-atexit.o)
 .data          0x0081871c        0x0 /OPT/altera/12.1/tools/nios2eds/bin/gnu/H-i686-pc-linux-gnu/bin/../lib/gcc/nios2-elf/4.1.2/../../../../nios2-elf/lib/libc.a(lib_a-exit.o)
 .data          0x0081871c        0x0 /OPT/altera/12.1/tools/nios2eds/bin/gnu/H-i686-pc-linux-gnu/bin/../lib/gcc/nios2-elf/4.1.2/../../../../nios2-elf/lib/libc.a(lib_a-memcmp.o)
 .data          0x0081871c        0x0 /OPT/altera/12.1/tools/nios2eds/bin/gnu/H-i686-pc-linux-gnu/bin/../lib/gcc/nios2-elf/4.1.2/../../../../nios2-elf/lib/libc.a(lib_a-__atexit.o)
 .data          0x0081871c        0x0 /OPT/altera/12.1/tools/nios2eds/bin/gnu/H-i686-pc-linux-gnu/bin/../lib/gcc/nios2-elf/4.1.2/../../../../nios2-elf/lib/libc.a(lib_a-__call_atexit.o)
 .data          0x0081871c        0x0 ../G4Capstone_bsp//libucosii_bsp.a(alt_exit.o)
                0x0082071c                _gp = ABSOLUTE ((. + 0x8000))
                0x0082071c                PROVIDE (gp, _gp)
 *(.rwdata .rwdata.*)
 *(.sdata .sdata.* .gnu.linkonce.s.*)
 .sdata         0x0081871c        0x8 /OPT/altera/12.1/tools/nios2eds/bin/gnu/H-i686-pc-linux-gnu/bin/../lib/gcc/nios2-elf/4.1.2/../../../../nios2-elf/lib/libc.a(lib_a-impure.o)
                0x0081871c                _impure_ptr
                0x00818720                _global_impure_ptr
 .sdata         0x00818724        0x8 /OPT/altera/12.1/tools/nios2eds/bin/gnu/H-i686-pc-linux-gnu/bin/../lib/gcc/nios2-elf/4.1.2/../../../../nios2-elf/lib/libc.a(lib_a-locale.o)
                0x00818724                __mb_cur_max
 .sdata         0x0081872c        0x8 /OPT/altera/12.1/tools/nios2eds/bin/gnu/H-i686-pc-linux-gnu/bin/../lib/gcc/nios2-elf/4.1.2/../../../../nios2-elf/lib/libc.a(lib_a-mallocr.o)
                0x0081872c                __malloc_trim_threshold
                0x00818730                __malloc_sbrk_base
 .sdata         0x00818734       0x14 ../G4Capstone_bsp//libucosii_bsp.a(alt_dev.o)
                0x00818734                alt_fs_list
                0x0081873c                alt_dev_list
                0x00818744                alt_max_fd
 .sdata         0x00818748        0x4 ../G4Capstone_bsp//libucosii_bsp.a(alt_errno.o)
                0x00818748                alt_errno
 .sdata         0x0081874c        0x4 ../G4Capstone_bsp//libucosii_bsp.a(alt_sbrk.o)
 .sdata         0x00818750        0x4 ../G4Capstone_bsp//libucosii_bsp.a(alt_env_lock.o)
 .sdata         0x00818754        0x4 ../G4Capstone_bsp//libucosii_bsp.a(alt_malloc_lock.o)
 .sdata         0x00818758       0x74 ../G4Capstone_bsp//libucosii_bsp.a(os_dbg.o)
                0x00818758                OSDebugEn
                0x0081875c                OSEndiannessTest
                0x00818760                OSEventEn
                0x00818762                OSEventMax
                0x00818764                OSEventNameSize
                0x00818766                OSEventSize
                0x00818768                OSEventTblSize
                0x0081876a                OSEventMultiEn
                0x0081876c                OSFlagEn
                0x0081876e                OSFlagGrpSize
                0x00818770                OSFlagNodeSize
                0x00818772                OSFlagWidth
                0x00818774                OSFlagMax
                0x00818776                OSFlagNameSize
                0x00818778                OSLowestPrio
                0x0081877a                OSMboxEn
                0x0081877c                OSMemEn
                0x0081877e                OSMemMax
                0x00818780                OSMemNameSize
                0x00818782                OSMemSize
                0x00818784                OSMemTblSize
                0x00818786                OSMutexEn
                0x00818788                OSPtrSize
                0x0081878a                OSQEn
                0x0081878c                OSQMax
                0x0081878e                OSQSize
                0x00818790                OSRdyTblSize
                0x00818792                OSSemEn
                0x00818794                OSStkWidth
                0x00818796                OSTaskCreateEn
                0x00818798                OSTaskCreateExtEn
                0x0081879a                OSTaskDelEn
                0x0081879c                OSTaskIdleStkSize
                0x0081879e                OSTaskProfileEn
                0x008187a0                OSTaskMax
                0x008187a2                OSTaskNameSize
                0x008187a4                OSTaskStatEn
                0x008187a6                OSTaskStatStkSize
                0x008187a8                OSTaskStatStkChkEn
                0x008187aa                OSTaskSwHookEn
                0x008187ac                OSTCBPrioTblMax
                0x008187ae                OSTCBSize
                0x008187b0                OSTicksPerSec
                0x008187b2                OSTimeTickHookEn
                0x008187b4                OSVersionNbr
                0x008187b6                OSTmrEn
                0x008187b8                OSTmrCfgMax
                0x008187ba                OSTmrCfgNameSize
                0x008187bc                OSTmrCfgWheelSize
                0x008187be                OSTmrCfgTicksPerSec
                0x008187c0                OSTmrSize
                0x008187c2                OSTmrTblSize
                0x008187c4                OSTmrWheelSize
                0x008187c6                OSTmrWheelTblSize
                0x008187c8                OSDataSize
 .sdata         0x008187cc        0x4 ../G4Capstone_bsp//libucosii_bsp.a(alt_irq_vars.o)
                0x008187cc                alt_priority_mask
 .sdata         0x008187d0        0x8 ../G4Capstone_bsp//libucosii_bsp.a(alt_tick.o)
                0x008187d0                alt_alarm_list
 *(.sdata2 .sdata2.* .gnu.linkonce.s2.*)
                0x008187d8                . = ALIGN (0x4)
                0x008187d8                _edata = ABSOLUTE (.)
                0x008187d8                PROVIDE (edata, ABSOLUTE (.))
                0x008187d8                PROVIDE (__ram_rwdata_end, ABSOLUTE (.))
                0x008187d8                PROVIDE (__flash_rwdata_start, LOADADDR (.rwdata))

.bss            0x0081a344     0x9578
                0x0081a344                __bss_start = ABSOLUTE (.)
                0x0081a344                PROVIDE (__sbss_start, ABSOLUTE (.))
                0x0081a344                PROVIDE (___sbss_start, ABSOLUTE (.))
 *(.dynsbss)
 *(.sbss .sbss.* .gnu.linkonce.sb.*)
 .sbss          0x0081a344        0x4 obj/default/main.o
                0x0081a344                QUEUE
 .sbss          0x0081a348        0xc /OPT/altera/12.1/tools/nios2eds/bin/gnu/H-i686-pc-linux-gnu/bin/../lib/gcc/nios2-elf/4.1.2/../../../../nios2-elf/lib/libc.a(lib_a-locale.o)
                0x0081a348                __nlocale_changed
                0x0081a34c                __mlocale_changed
                0x0081a350                _PathLocale
 .sbss          0x0081a354        0xc /OPT/altera/12.1/tools/nios2eds/bin/gnu/H-i686-pc-linux-gnu/bin/../lib/gcc/nios2-elf/4.1.2/../../../../nios2-elf/lib/libc.a(lib_a-mallocr.o)
                0x0081a354                __malloc_top_pad
                0x0081a358                __malloc_max_sbrked_mem
                0x0081a35c                __malloc_max_total_mem
 .sbss          0x0081a360        0x4 /OPT/altera/12.1/tools/nios2eds/bin/gnu/H-i686-pc-linux-gnu/bin/../lib/gcc/nios2-elf/4.1.2/../../../../nios2-elf/lib/libc.a(lib_a-int_errno.o)
                0x0081a360                errno
 .sbss          0x0081a364        0x4 ../G4Capstone_bsp//libucosii_bsp.a(alt_dev.o)
                0x0081a364                alt_fd_list_lock
 .sbss          0x0081a368        0xc ../G4Capstone_bsp//libucosii_bsp.a(alt_main.o)
                0x0081a368                alt_argc
                0x0081a36c                alt_argv
                0x0081a370                alt_envp
 .sbss          0x0081a374        0x8 ../G4Capstone_bsp//libucosii_bsp.a(alt_env_lock.o)
                0x0081a378                alt_envsem
 .sbss          0x0081a37c        0x8 ../G4Capstone_bsp//libucosii_bsp.a(alt_malloc_lock.o)
                0x0081a380                alt_heapsem
 .sbss          0x0081a384       0x50 ../G4Capstone_bsp//libucosii_bsp.a(os_core.o)
                0x0081a384                OSLockNesting
                0x0081a385                OSRunning
                0x0081a388                OSIdleCtr
                0x0081a38c                OSPrioHighRdy
                0x0081a38d                OSPrioCur
                0x0081a390                OSTCBList
                0x0081a394                OSTickStepState
                0x0081a398                OSCtxSwCtr
                0x0081a39c                OSIdleCtrMax
                0x0081a3a0                OSTCBFreeList
                0x0081a3a4                OSCPUUsage
                0x0081a3a5                OSTaskCtr
                0x0081a3a8                OSMemFreeList
                0x0081a3ac                OSTCBHighRdy
                0x0081a3b0                OSQFreeList
                0x0081a3b4                OSRdyGrp
                0x0081a3b5                OSRdyTbl
                0x0081a3b8                OSEventFreeList
                0x0081a3bc                OSIntNesting
                0x0081a3c0                OSTCBCur
                0x0081a3c4                OSTime
                0x0081a3c8                OSFlagFreeList
                0x0081a3cc                OSStatRdy
                0x0081a3d0                OSIdleCtrRun
 .sbss          0x0081a3d4        0x4 ../G4Capstone_bsp//libucosii_bsp.a(alt_irq_vars.o)
                0x0081a3d4                alt_irq_active
 .sbss          0x0081a3d8        0x8 ../G4Capstone_bsp//libucosii_bsp.a(alt_tick.o)
                0x0081a3d8                _alt_tick_rate
                0x0081a3dc                _alt_nticks
 *(.sbss2 .sbss2.* .gnu.linkonce.sb2.*)
 *(.scommon)
                0x0081a3e0                PROVIDE (__sbss_end, ABSOLUTE (.))
                0x0081a3e0                PROVIDE (___sbss_end, ABSOLUTE (.))
 *(.dynbss)
 *(.bss .bss.* .gnu.linkonce.b.*)
 .bss           0x0081a3e0        0x0 ../G4Capstone_bsp//obj/HAL/src/crt0.o
 .bss           0x0081a3e0        0x0 obj/default/main.o
 .bss           0x0081a3e0        0x0 /OPT/altera/12.1/tools/nios2eds/bin/gnu/H-i686-pc-linux-gnu/bin/../lib/gcc/nios2-elf/4.1.2/../../../../nios2-elf/lib/libc.a(lib_a-memset.o)
 .bss           0x0081a3e0        0x0 /OPT/altera/12.1/tools/nios2eds/bin/gnu/H-i686-pc-linux-gnu/bin/../lib/gcc/nios2-elf/4.1.2/../../../../nios2-elf/lib/libc.a(lib_a-printf.o)
 .bss           0x0081a3e0        0x0 /OPT/altera/12.1/tools/nios2eds/bin/gnu/H-i686-pc-linux-gnu/bin/../lib/gcc/nios2-elf/4.1.2/../../../../nios2-elf/lib/libc.a(lib_a-puts.o)
 .bss           0x0081a3e0        0x0 /OPT/altera/12.1/tools/nios2eds/bin/gnu/H-i686-pc-linux-gnu/bin/../lib/gcc/nios2-elf/4.1.2/../../../../nios2-elf/lib/libc.a(lib_a-strlen.o)
 .bss           0x0081a3e0        0x0 /OPT/altera/12.1/tools/nios2eds/bin/gnu/H-i686-pc-linux-gnu/bin/../lib/gcc/nios2-elf/4.1.2/../../../../nios2-elf/lib/libc.a(lib_a-vfprintf.o)
 .bss           0x0081a3e0        0x0 /OPT/altera/12.1/tools/nios2eds/bin/gnu/H-i686-pc-linux-gnu/bin/../lib/gcc/nios2-elf/4.1.2/../../../../nios2-elf/lib/libc.a(lib_a-wsetup.o)
 .bss           0x0081a3e0        0x0 /OPT/altera/12.1/tools/nios2eds/bin/gnu/H-i686-pc-linux-gnu/bin/../lib/gcc/nios2-elf/4.1.2/../../../../nios2-elf/lib/libc.a(lib_a-dtoa.o)
 .bss           0x0081a3e0        0x0 /OPT/altera/12.1/tools/nios2eds/bin/gnu/H-i686-pc-linux-gnu/bin/../lib/gcc/nios2-elf/4.1.2/../../../../nios2-elf/lib/libc.a(lib_a-fflush.o)
 .bss           0x0081a3e0        0x0 /OPT/altera/12.1/tools/nios2eds/bin/gnu/H-i686-pc-linux-gnu/bin/../lib/gcc/nios2-elf/4.1.2/../../../../nios2-elf/lib/libc.a(lib_a-findfp.o)
 .bss           0x0081a3e0        0x0 /OPT/altera/12.1/tools/nios2eds/bin/gnu/H-i686-pc-linux-gnu/bin/../lib/gcc/nios2-elf/4.1.2/../../../../nios2-elf/lib/libc.a(lib_a-freer.o)
 .bss           0x0081a3e0        0x0 /OPT/altera/12.1/tools/nios2eds/bin/gnu/H-i686-pc-linux-gnu/bin/../lib/gcc/nios2-elf/4.1.2/../../../../nios2-elf/lib/libc.a(lib_a-fvwrite.o)
 .bss           0x0081a3e0        0x0 /OPT/altera/12.1/tools/nios2eds/bin/gnu/H-i686-pc-linux-gnu/bin/../lib/gcc/nios2-elf/4.1.2/../../../../nios2-elf/lib/libc.a(lib_a-fwalk.o)
 .bss           0x0081a3e0        0x0 /OPT/altera/12.1/tools/nios2eds/bin/gnu/H-i686-pc-linux-gnu/bin/../lib/gcc/nios2-elf/4.1.2/../../../../nios2-elf/lib/libc.a(lib_a-impure.o)
 .bss           0x0081a3e0        0x0 /OPT/altera/12.1/tools/nios2eds/bin/gnu/H-i686-pc-linux-gnu/bin/../lib/gcc/nios2-elf/4.1.2/../../../../nios2-elf/lib/libc.a(lib_a-locale.o)
 .bss           0x0081a3e0        0x0 /OPT/altera/12.1/tools/nios2eds/bin/gnu/H-i686-pc-linux-gnu/bin/../lib/gcc/nios2-elf/4.1.2/../../../../nios2-elf/lib/libc.a(lib_a-makebuf.o)
 .bss           0x0081a3e0       0x28 /OPT/altera/12.1/tools/nios2eds/bin/gnu/H-i686-pc-linux-gnu/bin/../lib/gcc/nios2-elf/4.1.2/../../../../nios2-elf/lib/libc.a(lib_a-mallocr.o)
                0x0081a3e0                __malloc_current_mallinfo
 .bss           0x0081a408        0x0 /OPT/altera/12.1/tools/nios2eds/bin/gnu/H-i686-pc-linux-gnu/bin/../lib/gcc/nios2-elf/4.1.2/../../../../nios2-elf/lib/libc.a(lib_a-memchr.o)
 .bss           0x0081a408        0x0 /OPT/altera/12.1/tools/nios2eds/bin/gnu/H-i686-pc-linux-gnu/bin/../lib/gcc/nios2-elf/4.1.2/../../../../nios2-elf/lib/libc.a(lib_a-memcpy.o)
 .bss           0x0081a408        0x0 /OPT/altera/12.1/tools/nios2eds/bin/gnu/H-i686-pc-linux-gnu/bin/../lib/gcc/nios2-elf/4.1.2/../../../../nios2-elf/lib/libc.a(lib_a-memmove.o)
 .bss           0x0081a408        0x0 /OPT/altera/12.1/tools/nios2eds/bin/gnu/H-i686-pc-linux-gnu/bin/../lib/gcc/nios2-elf/4.1.2/../../../../nios2-elf/lib/libc.a(lib_a-mprec.o)
 .bss           0x0081a408        0x0 /OPT/altera/12.1/tools/nios2eds/bin/gnu/H-i686-pc-linux-gnu/bin/../lib/gcc/nios2-elf/4.1.2/../../../../nios2-elf/lib/libc.a(lib_a-reallocr.o)
 .bss           0x0081a408        0x0 /OPT/altera/12.1/tools/nios2eds/bin/gnu/H-i686-pc-linux-gnu/bin/../lib/gcc/nios2-elf/4.1.2/../../../../nios2-elf/lib/libc.a(lib_a-s_isinfd.o)
 .bss           0x0081a408        0x0 /OPT/altera/12.1/tools/nios2eds/bin/gnu/H-i686-pc-linux-gnu/bin/../lib/gcc/nios2-elf/4.1.2/../../../../nios2-elf/lib/libc.a(lib_a-s_isnand.o)
 .bss           0x0081a408        0x0 /OPT/altera/12.1/tools/nios2eds/bin/gnu/H-i686-pc-linux-gnu/bin/../lib/gcc/nios2-elf/4.1.2/../../../../nios2-elf/lib/libc.a(lib_a-sbrkr.o)
 .bss           0x0081a408        0x0 /OPT/altera/12.1/tools/nios2eds/bin/gnu/H-i686-pc-linux-gnu/bin/../lib/gcc/nios2-elf/4.1.2/../../../../nios2-elf/lib/libc.a(lib_a-stdio.o)
 .bss           0x0081a408        0x0 /OPT/altera/12.1/tools/nios2eds/bin/gnu/H-i686-pc-linux-gnu/bin/../lib/gcc/nios2-elf/4.1.2/../../../../nios2-elf/lib/libc.a(lib_a-strcmp.o)
 .bss           0x0081a408        0x0 /OPT/altera/12.1/tools/nios2eds/bin/gnu/H-i686-pc-linux-gnu/bin/../lib/gcc/nios2-elf/4.1.2/../../../../nios2-elf/lib/libc.a(lib_a-writer.o)
 .bss           0x0081a408        0x0 /OPT/altera/12.1/tools/nios2eds/bin/gnu/H-i686-pc-linux-gnu/bin/../lib/gcc/nios2-elf/4.1.2/../../../../nios2-elf/lib/libc.a(lib_a-callocr.o)
 .bss           0x0081a408        0x0 /OPT/altera/12.1/tools/nios2eds/bin/gnu/H-i686-pc-linux-gnu/bin/../lib/gcc/nios2-elf/4.1.2/../../../../nios2-elf/lib/libc.a(lib_a-closer.o)
 .bss           0x0081a408        0x0 /OPT/altera/12.1/tools/nios2eds/bin/gnu/H-i686-pc-linux-gnu/bin/../lib/gcc/nios2-elf/4.1.2/../../../../nios2-elf/lib/libc.a(lib_a-fclose.o)
 .bss           0x0081a408        0x0 /OPT/altera/12.1/tools/nios2eds/bin/gnu/H-i686-pc-linux-gnu/bin/../lib/gcc/nios2-elf/4.1.2/../../../../nios2-elf/lib/libc.a(lib_a-fstatr.o)
 .bss           0x0081a408        0x0 /OPT/altera/12.1/tools/nios2eds/bin/gnu/H-i686-pc-linux-gnu/bin/../lib/gcc/nios2-elf/4.1.2/../../../../nios2-elf/lib/libc.a(lib_a-int_errno.o)
 .bss           0x0081a408        0x0 /OPT/altera/12.1/tools/nios2eds/bin/gnu/H-i686-pc-linux-gnu/bin/../lib/gcc/nios2-elf/4.1.2/../../../../nios2-elf/lib/libc.a(lib_a-isattyr.o)
 .bss           0x0081a408        0x0 /OPT/altera/12.1/tools/nios2eds/bin/gnu/H-i686-pc-linux-gnu/bin/../lib/gcc/nios2-elf/4.1.2/../../../../nios2-elf/lib/libc.a(lib_a-lseekr.o)
 .bss           0x0081a408        0x0 /OPT/altera/12.1/tools/nios2eds/bin/gnu/H-i686-pc-linux-gnu/bin/../lib/gcc/nios2-elf/4.1.2/../../../../nios2-elf/lib/libc.a(lib_a-readr.o)
 .bss           0x0081a408        0x0 /OPT/altera/12.1/tools/nios2eds/bin/gnu/H-i686-pc-linux-gnu/bin/../lib/gcc/nios2-elf/4.1.2/libgcc.a(_udivdi3.o)
 .bss           0x0081a408        0x0 /OPT/altera/12.1/tools/nios2eds/bin/gnu/H-i686-pc-linux-gnu/bin/../lib/gcc/nios2-elf/4.1.2/libgcc.a(_umoddi3.o)
 .bss           0x0081a408        0x0 /OPT/altera/12.1/tools/nios2eds/bin/gnu/H-i686-pc-linux-gnu/bin/../lib/gcc/nios2-elf/4.1.2/libgcc.a(_addsub_df.o)
 .bss           0x0081a408        0x0 /OPT/altera/12.1/tools/nios2eds/bin/gnu/H-i686-pc-linux-gnu/bin/../lib/gcc/nios2-elf/4.1.2/libgcc.a(_mul_df.o)
 .bss           0x0081a408        0x0 /OPT/altera/12.1/tools/nios2eds/bin/gnu/H-i686-pc-linux-gnu/bin/../lib/gcc/nios2-elf/4.1.2/libgcc.a(_div_df.o)
 .bss           0x0081a408        0x0 /OPT/altera/12.1/tools/nios2eds/bin/gnu/H-i686-pc-linux-gnu/bin/../lib/gcc/nios2-elf/4.1.2/libgcc.a(_eq_df.o)
 .bss           0x0081a408        0x0 /OPT/altera/12.1/tools/nios2eds/bin/gnu/H-i686-pc-linux-gnu/bin/../lib/gcc/nios2-elf/4.1.2/libgcc.a(_ne_df.o)
 .bss           0x0081a408        0x0 /OPT/altera/12.1/tools/nios2eds/bin/gnu/H-i686-pc-linux-gnu/bin/../lib/gcc/nios2-elf/4.1.2/libgcc.a(_gt_df.o)
 .bss           0x0081a408        0x0 /OPT/altera/12.1/tools/nios2eds/bin/gnu/H-i686-pc-linux-gnu/bin/../lib/gcc/nios2-elf/4.1.2/libgcc.a(_ge_df.o)
 .bss           0x0081a408        0x0 /OPT/altera/12.1/tools/nios2eds/bin/gnu/H-i686-pc-linux-gnu/bin/../lib/gcc/nios2-elf/4.1.2/libgcc.a(_lt_df.o)
 .bss           0x0081a408        0x0 /OPT/altera/12.1/tools/nios2eds/bin/gnu/H-i686-pc-linux-gnu/bin/../lib/gcc/nios2-elf/4.1.2/libgcc.a(_si_to_df.o)
 .bss           0x0081a408        0x0 /OPT/altera/12.1/tools/nios2eds/bin/gnu/H-i686-pc-linux-gnu/bin/../lib/gcc/nios2-elf/4.1.2/libgcc.a(_df_to_si.o)
 .bss           0x0081a408        0x0 /OPT/altera/12.1/tools/nios2eds/bin/gnu/H-i686-pc-linux-gnu/bin/../lib/gcc/nios2-elf/4.1.2/libgcc.a(_thenan_df.o)
 .bss           0x0081a408        0x0 /OPT/altera/12.1/tools/nios2eds/bin/gnu/H-i686-pc-linux-gnu/bin/../lib/gcc/nios2-elf/4.1.2/libgcc.a(_usi_to_df.o)
 .bss           0x0081a408        0x0 /OPT/altera/12.1/tools/nios2eds/bin/gnu/H-i686-pc-linux-gnu/bin/../lib/gcc/nios2-elf/4.1.2/libgcc.a(lib2-divmod.o)
 .bss           0x0081a408        0x0 /OPT/altera/12.1/tools/nios2eds/bin/gnu/H-i686-pc-linux-gnu/bin/../lib/gcc/nios2-elf/4.1.2/libgcc.a(_muldi3.o)
 .bss           0x0081a408        0x0 /OPT/altera/12.1/tools/nios2eds/bin/gnu/H-i686-pc-linux-gnu/bin/../lib/gcc/nios2-elf/4.1.2/libgcc.a(_clz.o)
 .bss           0x0081a408        0x0 /OPT/altera/12.1/tools/nios2eds/bin/gnu/H-i686-pc-linux-gnu/bin/../lib/gcc/nios2-elf/4.1.2/libgcc.a(_clzsi2.o)
 .bss           0x0081a408        0x0 /OPT/altera/12.1/tools/nios2eds/bin/gnu/H-i686-pc-linux-gnu/bin/../lib/gcc/nios2-elf/4.1.2/libgcc.a(_pack_df.o)
 .bss           0x0081a408        0x0 /OPT/altera/12.1/tools/nios2eds/bin/gnu/H-i686-pc-linux-gnu/bin/../lib/gcc/nios2-elf/4.1.2/libgcc.a(_unpack_df.o)
 .bss           0x0081a408        0x0 /OPT/altera/12.1/tools/nios2eds/bin/gnu/H-i686-pc-linux-gnu/bin/../lib/gcc/nios2-elf/4.1.2/libgcc.a(_fpcmp_parts_df.o)
 .bss           0x0081a408        0x0 ../G4Capstone_bsp//libucosii_bsp.a(alt_close.o)
 .bss           0x0081a408        0x0 ../G4Capstone_bsp//libucosii_bsp.a(alt_dev.o)
 .bss           0x0081a408        0x0 ../G4Capstone_bsp//libucosii_bsp.a(alt_errno.o)
 .bss           0x0081a408        0x0 ../G4Capstone_bsp//libucosii_bsp.a(alt_fstat.o)
 .bss           0x0081a408        0x0 ../G4Capstone_bsp//libucosii_bsp.a(alt_isatty.o)
 .bss           0x0081a408        0x0 ../G4Capstone_bsp//libucosii_bsp.a(alt_load.o)
 .bss           0x0081a408        0x0 ../G4Capstone_bsp//libucosii_bsp.a(alt_lseek.o)
 .bss           0x0081a408        0x0 ../G4Capstone_bsp//libucosii_bsp.a(alt_main.o)
 .bss           0x0081a408        0x0 ../G4Capstone_bsp//libucosii_bsp.a(alt_read.o)
 .bss           0x0081a408        0x0 ../G4Capstone_bsp//libucosii_bsp.a(alt_release_fd.o)
 .bss           0x0081a408        0x0 ../G4Capstone_bsp//libucosii_bsp.a(alt_sbrk.o)
 .bss           0x0081a408        0x0 ../G4Capstone_bsp//libucosii_bsp.a(alt_write.o)
 .bss           0x0081a408        0x0 ../G4Capstone_bsp//libucosii_bsp.a(alt_env_lock.o)
 .bss           0x0081a408        0x0 ../G4Capstone_bsp//libucosii_bsp.a(alt_malloc_lock.o)
 .bss           0x0081a408        0x0 ../G4Capstone_bsp//libucosii_bsp.a(os_core.o)
 .bss           0x0081a408        0x0 ../G4Capstone_bsp//libucosii_bsp.a(os_dbg.o)
 .bss           0x0081a408        0x0 ../G4Capstone_bsp//libucosii_bsp.a(os_flag.o)
 .bss           0x0081a408        0x0 ../G4Capstone_bsp//libucosii_bsp.a(os_mem.o)
 .bss           0x0081a408        0x0 ../G4Capstone_bsp//libucosii_bsp.a(os_q.o)
 .bss           0x0081a408        0x0 ../G4Capstone_bsp//libucosii_bsp.a(os_sem.o)
 .bss           0x0081a408        0x0 ../G4Capstone_bsp//libucosii_bsp.a(os_task.o)
 .bss           0x0081a408        0x0 ../G4Capstone_bsp//libucosii_bsp.a(os_time.o)
 .bss           0x0081a408        0x0 ../G4Capstone_bsp//libucosii_bsp.a(alt_sys_init.o)
 .bss           0x0081a408        0x0 ../G4Capstone_bsp//libucosii_bsp.a(altera_avalon_jtag_uart_fd.o)
 .bss           0x0081a408        0x0 ../G4Capstone_bsp//libucosii_bsp.a(altera_avalon_jtag_uart_init.o)
 .bss           0x0081a408        0x0 ../G4Capstone_bsp//libucosii_bsp.a(altera_avalon_jtag_uart_ioctl.o)
 .bss           0x0081a408        0x0 ../G4Capstone_bsp//libucosii_bsp.a(altera_avalon_jtag_uart_read.o)
 .bss           0x0081a408        0x0 ../G4Capstone_bsp//libucosii_bsp.a(altera_avalon_jtag_uart_write.o)
 .bss           0x0081a408        0x0 ../G4Capstone_bsp//libucosii_bsp.a(altera_avalon_timer_sc.o)
 .bss           0x0081a408        0x0 ../G4Capstone_bsp//libucosii_bsp.a(altera_up_avalon_audio_and_video_config.o)
 .bss           0x0081a408        0x0 ../G4Capstone_bsp//libucosii_bsp.a(altera_up_avalon_character_lcd.o)
 .bss           0x0081a408        0x0 ../G4Capstone_bsp//libucosii_bsp.a(altera_up_avalon_rs232.o)
 .bss           0x0081a408        0x0 ../G4Capstone_bsp//libucosii_bsp.a(alt_alarm_start.o)
 .bss           0x0081a408        0x0 ../G4Capstone_bsp//libucosii_bsp.a(alt_dcache_flush_all.o)
 .bss           0x0081a408        0x0 ../G4Capstone_bsp//libucosii_bsp.a(alt_dev_llist_insert.o)
 .bss           0x0081a408        0x0 ../G4Capstone_bsp//libucosii_bsp.a(alt_do_ctors.o)
 .bss           0x0081a408        0x0 ../G4Capstone_bsp//libucosii_bsp.a(alt_do_dtors.o)
 .bss           0x0081a408        0x0 ../G4Capstone_bsp//libucosii_bsp.a(alt_find_dev.o)
 .bss           0x0081a408        0x0 ../G4Capstone_bsp//libucosii_bsp.a(alt_icache_flush_all.o)
 .bss           0x0081a408        0x0 ../G4Capstone_bsp//libucosii_bsp.a(alt_io_redirect.o)
 .bss           0x0081a408        0x0 ../G4Capstone_bsp//libucosii_bsp.a(alt_irq_register.o)
 .bss           0x0081a408        0x0 ../G4Capstone_bsp//libucosii_bsp.a(alt_irq_vars.o)
 .bss           0x0081a408        0x0 ../G4Capstone_bsp//libucosii_bsp.a(alt_open.o)
 .bss           0x0081a408        0x0 ../G4Capstone_bsp//libucosii_bsp.a(alt_tick.o)
 .bss           0x0081a408        0x0 ../G4Capstone_bsp//libucosii_bsp.a(altera_nios2_qsys_irq.o)
 .bss           0x0081a408        0x0 ../G4Capstone_bsp//libucosii_bsp.a(os_cpu_a.o)
 .bss           0x0081a408        0x0 ../G4Capstone_bsp//libucosii_bsp.a(os_cpu_c.o)
 .bss           0x0081a408        0x0 ../G4Capstone_bsp//libucosii_bsp.a(alt_find_file.o)
 .bss           0x0081a408        0x0 ../G4Capstone_bsp//libucosii_bsp.a(alt_get_fd.o)
 .bss           0x0081a408        0x0 ../G4Capstone_bsp//libucosii_bsp.a(alt_icache_flush.o)
 .bss           0x0081a408        0x0 ../G4Capstone_bsp//libucosii_bsp.a(alt_irq_entry.o)
 .bss           0x0081a408        0x0 ../G4Capstone_bsp//libucosii_bsp.a(alt_irq_handler.o)
 .bss           0x0081a408        0x0 ../G4Capstone_bsp//libucosii_bsp.a(alt_exception_entry.o)
 .bss           0x0081a408        0x0 /OPT/altera/12.1/tools/nios2eds/bin/gnu/H-i686-pc-linux-gnu/bin/../lib/gcc/nios2-elf/4.1.2/../../../../nios2-elf/lib/libc.a(lib_a-atexit.o)
 .bss           0x0081a408        0x0 /OPT/altera/12.1/tools/nios2eds/bin/gnu/H-i686-pc-linux-gnu/bin/../lib/gcc/nios2-elf/4.1.2/../../../../nios2-elf/lib/libc.a(lib_a-exit.o)
 .bss           0x0081a408        0x0 /OPT/altera/12.1/tools/nios2eds/bin/gnu/H-i686-pc-linux-gnu/bin/../lib/gcc/nios2-elf/4.1.2/../../../../nios2-elf/lib/libc.a(lib_a-memcmp.o)
 .bss           0x0081a408        0x0 /OPT/altera/12.1/tools/nios2eds/bin/gnu/H-i686-pc-linux-gnu/bin/../lib/gcc/nios2-elf/4.1.2/../../../../nios2-elf/lib/libc.a(lib_a-__atexit.o)
 .bss           0x0081a408        0x0 /OPT/altera/12.1/tools/nios2eds/bin/gnu/H-i686-pc-linux-gnu/bin/../lib/gcc/nios2-elf/4.1.2/../../../../nios2-elf/lib/libc.a(lib_a-__call_atexit.o)
 .bss           0x0081a408        0x0 ../G4Capstone_bsp//libucosii_bsp.a(alt_exit.o)
 *(COMMON)
 COMMON         0x0081a408     0x6000 obj/default/main.o
                0x0081a408                AudioTask_stk
                0x0081c408                uart_stk
                0x0081e408                LCDTask_stk
 COMMON         0x00820408     0x3224 ../G4Capstone_bsp//libucosii_bsp.a(os_core.o)
                0x00820408                OSFlagTbl
                0x00820778                OSMemTbl
                0x008213a8                OSTaskStatStk
                0x00821ba8                OSQTbl
                0x00821d88                OSTaskIdleStk
                0x00822588                OSEventTbl
                0x008230c8                OSTCBTbl
                0x008235d8                OSTCBPrioTbl
 COMMON         0x0082362c      0x100 ../G4Capstone_bsp//libucosii_bsp.a(alt_irq_handler.o)
                0x0082362c                alt_irq
 COMMON         0x0082372c      0x190 /OPT/altera/12.1/tools/nios2eds/bin/gnu/H-i686-pc-linux-gnu/bin/../lib/gcc/nios2-elf/4.1.2/../../../../nios2-elf/lib/libc.a(lib_a-atexit.o)
                0x0082372c                _atexit0
                0x008238bc                . = ALIGN (0x4)
                0x008238bc                __bss_end = ABSOLUTE (.)

.sdram_0        0x008238bc        0x0
                0x008238bc                PROVIDE (_alt_partition_sdram_0_start, ABSOLUTE (.))
 *(.sdram_0. sdram_0.*)
                0x008238bc                . = ALIGN (0x4)
                0x008238bc                PROVIDE (_alt_partition_sdram_0_end, ABSOLUTE (.))
                0x008238bc                _end = ABSOLUTE (.)
                0x008238bc                end = ABSOLUTE (.)
                0x008238bc                __alt_stack_base = ABSOLUTE (.)
                0x008238bc                PROVIDE (_alt_partition_sdram_0_load_addr, LOADADDR (.sdram_0))

.sram_0         0x01080000        0x0 load address 0x008238bc
                0x01080000                PROVIDE (_alt_partition_sram_0_start, ABSOLUTE (.))
 *(.sram_0. sram_0.*)
                0x01080000                . = ALIGN (0x4)
                0x01080000                PROVIDE (_alt_partition_sram_0_end, ABSOLUTE (.))
                0x008238bc                PROVIDE (_alt_partition_sram_0_load_addr, LOADADDR (.sram_0))

.onchip_memory2_0
                0x011041c0        0x0 load address 0x008238bc
                0x011041c0                PROVIDE (_alt_partition_onchip_memory2_0_start, ABSOLUTE (.))
 *(.onchip_memory2_0. onchip_memory2_0.*)
                0x011041c0                . = ALIGN (0x4)
                0x011041c0                PROVIDE (_alt_partition_onchip_memory2_0_end, ABSOLUTE (.))
                0x008238bc                PROVIDE (_alt_partition_onchip_memory2_0_load_addr, LOADADDR (.onchip_memory2_0))

.stab
 *(.stab)

.stabstr
 *(.stabstr)

.stab.excl
 *(.stab.excl)

.stab.exclstr
 *(.stab.exclstr)

.stab.index
 *(.stab.index)

.stab.indexstr
 *(.stab.indexstr)

.comment        0x00000000       0x26
 *(.comment)
 .comment       0x00000000       0x26 obj/default/main.o
                                 0x27 (size before relaxing)
 .comment       0x00000000       0x27 /OPT/altera/12.1/tools/nios2eds/bin/gnu/H-i686-pc-linux-gnu/bin/../lib/gcc/nios2-elf/4.1.2/../../../../nios2-elf/lib/libc.a(lib_a-memset.o)
 .comment       0x00000000       0x27 /OPT/altera/12.1/tools/nios2eds/bin/gnu/H-i686-pc-linux-gnu/bin/../lib/gcc/nios2-elf/4.1.2/../../../../nios2-elf/lib/libc.a(lib_a-printf.o)
 .comment       0x00000000       0x27 /OPT/altera/12.1/tools/nios2eds/bin/gnu/H-i686-pc-linux-gnu/bin/../lib/gcc/nios2-elf/4.1.2/../../../../nios2-elf/lib/libc.a(lib_a-puts.o)
 .comment       0x00000000       0x27 /OPT/altera/12.1/tools/nios2eds/bin/gnu/H-i686-pc-linux-gnu/bin/../lib/gcc/nios2-elf/4.1.2/../../../../nios2-elf/lib/libc.a(lib_a-strlen.o)
 .comment       0x00000000       0x27 /OPT/altera/12.1/tools/nios2eds/bin/gnu/H-i686-pc-linux-gnu/bin/../lib/gcc/nios2-elf/4.1.2/../../../../nios2-elf/lib/libc.a(lib_a-vfprintf.o)
 .comment       0x00000000       0x27 /OPT/altera/12.1/tools/nios2eds/bin/gnu/H-i686-pc-linux-gnu/bin/../lib/gcc/nios2-elf/4.1.2/../../../../nios2-elf/lib/libc.a(lib_a-wsetup.o)
 .comment       0x00000000       0x27 /OPT/altera/12.1/tools/nios2eds/bin/gnu/H-i686-pc-linux-gnu/bin/../lib/gcc/nios2-elf/4.1.2/../../../../nios2-elf/lib/libc.a(lib_a-dtoa.o)
 .comment       0x00000000       0x27 /OPT/altera/12.1/tools/nios2eds/bin/gnu/H-i686-pc-linux-gnu/bin/../lib/gcc/nios2-elf/4.1.2/../../../../nios2-elf/lib/libc.a(lib_a-fflush.o)
 .comment       0x00000000       0x27 /OPT/altera/12.1/tools/nios2eds/bin/gnu/H-i686-pc-linux-gnu/bin/../lib/gcc/nios2-elf/4.1.2/../../../../nios2-elf/lib/libc.a(lib_a-findfp.o)
 .comment       0x00000000       0x27 /OPT/altera/12.1/tools/nios2eds/bin/gnu/H-i686-pc-linux-gnu/bin/../lib/gcc/nios2-elf/4.1.2/../../../../nios2-elf/lib/libc.a(lib_a-freer.o)
 .comment       0x00000000       0x27 /OPT/altera/12.1/tools/nios2eds/bin/gnu/H-i686-pc-linux-gnu/bin/../lib/gcc/nios2-elf/4.1.2/../../../../nios2-elf/lib/libc.a(lib_a-fvwrite.o)
 .comment       0x00000000       0x27 /OPT/altera/12.1/tools/nios2eds/bin/gnu/H-i686-pc-linux-gnu/bin/../lib/gcc/nios2-elf/4.1.2/../../../../nios2-elf/lib/libc.a(lib_a-fwalk.o)
 .comment       0x00000000       0x27 /OPT/altera/12.1/tools/nios2eds/bin/gnu/H-i686-pc-linux-gnu/bin/../lib/gcc/nios2-elf/4.1.2/../../../../nios2-elf/lib/libc.a(lib_a-impure.o)
 .comment       0x00000000       0x27 /OPT/altera/12.1/tools/nios2eds/bin/gnu/H-i686-pc-linux-gnu/bin/../lib/gcc/nios2-elf/4.1.2/../../../../nios2-elf/lib/libc.a(lib_a-locale.o)
 .comment       0x00000000       0x27 /OPT/altera/12.1/tools/nios2eds/bin/gnu/H-i686-pc-linux-gnu/bin/../lib/gcc/nios2-elf/4.1.2/../../../../nios2-elf/lib/libc.a(lib_a-makebuf.o)
 .comment       0x00000000       0x27 /OPT/altera/12.1/tools/nios2eds/bin/gnu/H-i686-pc-linux-gnu/bin/../lib/gcc/nios2-elf/4.1.2/../../../../nios2-elf/lib/libc.a(lib_a-mallocr.o)
 .comment       0x00000000       0x27 /OPT/altera/12.1/tools/nios2eds/bin/gnu/H-i686-pc-linux-gnu/bin/../lib/gcc/nios2-elf/4.1.2/../../../../nios2-elf/lib/libc.a(lib_a-memchr.o)
 .comment       0x00000000       0x27 /OPT/altera/12.1/tools/nios2eds/bin/gnu/H-i686-pc-linux-gnu/bin/../lib/gcc/nios2-elf/4.1.2/../../../../nios2-elf/lib/libc.a(lib_a-memcpy.o)
 .comment       0x00000000       0x27 /OPT/altera/12.1/tools/nios2eds/bin/gnu/H-i686-pc-linux-gnu/bin/../lib/gcc/nios2-elf/4.1.2/../../../../nios2-elf/lib/libc.a(lib_a-memmove.o)
 .comment       0x00000000       0x27 /OPT/altera/12.1/tools/nios2eds/bin/gnu/H-i686-pc-linux-gnu/bin/../lib/gcc/nios2-elf/4.1.2/../../../../nios2-elf/lib/libc.a(lib_a-mprec.o)
 .comment       0x00000000       0x27 /OPT/altera/12.1/tools/nios2eds/bin/gnu/H-i686-pc-linux-gnu/bin/../lib/gcc/nios2-elf/4.1.2/../../../../nios2-elf/lib/libc.a(lib_a-reallocr.o)
 .comment       0x00000000       0x27 /OPT/altera/12.1/tools/nios2eds/bin/gnu/H-i686-pc-linux-gnu/bin/../lib/gcc/nios2-elf/4.1.2/../../../../nios2-elf/lib/libc.a(lib_a-s_isinfd.o)
 .comment       0x00000000       0x27 /OPT/altera/12.1/tools/nios2eds/bin/gnu/H-i686-pc-linux-gnu/bin/../lib/gcc/nios2-elf/4.1.2/../../../../nios2-elf/lib/libc.a(lib_a-s_isnand.o)
 .comment       0x00000000       0x27 /OPT/altera/12.1/tools/nios2eds/bin/gnu/H-i686-pc-linux-gnu/bin/../lib/gcc/nios2-elf/4.1.2/../../../../nios2-elf/lib/libc.a(lib_a-sbrkr.o)
 .comment       0x00000000       0x27 /OPT/altera/12.1/tools/nios2eds/bin/gnu/H-i686-pc-linux-gnu/bin/../lib/gcc/nios2-elf/4.1.2/../../../../nios2-elf/lib/libc.a(lib_a-stdio.o)
 .comment       0x00000000       0x27 /OPT/altera/12.1/tools/nios2eds/bin/gnu/H-i686-pc-linux-gnu/bin/../lib/gcc/nios2-elf/4.1.2/../../../../nios2-elf/lib/libc.a(lib_a-strcmp.o)
 .comment       0x00000000       0x27 /OPT/altera/12.1/tools/nios2eds/bin/gnu/H-i686-pc-linux-gnu/bin/../lib/gcc/nios2-elf/4.1.2/../../../../nios2-elf/lib/libc.a(lib_a-writer.o)
 .comment       0x00000000       0x27 /OPT/altera/12.1/tools/nios2eds/bin/gnu/H-i686-pc-linux-gnu/bin/../lib/gcc/nios2-elf/4.1.2/../../../../nios2-elf/lib/libc.a(lib_a-callocr.o)
 .comment       0x00000000       0x27 /OPT/altera/12.1/tools/nios2eds/bin/gnu/H-i686-pc-linux-gnu/bin/../lib/gcc/nios2-elf/4.1.2/../../../../nios2-elf/lib/libc.a(lib_a-closer.o)
 .comment       0x00000000       0x27 /OPT/altera/12.1/tools/nios2eds/bin/gnu/H-i686-pc-linux-gnu/bin/../lib/gcc/nios2-elf/4.1.2/../../../../nios2-elf/lib/libc.a(lib_a-fclose.o)
 .comment       0x00000000       0x27 /OPT/altera/12.1/tools/nios2eds/bin/gnu/H-i686-pc-linux-gnu/bin/../lib/gcc/nios2-elf/4.1.2/../../../../nios2-elf/lib/libc.a(lib_a-fstatr.o)
 .comment       0x00000000       0x27 /OPT/altera/12.1/tools/nios2eds/bin/gnu/H-i686-pc-linux-gnu/bin/../lib/gcc/nios2-elf/4.1.2/../../../../nios2-elf/lib/libc.a(lib_a-int_errno.o)
 .comment       0x00000000       0x27 /OPT/altera/12.1/tools/nios2eds/bin/gnu/H-i686-pc-linux-gnu/bin/../lib/gcc/nios2-elf/4.1.2/../../../../nios2-elf/lib/libc.a(lib_a-isattyr.o)
 .comment       0x00000000       0x27 /OPT/altera/12.1/tools/nios2eds/bin/gnu/H-i686-pc-linux-gnu/bin/../lib/gcc/nios2-elf/4.1.2/../../../../nios2-elf/lib/libc.a(lib_a-lseekr.o)
 .comment       0x00000000       0x27 /OPT/altera/12.1/tools/nios2eds/bin/gnu/H-i686-pc-linux-gnu/bin/../lib/gcc/nios2-elf/4.1.2/../../../../nios2-elf/lib/libc.a(lib_a-readr.o)
 .comment       0x00000000       0x27 /OPT/altera/12.1/tools/nios2eds/bin/gnu/H-i686-pc-linux-gnu/bin/../lib/gcc/nios2-elf/4.1.2/libgcc.a(_udivdi3.o)
 .comment       0x00000000       0x27 /OPT/altera/12.1/tools/nios2eds/bin/gnu/H-i686-pc-linux-gnu/bin/../lib/gcc/nios2-elf/4.1.2/libgcc.a(_umoddi3.o)
 .comment       0x00000000       0x27 /OPT/altera/12.1/tools/nios2eds/bin/gnu/H-i686-pc-linux-gnu/bin/../lib/gcc/nios2-elf/4.1.2/libgcc.a(_addsub_df.o)
 .comment       0x00000000       0x27 /OPT/altera/12.1/tools/nios2eds/bin/gnu/H-i686-pc-linux-gnu/bin/../lib/gcc/nios2-elf/4.1.2/libgcc.a(_mul_df.o)
 .comment       0x00000000       0x27 /OPT/altera/12.1/tools/nios2eds/bin/gnu/H-i686-pc-linux-gnu/bin/../lib/gcc/nios2-elf/4.1.2/libgcc.a(_div_df.o)
 .comment       0x00000000       0x27 /OPT/altera/12.1/tools/nios2eds/bin/gnu/H-i686-pc-linux-gnu/bin/../lib/gcc/nios2-elf/4.1.2/libgcc.a(_eq_df.o)
 .comment       0x00000000       0x27 /OPT/altera/12.1/tools/nios2eds/bin/gnu/H-i686-pc-linux-gnu/bin/../lib/gcc/nios2-elf/4.1.2/libgcc.a(_ne_df.o)
 .comment       0x00000000       0x27 /OPT/altera/12.1/tools/nios2eds/bin/gnu/H-i686-pc-linux-gnu/bin/../lib/gcc/nios2-elf/4.1.2/libgcc.a(_gt_df.o)
 .comment       0x00000000       0x27 /OPT/altera/12.1/tools/nios2eds/bin/gnu/H-i686-pc-linux-gnu/bin/../lib/gcc/nios2-elf/4.1.2/libgcc.a(_ge_df.o)
 .comment       0x00000000       0x27 /OPT/altera/12.1/tools/nios2eds/bin/gnu/H-i686-pc-linux-gnu/bin/../lib/gcc/nios2-elf/4.1.2/libgcc.a(_lt_df.o)
 .comment       0x00000000       0x27 /OPT/altera/12.1/tools/nios2eds/bin/gnu/H-i686-pc-linux-gnu/bin/../lib/gcc/nios2-elf/4.1.2/libgcc.a(_si_to_df.o)
 .comment       0x00000000       0x27 /OPT/altera/12.1/tools/nios2eds/bin/gnu/H-i686-pc-linux-gnu/bin/../lib/gcc/nios2-elf/4.1.2/libgcc.a(_df_to_si.o)
 .comment       0x00000000       0x27 /OPT/altera/12.1/tools/nios2eds/bin/gnu/H-i686-pc-linux-gnu/bin/../lib/gcc/nios2-elf/4.1.2/libgcc.a(_thenan_df.o)
 .comment       0x00000000       0x27 /OPT/altera/12.1/tools/nios2eds/bin/gnu/H-i686-pc-linux-gnu/bin/../lib/gcc/nios2-elf/4.1.2/libgcc.a(_usi_to_df.o)
 .comment       0x00000000       0x27 /OPT/altera/12.1/tools/nios2eds/bin/gnu/H-i686-pc-linux-gnu/bin/../lib/gcc/nios2-elf/4.1.2/libgcc.a(lib2-divmod.o)
 .comment       0x00000000       0x27 /OPT/altera/12.1/tools/nios2eds/bin/gnu/H-i686-pc-linux-gnu/bin/../lib/gcc/nios2-elf/4.1.2/libgcc.a(_muldi3.o)