Archive member included because of file (symbol)

/OPT/altera/12.1/tools/nios2eds/bin/gnu/H-i686-pc-linux-gnu/bin/../lib/gcc/nios2-elf/4.1.2/../../../../nios2-elf/lib/libc.a(lib_a-printf.o)
                              obj/default/main.o (printf)
/OPT/altera/12.1/tools/nios2eds/bin/gnu/H-i686-pc-linux-gnu/bin/../lib/gcc/nios2-elf/4.1.2/../../../../nios2-elf/lib/libc.a(lib_a-puts.o)
                              obj/default/main.o (puts)
/OPT/altera/12.1/tools/nios2eds/bin/gnu/H-i686-pc-linux-gnu/bin/../lib/gcc/nios2-elf/4.1.2/../../../../nios2-elf/lib/libc.a(lib_a-strlen.o)
                              /OPT/altera/12.1/tools/nios2eds/bin/gnu/H-i686-pc-linux-gnu/bin/../lib/gcc/nios2-elf/4.1.2/../../../../nios2-elf/lib/libc.a(lib_a-puts.o) (strlen)
/OPT/altera/12.1/tools/nios2eds/bin/gnu/H-i686-pc-linux-gnu/bin/../lib/gcc/nios2-elf/4.1.2/../../../../nios2-elf/lib/libc.a(lib_a-vfprintf.o)
                              /OPT/altera/12.1/tools/nios2eds/bin/gnu/H-i686-pc-linux-gnu/bin/../lib/gcc/nios2-elf/4.1.2/../../../../nios2-elf/lib/libc.a(lib_a-printf.o) (___vfprintf_internal_r)
/OPT/altera/12.1/tools/nios2eds/bin/gnu/H-i686-pc-linux-gnu/bin/../lib/gcc/nios2-elf/4.1.2/../../../../nios2-elf/lib/libc.a(lib_a-wsetup.o)
                              /OPT/altera/12.1/tools/nios2eds/bin/gnu/H-i686-pc-linux-gnu/bin/../lib/gcc/nios2-elf/4.1.2/../../../../nios2-elf/lib/libc.a(lib_a-vfprintf.o) (__swsetup_r)
/OPT/altera/12.1/tools/nios2eds/bin/gnu/H-i686-pc-linux-gnu/bin/../lib/gcc/nios2-elf/4.1.2/../../../../nios2-elf/lib/libc.a(lib_a-dtoa.o)
                              /OPT/altera/12.1/tools/nios2eds/bin/gnu/H-i686-pc-linux-gnu/bin/../lib/gcc/nios2-elf/4.1.2/../../../../nios2-elf/lib/libc.a(lib_a-vfprintf.o) (_dtoa_r)
/OPT/altera/12.1/tools/nios2eds/bin/gnu/H-i686-pc-linux-gnu/bin/../lib/gcc/nios2-elf/4.1.2/../../../../nios2-elf/lib/libc.a(lib_a-fflush.o)
                              /OPT/altera/12.1/tools/nios2eds/bin/gnu/H-i686-pc-linux-gnu/bin/../lib/gcc/nios2-elf/4.1.2/../../../../nios2-elf/lib/libc.a(lib_a-vfprintf.o) (_fflush_r)
/OPT/altera/12.1/tools/nios2eds/bin/gnu/H-i686-pc-linux-gnu/bin/../lib/gcc/nios2-elf/4.1.2/../../../../nios2-elf/lib/libc.a(lib_a-findfp.o)
                              /OPT/altera/12.1/tools/nios2eds/bin/gnu/H-i686-pc-linux-gnu/bin/../lib/gcc/nios2-elf/4.1.2/../../../../nios2-elf/lib/libc.a(lib_a-vfprintf.o) (__sinit)
/OPT/altera/12.1/tools/nios2eds/bin/gnu/H-i686-pc-linux-gnu/bin/../lib/gcc/nios2-elf/4.1.2/../../../../nios2-elf/lib/libc.a(lib_a-freer.o)
                              /OPT/altera/12.1/tools/nios2eds/bin/gnu/H-i686-pc-linux-gnu/bin/../lib/gcc/nios2-elf/4.1.2/../../../../nios2-elf/lib/libc.a(lib_a-wsetup.o) (_free_r)
/OPT/altera/12.1/tools/nios2eds/bin/gnu/H-i686-pc-linux-gnu/bin/../lib/gcc/nios2-elf/4.1.2/../../../../nios2-elf/lib/libc.a(lib_a-fvwrite.o)
                              /OPT/altera/12.1/tools/nios2eds/bin/gnu/H-i686-pc-linux-gnu/bin/../lib/gcc/nios2-elf/4.1.2/../../../../nios2-elf/lib/libc.a(lib_a-puts.o) (__sfvwrite_r)
/OPT/altera/12.1/tools/nios2eds/bin/gnu/H-i686-pc-linux-gnu/bin/../lib/gcc/nios2-elf/4.1.2/../../../../nios2-elf/lib/libc.a(lib_a-fwalk.o)
                              /OPT/altera/12.1/tools/nios2eds/bin/gnu/H-i686-pc-linux-gnu/bin/../lib/gcc/nios2-elf/4.1.2/../../../../nios2-elf/lib/libc.a(lib_a-fflush.o) (_fwalk_reent)
/OPT/altera/12.1/tools/nios2eds/bin/gnu/H-i686-pc-linux-gnu/bin/../lib/gcc/nios2-elf/4.1.2/../../../../nios2-elf/lib/libc.a(lib_a-impure.o)
                              /OPT/altera/12.1/tools/nios2eds/bin/gnu/H-i686-pc-linux-gnu/bin/../lib/gcc/nios2-elf/4.1.2/../../../../nios2-elf/lib/libc.a(lib_a-printf.o) (_impure_ptr)
/OPT/altera/12.1/tools/nios2eds/bin/gnu/H-i686-pc-linux-gnu/bin/../lib/gcc/nios2-elf/4.1.2/../../../../nios2-elf/lib/libc.a(lib_a-locale.o)
                              /OPT/altera/12.1/tools/nios2eds/bin/gnu/H-i686-pc-linux-gnu/bin/../lib/gcc/nios2-elf/4.1.2/../../../../nios2-elf/lib/libc.a(lib_a-vfprintf.o) (_localeconv_r)
/OPT/altera/12.1/tools/nios2eds/bin/gnu/H-i686-pc-linux-gnu/bin/../lib/gcc/nios2-elf/4.1.2/../../../../nios2-elf/lib/libc.a(lib_a-makebuf.o)
                              /OPT/altera/12.1/tools/nios2eds/bin/gnu/H-i686-pc-linux-gnu/bin/../lib/gcc/nios2-elf/4.1.2/../../../../nios2-elf/lib/libc.a(lib_a-wsetup.o) (__smakebuf_r)
/OPT/altera/12.1/tools/nios2eds/bin/gnu/H-i686-pc-linux-gnu/bin/../lib/gcc/nios2-elf/4.1.2/../../../../nios2-elf/lib/libc.a(lib_a-mallocr.o)
                              /OPT/altera/12.1/tools/nios2eds/bin/gnu/H-i686-pc-linux-gnu/bin/../lib/gcc/nios2-elf/4.1.2/../../../../nios2-elf/lib/libc.a(lib_a-findfp.o) (_malloc_r)
/OPT/altera/12.1/tools/nios2eds/bin/gnu/H-i686-pc-linux-gnu/bin/../lib/gcc/nios2-elf/4.1.2/../../../../nios2-elf/lib/libc.a(lib_a-memchr.o)
                              /OPT/altera/12.1/tools/nios2eds/bin/gnu/H-i686-pc-linux-gnu/bin/../lib/gcc/nios2-elf/4.1.2/../../../../nios2-elf/lib/libc.a(lib_a-vfprintf.o) (memchr)
[...]
Memory Configuration

Name             Origin             Length             Attributes
sdram_0          0x00800000         0x00800000
sram_0           0x01080000         0x00080000
reset            0x01104000         0x00000020
onchip_memory2_0 0x01104020         0x00003fe0
*default*        0x00000000         0xffffffff

Linker script and memory map

LOAD ../G4Capstone_bsp//obj/HAL/src/crt0.o
LOAD obj/default/main.o
LOAD /OPT/altera/12.1/tools/nios2eds/bin/gnu/H-i686-pc-linux-gnu/bin/../lib/gcc/nios2-elf/4.1.2/../../../../nios2-elf/lib/libstdc++.a
LOAD /OPT/altera/12.1/tools/nios2eds/bin/gnu/H-i686-pc-linux-gnu/bin/../lib/gcc/nios2-elf/4.1.2/../../../../nios2-elf/lib/libm.a
LOAD /OPT/altera/12.1/tools/nios2eds/bin/gnu/H-i686-pc-linux-gnu/bin/../lib/gcc/nios2-elf/4.1.2/libgcc.a
START GROUP
LOAD /OPT/altera/12.1/tools/nios2eds/bin/gnu/H-i686-pc-linux-gnu/bin/../lib/gcc/nios2-elf/4.1.2/../../../../nios2-elf/lib/libc.a
LOAD /OPT/altera/12.1/tools/nios2eds/bin/gnu/H-i686-pc-linux-gnu/bin/../lib/gcc/nios2-elf/4.1.2/libgcc.a
LOAD ../G4Capstone_bsp//libucosii_bsp.a
END GROUP
LOAD /OPT/altera/12.1/tools/nios2eds/bin/gnu/H-i686-pc-linux-gnu/bin/../lib/gcc/nios2-elf/4.1.2/libgcc.a
                0x00800000                __alt_mem_sdram_0 = 0x800000
                0x01080000                __alt_mem_sram_0 = 0x1080000
                0x01104000                __alt_mem_onchip_memory2_0 = 0x1104000

.entry          0x01104000       0x20
 *(.entry)
 .entry         0x01104000       0x20 ../G4Capstone_bsp//obj/HAL/src/crt0.o
                0x01104000                __reset

.exceptions     0x01104020      0x19c load address 0x00800000
                0x01104020                PROVIDE (__ram_exceptions_start, ABSOLUTE (.))
                0x01104020                . = ALIGN (0x20)
 *(.irq)
 *(.exceptions.entry.label)
 .exceptions.entry.label
                0x01104020        0x0 ../G4Capstone_bsp//libucosii_bsp.a(alt_irq_entry.o)
                0x01104020                alt_irq_entry
 .exceptions.entry.label
                0x01104020        0x0 ../G4Capstone_bsp//libucosii_bsp.a(alt_exception_entry.o)
                0x01104020                alt_exception
 *(.exceptions.entry.user)
 *(.exceptions.entry)
 .exceptions.entry
                0x01104020       0x54 ../G4Capstone_bsp//libucosii_bsp.a(alt_exception_entry.o)
 *(.exceptions.irqtest.user)
 *(.exceptions.irqtest)
 .exceptions.irqtest
                0x01104074       0x10 ../G4Capstone_bsp//libucosii_bsp.a(alt_irq_entry.o)
 *(.exceptions.irqhandler.user)
 *(.exceptions.irqhandler)
 .exceptions.irqhandler
                0x01104084        0x4 ../G4Capstone_bsp//libucosii_bsp.a(alt_irq_entry.o)
 *(.exceptions.irqreturn.user)
 *(.exceptions.irqreturn)
 .exceptions.irqreturn
                0x01104088        0x4 ../G4Capstone_bsp//libucosii_bsp.a(alt_irq_entry.o)
 *(.exceptions.notirq.label)
 .exceptions.notirq.label
                0x0110408c        0x0 ../G4Capstone_bsp//libucosii_bsp.a(alt_irq_entry.o)
 *(.exceptions.notirq.user)
 *(.exceptions.notirq)
 .exceptions.notirq
                0x0110408c        0x8 ../G4Capstone_bsp//libucosii_bsp.a(alt_exception_entry.o)
 *(.exceptions.soft.user)
 *(.exceptions.soft)
 *(.exceptions.unknown.user)
 *(.exceptions.unknown)
 .exceptions.unknown
                0x01104094        0x4 ../G4Capstone_bsp//libucosii_bsp.a(alt_exception_entry.o)
 *(.exceptions.exit.label)
 .exceptions.exit.label
                0x01104098        0x0 ../G4Capstone_bsp//libucosii_bsp.a(alt_irq_entry.o)
 .exceptions.exit.label
                0x01104098        0x0 ../G4Capstone_bsp//libucosii_bsp.a(alt_exception_entry.o)
 *(.exceptions.exit.user)
 *(.exceptions.exit)
 .exceptions.exit
                0x01104098       0x54 ../G4Capstone_bsp//libucosii_bsp.a(alt_exception_entry.o)
 *(.exceptions)
 .exceptions    0x011040ec       0xd0 ../G4Capstone_bsp//libucosii_bsp.a(alt_irq_handler.o)
                0x011040ec                alt_irq_handler
                0x011041bc                PROVIDE (__ram_exceptions_end, ABSOLUTE (.))
                0x00800000                PROVIDE (__flash_exceptions_start, LOADADDR (.exceptions))

.text           0x0080019c    0x15e78
                0x0080019c                PROVIDE (stext, ABSOLUTE (.))
 *(.interp)
 *(.hash)
 *(.dynsym)
 *(.dynstr)
 *(.gnu.version)
 *(.gnu.version_d)
 *(.gnu.version_r)
 *(.rel.init)
 *(.rela.init)
 *(.rel.text .rel.text.* .rel.gnu.linkonce.t.*)
 *(.rela.text .rela.text.* .rela.gnu.linkonce.t.*)
 *(.rel.fini)
 *(.rela.fini)
 *(.rel.rodata .rel.rodata.* .rel.gnu.linkonce.r.*)
 *(.rela.rodata .rela.rodata.* .rela.gnu.linkonce.r.*)
 *(.rel.data .rel.data.* .rel.gnu.linkonce.d.*)
 *(.rela.data .rela.data.* .rela.gnu.linkonce.d.*)
 *(.rel.tdata .rel.tdata.* .rel.gnu.linkonce.td.*)
 *(.rela.tdata .rela.tdata.* .rela.gnu.linkonce.td.*)
 *(.rel.tbss .rel.tbss.* .rel.gnu.linkonce.tb.*)
 *(.rela.tbss .rela.tbss.* .rela.gnu.linkonce.tb.*)
 *(.rel.ctors)
 *(.rela.ctors)
 *(.rel.dtors)
 *(.rela.dtors)
 *(.rel.got)
 *(.rela.got)
 *(.rel.sdata .rel.sdata.* .rel.gnu.linkonce.s.*)
 *(.rela.sdata .rela.sdata.* .rela.gnu.linkonce.s.*)
 *(.rel.sbss .rel.sbss.* .rel.gnu.linkonce.sb.*)
 *(.rela.sbss .rela.sbss.* .rela.gnu.linkonce.sb.*)
 *(.rel.sdata2 .rel.sdata2.* .rel.gnu.linkonce.s2.*)
 *(.rela.sdata2 .rela.sdata2.* .rela.gnu.linkonce.s2.*)
 *(.rel.sbss2 .rel.sbss2.* .rel.gnu.linkonce.sb2.*)
 *(.rela.sbss2 .rela.sbss2.* .rela.gnu.linkonce.sb2.*)
 *(.rel.bss .rel.bss.* .rel.gnu.linkonce.b.*)
 *(.rela.bss .rela.bss.* .rela.gnu.linkonce.b.*)
 *(.rel.plt)
 *(.rela.plt)
 *(.rel.dyn)
 *(.init)
 *(.plt)
 *(.text .stub .text.* .gnu.linkonce.t.*)
 .text          0x0080019c       0x3c ../G4Capstone_bsp//obj/HAL/src/crt0.o
                0x0080019c                _start
 .text          0x008001d8      0x208 obj/default/main.o
                0x008001d8                main
                0x008002ac                AudioTask
                0x00800350                LCDTask
 .text          0x008003e0       0x78 /OPT/altera/12.1/tools/nios2eds/bin/gnu/H-i686-pc-linux-gnu/bin/../lib/gcc/nios2-elf/4.1.2/../../../../nios2-elf/lib/libc.a(lib_a-printf.o)
                0x008003e0                printf
                0x00800424                _printf_r
 .text          0x00800458       0xb4 /OPT/altera/12.1/tools/nios2eds/bin/gnu/H-i686-pc-linux-gnu/bin/../lib/gcc/nios2-elf/4.1.2/../../../../nios2-elf/lib/libc.a(lib_a-puts.o)
                0x00800458                _puts_r
                0x008004f8                puts
 .text          0x0080050c       0x74 /OPT/altera/12.1/tools/nios2eds/bin/gnu/H-i686-pc-linux-gnu/bin/../lib/gcc/nios2-elf/4.1.2/../../../../nios2-elf/lib/libc.a(lib_a-strlen.o)
                0x0080050c                strlen
 .text          0x00800580     0x1f28 /OPT/altera/12.1/tools/nios2eds/bin/gnu/H-i686-pc-linux-gnu/bin/../lib/gcc/nios2-elf/4.1.2/../../../../nios2-elf/lib/libc.a(lib_a-vfprintf.o)
                0x008005d8                ___vfprintf_internal_r
                0x00802484                __vfprintf_internal
 .text          0x008024a8      0x13c /OPT/altera/12.1/tools/nios2eds/bin/gnu/H-i686-pc-linux-gnu/bin/../lib/gcc/nios2-elf/4.1.2/../../../../nios2-elf/lib/libc.a(lib_a-wsetup.o)
                0x008024a8                __swsetup_r
 .text          0x008025e4     0x17cc /OPT/altera/12.1/tools/nios2eds/bin/gnu/H-i686-pc-linux-gnu/bin/../lib/gcc/nios2-elf/4.1.2/../../../../nios2-elf/lib/libc.a(lib_a-dtoa.o)
                0x008027fc                _dtoa_r
 .text          0x00803db0      0x230 /OPT/altera/12.1/tools/nios2eds/bin/gnu/H-i686-pc-linux-gnu/bin/../lib/gcc/nios2-elf/4.1.2/../../../../nios2-elf/lib/libc.a(lib_a-fflush.o)
                0x00803db0                _fflush_r
                0x00803fac                fflush
 .text          0x00803fe0      0x2c0 /OPT/altera/12.1/tools/nios2eds/bin/gnu/H-i686-pc-linux-gnu/bin/../lib/gcc/nios2-elf/4.1.2/../../../../nios2-elf/lib/libc.a(lib_a-findfp.o)
                0x00804038                __sfp_lock_acquire
                0x0080403c                __sfp_lock_release
                0x00804040                __sinit_lock_acquire
                0x00804044                __sinit_lock_release
                0x00804048                __sinit
                0x008040fc                __fp_unlock_all
                0x00804114                __fp_lock_all
                0x0080412c                _cleanup_r
                0x00804138                _cleanup
                0x00804148                __sfmoreglue
                0x008041b0                __sfp
 .text          0x008042a0      0x440 /OPT/altera/12.1/tools/nios2eds/bin/gnu/H-i686-pc-linux-gnu/bin/../lib/gcc/nios2-elf/4.1.2/../../../../nios2-elf/lib/libc.a(lib_a-freer.o)
                0x008042a0                _malloc_trim_r
                0x008043cc                _free_r
 .text          0x008046e0      0x49c /OPT/altera/12.1/tools/nios2eds/bin/gnu/H-i686-pc-linux-gnu/bin/../lib/gcc/nios2-elf/4.1.2/../../../../nios2-elf/lib/libc.a(lib_a-fvwrite.o)
                0x008046e0                __sfvwrite_r
 .text          0x00804b7c      0x180 /OPT/altera/12.1/tools/nios2eds/bin/gnu/H-i686-pc-linux-gnu/bin/../lib/gcc/nios2-elf/4.1.2/../../../../nios2-elf/lib/libc.a(lib_a-fwalk.o)
                0x00804b7c                _fwalk_reent
                0x00804c44                _fwalk
 .text          0x00804cfc        0x0 /OPT/altera/12.1/tools/nios2eds/bin/gnu/H-i686-pc-linux-gnu/bin/../lib/gcc/nios2-elf/4.1.2/../../../../nios2-elf/lib/libc.a(lib_a-impure.o)
 .text          0x00804cfc       0xc4 /OPT/altera/12.1/tools/nios2eds/bin/gnu/H-i686-pc-linux-gnu/bin/../lib/gcc/nios2-elf/4.1.2/../../../../nios2-elf/lib/libc.a(lib_a-locale.o)
                0x00804cfc                __locale_charset
                0x00804d04                _localeconv_r
                0x00804d10                localeconv
                0x00804d20                _setlocale_r
                0x00804da4                setlocale
 .text          0x00804dc0      0x194 /OPT/altera/12.1/tools/nios2eds/bin/gnu/H-i686-pc-linux-gnu/bin/../lib/gcc/nios2-elf/4.1.2/../../../../nios2-elf/lib/libc.a(lib_a-makebuf.o)
                0x00804dc0                __smakebuf_r
 .text          0x00804f54      0x740 /OPT/altera/12.1/tools/nios2eds/bin/gnu/H-i686-pc-linux-gnu/bin/../lib/gcc/nios2-elf/4.1.2/../../../../nios2-elf/lib/libc.a(lib_a-mallocr.o)
                0x00804f54                _malloc_r
 .text          0x00805694       0xe4 /OPT/altera/12.1/tools/nios2eds/bin/gnu/H-i686-pc-linux-gnu/bin/../lib/gcc/nios2-elf/4.1.2/../../../../nios2-elf/lib/libc.a(lib_a-memchr.o)
                0x00805694                memchr
 .text          0x00805778       0xa0 /OPT/altera/12.1/tools/nios2eds/bin/gnu/H-i686-pc-linux-gnu/bin/../lib/gcc/nios2-elf/4.1.2/../../../../nios2-elf/lib/libc.a(lib_a-memcpy.o)
                0x00805778                memcpy
 .text          0x00805818       0xe0 /OPT/altera/12.1/tools/nios2eds/bin/gnu/H-i686-pc-linux-gnu/bin/../lib/gcc/nios2-elf/4.1.2/../../../../nios2-elf/lib/libc.a(lib_a-memmove.o)
                0x00805818                memmove
 .text          0x008058f8       0x98 /OPT/altera/12.1/tools/nios2eds/bin/gnu/H-i686-pc-linux-gnu/bin/../lib/gcc/nios2-elf/4.1.2/../../../../nios2-elf/lib/libc.a(lib_a-memset.o)
                0x008058f8                memset
 .text          0x00805990      0xff4 /OPT/altera/12.1/tools/nios2eds/bin/gnu/H-i686-pc-linux-gnu/bin/../lib/gcc/nios2-elf/4.1.2/../../../../nios2-elf/lib/libc.a(lib_a-mprec.o)
                0x00805990                _Bfree
                0x008059b8                __hi0bits
                0x00805a28                __lo0bits
                0x00805aec                __mcmp
                0x00805b4c                __ulp
                0x00805bcc                __b2d
                0x00805cec                __ratio
                0x00805d9c                _mprec_log10
                0x00805e30                __copybits
                0x00805e88                __any_on
                0x00805f10                _Balloc
                0x00805fcc                __d2b
                0x00806148                __mdiff
                0x008062d4                __lshift
                0x00806420                __multiply
                0x00806608                __i2b
                0x00806644                __multadd
                0x00806744                __pow5mult
                0x00806864                __s2b
 .text          0x00806984      0x5f4 /OPT/altera/12.1/tools/nios2eds/bin/gnu/H-i686-pc-linux-gnu/bin/../lib/gcc/nios2-elf/4.1.2/../../../../nios2-elf/lib/libc.a(lib_a-reallocr.o)
                0x00806984                _realloc_r
 .text          0x00806f78       0x40 /OPT/altera/12.1/tools/nios2eds/bin/gnu/H-i686-pc-linux-gnu/bin/../lib/gcc/nios2-elf/4.1.2/../../../../nios2-elf/lib/libc.a(lib_a-s_isinfd.o)
                0x00806f78                __isinfd
 .text          0x00806fb8       0x30 /OPT/altera/12.1/tools/nios2eds/bin/gnu/H-i686-pc-linux-gnu/bin/../lib/gcc/nios2-elf/4.1.2/../../../../nios2-elf/lib/libc.a(lib_a-s_isnand.o)
                0x00806fb8                __isnand
 .text          0x00806fe8       0x70 /OPT/altera/12.1/tools/nios2eds/bin/gnu/H-i686-pc-linux-gnu/bin/../lib/gcc/nios2-elf/4.1.2/../../../../nios2-elf/lib/libc.a(lib_a-sbrkr.o)
                0x00806fe8                _sbrk_r
 .text          0x00807058      0x14c /OPT/altera/12.1/tools/nios2eds/bin/gnu/H-i686-pc-linux-gnu/bin/../lib/gcc/nios2-elf/4.1.2/../../../../nios2-elf/lib/libc.a(lib_a-stdio.o)
                0x00807058                __sclose
                0x00807060                __sseek
                0x008070c8                __swrite
                0x00807144                __sread
 .text          0x008071a4       0xbc /OPT/altera/12.1/tools/nios2eds/bin/gnu/H-i686-pc-linux-gnu/bin/../lib/gcc/nios2-elf/4.1.2/../../../../nios2-elf/lib/libc.a(lib_a-strcmp.o)
                0x008071a4                strcmp
 .text          0x00807260       0x78 /OPT/altera/12.1/tools/nios2eds/bin/gnu/H-i686-pc-linux-gnu/bin/../lib/gcc/nios2-elf/4.1.2/../../../../nios2-elf/lib/libc.a(lib_a-writer.o)
                0x00807260                _write_r
 .text          0x008072d8       0xb4 /OPT/altera/12.1/tools/nios2eds/bin/gnu/H-i686-pc-linux-gnu/bin/../lib/gcc/nios2-elf/4.1.2/../../../../nios2-elf/lib/libc.a(lib_a-callocr.o)
                0x008072d8                _calloc_r
 .text          0x0080738c       0x70 /OPT/altera/12.1/tools/nios2eds/bin/gnu/H-i686-pc-linux-gnu/bin/../lib/gcc/nios2-elf/4.1.2/../../../../nios2-elf/lib/libc.a(lib_a-closer.o)
                0x0080738c                _close_r
 .text          0x008073fc      0x124 /OPT/altera/12.1/tools/nios2eds/bin/gnu/H-i686-pc-linux-gnu/bin/../lib/gcc/nios2-elf/4.1.2/../../../../nios2-elf/lib/libc.a(lib_a-fclose.o)
                0x008073fc                _fclose_r
                0x0080750c                fclose
 .text          0x00807520       0x74 /OPT/altera/12.1/tools/nios2eds/bin/gnu/H-i686-pc-linux-gnu/bin/../lib/gcc/nios2-elf/4.1.2/../../../../nios2-elf/lib/libc.a(lib_a-fstatr.o)
                0x00807520                _fstat_r
 .text          0x00807594        0x0 /OPT/altera/12.1/tools/nios2eds/bin/gnu/H-i686-pc-linux-gnu/bin/../lib/gcc/nios2-elf/4.1.2/../../../../nios2-elf/lib/libc.a(lib_a-int_errno.o)
 .text          0x00807594       0x70 /OPT/altera/12.1/tools/nios2eds/bin/gnu/H-i686-pc-linux-gnu/bin/../lib/gcc/nios2-elf/4.1.2/../../../../nios2-elf/lib/libc.a(lib_a-isattyr.o)
                0x00807594                _isatty_r
 .text          0x00807604       0x78 /OPT/altera/12.1/tools/nios2eds/bin/gnu/H-i686-pc-linux-gnu/bin/../lib/gcc/nios2-elf/4.1.2/../../../../nios2-elf/lib/libc.a(lib_a-lseekr.o)
                0x00807604                _lseek_r
 .text          0x0080767c       0x78 /OPT/altera/12.1/tools/nios2eds/bin/gnu/H-i686-pc-linux-gnu/bin/../lib/gcc/nios2-elf/4.1.2/../../../../nios2-elf/lib/libc.a(lib_a-readr.o)
                0x0080767c                _read_r
 .text          0x008076f4      0x5dc /OPT/altera/12.1/tools/nios2eds/bin/gnu/H-i686-pc-linux-gnu/bin/../lib/gcc/nios2-elf/4.1.2/libgcc.a(_udivdi3.o)
                0x008076f4                __udivdi3
 .text          0x00807cd0      0x5b0 /OPT/altera/12.1/tools/nios2eds/bin/gnu/H-i686-pc-linux-gnu/bin/../lib/gcc/nios2-elf/4.1.2/libgcc.a(_umoddi3.o)
                0x00807cd0                __umoddi3
 .text          0x00808280      0x504 /OPT/altera/12.1/tools/nios2eds/bin/gnu/H-i686-pc-linux-gnu/bin/../lib/gcc/nios2-elf/4.1.2/libgcc.a(_addsub_df.o)
                0x00808690                __subdf3
                0x00808710                __adddf3
 .text          0x00808784      0x3c4 /OPT/altera/12.1/tools/nios2eds/bin/gnu/H-i686-pc-linux-gnu/bin/../lib/gcc/nios2-elf/4.1.2/libgcc.a(_mul_df.o)
                0x00808784                __muldf3
 .text          0x00808b48      0x258 /OPT/altera/12.1/tools/nios2eds/bin/gnu/H-i686-pc-linux-gnu/bin/../lib/gcc/nios2-elf/4.1.2/libgcc.a(_div_df.o)
                0x00808b48                __divdf3
 .text          0x00808da0       0x88 /OPT/altera/12.1/tools/nios2eds/bin/gnu/H-i686-pc-linux-gnu/bin/../lib/gcc/nios2-elf/4.1.2/libgcc.a(_eq_df.o)
                0x00808da0                __eqdf2
 .text          0x00808e28       0x88 /OPT/altera/12.1/tools/nios2eds/bin/gnu/H-i686-pc-linux-gnu/bin/../lib/gcc/nios2-elf/4.1.2/libgcc.a(_ne_df.o)
                0x00808e28                __nedf2
 .text          0x00808eb0       0x88 /OPT/altera/12.1/tools/nios2eds/bin/gnu/H-i686-pc-linux-gnu/bin/../lib/gcc/nios2-elf/4.1.2/libgcc.a(_gt_df.o)
                0x00808eb0                __gtdf2
 .text          0x00808f38       0x88 /OPT/altera/12.1/tools/nios2eds/bin/gnu/H-i686-pc-linux-gnu/bin/../lib/gcc/nios2-elf/4.1.2/libgcc.a(_ge_df.o)
                0x00808f38                __gedf2
 .text          0x00808fc0       0x88 /OPT/altera/12.1/tools/nios2eds/bin/gnu/H-i686-pc-linux-gnu/bin/../lib/gcc/nios2-elf/4.1.2/libgcc.a(_lt_df.o)
                0x00808fc0                __ltdf2
 .text          0x00809048       0xf8 /OPT/altera/12.1/tools/nios2eds/bin/gnu/H-i686-pc-linux-gnu/bin/../lib/gcc/nios2-elf/4.1.2/libgcc.a(_si_to_df.o)
                0x00809048                __floatsidf
 .text          0x00809140       0xd8 /OPT/altera/12.1/tools/nios2eds/bin/gnu/H-i686-pc-linux-gnu/bin/../lib/gcc/nios2-elf/4.1.2/libgcc.a(_df_to_si.o)
                0x00809140                __fixdfsi
 .text          0x00809218        0x0 /OPT/altera/12.1/tools/nios2eds/bin/gnu/H-i686-pc-linux-gnu/bin/../lib/gcc/nios2-elf/4.1.2/libgcc.a(_thenan_df.o)
 .text          0x00809218      0x194 /OPT/altera/12.1/tools/nios2eds/bin/gnu/H-i686-pc-linux-gnu/bin/../lib/gcc/nios2-elf/4.1.2/libgcc.a(_usi_to_df.o)
                0x00809218                __floatunsidf
 .text          0x008093ac      0x14c /OPT/altera/12.1/tools/nios2eds/bin/gnu/H-i686-pc-linux-gnu/bin/../lib/gcc/nios2-elf/4.1.2/libgcc.a(lib2-divmod.o)
                0x00809428                __divsi3
                0x00809488                __modsi3
                0x008094e8                __udivsi3
                0x008094f0                __umodsi3
 .text          0x008094f8       0x98 /OPT/altera/12.1/tools/nios2eds/bin/gnu/H-i686-pc-linux-gnu/bin/../lib/gcc/nios2-elf/4.1.2/libgcc.a(_muldi3.o)
                0x008094f8                __muldi3
 .text          0x00809590        0x0 /OPT/altera/12.1/tools/nios2eds/bin/gnu/H-i686-pc-linux-gnu/bin/../lib/gcc/nios2-elf/4.1.2/libgcc.a(_clz.o)
 .text          0x00809590       0x80 /OPT/altera/12.1/tools/nios2eds/bin/gnu/H-i686-pc-linux-gnu/bin/../lib/gcc/nios2-elf/4.1.2/libgcc.a(_clzsi2.o)
                0x00809590                __clzsi2
 .text          0x00809610      0x314 /OPT/altera/12.1/tools/nios2eds/bin/gnu/H-i686-pc-linux-gnu/bin/../lib/gcc/nios2-elf/4.1.2/libgcc.a(_pack_df.o)
                0x00809610                __pack_d
 .text          0x00809924      0x138 /OPT/altera/12.1/tools/nios2eds/bin/gnu/H-i686-pc-linux-gnu/bin/../lib/gcc/nios2-elf/4.1.2/libgcc.a(_unpack_df.o)
                0x00809924                __unpack_d
 .text          0x00809a5c       0xc8 /OPT/altera/12.1/tools/nios2eds/bin/gnu/H-i686-pc-linux-gnu/bin/../lib/gcc/nios2-elf/4.1.2/libgcc.a(_fpcmp_parts_df.o)
                0x00809a5c                __fpcmp_parts_d
 .text          0x00809b24      0x15c ../G4Capstone_bsp//libucosii_bsp.a(alt_close.o)
                0x00809b24                close
 .text          0x00809c80       0x2c ../G4Capstone_bsp//libucosii_bsp.a(alt_dev.o)
 .text          0x00809cac        0x0 ../G4Capstone_bsp//libucosii_bsp.a(alt_errno.o)
 .text          0x00809cac      0x134 ../G4Capstone_bsp//libucosii_bsp.a(alt_fstat.o)
                0x00809cac                fstat
 .text          0x00809de0      0x120 ../G4Capstone_bsp//libucosii_bsp.a(alt_isatty.o)
                0x00809de0                isatty
 .text          0x00809f00       0xec ../G4Capstone_bsp//libucosii_bsp.a(alt_load.o)
                0x00809f00                alt_load
 .text          0x00809fec      0x150 ../G4Capstone_bsp//libucosii_bsp.a(alt_lseek.o)
                0x00809fec                lseek
 .text          0x0080a13c       0xc8 ../G4Capstone_bsp//libucosii_bsp.a(alt_main.o)
                0x0080a13c                alt_main
 .text          0x0080a204      0x180 ../G4Capstone_bsp//libucosii_bsp.a(alt_read.o)
                0x0080a204                read
 .text          0x0080a384       0x60 ../G4Capstone_bsp//libucosii_bsp.a(alt_release_fd.o)
                0x0080a384                alt_release_fd
 .text          0x0080a3e4       0xbc ../G4Capstone_bsp//libucosii_bsp.a(alt_sbrk.o)
                0x0080a3e4                sbrk
 .text          0x0080a4a0      0x180 ../G4Capstone_bsp//libucosii_bsp.a(alt_write.o)
                0x0080a4a0                write
 .text          0x0080a620      0x108 ../G4Capstone_bsp//libucosii_bsp.a(alt_env_lock.o)
                0x0080a620                __env_lock
                0x0080a6cc                __env_unlock
 .text          0x0080a728      0x1d8 ../G4Capstone_bsp//libucosii_bsp.a(alt_malloc_lock.o)
                0x0080a728                __malloc_lock
                0x0080a830                __malloc_unlock
 .text          0x0080a900     0x2128 ../G4Capstone_bsp//libucosii_bsp.a(os_core.o)
                0x0080a900                OSEventNameGet
                0x0080aa30                OSEventNameSet
                0x0080ab74                OSEventPendMulti
                0x0080b228                OSInit
                0x0080b27c                OSIntEnter
                0x0080b2f8                OSIntExit
                0x0080b3f8                OSSchedLock
                0x0080b484                OSSchedUnlock
                0x0080b568                OSStart
                0x0080b5d8                OSStatInit
                0x0080b684                OSTimeTick
                0x0080b8c4                OSVersion
                0x0080b8e4                OS_Dummy
                0x0080b900                OS_EventTaskRdy
                0x0080ba94                OS_EventTaskWait
                0x0080bba4                OS_EventTaskWaitMulti
                0x0080bcf8                OS_EventTaskRemove
                0x0080bdb0                OS_EventTaskRemoveMulti
                0x0080beb4                OS_EventWaitListInit
                0x0080c280                OS_MemClr
                0x0080c2d4                OS_MemCopy
                0x0080c340                OS_Sched
                0x0080c484                OS_StrCopy
                0x0080c504                OS_StrLen
                0x0080c55c                OS_TaskIdle
                0x0080c5b8                OS_TaskStat
                0x0080c680                OS_TaskStatStkChk
                0x0080c748                OS_TCBInit
 .text          0x0080ca28      0x18c ../G4Capstone_bsp//libucosii_bsp.a(os_dbg.o)
                0x0080ca28                OSDebugInit
 .text          0x0080cbb4     0x193c ../G4Capstone_bsp//libucosii_bsp.a(os_flag.o)
                0x0080cbb4                OSFlagAccept
                0x0080cee8                OSFlagCreate
                0x0080d024                OSFlagDel
                0x0080d2cc                OSFlagNameGet
                0x0080d410                OSFlagNameSet
                0x0080d564                OSFlagPend
                0x0080dba8                OSFlagPendGetFlagsRdy
                0x0080dc10                OSFlagPost
                0x0080dfb8                OSFlagQuery
                0x0080e250                OS_FlagInit
                0x0080e444                OS_FlagUnlink
 .text          0x0080e4f0      0x808 ../G4Capstone_bsp//libucosii_bsp.a(os_mem.o)
                0x0080e4f0                OSMemCreate
                0x0080e70c                OSMemGet
                0x0080e810                OSMemNameGet
                0x0080e91c                OSMemNameSet
                0x0080ea3c                OSMemPut
                0x0080eb2c                OSMemQuery
                0x0080ec28                OS_MemInit
 .text          0x0080ecf8     0x1334 ../G4Capstone_bsp//libucosii_bsp.a(os_q.o)
                0x0080ecf8                OSQAccept
                0x0080ee4c                OSQCreate
                0x0080f060                OSQDel
                0x0080f360                OSQFlush
                0x0080f428                OSQPend
                0x0080f748                OSQPendAbort
                0x0080f8c4                OSQPost
                0x0080fa44                OSQPostFront
                0x0080fbcc                OSQPostOpt
                0x0080fe00                OSQQuery
                0x0080ff80                OS_QInit
 .text          0x0081002c      0xbc8 ../G4Capstone_bsp//libucosii_bsp.a(os_sem.o)
                0x0081002c                OSSemAccept
                0x008100ec                OSSemCreate
                0x00810200                OSSemDel
                0x008104a0                OSSemPend
                0x0081071c                OSSemPendAbort
                0x00810898                OSSemPost
                0x008109c0                OSSemQuery
                0x00810af0                OSSemSet
 .text          0x00810bf4     0x1a40 ../G4Capstone_bsp//libucosii_bsp.a(os_task.o)
                0x00810bf4                OSTaskChangePrio
                0x00811168                OSTaskCreate
                0x0081133c                OSTaskCreateExt
                0x0081153c                OSTaskDel
                0x00811948                OSTaskDelReq
                0x00811ab8                OSTaskNameGet
                0x00811c70                OSTaskNameSet
                0x00811e34                OSTaskResume
                0x0081204c                OSTaskStkChk
                0x00812248                OSTaskSuspend
                0x00812474                OSTaskQuery
                0x008125b8                OS_TaskStkClr
 .text          0x00812634      0x598 ../G4Capstone_bsp//libucosii_bsp.a(os_time.o)
                0x00812634                OSTimeDly
                0x00812780                OSTimeDlyHMSM
                0x008128f4                OSTimeDlyResume
                0x00812b04                OSTimeGet
                0x00812b68                OSTimeSet
 .text          0x00812bcc       0xec ../G4Capstone_bsp//libucosii_bsp.a(alt_sys_init.o)
                0x00812bcc                alt_irq_init
                0x00812c00                alt_sys_init
 .text          0x00812cb8      0x148 ../G4Capstone_bsp//libucosii_bsp.a(altera_avalon_jtag_uart_fd.o)
                0x00812cb8                altera_avalon_jtag_uart_read_fd
                0x00812d10                altera_avalon_jtag_uart_write_fd
                0x00812d68                altera_avalon_jtag_uart_close_fd
                0x00812db0                altera_avalon_jtag_uart_ioctl_fd
 .text          0x00812e00      0x584 ../G4Capstone_bsp//libucosii_bsp.a(altera_avalon_jtag_uart_init.o)
                0x00812e00                altera_avalon_jtag_uart_init
                0x00813310                altera_avalon_jtag_uart_close
 .text          0x00813384       0xf4 ../G4Capstone_bsp//libucosii_bsp.a(altera_avalon_jtag_uart_ioctl.o)
                0x00813384                altera_avalon_jtag_uart_ioctl
 .text          0x00813478      0x2c0 ../G4Capstone_bsp//libucosii_bsp.a(altera_avalon_jtag_uart_read.o)
                0x00813478                altera_avalon_jtag_uart_read
 .text          0x00813738      0x2dc ../G4Capstone_bsp//libucosii_bsp.a(altera_avalon_jtag_uart_write.o)
                0x00813738                altera_avalon_jtag_uart_write
 .text          0x00813a14      0x100 ../G4Capstone_bsp//libucosii_bsp.a(altera_avalon_timer_sc.o)
                0x00813a84                alt_avalon_timer_sc_init
 .text          0x00813b14      0x788 ../G4Capstone_bsp//libucosii_bsp.a(altera_up_avalon_audio_and_video_config.o)
                0x00813b14                alt_up_av_config_open_dev
                0x00813b78                alt_up_av_config_write_data
                0x00813bdc                alt_up_av_config_read_data
                0x00813c68                alt_up_av_config_reset
                0x00813ca0                alt_up_av_config_enable_interrupt
                0x00813cd8                alt_up_av_config_disable_interrupt
                0x00813d08                alt_up_av_config_read_acknowledge
                0x00813d70                alt_up_av_config_read_ready
                0x00813da8                alt_up_av_config_write_audio_cfg_register
                0x00813e54                alt_up_av_config_read_video_cfg_register
                0x00813f4c                alt_up_av_config_write_video_cfg_register
                0x00814044                alt_up_av_config_read_DC2_cfg_register
                0x008140a8                alt_up_av_config_write_DC2_cfg_register
                0x0081410c                alt_up_av_config_read_D5M_cfg_register
                0x00814170                alt_up_av_config_write_D5M_cfg_register
                0x008141d4                alt_up_av_config_read_LTM_cfg_register
                0x00814238                alt_up_av_config_write_LTM_cfg_register
 .text          0x0081429c      0x530 ../G4Capstone_bsp//libucosii_bsp.a(altera_up_avalon_character_lcd.o)
                0x0081429c                get_DDRAM_addr
                0x00814318                alt_up_character_lcd_send_cmd
                0x0081434c                alt_up_character_lcd_init
                0x00814380                alt_up_character_lcd_open_dev
                0x008143c0                alt_up_character_lcd_write
                0x00814438                alt_up_character_lcd_string
                0x008144b0                alt_up_character_lcd_write_fd
                0x008144fc                alt_up_character_lcd_set_cursor_pos
                0x00814574                alt_up_character_lcd_shift_cursor
                0x00814624                alt_up_character_lcd_shift_display
                0x008146d4                alt_up_character_lcd_erase_pos
                0x00814764                alt_up_character_lcd_cursor_off
                0x00814798                alt_up_character_lcd_cursor_blink_on
 .text          0x008147cc      0x154 ../G4Capstone_bsp//libucosii_bsp.a(alt_alarm_start.o)
                0x008147cc                alt_alarm_start
 .text          0x00814920       0x1c ../G4Capstone_bsp//libucosii_bsp.a(alt_dcache_flush_all.o)
                0x00814920                alt_dcache_flush_all
 .text          0x0081493c      0x114 ../G4Capstone_bsp//libucosii_bsp.a(alt_dev_llist_insert.o)
                0x0081493c                alt_dev_llist_insert
 .text          0x00814a50       0x64 ../G4Capstone_bsp//libucosii_bsp.a(alt_do_ctors.o)
                0x00814a50                _do_ctors
 .text          0x00814ab4       0x64 ../G4Capstone_bsp//libucosii_bsp.a(alt_do_dtors.o)
                0x00814ab4                _do_dtors
 .text          0x00814b18       0x94 ../G4Capstone_bsp//libucosii_bsp.a(alt_find_dev.o)
                0x00814b18                alt_find_dev
 .text          0x00814bac       0x30 ../G4Capstone_bsp//libucosii_bsp.a(alt_icache_flush_all.o)
                0x00814bac                alt_icache_flush_all
 .text          0x00814bdc      0x1d4 ../G4Capstone_bsp//libucosii_bsp.a(alt_iic.o)
                0x00814bdc                alt_ic_isr_register
                0x00814c2c                alt_ic_irq_enable
                0x00814cc8                alt_ic_irq_disable
                0x00814d68                alt_ic_irq_enabled
 .text          0x00814db0       0xf8 ../G4Capstone_bsp//libucosii_bsp.a(alt_iic_isr_register.o)
                0x00814db0                alt_iic_isr_register
 .text          0x00814ea8      0x13c ../G4Capstone_bsp//libucosii_bsp.a(alt_io_redirect.o)
                0x00814f6c                alt_io_redirect
 .text          0x00814fe4        0x0 ../G4Capstone_bsp//libucosii_bsp.a(alt_irq_entry.o)
 .text          0x00814fe4        0x0 ../G4Capstone_bsp//libucosii_bsp.a(alt_irq_handler.o)
 .text          0x00814fe4        0x0 ../G4Capstone_bsp//libucosii_bsp.a(alt_irq_vars.o)
 .text          0x00814fe4      0x2c4 ../G4Capstone_bsp//libucosii_bsp.a(alt_open.o)
                0x008150c0                open
 .text          0x008152a8      0x1a8 ../G4Capstone_bsp//libucosii_bsp.a(alt_tick.o)
                0x008152a8                alt_alarm_stop
                0x00815340                alt_tick
 .text          0x00815450       0x20 ../G4Capstone_bsp//libucosii_bsp.a(altera_nios2_qsys_irq.o)
                0x00815450                altera_nios2_qsys_irq_init
 .text          0x00815470       0xd0 ../G4Capstone_bsp//libucosii_bsp.a(os_cpu_a.o)
                0x00815470                OSCtxSw
                0x00815470                OSIntCtxSw
                0x008154fc                OSStartHighRdy
                0x0081551c                OSStartTsk
 .text          0x00815540      0x418 ../G4Capstone_bsp//libucosii_bsp.a(os_cpu_c.o)
                0x00815540                OSTaskStkInit
                0x00815850                OSTaskCreateHook
                0x00815870                OSTaskDelHook
                0x00815890                OSTaskSwHook
                0x008158ac                OSTaskStatHook
                0x008158c8                OSTimeTickHook
                0x008158e4                OSInitHookBegin
                0x00815900                OSInitHookEnd
                0x0081591c                OSTaskIdleHook
                0x00815938                OSTCBInitHook
 .text          0x00815958        0x0 ../G4Capstone_bsp//libucosii_bsp.a(alt_exception_entry.o)
 .text          0x00815958      0x120 ../G4Capstone_bsp//libucosii_bsp.a(alt_find_file.o)
                0x00815958                alt_find_file
 .text          0x00815a78       0xf4 ../G4Capstone_bsp//libucosii_bsp.a(alt_get_fd.o)
                0x00815a78                alt_get_fd
 .text          0x00815b6c       0x90 ../G4Capstone_bsp//libucosii_bsp.a(alt_icache_flush.o)
                0x00815b6c                alt_icache_flush
 .text          0x00815bfc       0x14 /OPT/altera/12.1/tools/nios2eds/bin/gnu/H-i686-pc-linux-gnu/bin/../lib/gcc/nios2-elf/4.1.2/../../../../nios2-elf/lib/libc.a(lib_a-atexit.o)
                0x00815bfc                atexit
 .text          0x00815c10       0x38 /OPT/altera/12.1/tools/nios2eds/bin/gnu/H-i686-pc-linux-gnu/bin/../lib/gcc/nios2-elf/4.1.2/../../../../nios2-elf/lib/libc.a(lib_a-exit.o)
                0x00815c10                exit
 .text          0x00815c48       0x74 /OPT/altera/12.1/tools/nios2eds/bin/gnu/H-i686-pc-linux-gnu/bin/../lib/gcc/nios2-elf/4.1.2/../../../../nios2-elf/lib/libc.a(lib_a-memcmp.o)
                0x00815c48                memcmp
 .text          0x00815cbc      0x134 /OPT/altera/12.1/tools/nios2eds/bin/gnu/H-i686-pc-linux-gnu/bin/../lib/gcc/nios2-elf/4.1.2/../../../../nios2-elf/lib/libc.a(lib_a-__atexit.o)
                0x00815cbc                __register_exitproc
 .text          0x00815df0      0x1b4 /OPT/altera/12.1/tools/nios2eds/bin/gnu/H-i686-pc-linux-gnu/bin/../lib/gcc/nios2-elf/4.1.2/../../../../nios2-elf/lib/libc.a(lib_a-__call_atexit.o)
                0x00815df4                __call_exitprocs
 .text          0x00815fa4       0x6c ../G4Capstone_bsp//libucosii_bsp.a(alt_exit.o)
                0x00815fe4                _exit
 *(.gnu.warning.*)
 *(.fini)
                0x00816010                PROVIDE (__etext, ABSOLUTE (.))
                0x00816010                PROVIDE (_etext, ABSOLUTE (.))
                0x00816010                PROVIDE (etext, ABSOLUTE (.))
 *(.eh_frame_hdr)
                0x00816010                . = ALIGN (0x4)
                0x00816010                PROVIDE (__preinit_array_start, ABSOLUTE (.))
 *(.preinit_array)
                0x00816010                PROVIDE (__preinit_array_end, ABSOLUTE (.))
                0x00816010                PROVIDE (__init_array_start, ABSOLUTE (.))
 *(.init_array)
                0x00816010                PROVIDE (__init_array_end, ABSOLUTE (.))
                0x00816010                PROVIDE (__fini_array_start, ABSOLUTE (.))
 *(.fini_array)
                0x00816010                PROVIDE (__fini_array_end, ABSOLUTE (.))
 *(.eh_frame)
 *(.gcc_except_table)
 *(.dynamic)
                0x00816010                PROVIDE (__CTOR_LIST__, ABSOLUTE (.))
 *(.ctors)
 *(SORT(.ctors.*))
 .ctors.65535   0x00816010        0x4 /OPT/altera/12.1/tools/nios2eds/bin/gnu/H-i686-pc-linux-gnu/bin/../lib/gcc/nios2-elf/4.1.2/../../../../nios2-elf/lib/libc.a(lib_a-__call_atexit.o)
                0x00816014                PROVIDE (__CTOR_END__, ABSOLUTE (.))
                0x00816014                PROVIDE (__DTOR_LIST__, ABSOLUTE (.))
 *(.dtors)
 *(SORT(.dtors.*))
                0x00816014                PROVIDE (__DTOR_END__, ABSOLUTE (.))
 *(.jcr)
                0x00816014                . = ALIGN (0x4)

.rodata         0x00816014      0x538
                0x00816014                PROVIDE (__ram_rodata_start, ABSOLUTE (.))
                0x00816014                . = ALIGN (0x4)
 *(.rodata .rodata.* .gnu.linkonce.r.*)
 .rodata        0x00816014       0x98 obj/default/main.o
 .rodata.str1.4
                0x008160ac        0x2 /OPT/altera/12.1/tools/nios2eds/bin/gnu/H-i686-pc-linux-gnu/bin/../lib/gcc/nios2-elf/4.1.2/../../../../nios2-elf/lib/libc.a(lib_a-puts.o)
                                  0x4 (size before relaxing)
 *fill*         0x008160ae        0x2 00
 .rodata.str1.4
                0x008160b0       0x5e /OPT/altera/12.1/tools/nios2eds/bin/gnu/H-i686-pc-linux-gnu/bin/../lib/gcc/nios2-elf/4.1.2/../../../../nios2-elf/lib/libc.a(lib_a-vfprintf.o)
                                 0x60 (size before relaxing)
 .rodata        0x0081610e       0x20 /OPT/altera/12.1/tools/nios2eds/bin/gnu/H-i686-pc-linux-gnu/bin/../lib/gcc/nios2-elf/4.1.2/../../../../nios2-elf/lib/libc.a(lib_a-vfprintf.o)
 *fill*         0x0081612e        0x2 00
 .rodata.str1.4
                0x00816130       0x10 /OPT/altera/12.1/tools/nios2eds/bin/gnu/H-i686-pc-linux-gnu/bin/../lib/gcc/nios2-elf/4.1.2/../../../../nios2-elf/lib/libc.a(lib_a-dtoa.o)
                                 0x14 (size before relaxing)
 .rodata.str1.4
                0x00816140        0x2 /OPT/altera/12.1/tools/nios2eds/bin/gnu/H-i686-pc-linux-gnu/bin/../lib/gcc/nios2-elf/4.1.2/../../../../nios2-elf/lib/libc.a(lib_a-impure.o)
                                  0x4 (size before relaxing)
 *fill*         0x00816142        0x2 00
 .rodata.str1.4
                0x00816144       0x10 /OPT/altera/12.1/tools/nios2eds/bin/gnu/H-i686-pc-linux-gnu/bin/../lib/gcc/nios2-elf/4.1.2/../../../../nios2-elf/lib/libc.a(lib_a-locale.o)
                                 0x18 (size before relaxing)
 .rodata        0x00816154       0x30 /OPT/altera/12.1/tools/nios2eds/bin/gnu/H-i686-pc-linux-gnu/bin/../lib/gcc/nios2-elf/4.1.2/../../../../nios2-elf/lib/libc.a(lib_a-locale.o)
 .rodata        0x00816184      0x124 /OPT/altera/12.1/tools/nios2eds/bin/gnu/H-i686-pc-linux-gnu/bin/../lib/gcc/nios2-elf/4.1.2/../../../../nios2-elf/lib/libc.a(lib_a-mprec.o)
                0x00816184                __mprec_tens
                0x0081624c                __mprec_bigtens
                0x00816274                __mprec_tinytens
 .rodata        0x008162a8       0x14 /OPT/altera/12.1/tools/nios2eds/bin/gnu/H-i686-pc-linux-gnu/bin/../lib/gcc/nios2-elf/4.1.2/libgcc.a(_thenan_df.o)
                0x008162a8                __thenan_df
 .rodata        0x008162bc      0x100 /OPT/altera/12.1/tools/nios2eds/bin/gnu/H-i686-pc-linux-gnu/bin/../lib/gcc/nios2-elf/4.1.2/libgcc.a(_clz.o)
                0x008162bc                __clz_tab
 .rodata        0x008163bc        0xc ../G4Capstone_bsp//libucosii_bsp.a(alt_dev.o)
 .rodata        0x008163c8       0x14 ../G4Capstone_bsp//libucosii_bsp.a(alt_main.o)
 .rodata        0x008163dc      0x120 ../G4Capstone_bsp//libucosii_bsp.a(os_core.o)
                0x008163dc                OSUnMapTbl
 .rodata        0x008164fc       0x4c ../G4Capstone_bsp//libucosii_bsp.a(alt_sys_init.o)
 .rodata        0x00816548        0x4 ../G4Capstone_bsp//libucosii_bsp.a(os_cpu_c.o)
 *(.rodata1)
                0x0081654c                . = ALIGN (0x4)
                0x0081654c                PROVIDE (__ram_rodata_end, ABSOLUTE (.))
                0x00816014                PROVIDE (__flash_rodata_start, LOADADDR (.rodata))

.rwdata         0x0081654c     0x1b40 load address 0x0081808c
                0x0081654c                PROVIDE (__ram_rwdata_start, ABSOLUTE (.))
                0x0081654c                . = ALIGN (0x4)
 *(.got.plt)
 *(.got)
 *(.data1)
 *(.data .data.* .gnu.linkonce.d.*)
 .data          0x0081654c        0x0 ../G4Capstone_bsp//obj/HAL/src/crt0.o
 .data          0x0081654c        0x0 obj/default/main.o
 .data          0x0081654c        0x0 /OPT/altera/12.1/tools/nios2eds/bin/gnu/H-i686-pc-linux-gnu/bin/../lib/gcc/nios2-elf/4.1.2/../../../../nios2-elf/lib/libc.a(lib_a-printf.o)
 .data          0x0081654c        0x0 /OPT/altera/12.1/tools/nios2eds/bin/gnu/H-i686-pc-linux-gnu/bin/../lib/gcc/nios2-elf/4.1.2/../../../../nios2-elf/lib/libc.a(lib_a-puts.o)
 .data          0x0081654c        0x0 /OPT/altera/12.1/tools/nios2eds/bin/gnu/H-i686-pc-linux-gnu/bin/../lib/gcc/nios2-elf/4.1.2/../../../../nios2-elf/lib/libc.a(lib_a-strlen.o)
 .data          0x0081654c        0x0 /OPT/altera/12.1/tools/nios2eds/bin/gnu/H-i686-pc-linux-gnu/bin/../lib/gcc/nios2-elf/4.1.2/../../../../nios2-elf/lib/libc.a(lib_a-vfprintf.o)
 .data          0x0081654c        0x0 /OPT/altera/12.1/tools/nios2eds/bin/gnu/H-i686-pc-linux-gnu/bin/../lib/gcc/nios2-elf/4.1.2/../../../../nios2-elf/lib/libc.a(lib_a-wsetup.o)
 .data          0x0081654c        0x0 /OPT/altera/12.1/tools/nios2eds/bin/gnu/H-i686-pc-linux-gnu/bin/../lib/gcc/nios2-elf/4.1.2/../../../../nios2-elf/lib/libc.a(lib_a-dtoa.o)
 .data          0x0081654c        0x0 /OPT/altera/12.1/tools/nios2eds/bin/gnu/H-i686-pc-linux-gnu/bin/../lib/gcc/nios2-elf/4.1.2/../../../../nios2-elf/lib/libc.a(lib_a-fflush.o)
 .data          0x0081654c        0x0 /OPT/altera/12.1/tools/nios2eds/bin/gnu/H-i686-pc-linux-gnu/bin/../lib/gcc/nios2-elf/4.1.2/../../../../nios2-elf/lib/libc.a(lib_a-findfp.o)
 .data          0x0081654c        0x0 /OPT/altera/12.1/tools/nios2eds/bin/gnu/H-i686-pc-linux-gnu/bin/../lib/gcc/nios2-elf/4.1.2/../../../../nios2-elf/lib/libc.a(lib_a-freer.o)
 .data          0x0081654c        0x0 /OPT/altera/12.1/tools/nios2eds/bin/gnu/H-i686-pc-linux-gnu/bin/../lib/gcc/nios2-elf/4.1.2/../../../../nios2-elf/lib/libc.a(lib_a-fvwrite.o)
 .data          0x0081654c        0x0 /OPT/altera/12.1/tools/nios2eds/bin/gnu/H-i686-pc-linux-gnu/bin/../lib/gcc/nios2-elf/4.1.2/../../../../nios2-elf/lib/libc.a(lib_a-fwalk.o)
 .data          0x0081654c      0x400 /OPT/altera/12.1/tools/nios2eds/bin/gnu/H-i686-pc-linux-gnu/bin/../lib/gcc/nios2-elf/4.1.2/../../../../nios2-elf/lib/libc.a(lib_a-impure.o)
 .data          0x0081694c        0xc /OPT/altera/12.1/tools/nios2eds/bin/gnu/H-i686-pc-linux-gnu/bin/../lib/gcc/nios2-elf/4.1.2/../../../../nios2-elf/lib/libc.a(lib_a-locale.o)
                0x0081694c                __lc_ctype
 .data          0x00816958        0x0 /OPT/altera/12.1/tools/nios2eds/bin/gnu/H-i686-pc-linux-gnu/bin/../lib/gcc/nios2-elf/4.1.2/../../../../nios2-elf/lib/libc.a(lib_a-makebuf.o)
 .data          0x00816958      0x408 /OPT/altera/12.1/tools/nios2eds/bin/gnu/H-i686-pc-linux-gnu/bin/../lib/gcc/nios2-elf/4.1.2/../../../../nios2-elf/lib/libc.a(lib_a-mallocr.o)
                0x00816958                __malloc_av_
 .data          0x00816d60        0x0 /OPT/altera/12.1/tools/nios2eds/bin/gnu/H-i686-pc-linux-gnu/bin/../lib/gcc/nios2-elf/4.1.2/../../../../nios2-elf/lib/libc.a(lib_a-memchr.o)
 .data          0x00816d60        0x0 /OPT/altera/12.1/tools/nios2eds/bin/gnu/H-i686-pc-linux-gnu/bin/../lib/gcc/nios2-elf/4.1.2/../../../../nios2-elf/lib/libc.a(lib_a-memcpy.o)
 .data          0x00816d60        0x0 /OPT/altera/12.1/tools/nios2eds/bin/gnu/H-i686-pc-linux-gnu/bin/../lib/gcc/nios2-elf/4.1.2/../../../../nios2-elf/lib/libc.a(lib_a-memmove.o)
 .data          0x00816d60        0x0 /OPT/altera/12.1/tools/nios2eds/bin/gnu/H-i686-pc-linux-gnu/bin/../lib/gcc/nios2-elf/4.1.2/../../../../nios2-elf/lib/libc.a(lib_a-memset.o)
 .data          0x00816d60        0x0 /OPT/altera/12.1/tools/nios2eds/bin/gnu/H-i686-pc-linux-gnu/bin/../lib/gcc/nios2-elf/4.1.2/../../../../nios2-elf/lib/libc.a(lib_a-mprec.o)
 .data          0x00816d60        0x0 /OPT/altera/12.1/tools/nios2eds/bin/gnu/H-i686-pc-linux-gnu/bin/../lib/gcc/nios2-elf/4.1.2/../../../../nios2-elf/lib/libc.a(lib_a-reallocr.o)
 .data          0x00816d60        0x0 /OPT/altera/12.1/tools/nios2eds/bin/gnu/H-i686-pc-linux-gnu/bin/../lib/gcc/nios2-elf/4.1.2/../../../../nios2-elf/lib/libc.a(lib_a-s_isinfd.o)
 .data          0x00816d60        0x0 /OPT/altera/12.1/tools/nios2eds/bin/gnu/H-i686-pc-linux-gnu/bin/../lib/gcc/nios2-elf/4.1.2/../../../../nios2-elf/lib/libc.a(lib_a-s_isnand.o)
 .data          0x00816d60        0x0 /OPT/altera/12.1/tools/nios2eds/bin/gnu/H-i686-pc-linux-gnu/bin/../lib/gcc/nios2-elf/4.1.2/../../../../nios2-elf/lib/libc.a(lib_a-sbrkr.o)
 .data          0x00816d60        0x0 /OPT/altera/12.1/tools/nios2eds/bin/gnu/H-i686-pc-linux-gnu/bin/../lib/gcc/nios2-elf/4.1.2/../../../../nios2-elf/lib/libc.a(lib_a-stdio.o)
 .data          0x00816d60        0x0 /OPT/altera/12.1/tools/nios2eds/bin/gnu/H-i686-pc-linux-gnu/bin/../lib/gcc/nios2-elf/4.1.2/../../../../nios2-elf/lib/libc.a(lib_a-strcmp.o)
 .data          0x00816d60        0x0 /OPT/altera/12.1/tools/nios2eds/bin/gnu/H-i686-pc-linux-gnu/bin/../lib/gcc/nios2-elf/4.1.2/../../../../nios2-elf/lib/libc.a(lib_a-writer.o)
 .data          0x00816d60        0x0 /OPT/altera/12.1/tools/nios2eds/bin/gnu/H-i686-pc-linux-gnu/bin/../lib/gcc/nios2-elf/4.1.2/../../../../nios2-elf/lib/libc.a(lib_a-callocr.o)
 .data          0x00816d60        0x0 /OPT/altera/12.1/tools/nios2eds/bin/gnu/H-i686-pc-linux-gnu/bin/../lib/gcc/nios2-elf/4.1.2/../../../../nios2-elf/lib/libc.a(lib_a-closer.o)
 .data          0x00816d60        0x0 /OPT/altera/12.1/tools/nios2eds/bin/gnu/H-i686-pc-linux-gnu/bin/../lib/gcc/nios2-elf/4.1.2/../../../../nios2-elf/lib/libc.a(lib_a-fclose.o)
 .data          0x00816d60        0x0 /OPT/altera/12.1/tools/nios2eds/bin/gnu/H-i686-pc-linux-gnu/bin/../lib/gcc/nios2-elf/4.1.2/../../../../nios2-elf/lib/libc.a(lib_a-fstatr.o)
 .data          0x00816d60        0x0 /OPT/altera/12.1/tools/nios2eds/bin/gnu/H-i686-pc-linux-gnu/bin/../lib/gcc/nios2-elf/4.1.2/../../../../nios2-elf/lib/libc.a(lib_a-int_errno.o)
 .data          0x00816d60        0x0 /OPT/altera/12.1/tools/nios2eds/bin/gnu/H-i686-pc-linux-gnu/bin/../lib/gcc/nios2-elf/4.1.2/../../../../nios2-elf/lib/libc.a(lib_a-isattyr.o)
 .data          0x00816d60        0x0 /OPT/altera/12.1/tools/nios2eds/bin/gnu/H-i686-pc-linux-gnu/bin/../lib/gcc/nios2-elf/4.1.2/../../../../nios2-elf/lib/libc.a(lib_a-lseekr.o)
 .data          0x00816d60        0x0 /OPT/altera/12.1/tools/nios2eds/bin/gnu/H-i686-pc-linux-gnu/bin/../lib/gcc/nios2-elf/4.1.2/../../../../nios2-elf/lib/libc.a(lib_a-readr.o)
 .data          0x00816d60        0x0 /OPT/altera/12.1/tools/nios2eds/bin/gnu/H-i686-pc-linux-gnu/bin/../lib/gcc/nios2-elf/4.1.2/libgcc.a(_udivdi3.o)
 .data          0x00816d60        0x0 /OPT/altera/12.1/tools/nios2eds/bin/gnu/H-i686-pc-linux-gnu/bin/../lib/gcc/nios2-elf/4.1.2/libgcc.a(_umoddi3.o)
 .data          0x00816d60        0x0 /OPT/altera/12.1/tools/nios2eds/bin/gnu/H-i686-pc-linux-gnu/bin/../lib/gcc/nios2-elf/4.1.2/libgcc.a(_addsub_df.o)
 .data          0x00816d60        0x0 /OPT/altera/12.1/tools/nios2eds/bin/gnu/H-i686-pc-linux-gnu/bin/../lib/gcc/nios2-elf/4.1.2/libgcc.a(_mul_df.o)
 .data          0x00816d60        0x0 /OPT/altera/12.1/tools/nios2eds/bin/gnu/H-i686-pc-linux-gnu/bin/../lib/gcc/nios2-elf/4.1.2/libgcc.a(_div_df.o)
 .data          0x00816d60        0x0 /OPT/altera/12.1/tools/nios2eds/bin/gnu/H-i686-pc-linux-gnu/bin/../lib/gcc/nios2-elf/4.1.2/libgcc.a(_eq_df.o)
 .data          0x00816d60        0x0 /OPT/altera/12.1/tools/nios2eds/bin/gnu/H-i686-pc-linux-gnu/bin/../lib/gcc/nios2-elf/4.1.2/libgcc.a(_ne_df.o)
 .data          0x00816d60        0x0 /OPT/altera/12.1/tools/nios2eds/bin/gnu/H-i686-pc-linux-gnu/bin/../lib/gcc/nios2-elf/4.1.2/libgcc.a(_gt_df.o)
 .data          0x00816d60        0x0 /OPT/altera/12.1/tools/nios2eds/bin/gnu/H-i686-pc-linux-gnu/bin/../lib/gcc/nios2-elf/4.1.2/libgcc.a(_ge_df.o)
 .data          0x00816d60        0x0 /OPT/altera/12.1/tools/nios2eds/bin/gnu/H-i686-pc-linux-gnu/bin/../lib/gcc/nios2-elf/4.1.2/libgcc.a(_lt_df.o)
 .data          0x00816d60        0x0 /OPT/altera/12.1/tools/nios2eds/bin/gnu/H-i686-pc-linux-gnu/bin/../lib/gcc/nios2-elf/4.1.2/libgcc.a(_si_to_df.o)
 .data          0x00816d60        0x0 /OPT/altera/12.1/tools/nios2eds/bin/gnu/H-i686-pc-linux-gnu/bin/../lib/gcc/nios2-elf/4.1.2/libgcc.a(_df_to_si.o)
 .data          0x00816d60        0x0 /OPT/altera/12.1/tools/nios2eds/bin/gnu/H-i686-pc-linux-gnu/bin/../lib/gcc/nios2-elf/4.1.2/libgcc.a(_thenan_df.o)
 .data          0x00816d60        0x0 /OPT/altera/12.1/tools/nios2eds/bin/gnu/H-i686-pc-linux-gnu/bin/../lib/gcc/nios2-elf/4.1.2/libgcc.a(_usi_to_df.o)
 .data          0x00816d60        0x0 /OPT/altera/12.1/tools/nios2eds/bin/gnu/H-i686-pc-linux-gnu/bin/../lib/gcc/nios2-elf/4.1.2/libgcc.a(lib2-divmod.o)
 .data          0x00816d60        0x0 /OPT/altera/12.1/tools/nios2eds/bin/gnu/H-i686-pc-linux-gnu/bin/../lib/gcc/nios2-elf/4.1.2/libgcc.a(_muldi3.o)
 .data          0x00816d60        0x0 /OPT/altera/12.1/tools/nios2eds/bin/gnu/H-i686-pc-linux-gnu/bin/../lib/gcc/nios2-elf/4.1.2/libgcc.a(_clz.o)
 .data          0x00816d60        0x0 /OPT/altera/12.1/tools/nios2eds/bin/gnu/H-i686-pc-linux-gnu/bin/../lib/gcc/nios2-elf/4.1.2/libgcc.a(_clzsi2.o)
 .data          0x00816d60        0x0 /OPT/altera/12.1/tools/nios2eds/bin/gnu/H-i686-pc-linux-gnu/bin/../lib/gcc/nios2-elf/4.1.2/libgcc.a(_pack_df.o)
 .data          0x00816d60        0x0 /OPT/altera/12.1/tools/nios2eds/bin/gnu/H-i686-pc-linux-gnu/bin/../lib/gcc/nios2-elf/4.1.2/libgcc.a(_unpack_df.o)
 .data          0x00816d60        0x0 /OPT/altera/12.1/tools/nios2eds/bin/gnu/H-i686-pc-linux-gnu/bin/../lib/gcc/nios2-elf/4.1.2/libgcc.a(_fpcmp_parts_df.o)
 .data          0x00816d60        0x0 ../G4Capstone_bsp//libucosii_bsp.a(alt_close.o)
 .data          0x00816d60      0x1a8 ../G4Capstone_bsp//libucosii_bsp.a(alt_dev.o)
                0x00816d60                alt_dev_null
                0x00816d88                alt_fd_list
 .data          0x00816f08        0x0 ../G4Capstone_bsp//libucosii_bsp.a(alt_errno.o)
 .data          0x00816f08        0x0 ../G4Capstone_bsp//libucosii_bsp.a(alt_fstat.o)
 .data          0x00816f08        0x0 ../G4Capstone_bsp//libucosii_bsp.a(alt_isatty.o)
 .data          0x00816f08        0x0 ../G4Capstone_bsp//libucosii_bsp.a(alt_load.o)
 .data          0x00816f08        0x0 ../G4Capstone_bsp//libucosii_bsp.a(alt_lseek.o)
 .data          0x00816f08        0x0 ../G4Capstone_bsp//libucosii_bsp.a(alt_main.o)
 .data          0x00816f08        0x0 ../G4Capstone_bsp//libucosii_bsp.a(alt_read.o)
 .data          0x00816f08        0x0 ../G4Capstone_bsp//libucosii_bsp.a(alt_release_fd.o)
 .data          0x00816f08        0x0 ../G4Capstone_bsp//libucosii_bsp.a(alt_sbrk.o)
 .data          0x00816f08        0x0 ../G4Capstone_bsp//libucosii_bsp.a(alt_write.o)
 .data          0x00816f08        0x0 ../G4Capstone_bsp//libucosii_bsp.a(alt_env_lock.o)
 .data          0x00816f08        0x0 ../G4Capstone_bsp//libucosii_bsp.a(alt_malloc_lock.o)
 .data          0x00816f08        0x0 ../G4Capstone_bsp//libucosii_bsp.a(os_core.o)
 .data          0x00816f08        0x0 ../G4Capstone_bsp//libucosii_bsp.a(os_dbg.o)
 .data          0x00816f08        0x0 ../G4Capstone_bsp//libucosii_bsp.a(os_flag.o)
 .data          0x00816f08        0x0 ../G4Capstone_bsp//libucosii_bsp.a(os_mem.o)
 .data          0x00816f08        0x0 ../G4Capstone_bsp//libucosii_bsp.a(os_q.o)
 .data          0x00816f08        0x0 ../G4Capstone_bsp//libucosii_bsp.a(os_sem.o)
 .data          0x00816f08        0x0 ../G4Capstone_bsp//libucosii_bsp.a(os_task.o)
 .data          0x00816f08        0x0 ../G4Capstone_bsp//libucosii_bsp.a(os_time.o)
 .data          0x00816f08     0x10c8 ../G4Capstone_bsp//libucosii_bsp.a(alt_sys_init.o)
 .data          0x00817fd0        0x0 ../G4Capstone_bsp//libucosii_bsp.a(altera_avalon_jtag_uart_fd.o)
 .data          0x00817fd0        0x0 ../G4Capstone_bsp//libucosii_bsp.a(altera_avalon_jtag_uart_init.o)
 .data          0x00817fd0        0x0 ../G4Capstone_bsp//libucosii_bsp.a(altera_avalon_jtag_uart_ioctl.o)
 .data          0x00817fd0        0x0 ../G4Capstone_bsp//libucosii_bsp.a(altera_avalon_jtag_uart_read.o)
 .data          0x00817fd0        0x0 ../G4Capstone_bsp//libucosii_bsp.a(altera_avalon_jtag_uart_write.o)
 .data          0x00817fd0        0x0 ../G4Capstone_bsp//libucosii_bsp.a(altera_avalon_timer_sc.o)
 .data          0x00817fd0        0x0 ../G4Capstone_bsp//libucosii_bsp.a(altera_up_avalon_audio_and_video_config.o)
 .data          0x00817fd0        0x0 ../G4Capstone_bsp//libucosii_bsp.a(altera_up_avalon_character_lcd.o)
 .data          0x00817fd0        0x0 ../G4Capstone_bsp//libucosii_bsp.a(alt_alarm_start.o)
 .data          0x00817fd0        0x0 ../G4Capstone_bsp//libucosii_bsp.a(alt_dcache_flush_all.o)
 .data          0x00817fd0        0x0 ../G4Capstone_bsp//libucosii_bsp.a(alt_dev_llist_insert.o)
 .data          0x00817fd0        0x0 ../G4Capstone_bsp//libucosii_bsp.a(alt_do_ctors.o)
 .data          0x00817fd0        0x0 ../G4Capstone_bsp//libucosii_bsp.a(alt_do_dtors.o)
 .data          0x00817fd0        0x0 ../G4Capstone_bsp//libucosii_bsp.a(alt_find_dev.o)
 .data          0x00817fd0        0x0 ../G4Capstone_bsp//libucosii_bsp.a(alt_icache_flush_all.o)
 .data          0x00817fd0        0x0 ../G4Capstone_bsp//libucosii_bsp.a(alt_iic.o)
 .data          0x00817fd0        0x0 ../G4Capstone_bsp//libucosii_bsp.a(alt_iic_isr_register.o)
 .data          0x00817fd0        0x0 ../G4Capstone_bsp//libucosii_bsp.a(alt_io_redirect.o)
 .data          0x00817fd0        0x0 ../G4Capstone_bsp//libucosii_bsp.a(alt_irq_entry.o)
 .data          0x00817fd0        0x0 ../G4Capstone_bsp//libucosii_bsp.a(alt_irq_handler.o)
 .data          0x00817fd0        0x0 ../G4Capstone_bsp//libucosii_bsp.a(alt_irq_vars.o)
 .data          0x00817fd0        0x0 ../G4Capstone_bsp//libucosii_bsp.a(alt_open.o)
 .data          0x00817fd0        0x0 ../G4Capstone_bsp//libucosii_bsp.a(alt_tick.o)
 .data          0x00817fd0        0x0 ../G4Capstone_bsp//libucosii_bsp.a(altera_nios2_qsys_irq.o)
 .data          0x00817fd0        0x0 ../G4Capstone_bsp//libucosii_bsp.a(os_cpu_a.o)
 .data          0x00817fd0        0x0 ../G4Capstone_bsp//libucosii_bsp.a(os_cpu_c.o)
 .data          0x00817fd0        0x0 ../G4Capstone_bsp//libucosii_bsp.a(alt_exception_entry.o)
 .data          0x00817fd0        0x0 ../G4Capstone_bsp//libucosii_bsp.a(alt_find_file.o)
 .data          0x00817fd0        0x0 ../G4Capstone_bsp//libucosii_bsp.a(alt_get_fd.o)
 .data          0x00817fd0        0x0 ../G4Capstone_bsp//libucosii_bsp.a(alt_icache_flush.o)
 .data          0x00817fd0        0x0 /OPT/altera/12.1/tools/nios2eds/bin/gnu/H-i686-pc-linux-gnu/bin/../lib/gcc/nios2-elf/4.1.2/../../../../nios2-elf/lib/libc.a(lib_a-atexit.o)
 .data          0x00817fd0        0x0 /OPT/altera/12.1/tools/nios2eds/bin/gnu/H-i686-pc-linux-gnu/bin/../lib/gcc/nios2-elf/4.1.2/../../../../nios2-elf/lib/libc.a(lib_a-exit.o)
 .data          0x00817fd0        0x0 /OPT/altera/12.1/tools/nios2eds/bin/gnu/H-i686-pc-linux-gnu/bin/../lib/gcc/nios2-elf/4.1.2/../../../../nios2-elf/lib/libc.a(lib_a-memcmp.o)
 .data          0x00817fd0        0x0 /OPT/altera/12.1/tools/nios2eds/bin/gnu/H-i686-pc-linux-gnu/bin/../lib/gcc/nios2-elf/4.1.2/../../../../nios2-elf/lib/libc.a(lib_a-__atexit.o)
 .data          0x00817fd0        0x0 /OPT/altera/12.1/tools/nios2eds/bin/gnu/H-i686-pc-linux-gnu/bin/../lib/gcc/nios2-elf/4.1.2/../../../../nios2-elf/lib/libc.a(lib_a-__call_atexit.o)
 .data          0x00817fd0        0x0 ../G4Capstone_bsp//libucosii_bsp.a(alt_exit.o)
                0x0081ffd0                _gp = ABSOLUTE ((. + 0x8000))
                0x0081ffd0                PROVIDE (gp, _gp)
 *(.rwdata .rwdata.*)
 *(.sdata .sdata.* .gnu.linkonce.s.*)
 .sdata         0x00817fd0        0x8 /OPT/altera/12.1/tools/nios2eds/bin/gnu/H-i686-pc-linux-gnu/bin/../lib/gcc/nios2-elf/4.1.2/../../../../nios2-elf/lib/libc.a(lib_a-impure.o)
                0x00817fd0                _impure_ptr
                0x00817fd4                _global_impure_ptr
 .sdata         0x00817fd8        0x8 /OPT/altera/12.1/tools/nios2eds/bin/gnu/H-i686-pc-linux-gnu/bin/../lib/gcc/nios2-elf/4.1.2/../../../../nios2-elf/lib/libc.a(lib_a-locale.o)
                0x00817fd8                __mb_cur_max
 .sdata         0x00817fe0        0x8 /OPT/altera/12.1/tools/nios2eds/bin/gnu/H-i686-pc-linux-gnu/bin/../lib/gcc/nios2-elf/4.1.2/../../../../nios2-elf/lib/libc.a(lib_a-mallocr.o)
                0x00817fe0                __malloc_trim_threshold
                0x00817fe4                __malloc_sbrk_base
 .sdata         0x00817fe8       0x14 ../G4Capstone_bsp//libucosii_bsp.a(alt_dev.o)
                0x00817fe8                alt_fs_list
                0x00817ff0                alt_dev_list
                0x00817ff8                alt_max_fd
 .sdata         0x00817ffc        0x4 ../G4Capstone_bsp//libucosii_bsp.a(alt_errno.o)
                0x00817ffc                alt_errno
 .sdata         0x00818000        0x4 ../G4Capstone_bsp//libucosii_bsp.a(alt_sbrk.o)
 .sdata         0x00818004        0x4 ../G4Capstone_bsp//libucosii_bsp.a(alt_env_lock.o)
 .sdata         0x00818008        0x4 ../G4Capstone_bsp//libucosii_bsp.a(alt_malloc_lock.o)
 .sdata         0x0081800c       0x74 ../G4Capstone_bsp//libucosii_bsp.a(os_dbg.o)
                0x0081800c                OSDebugEn
                0x00818010                OSEndiannessTest
                0x00818014                OSEventEn
                0x00818016                OSEventMax
                0x00818018                OSEventNameSize
                0x0081801a                OSEventSize
                0x0081801c                OSEventTblSize
                0x0081801e                OSEventMultiEn
                0x00818020                OSFlagEn
                0x00818022                OSFlagGrpSize
                0x00818024                OSFlagNodeSize
                0x00818026                OSFlagWidth
                0x00818028                OSFlagMax
                0x0081802a                OSFlagNameSize
                0x0081802c                OSLowestPrio
                0x0081802e                OSMboxEn
                0x00818030                OSMemEn
                0x00818032                OSMemMax
                0x00818034                OSMemNameSize
                0x00818036                OSMemSize
                0x00818038                OSMemTblSize
                0x0081803a                OSMutexEn
                0x0081803c                OSPtrSize
                0x0081803e                OSQEn
                0x00818040                OSQMax
                0x00818042                OSQSize
                0x00818044                OSRdyTblSize
                0x00818046                OSSemEn
                0x00818048                OSStkWidth
                0x0081804a                OSTaskCreateEn
                0x0081804c                OSTaskCreateExtEn
                0x0081804e                OSTaskDelEn
                0x00818050                OSTaskIdleStkSize
                0x00818052                OSTaskProfileEn
                0x00818054                OSTaskMax
                0x00818056                OSTaskNameSize
                0x00818058                OSTaskStatEn
                0x0081805a                OSTaskStatStkSize
                0x0081805c                OSTaskStatStkChkEn
                0x0081805e                OSTaskSwHookEn
                0x00818060                OSTCBPrioTblMax
                0x00818062                OSTCBSize
                0x00818064                OSTicksPerSec
                0x00818066                OSTimeTickHookEn
                0x00818068                OSVersionNbr
                0x0081806a                OSTmrEn
                0x0081806c                OSTmrCfgMax
                0x0081806e                OSTmrCfgNameSize
                0x00818070                OSTmrCfgWheelSize
                0x00818072                OSTmrCfgTicksPerSec
                0x00818074                OSTmrSize
                0x00818076                OSTmrTblSize
                0x00818078                OSTmrWheelSize
                0x0081807a                OSTmrWheelTblSize
                0x0081807c                OSDataSize
 .sdata         0x00818080        0x4 ../G4Capstone_bsp//libucosii_bsp.a(alt_irq_vars.o)
                0x00818080                alt_priority_mask
 .sdata         0x00818084        0x8 ../G4Capstone_bsp//libucosii_bsp.a(alt_tick.o)
                0x00818084                alt_alarm_list
 *(.sdata2 .sdata2.* .gnu.linkonce.s2.*)
                0x0081808c                . = ALIGN (0x4)
                0x0081808c                _edata = ABSOLUTE (.)
                0x0081808c                PROVIDE (edata, ABSOLUTE (.))
                0x0081808c                PROVIDE (__ram_rwdata_end, ABSOLUTE (.))
                0x0081808c                PROVIDE (__flash_rwdata_start, LOADADDR (.rwdata))

.bss            0x00819bcc     0x7578
                0x00819bcc                __bss_start = ABSOLUTE (.)
                0x00819bcc                PROVIDE (__sbss_start, ABSOLUTE (.))
                0x00819bcc                PROVIDE (___sbss_start, ABSOLUTE (.))
 *(.dynsbss)
 *(.sbss .sbss.* .gnu.linkonce.sb.*)
 .sbss          0x00819bcc        0x4 obj/default/main.o
                0x00819bcc                QUEUE
 .sbss          0x00819bd0        0xc /OPT/altera/12.1/tools/nios2eds/bin/gnu/H-i686-pc-linux-gnu/bin/../lib/gcc/nios2-elf/4.1.2/../../../../nios2-elf/lib/libc.a(lib_a-locale.o)
                0x00819bd0                __nlocale_changed
                0x00819bd4                __mlocale_changed
                0x00819bd8                _PathLocale
 .sbss          0x00819bdc        0xc /OPT/altera/12.1/tools/nios2eds/bin/gnu/H-i686-pc-linux-gnu/bin/../lib/gcc/nios2-elf/4.1.2/../../../../nios2-elf/lib/libc.a(lib_a-mallocr.o)
                0x00819bdc                __malloc_top_pad
                0x00819be0                __malloc_max_sbrked_mem
                0x00819be4                __malloc_max_total_mem
 .sbss          0x00819be8        0x4 /OPT/altera/12.1/tools/nios2eds/bin/gnu/H-i686-pc-linux-gnu/bin/../lib/gcc/nios2-elf/4.1.2/../../../../nios2-elf/lib/libc.a(lib_a-int_errno.o)
                0x00819be8                errno
 .sbss          0x00819bec        0x4 ../G4Capstone_bsp//libucosii_bsp.a(alt_dev.o)
                0x00819bec                alt_fd_list_lock
 .sbss          0x00819bf0        0xc ../G4Capstone_bsp//libucosii_bsp.a(alt_main.o)
                0x00819bf0                alt_argc
                0x00819bf4                alt_argv
                0x00819bf8                alt_envp
 .sbss          0x00819bfc        0x8 ../G4Capstone_bsp//libucosii_bsp.a(alt_env_lock.o)
                0x00819c00                alt_envsem
 .sbss          0x00819c04        0x8 ../G4Capstone_bsp//libucosii_bsp.a(alt_malloc_lock.o)
                0x00819c08                alt_heapsem
 .sbss          0x00819c0c       0x50 ../G4Capstone_bsp//libucosii_bsp.a(os_core.o)
                0x00819c0c                OSLockNesting
                0x00819c0d                OSRunning
                0x00819c10                OSIdleCtr
                0x00819c14                OSPrioHighRdy
                0x00819c15                OSPrioCur
                0x00819c18                OSTCBList
                0x00819c1c                OSTickStepState
                0x00819c20                OSCtxSwCtr
                0x00819c24                OSIdleCtrMax
                0x00819c28                OSTCBFreeList
                0x00819c2c                OSCPUUsage
                0x00819c2d                OSTaskCtr
                0x00819c30                OSMemFreeList
                0x00819c34                OSTCBHighRdy
                0x00819c38                OSQFreeList
                0x00819c3c                OSRdyGrp
                0x00819c3d                OSRdyTbl
                0x00819c40                OSEventFreeList
                0x00819c44                OSIntNesting
                0x00819c48                OSTCBCur
                0x00819c4c                OSTime
                0x00819c50                OSFlagFreeList
                0x00819c54                OSStatRdy
                0x00819c58                OSIdleCtrRun
 .sbss          0x00819c5c        0x4 ../G4Capstone_bsp//libucosii_bsp.a(alt_irq_vars.o)
                0x00819c5c                alt_irq_active
 .sbss          0x00819c60        0x8 ../G4Capstone_bsp//libucosii_bsp.a(alt_tick.o)
                0x00819c60                _alt_tick_rate
                0x00819c64                _alt_nticks
 *(.sbss2 .sbss2.* .gnu.linkonce.sb2.*)
 *(.scommon)
                0x00819c68                PROVIDE (__sbss_end, ABSOLUTE (.))
                0x00819c68                PROVIDE (___sbss_end, ABSOLUTE (.))
 *(.dynbss)
 *(.bss .bss.* .gnu.linkonce.b.*)
 .bss           0x00819c68        0x0 ../G4Capstone_bsp//obj/HAL/src/crt0.o
 .bss           0x00819c68        0x0 obj/default/main.o
 .bss           0x00819c68        0x0 /OPT/altera/12.1/tools/nios2eds/bin/gnu/H-i686-pc-linux-gnu/bin/../lib/gcc/nios2-elf/4.1.2/../../../../nios2-elf/lib/libc.a(lib_a-printf.o)
 .bss           0x00819c68        0x0 /OPT/altera/12.1/tools/nios2eds/bin/gnu/H-i686-pc-linux-gnu/bin/../lib/gcc/nios2-elf/4.1.2/../../../../nios2-elf/lib/libc.a(lib_a-puts.o)
 .bss           0x00819c68        0x0 /OPT/altera/12.1/tools/nios2eds/bin/gnu/H-i686-pc-linux-gnu/bin/../lib/gcc/nios2-elf/4.1.2/../../../../nios2-elf/lib/libc.a(lib_a-strlen.o)
 .bss           0x00819c68        0x0 /OPT/altera/12.1/tools/nios2eds/bin/gnu/H-i686-pc-linux-gnu/bin/../lib/gcc/nios2-elf/4.1.2/../../../../nios2-elf/lib/libc.a(lib_a-vfprintf.o)
 .bss           0x00819c68        0x0 /OPT/altera/12.1/tools/nios2eds/bin/gnu/H-i686-pc-linux-gnu/bin/../lib/gcc/nios2-elf/4.1.2/../../../../nios2-elf/lib/libc.a(lib_a-wsetup.o)
 .bss           0x00819c68        0x0 /OPT/altera/12.1/tools/nios2eds/bin/gnu/H-i686-pc-linux-gnu/bin/../lib/gcc/nios2-elf/4.1.2/../../../../nios2-elf/lib/libc.a(lib_a-dtoa.o)
 .bss           0x00819c68        0x0 /OPT/altera/12.1/tools/nios2eds/bin/gnu/H-i686-pc-linux-gnu/bin/../lib/gcc/nios2-elf/4.1.2/../../../../nios2-elf/lib/libc.a(lib_a-fflush.o)
 .bss           0x00819c68        0x0 /OPT/altera/12.1/tools/nios2eds/bin/gnu/H-i686-pc-linux-gnu/bin/../lib/gcc/nios2-elf/4.1.2/../../../../nios2-elf/lib/libc.a(lib_a-findfp.o)
 .bss           0x00819c68        0x0 /OPT/altera/12.1/tools/nios2eds/bin/gnu/H-i686-pc-linux-gnu/bin/../lib/gcc/nios2-elf/4.1.2/../../../../nios2-elf/lib/libc.a(lib_a-freer.o)
 .bss           0x00819c68        0x0 /OPT/altera/12.1/tools/nios2eds/bin/gnu/H-i686-pc-linux-gnu/bin/../lib/gcc/nios2-elf/4.1.2/../../../../nios2-elf/lib/libc.a(lib_a-fvwrite.o)
 .bss           0x00819c68        0x0 /OPT/altera/12.1/tools/nios2eds/bin/gnu/H-i686-pc-linux-gnu/bin/../lib/gcc/nios2-elf/4.1.2/../../../../nios2-elf/lib/libc.a(lib_a-fwalk.o)
 .bss           0x00819c68        0x0 /OPT/altera/12.1/tools/nios2eds/bin/gnu/H-i686-pc-linux-gnu/bin/../lib/gcc/nios2-elf/4.1.2/../../../../nios2-elf/lib/libc.a(lib_a-impure.o)
 .bss           0x00819c68        0x0 /OPT/altera/12.1/tools/nios2eds/bin/gnu/H-i686-pc-linux-gnu/bin/../lib/gcc/nios2-elf/4.1.2/../../../../nios2-elf/lib/libc.a(lib_a-locale.o)
 .bss           0x00819c68        0x0 /OPT/altera/12.1/tools/nios2eds/bin/gnu/H-i686-pc-linux-gnu/bin/../lib/gcc/nios2-elf/4.1.2/../../../../nios2-elf/lib/libc.a(lib_a-makebuf.o)
 .bss           0x00819c68       0x28 /OPT/altera/12.1/tools/nios2eds/bin/gnu/H-i686-pc-linux-gnu/bin/../lib/gcc/nios2-elf/4.1.2/../../../../nios2-elf/lib/libc.a(lib_a-mallocr.o)
                0x00819c68                __malloc_current_mallinfo
 .bss           0x00819c90        0x0 /OPT/altera/12.1/tools/nios2eds/bin/gnu/H-i686-pc-linux-gnu/bin/../lib/gcc/nios2-elf/4.1.2/../../../../nios2-elf/lib/libc.a(lib_a-memchr.o)
 .bss           0x00819c90        0x0 /OPT/altera/12.1/tools/nios2eds/bin/gnu/H-i686-pc-linux-gnu/bin/../lib/gcc/nios2-elf/4.1.2/../../../../nios2-elf/lib/libc.a(lib_a-memcpy.o)
 .bss           0x00819c90        0x0 /OPT/altera/12.1/tools/nios2eds/bin/gnu/H-i686-pc-linux-gnu/bin/../lib/gcc/nios2-elf/4.1.2/../../../../nios2-elf/lib/libc.a(lib_a-memmove.o)
 .bss           0x00819c90        0x0 /OPT/altera/12.1/tools/nios2eds/bin/gnu/H-i686-pc-linux-gnu/bin/../lib/gcc/nios2-elf/4.1.2/../../../../nios2-elf/lib/libc.a(lib_a-memset.o)
 .bss           0x00819c90        0x0 /OPT/altera/12.1/tools/nios2eds/bin/gnu/H-i686-pc-linux-gnu/bin/../lib/gcc/nios2-elf/4.1.2/../../../../nios2-elf/lib/libc.a(lib_a-mprec.o)
 .bss           0x00819c90        0x0 /OPT/altera/12.1/tools/nios2eds/bin/gnu/H-i686-pc-linux-gnu/bin/../lib/gcc/nios2-elf/4.1.2/../../../../nios2-elf/lib/libc.a(lib_a-reallocr.o)
 .bss           0x00819c90        0x0 /OPT/altera/12.1/tools/nios2eds/bin/gnu/H-i686-pc-linux-gnu/bin/../lib/gcc/nios2-elf/4.1.2/../../../../nios2-elf/lib/libc.a(lib_a-s_isinfd.o)
 .bss           0x00819c90        0x0 /OPT/altera/12.1/tools/nios2eds/bin/gnu/H-i686-pc-linux-gnu/bin/../lib/gcc/nios2-elf/4.1.2/../../../../nios2-elf/lib/libc.a(lib_a-s_isnand.o)
 .bss           0x00819c90        0x0 /OPT/altera/12.1/tools/nios2eds/bin/gnu/H-i686-pc-linux-gnu/bin/../lib/gcc/nios2-elf/4.1.2/../../../../nios2-elf/lib/libc.a(lib_a-sbrkr.o)
 .bss           0x00819c90        0x0 /OPT/altera/12.1/tools/nios2eds/bin/gnu/H-i686-pc-linux-gnu/bin/../lib/gcc/nios2-elf/4.1.2/../../../../nios2-elf/lib/libc.a(lib_a-stdio.o)
 .bss           0x00819c90        0x0 /OPT/altera/12.1/tools/nios2eds/bin/gnu/H-i686-pc-linux-gnu/bin/../lib/gcc/nios2-elf/4.1.2/../../../../nios2-elf/lib/libc.a(lib_a-strcmp.o)
 .bss           0x00819c90        0x0 /OPT/altera/12.1/tools/nios2eds/bin/gnu/H-i686-pc-linux-gnu/bin/../lib/gcc/nios2-elf/4.1.2/../../../../nios2-elf/lib/libc.a(lib_a-writer.o)
 .bss           0x00819c90        0x0 /OPT/altera/12.1/tools/nios2eds/bin/gnu/H-i686-pc-linux-gnu/bin/../lib/gcc/nios2-elf/4.1.2/../../../../nios2-elf/lib/libc.a(lib_a-callocr.o)
 .bss           0x00819c90        0x0 /OPT/altera/12.1/tools/nios2eds/bin/gnu/H-i686-pc-linux-gnu/bin/../lib/gcc/nios2-elf/4.1.2/../../../../nios2-elf/lib/libc.a(lib_a-closer.o)
 .bss           0x00819c90        0x0 /OPT/altera/12.1/tools/nios2eds/bin/gnu/H-i686-pc-linux-gnu/bin/../lib/gcc/nios2-elf/4.1.2/../../../../nios2-elf/lib/libc.a(lib_a-fclose.o)
 .bss           0x00819c90        0x0 /OPT/altera/12.1/tools/nios2eds/bin/gnu/H-i686-pc-linux-gnu/bin/../lib/gcc/nios2-elf/4.1.2/../../../../nios2-elf/lib/libc.a(lib_a-fstatr.o)
 .bss           0x00819c90        0x0 /OPT/altera/12.1/tools/nios2eds/bin/gnu/H-i686-pc-linux-gnu/bin/../lib/gcc/nios2-elf/4.1.2/../../../../nios2-elf/lib/libc.a(lib_a-int_errno.o)
 .bss           0x00819c90        0x0 /OPT/altera/12.1/tools/nios2eds/bin/gnu/H-i686-pc-linux-gnu/bin/../lib/gcc/nios2-elf/4.1.2/../../../../nios2-elf/lib/libc.a(lib_a-isattyr.o)
 .bss           0x00819c90        0x0 /OPT/altera/12.1/tools/nios2eds/bin/gnu/H-i686-pc-linux-gnu/bin/../lib/gcc/nios2-elf/4.1.2/../../../../nios2-elf/lib/libc.a(lib_a-lseekr.o)
 .bss           0x00819c90        0x0 /OPT/altera/12.1/tools/nios2eds/bin/gnu/H-i686-pc-linux-gnu/bin/../lib/gcc/nios2-elf/4.1.2/../../../../nios2-elf/lib/libc.a(lib_a-readr.o)
 .bss           0x00819c90        0x0 /OPT/altera/12.1/tools/nios2eds/bin/gnu/H-i686-pc-linux-gnu/bin/../lib/gcc/nios2-elf/4.1.2/libgcc.a(_udivdi3.o)
 .bss           0x00819c90        0x0 /OPT/altera/12.1/tools/nios2eds/bin/gnu/H-i686-pc-linux-gnu/bin/../lib/gcc/nios2-elf/4.1.2/libgcc.a(_umoddi3.o)
 .bss           0x00819c90        0x0 /OPT/altera/12.1/tools/nios2eds/bin/gnu/H-i686-pc-linux-gnu/bin/../lib/gcc/nios2-elf/4.1.2/libgcc.a(_addsub_df.o)
 .bss           0x00819c90        0x0 /OPT/altera/12.1/tools/nios2eds/bin/gnu/H-i686-pc-linux-gnu/bin/../lib/gcc/nios2-elf/4.1.2/libgcc.a(_mul_df.o)
 .bss           0x00819c90        0x0 /OPT/altera/12.1/tools/nios2eds/bin/gnu/H-i686-pc-linux-gnu/bin/../lib/gcc/nios2-elf/4.1.2/libgcc.a(_div_df.o)
 .bss           0x00819c90        0x0 /OPT/altera/12.1/tools/nios2eds/bin/gnu/H-i686-pc-linux-gnu/bin/../lib/gcc/nios2-elf/4.1.2/libgcc.a(_eq_df.o)
 .bss           0x00819c90        0x0 /OPT/altera/12.1/tools/nios2eds/bin/gnu/H-i686-pc-linux-gnu/bin/../lib/gcc/nios2-elf/4.1.2/libgcc.a(_ne_df.o)
 .bss           0x00819c90        0x0 /OPT/altera/12.1/tools/nios2eds/bin/gnu/H-i686-pc-linux-gnu/bin/../lib/gcc/nios2-elf/4.1.2/libgcc.a(_gt_df.o)
 .bss           0x00819c90        0x0 /OPT/altera/12.1/tools/nios2eds/bin/gnu/H-i686-pc-linux-gnu/bin/../lib/gcc/nios2-elf/4.1.2/libgcc.a(_ge_df.o)
 .bss           0x00819c90        0x0 /OPT/altera/12.1/tools/nios2eds/bin/gnu/H-i686-pc-linux-gnu/bin/../lib/gcc/nios2-elf/4.1.2/libgcc.a(_lt_df.o)
 .bss           0x00819c90        0x0 /OPT/altera/12.1/tools/nios2eds/bin/gnu/H-i686-pc-linux-gnu/bin/../lib/gcc/nios2-elf/4.1.2/libgcc.a(_si_to_df.o)
 .bss           0x00819c90        0x0 /OPT/altera/12.1/tools/nios2eds/bin/gnu/H-i686-pc-linux-gnu/bin/../lib/gcc/nios2-elf/4.1.2/libgcc.a(_df_to_si.o)
 .bss           0x00819c90        0x0 /OPT/altera/12.1/tools/nios2eds/bin/gnu/H-i686-pc-linux-gnu/bin/../lib/gcc/nios2-elf/4.1.2/libgcc.a(_thenan_df.o)
 .bss           0x00819c90        0x0 /OPT/altera/12.1/tools/nios2eds/bin/gnu/H-i686-pc-linux-gnu/bin/../lib/gcc/nios2-elf/4.1.2/libgcc.a(_usi_to_df.o)
 .bss           0x00819c90        0x0 /OPT/altera/12.1/tools/nios2eds/bin/gnu/H-i686-pc-linux-gnu/bin/../lib/gcc/nios2-elf/4.1.2/libgcc.a(lib2-divmod.o)
 .bss           0x00819c90        0x0 /OPT/altera/12.1/tools/nios2eds/bin/gnu/H-i686-pc-linux-gnu/bin/../lib/gcc/nios2-elf/4.1.2/libgcc.a(_muldi3.o)
 .bss           0x00819c90        0x0 /OPT/altera/12.1/tools/nios2eds/bin/gnu/H-i686-pc-linux-gnu/bin/../lib/gcc/nios2-elf/4.1.2/libgcc.a(_clz.o)
 .bss           0x00819c90        0x0 /OPT/altera/12.1/tools/nios2eds/bin/gnu/H-i686-pc-linux-gnu/bin/../lib/gcc/nios2-elf/4.1.2/libgcc.a(_clzsi2.o)
 .bss           0x00819c90        0x0 /OPT/altera/12.1/tools/nios2eds/bin/gnu/H-i686-pc-linux-gnu/bin/../lib/gcc/nios2-elf/4.1.2/libgcc.a(_pack_df.o)
 .bss           0x00819c90        0x0 /OPT/altera/12.1/tools/nios2eds/bin/gnu/H-i686-pc-linux-gnu/bin/../lib/gcc/nios2-elf/4.1.2/libgcc.a(_unpack_df.o)
 .bss           0x00819c90        0x0 /OPT/altera/12.1/tools/nios2eds/bin/gnu/H-i686-pc-linux-gnu/bin/../lib/gcc/nios2-elf/4.1.2/libgcc.a(_fpcmp_parts_df.o)
 .bss           0x00819c90        0x0 ../G4Capstone_bsp//libucosii_bsp.a(alt_close.o)
 .bss           0x00819c90        0x0 ../G4Capstone_bsp//libucosii_bsp.a(alt_dev.o)
 .bss           0x00819c90        0x0 ../G4Capstone_bsp//libucosii_bsp.a(alt_errno.o)
 .bss           0x00819c90        0x0 ../G4Capstone_bsp//libucosii_bsp.a(alt_fstat.o)
 .bss           0x00819c90        0x0 ../G4Capstone_bsp//libucosii_bsp.a(alt_isatty.o)
 .bss           0x00819c90        0x0 ../G4Capstone_bsp//libucosii_bsp.a(alt_load.o)
 .bss           0x00819c90        0x0 ../G4Capstone_bsp//libucosii_bsp.a(alt_lseek.o)
 .bss           0x00819c90        0x0 ../G4Capstone_bsp//libucosii_bsp.a(alt_main.o)
 .bss           0x00819c90        0x0 ../G4Capstone_bsp//libucosii_bsp.a(alt_read.o)
 .bss           0x00819c90        0x0 ../G4Capstone_bsp//libucosii_bsp.a(alt_release_fd.o)
 .bss           0x00819c90        0x0 ../G4Capstone_bsp//libucosii_bsp.a(alt_sbrk.o)
 .bss           0x00819c90        0x0 ../G4Capstone_bsp//libucosii_bsp.a(alt_write.o)
 .bss           0x00819c90        0x0 ../G4Capstone_bsp//libucosii_bsp.a(alt_env_lock.o)
 .bss           0x00819c90        0x0 ../G4Capstone_bsp//libucosii_bsp.a(alt_malloc_lock.o)
 .bss           0x00819c90        0x0 ../G4Capstone_bsp//libucosii_bsp.a(os_core.o)
 .bss           0x00819c90        0x0 ../G4Capstone_bsp//libucosii_bsp.a(os_dbg.o)
 .bss           0x00819c90        0x0 ../G4Capstone_bsp//libucosii_bsp.a(os_flag.o)
 .bss           0x00819c90        0x0 ../G4Capstone_bsp//libucosii_bsp.a(os_mem.o)
 .bss           0x00819c90        0x0 ../G4Capstone_bsp//libucosii_bsp.a(os_q.o)
 .bss           0x00819c90        0x0 ../G4Capstone_bsp//libucosii_bsp.a(os_sem.o)
 .bss           0x00819c90        0x0 ../G4Capstone_bsp//libucosii_bsp.a(os_task.o)
 .bss           0x00819c90        0x0 ../G4Capstone_bsp//libucosii_bsp.a(os_time.o)
 .bss           0x00819c90        0x0 ../G4Capstone_bsp//libucosii_bsp.a(alt_sys_init.o)
 .bss           0x00819c90        0x0 ../G4Capstone_bsp//libucosii_bsp.a(altera_avalon_jtag_uart_fd.o)
 .bss           0x00819c90        0x0 ../G4Capstone_bsp//libucosii_bsp.a(altera_avalon_jtag_uart_init.o)
 .bss           0x00819c90        0x0 ../G4Capstone_bsp//libucosii_bsp.a(altera_avalon_jtag_uart_ioctl.o)
 .bss           0x00819c90        0x0 ../G4Capstone_bsp//libucosii_bsp.a(altera_avalon_jtag_uart_read.o)
 .bss           0x00819c90        0x0 ../G4Capstone_bsp//libucosii_bsp.a(altera_avalon_jtag_uart_write.o)
 .bss           0x00819c90        0x0 ../G4Capstone_bsp//libucosii_bsp.a(altera_avalon_timer_sc.o)
 .bss           0x00819c90        0x0 ../G4Capstone_bsp//libucosii_bsp.a(altera_up_avalon_audio_and_video_config.o)
 .bss           0x00819c90        0x0 ../G4Capstone_bsp//libucosii_bsp.a(altera_up_avalon_character_lcd.o)
 .bss           0x00819c90        0x0 ../G4Capstone_bsp//libucosii_bsp.a(alt_alarm_start.o)
 .bss           0x00819c90        0x0 ../G4Capstone_bsp//libucosii_bsp.a(alt_dcache_flush_all.o)
 .bss           0x00819c90        0x0 ../G4Capstone_bsp//libucosii_bsp.a(alt_dev_llist_insert.o)
 .bss           0x00819c90        0x0 ../G4Capstone_bsp//libucosii_bsp.a(alt_do_ctors.o)
 .bss           0x00819c90        0x0 ../G4Capstone_bsp//libucosii_bsp.a(alt_do_dtors.o)
 .bss           0x00819c90        0x0 ../G4Capstone_bsp//libucosii_bsp.a(alt_find_dev.o)
 .bss           0x00819c90        0x0 ../G4Capstone_bsp//libucosii_bsp.a(alt_icache_flush_all.o)
 .bss           0x00819c90        0x0 ../G4Capstone_bsp//libucosii_bsp.a(alt_iic.o)
 .bss           0x00819c90        0x0 ../G4Capstone_bsp//libucosii_bsp.a(alt_iic_isr_register.o)
 .bss           0x00819c90        0x0 ../G4Capstone_bsp//libucosii_bsp.a(alt_io_redirect.o)
 .bss           0x00819c90        0x0 ../G4Capstone_bsp//libucosii_bsp.a(alt_irq_entry.o)
 .bss           0x00819c90        0x0 ../G4Capstone_bsp//libucosii_bsp.a(alt_irq_handler.o)
 .bss           0x00819c90        0x0 ../G4Capstone_bsp//libucosii_bsp.a(alt_irq_vars.o)
 .bss           0x00819c90        0x0 ../G4Capstone_bsp//libucosii_bsp.a(alt_open.o)
 .bss           0x00819c90        0x0 ../G4Capstone_bsp//libucosii_bsp.a(alt_tick.o)
 .bss           0x00819c90        0x0 ../G4Capstone_bsp//libucosii_bsp.a(altera_nios2_qsys_irq.o)
 .bss           0x00819c90        0x0 ../G4Capstone_bsp//libucosii_bsp.a(os_cpu_a.o)
 .bss           0x00819c90        0x0 ../G4Capstone_bsp//libucosii_bsp.a(os_cpu_c.o)
 .bss           0x00819c90        0x0 ../G4Capstone_bsp//libucosii_bsp.a(alt_exception_entry.o)
 .bss           0x00819c90        0x0 ../G4Capstone_bsp//libucosii_bsp.a(alt_find_file.o)
 .bss           0x00819c90        0x0 ../G4Capstone_bsp//libucosii_bsp.a(alt_get_fd.o)
 .bss           0x00819c90        0x0 ../G4Capstone_bsp//libucosii_bsp.a(alt_icache_flush.o)
 .bss           0x00819c90        0x0 /OPT/altera/12.1/tools/nios2eds/bin/gnu/H-i686-pc-linux-gnu/bin/../lib/gcc/nios2-elf/4.1.2/../../../../nios2-elf/lib/libc.a(lib_a-atexit.o)
 .bss           0x00819c90        0x0 /OPT/altera/12.1/tools/nios2eds/bin/gnu/H-i686-pc-linux-gnu/bin/../lib/gcc/nios2-elf/4.1.2/../../../../nios2-elf/lib/libc.a(lib_a-exit.o)
 .bss           0x00819c90        0x0 /OPT/altera/12.1/tools/nios2eds/bin/gnu/H-i686-pc-linux-gnu/bin/../lib/gcc/nios2-elf/4.1.2/../../../../nios2-elf/lib/libc.a(lib_a-memcmp.o)
 .bss           0x00819c90        0x0 /OPT/altera/12.1/tools/nios2eds/bin/gnu/H-i686-pc-linux-gnu/bin/../lib/gcc/nios2-elf/4.1.2/../../../../nios2-elf/lib/libc.a(lib_a-__atexit.o)
 .bss           0x00819c90        0x0 /OPT/altera/12.1/tools/nios2eds/bin/gnu/H-i686-pc-linux-gnu/bin/../lib/gcc/nios2-elf/4.1.2/../../../../nios2-elf/lib/libc.a(lib_a-__call_atexit.o)
 .bss           0x00819c90        0x0 ../G4Capstone_bsp//libucosii_bsp.a(alt_exit.o)
 *(COMMON)
 COMMON         0x00819c90     0x4000 obj/default/main.o
                0x00819c90                AudioTask_stk
                0x0081bc90                LCDTask_stk
 COMMON         0x0081dc90     0x3224 ../G4Capstone_bsp//libucosii_bsp.a(os_core.o)
                0x0081dc90                OSFlagTbl
                0x0081e000                OSMemTbl
                0x0081ec30                OSTaskStatStk
                0x0081f430                OSQTbl
                0x0081f610                OSTaskIdleStk
                0x0081fe10                OSEventTbl
                0x00820950                OSTCBTbl
                0x00820e60                OSTCBPrioTbl
 COMMON         0x00820eb4      0x100 ../G4Capstone_bsp//libucosii_bsp.a(alt_irq_handler.o)
                0x00820eb4                alt_irq
 COMMON         0x00820fb4      0x190 /OPT/altera/12.1/tools/nios2eds/bin/gnu/H-i686-pc-linux-gnu/bin/../lib/gcc/nios2-elf/4.1.2/../../../../nios2-elf/lib/libc.a(lib_a-atexit.o)
                0x00820fb4                _atexit0
                0x00821144                . = ALIGN (0x4)
                0x00821144                __bss_end = ABSOLUTE (.)

.sdram_0        0x00821144        0x0
                0x00821144                PROVIDE (_alt_partition_sdram_0_start, ABSOLUTE (.))
 *(.sdram_0. sdram_0.*)
                0x00821144                . = ALIGN (0x4)
                0x00821144                PROVIDE (_alt_partition_sdram_0_end, ABSOLUTE (.))
                0x00821144                _end = ABSOLUTE (.)
                0x00821144                end = ABSOLUTE (.)
                0x00821144                __alt_stack_base = ABSOLUTE (.)
                0x00821144                PROVIDE (_alt_partition_sdram_0_load_addr, LOADADDR (.sdram_0))

.sram_0         0x01080000        0x0 load address 0x00821144
                0x01080000                PROVIDE (_alt_partition_sram_0_start, ABSOLUTE (.))
 *(.sram_0. sram_0.*)
                0x01080000                . = ALIGN (0x4)
                0x01080000                PROVIDE (_alt_partition_sram_0_end, ABSOLUTE (.))
                0x00821144                PROVIDE (_alt_partition_sram_0_load_addr, LOADADDR (.sram_0))

.onchip_memory2_0
                0x011041bc        0x0 load address 0x00821144
                0x011041bc                PROVIDE (_alt_partition_onchip_memory2_0_start, ABSOLUTE (.))
 *(.onchip_memory2_0. onchip_memory2_0.*)
                0x011041bc                . = ALIGN (0x4)
                0x011041bc                PROVIDE (_alt_partition_onchip_memory2_0_end, ABSOLUTE (.))
                0x00821144                PROVIDE (_alt_partition_onchip_memory2_0_load_addr, LOADADDR (.onchip_memory2_0))

.stab
 *(.stab)

.stabstr
 *(.stabstr)

.stab.excl
 *(.stab.excl)

.stab.exclstr
 *(.stab.exclstr)

.stab.index
 *(.stab.index)

.stab.indexstr
 *(.stab.indexstr)

.comment        0x00000000       0x26
 *(.comment)
 .comment       0x00000000       0x26 obj/default/main.o
                                 0x27 (size before relaxing)
 .comment       0x00000000       0x27 /OPT/altera/12.1/tools/nios2eds/bin/gnu/H-i686-pc-linux-gnu/bin/../lib/gcc/nios2-elf/4.1.2/../../../../nios2-elf/lib/libc.a(lib_a-printf.o)
 .comment       0x00000000       0x27 /OPT/altera/12.1/tools/nios2eds/bin/gnu/H-i686-pc-linux-gnu/bin/../lib/gcc/nios2-elf/4.1.2/../../../../nios2-elf/lib/libc.a(lib_a-puts.o)
 .comment       0x00000000       0x27 /OPT/altera/12.1/tools/nios2eds/bin/gnu/H-i686-pc-linux-gnu/bin/../lib/gcc/nios2-elf/4.1.2/../../../../nios2-elf/lib/libc.a(lib_a-strlen.o)
 .comment       0x00000000       0x27 /OPT/altera/12.1/tools/nios2eds/bin/gnu/H-i686-pc-linux-gnu/bin/../lib/gcc/nios2-elf/4.1.2/../../../../nios2-elf/lib/libc.a(lib_a-vfprintf.o)
 .comment       0x00000000       0x27 /OPT/altera/12.1/tools/nios2eds/bin/gnu/H-i686-pc-linux-gnu/bin/../lib/gcc/nios2-elf/4.1.2/../../../../nios2-elf/lib/libc.a(lib_a-wsetup.o)
 .comment       0x00000000       0x27 /OPT/altera/12.1/tools/nios2eds/bin/gnu/H-i686-pc-linux-gnu/bin/../lib/gcc/nios2-elf/4.1.2/../../../../nios2-elf/lib/libc.a(lib_a-dtoa.o)
 .comment       0x00000000       0x27 /OPT/altera/12.1/tools/nios2eds/bin/gnu/H-i686-pc-linux-gnu/bin/../lib/gcc/nios2-elf/4.1.2/../../../../nios2-elf/lib/libc.a(lib_a-fflush.o)
 .comment       0x00000000       0x27 /OPT/altera/12.1/tools/nios2eds/bin/gnu/H-i686-pc-linux-gnu/bin/../lib/gcc/nios2-elf/4.1.2/../../../../nios2-elf/lib/libc.a(lib_a-findfp.o)
 .comment       0x00000000       0x27 /OPT/altera/12.1/tools/nios2eds/bin/gnu/H-i686-pc-linux-gnu/bin/../lib/gcc/nios2-elf/4.1.2/../../../../nios2-elf/lib/libc.a(lib_a-freer.o)
 .comment       0x00000000       0x27 /OPT/altera/12.1/tools/nios2eds/bin/gnu/H-i686-pc-linux-gnu/bin/../lib/gcc/nios2-elf/4.1.2/../../../../nios2-elf/lib/libc.a(lib_a-fvwrite.o)
 .comment       0x00000000       0x27 /OPT/altera/12.1/tools/nios2eds/bin/gnu/H-i686-pc-linux-gnu/bin/../lib/gcc/nios2-elf/4.1.2/../../../../nios2-elf/lib/libc.a(lib_a-fwalk.o)
 .comment       0x00000000       0x27 /OPT/altera/12.1/tools/nios2eds/bin/gnu/H-i686-pc-linux-gnu/bin/../lib/gcc/nios2-elf/4.1.2/../../../../nios2-elf/lib/libc.a(lib_a-impure.o)
 .comment       0x00000000       0x27 /OPT/altera/12.1/tools/nios2eds/bin/gnu/H-i686-pc-linux-gnu/bin/../lib/gcc/nios2-elf/4.1.2/../../../../nios2-elf/lib/libc.a(lib_a-locale.o)
 .comment       0x00000000       0x27 /OPT/altera/12.1/tools/nios2eds/bin/gnu/H-i686-pc-linux-gnu/bin/../lib/gcc/nios2-elf/4.1.2/../../../../nios2-elf/lib/libc.a(lib_a-makebuf.o)
 .comment       0x00000000       0x27 /OPT/altera/12.1/tools/nios2eds/bin/gnu/H-i686-pc-linux-gnu/bin/../lib/gcc/nios2-elf/4.1.2/../../../../nios2-elf/lib/libc.a(lib_a-mallocr.o)
 .comment       0x00000000       0x27 /OPT/altera/12.1/tools/nios2eds/bin/gnu/H-i686-pc-linux-gnu/bin/../lib/gcc/nios2-elf/4.1.2/../../../../nios2-elf/lib/libc.a(lib_a-memchr.o)
 .comment       0x00000000       0x27 /OPT/altera/12.1/tools/nios2eds/bin/gnu/H-i686-pc-linux-gnu/bin/../lib/gcc/nios2-elf/4.1.2/../../../../nios2-elf/lib/libc.a(lib_a-memcpy.o)
 .comment       0x00000000       0x27 /OPT/altera/12.1/tools/nios2eds/bin/gnu/H-i686-pc-linux-gnu/bin/../lib/gcc/nios2-elf/4.1.2/../../../../nios2-elf/lib/libc.a(lib_a-memmove.o)
 .comment       0x00000000       0x27 /OPT/altera/12.1/tools/nios2eds/bin/gnu/H-i686-pc-linux-gnu/bin/../lib/gcc/nios2-elf/4.1.2/../../../../nios2-elf/lib/libc.a(lib_a-memset.o)
 .comment       0x00000000       0x27 /OPT/altera/12.1/tools/nios2eds/bin/gnu/H-i686-pc-linux-gnu/bin/../lib/gcc/nios2-elf/4.1.2/../../../../nios2-elf/lib/libc.a(lib_a-mprec.o)
 .comment       0x00000000       0x27 /OPT/altera/12.1/tools/nios2eds/bin/gnu/H-i686-pc-linux-gnu/bin/../lib/gcc/nios2-elf/4.1.2/../../../../nios2-elf/lib/libc.a(lib_a-reallocr.o)
 .comment       0x00000000       0x27 /OPT/altera/12.1/tools/nios2eds/bin/gnu/H-i686-pc-linux-gnu/bin/../lib/gcc/nios2-elf/4.1.2/../../../../nios2-elf/lib/libc.a(lib_a-s_isinfd.o)
 .comment       0x00000000       0x27 /OPT/altera/12.1/tools/nios2eds/bin/gnu/H-i686-pc-linux-gnu/bin/../lib/gcc/nios2-elf/4.1.2/../../../../nios2-elf/lib/libc.a(lib_a-s_isnand.o)
 .comment       0x00000000       0x27 /OPT/altera/12.1/tools/nios2eds/bin/gnu/H-i686-pc-linux-gnu/bin/../lib/gcc/nios2-elf/4.1.2/../../../../nios2-elf/lib/libc.a(lib_a-sbrkr.o)
 .comment       0x00000000       0x27 /OPT/altera/12.1/tools/nios2eds/bin/gnu/H-i686-pc-linux-gnu/bin/../lib/gcc/nios2-elf/4.1.2/../../../../nios2-elf/lib/libc.a(lib_a-stdio.o)
 .comment       0x00000000       0x27 /OPT/altera/12.1/tools/nios2eds/bin/gnu/H-i686-pc-linux-gnu/bin/../lib/gcc/nios2-elf/4.1.2/../../../../nios2-elf/lib/libc.a(lib_a-strcmp.o)
 .comment       0x00000000       0x27 /OPT/altera/12.1/tools/nios2eds/bin/gnu/H-i686-pc-linux-gnu/bin/../lib/gcc/nios2-elf/4.1.2/../../../../nios2-elf/lib/libc.a(lib_a-writer.o)
 .comment       0x00000000       0x27 /OPT/altera/12.1/tools/nios2eds/bin/gnu/H-i686-pc-linux-gnu/bin/../lib/gcc/nios2-elf/4.1.2/../../../../nios2-elf/lib/libc.a(lib_a-callocr.o)
 .comment       0x00000000       0x27 /OPT/altera/12.1/tools/nios2eds/bin/gnu/H-i686-pc-linux-gnu/bin/../lib/gcc/nios2-elf/4.1.2/../../../../nios2-elf/lib/libc.a(lib_a-closer.o)
 .comment       0x00000000       0x27 /OPT/altera/12.1/tools/nios2eds/bin/gnu/H-i686-pc-linux-gnu/bin/../lib/gcc/nios2-elf/4.1.2/../../../../nios2-elf/lib/libc.a(lib_a-fclose.o)
 .comment       0x00000000       0x27 /OPT/altera/12.1/tools/nios2eds/bin/gnu/H-i686-pc-linux-gnu/bin/../lib/gcc/nios2-elf/4.1.2/../../../../nios2-elf/lib/libc.a(lib_a-fstatr.o)
 .comment       0x00000000       0x27 /OPT/altera/12.1/tools/nios2eds/bin/gnu/H-i686-pc-linux-gnu/bin/../lib/gcc/nios2-elf/4.1.2/../../../../nios2-elf/lib/libc.a(lib_a-int_errno.o)
 .comment       0x00000000       0x27 /OPT/altera/12.1/tools/nios2eds/bin/gnu/H-i686-pc-linux-gnu/bin/../lib/gcc/nios2-elf/4.1.2/../../../../nios2-elf/lib/libc.a(lib_a-isattyr.o)
 .comment       0x00000000       0x27 /OPT/altera/12.1/tools/nios2eds/bin/gnu/H-i686-pc-linux-gnu/bin/../lib/gcc/nios2-elf/4.1.2/../../../../nios2-elf/lib/libc.a(lib_a-lseekr.o)
 .comment       0x00000000       0x27 /OPT/altera/12.1/tools/nios2eds/bin/gnu/H-i686-pc-linux-gnu/bin/../lib/gcc/nios2-elf/4.1.2/../../../../nios2-elf/lib/libc.a(lib_a-readr.o)
 .comment       0x00000000       0x27 /OPT/altera/12.1/tools/nios2eds/bin/gnu/H-i686-pc-linux-gnu/bin/../lib/gcc/nios2-elf/4.1.2/libgcc.a(_udivdi3.o)
 .comment       0x00000000       0x27 /OPT/altera/12.1/tools/nios2eds/bin/gnu/H-i686-pc-linux-gnu/bin/../lib/gcc/nios2-elf/4.1.2/libgcc.a(_umoddi3.o)
 .comment       0x00000000       0x27 /OPT/altera/12.1/tools/nios2eds/bin/gnu/H-i686-pc-linux-gnu/bin/../lib/gcc/nios2-elf/4.1.2/libgcc.a(_addsub_df.o)
 .comment       0x00000000       0x27 /OPT/altera/12.1/tools/nios2eds/bin/gnu/H-i686-pc-linux-gnu/bin/../lib/gcc/nios2-elf/4.1.2/libgcc.a(_mul_df.o)
 .comment       0x00000000       0x27 /OPT/altera/12.1/tools/nios2eds/bin/gnu/H-i686-pc-linux-gnu/bin/../lib/gcc/nios2-elf/4.1.2/libgcc.a(_div_df.o)
 .comment       0x00000000       0x27 /OPT/altera/12.1/tools/nios2eds/bin/gnu/H-i686-pc-linux-gnu/bin/../lib/gcc/nios2-elf/4.1.2/libgcc.a(_eq_df.o)
 .comment       0x00000000       0x27 /OPT/altera/12.1/tools/nios2eds/bin/gnu/H-i686-pc-linux-gnu/bin/../lib/gcc/nios2-elf/4.1.2/libgcc.a(_ne_df.o)
 .comment       0x00000000       0x27 /OPT/altera/12.1/tools/nios2eds/bin/gnu/H-i686-pc-linux-gnu/bin/../lib/gcc/nios2-elf/4.1.2/libgcc.a(_gt_df.o)
 .comment       0x00000000       0x27 /OPT/altera/12.1/tools/nios2eds/bin/gnu/H-i686-pc-linux-gnu/bin/../lib/gcc/nios2-elf/4.1.2/libgcc.a(_ge_df.o)
 .comment       0x00000000       0x27 /OPT/altera/12.1/tools/nios2eds/bin/gnu/H-i686-pc-linux-gnu/bin/../lib/gcc/nios2-elf/4.1.2/libgcc.a(_lt_df.o)
 .comment       0x00000000       0x27 /OPT/altera/12.1/tools/nios2eds/bin/gnu/H-i686-pc-linux-gnu/bin/../lib/gcc/nios2-elf/4.1.2/libgcc.a(_si_to_df.o)
 .comment       0x00000000       0x27 /OPT/altera/12.1/tools/nios2eds/bin/gnu/H-i686-pc-linux-gnu/bin/../lib/gcc/nios2-elf/4.1.2/libgcc.a(_df_to_si.o)
 .comment       0x00000000       0x27 /OPT/altera/12.1/tools/nios2eds/bin/gnu/H-i686-pc-linux-gnu/bin/../lib/gcc/nios2-elf/4.1.2/libgcc.a(_thenan_df.o)
 .comment       0x00000000       0x27 /OPT/altera/12.1/tools/nios2eds/bin/gnu/H-i686-pc-linux-gnu/bin/../lib/gcc/nios2-elf/4.1.2/libgcc.a(_usi_to_df.o)
 .comment       0x00000000       0x27 /OPT/altera/12.1/tools/nios2eds/bin/gnu/H-i686-pc-linux-gnu/bin/../lib/gcc/nios2-elf/4.1.2/libgcc.a(lib2-divmod.o)
 .comment       0x00000000       0x27 /OPT/altera/12.1/tools/nios2eds/bin/gnu/H-i686-pc-linux-gnu/bin/../lib/gcc/nios2-elf/4.1.2/libgcc.a(_muldi3.o)
 .comment       0x00000000       0x27 /OPT/altera/12.1/tools/nios2eds/bin/gnu/H-i686-pc-linux-gnu/bin/../lib/gcc/nios2-elf/4.1.2/libgcc.a(_clz.o)
 .comment       0x00000000       0x27 /OPT/altera/12.1/tools/nios2eds/bin/gnu/H-i686-pc-linux-gnu/bin/../lib/gcc/nios2-elf/4.1.2/libgcc.a(_clzsi2.o)
 .comment       0x00000000       0x27 /OPT/altera/12.1/tools/nios2eds/bin/gnu/H-i686-pc-linux-gnu/bin/../lib/gcc/nios2-elf/4.1.2/libgcc.a(_pack_df.o)
 .comment       0x00000000       0x27 /OPT/altera/12.1/tools/nios2eds/bin/gnu/H-i686-pc-linux-gnu/bin/../lib/gcc/nios2-elf/4.1.2/libgcc.a(_unpack_df.o)