Archive member included because of file (symbol)

/OPT/altera/12.1/tools/nios2eds/bin/gnu/H-i686-pc-linux-gnu/bin/../lib/gcc/nios2-elf/4.1.2/libgcc.a(lib2-divmod.o)
                              obj/default/srec_flash.o (__divsi3)
/OPT/altera/12.1/tools/nios2eds/bin/gnu/H-i686-pc-linux-gnu/bin/../lib/gcc/nios2-elf/4.1.2/../../../../nios2-elf/lib/libc.a(lib_a-atoi.o)
                              obj/default/http.o (atoi)
/OPT/altera/12.1/tools/nios2eds/bin/gnu/H-i686-pc-linux-gnu/bin/../lib/gcc/nios2-elf/4.1.2/../../../../nios2-elf/lib/libc.a(lib_a-ctype_.o)
                              obj/default/http.o (__ctype_ptr)
/OPT/altera/12.1/tools/nios2eds/bin/gnu/H-i686-pc-linux-gnu/bin/../lib/gcc/nios2-elf/4.1.2/../../../../nios2-elf/lib/libc.a(lib_a-fclose.o)
                              obj/default/http.o (fclose)
/OPT/altera/12.1/tools/nios2eds/bin/gnu/H-i686-pc-linux-gnu/bin/../lib/gcc/nios2-elf/4.1.2/../../../../nios2-elf/lib/libc.a(lib_a-fflush.o)
                              /OPT/altera/12.1/tools/nios2eds/bin/gnu/H-i686-pc-linux-gnu/bin/../lib/gcc/nios2-elf/4.1.2/../../../../nios2-elf/lib/libc.a(lib_a-fclose.o) (_fflush_r)
/OPT/altera/12.1/tools/nios2eds/bin/gnu/H-i686-pc-linux-gnu/bin/../lib/gcc/nios2-elf/4.1.2/../../../../nios2-elf/lib/libc.a(lib_a-fgetpos.o)
                              obj/default/http.o (fgetpos)
/OPT/altera/12.1/tools/nios2eds/bin/gnu/H-i686-pc-linux-gnu/bin/../lib/gcc/nios2-elf/4.1.2/../../../../nios2-elf/lib/libc.a(lib_a-findfp.o)
                              /OPT/altera/12.1/tools/nios2eds/bin/gnu/H-i686-pc-linux-gnu/bin/../lib/gcc/nios2-elf/4.1.2/../../../../nios2-elf/lib/libc.a(lib_a-fclose.o) (__sfp_lock_acquire)
/OPT/altera/12.1/tools/nios2eds/bin/gnu/H-i686-pc-linux-gnu/bin/../lib/gcc/nios2-elf/4.1.2/../../../../nios2-elf/lib/libc.a(lib_a-fopen.o)
                              obj/default/http.o (fopen)
/OPT/altera/12.1/tools/nios2eds/bin/gnu/H-i686-pc-linux-gnu/bin/../lib/gcc/nios2-elf/4.1.2/../../../../nios2-elf/lib/libc.a(lib_a-fprintf.o)
                              obj/default/alt_error_handler.o (fprintf)
/OPT/altera/12.1/tools/nios2eds/bin/gnu/H-i686-pc-linux-gnu/bin/../lib/gcc/nios2-elf/4.1.2/../../../../nios2-elf/lib/libc.a(lib_a-fread.o)
                              obj/default/http.o (fread)
/OPT/altera/12.1/tools/nios2eds/bin/gnu/H-i686-pc-linux-gnu/bin/../lib/gcc/nios2-elf/4.1.2/../../../../nios2-elf/lib/libc.a(lib_a-freer.o)
                              /OPT/altera/12.1/tools/nios2eds/bin/gnu/H-i686-pc-linux-gnu/bin/../lib/gcc/nios2-elf/4.1.2/../../../../nios2-elf/lib/libc.a(lib_a-fclose.o) (_free_r)
/OPT/altera/12.1/tools/nios2eds/bin/gnu/H-i686-pc-linux-gnu/bin/../lib/gcc/nios2-elf/4.1.2/../../../../nios2-elf/lib/libc.a(lib_a-fseek.o)
                              /OPT/altera/12.1/tools/nios2eds/bin/gnu/H-i686-pc-linux-gnu/bin/../lib/gcc/nios2-elf/4.1.2/../../../../nios2-elf/lib/libc.a(lib_a-fopen.o) (_fseek_r)
/OPT/altera/12.1/tools/nios2eds/bin/gnu/H-i686-pc-linux-gnu/bin/../lib/gcc/nios2-elf/4.1.2/../../../../nios2-elf/lib/libc.a(lib_a-fstatr.o)
                              /OPT/altera/12.1/tools/nios2eds/bin/gnu/H-i686-pc-linux-gnu/bin/../lib/gcc/nios2-elf/4.1.2/../../../../nios2-elf/lib/libc.a(lib_a-fseek.o) (_fstat_r)
/OPT/altera/12.1/tools/nios2eds/bin/gnu/H-i686-pc-linux-gnu/bin/../lib/gcc/nios2-elf/4.1.2/../../../../nios2-elf/lib/libc.a(lib_a-ftell.o)
                              /OPT/altera/12.1/tools/nios2eds/bin/gnu/H-i686-pc-linux-gnu/bin/../lib/gcc/nios2-elf/4.1.2/../../../../nios2-elf/lib/libc.a(lib_a-fgetpos.o) (_ftell_r)
/OPT/altera/12.1/tools/nios2eds/bin/gnu/H-i686-pc-linux-gnu/bin/../lib/gcc/nios2-elf/4.1.2/../../../../nios2-elf/lib/libc.a(lib_a-fwalk.o)
                              /OPT/altera/12.1/tools/nios2eds/bin/gnu/H-i686-pc-linux-gnu/bin/../lib/gcc/nios2-elf/4.1.2/../../../../nios2-elf/lib/libc.a(lib_a-fflush.o) (_fwalk_reent)
/OPT/altera/12.1/tools/nios2eds/bin/gnu/H-i686-pc-linux-gnu/bin/../lib/gcc/nios2-elf/4.1.2/../../../../nios2-elf/lib/libc.a(lib_a-fwrite.o)
                              obj/default/alt_error_handler.o (fwrite)
/OPT/altera/12.1/tools/nios2eds/bin/gnu/H-i686-pc-linux-gnu/bin/../lib/gcc/nios2-elf/4.1.2/../../../../nios2-elf/lib/libc.a(lib_a-impure.o)
                              obj/default/alt_error_handler.o (_impure_ptr)
/OPT/altera/12.1/tools/nios2eds/bin/gnu/H-i686-pc-linux-gnu/bin/../lib/gcc/nios2-elf/4.1.2/../../../../nios2-elf/lib/libc.a(lib_a-int_errno.o)
                              /OPT/altera/12.1/tools/nios2eds/bin/gnu/H-i686-pc-linux-gnu/bin/../lib/gcc/nios2-elf/4.1.2/../../../../nios2-elf/lib/libc.a(lib_a-fstatr.o) (errno)
/OPT/altera/12.1/tools/nios2eds/bin/gnu/H-i686-pc-linux-gnu/bin/../lib/gcc/nios2-elf/4.1.2/../../../../nios2-elf/lib/libc.a(lib_a-makebuf.o)
                              /OPT/altera/12.1/tools/nios2eds/bin/gnu/H-i686-pc-linux-gnu/bin/../lib/gcc/nios2-elf/4.1.2/../../../../nios2-elf/lib/libc.a(lib_a-fseek.o) (__smakebuf_r)
[...]
Memory Configuration

Name             Origin             Length             Attributes
sdram_0          0x00800000         0x00800000
reset            0x01400000         0x00000020
generic_tristate_controller_0 0x01400020         0x003fffe0
sram_0           0x01880000         0x00080000
onchip_memory2_0_BEFORE_EXCEPTION 0x01904000         0x00000020
onchip_memory2_0 0x01904020         0x00003fe0
*default*        0x00000000         0xffffffff

Linker script and memory map

LOAD ../G4Capstone_bsp//obj/HAL/src/crt0.o
LOAD obj/default/alt_error_handler.o
LOAD obj/default/dm9000a.o
LOAD obj/default/http.o
LOAD obj/default/network_utilities.o
LOAD obj/default/srec_flash.o
LOAD obj/default/web_server.o
LOAD /OPT/altera/12.1/tools/nios2eds/bin/gnu/H-i686-pc-linux-gnu/bin/../lib/gcc/nios2-elf/4.1.2/../../../../nios2-elf/lib/libstdc++.a
LOAD /OPT/altera/12.1/tools/nios2eds/bin/gnu/H-i686-pc-linux-gnu/bin/../lib/gcc/nios2-elf/4.1.2/../../../../nios2-elf/lib/libm.a
LOAD /OPT/altera/12.1/tools/nios2eds/bin/gnu/H-i686-pc-linux-gnu/bin/../lib/gcc/nios2-elf/4.1.2/libgcc.a
START GROUP
LOAD /OPT/altera/12.1/tools/nios2eds/bin/gnu/H-i686-pc-linux-gnu/bin/../lib/gcc/nios2-elf/4.1.2/../../../../nios2-elf/lib/libc.a
LOAD /OPT/altera/12.1/tools/nios2eds/bin/gnu/H-i686-pc-linux-gnu/bin/../lib/gcc/nios2-elf/4.1.2/libgcc.a
LOAD ../G4Capstone_bsp//libucosii_bsp.a
END GROUP
LOAD /OPT/altera/12.1/tools/nios2eds/bin/gnu/H-i686-pc-linux-gnu/bin/../lib/gcc/nios2-elf/4.1.2/libgcc.a
                0x00800000                __alt_mem_sdram_0 = 0x800000
                0x01400000                __alt_mem_generic_tristate_controller_0 = 0x1400000
                0x01880000                __alt_mem_sram_0 = 0x1880000
                0x01904000                __alt_mem_onchip_memory2_0 = 0x1904000

.entry          0x01400000        0x0
 *(.entry)
 .entry         0x01400000        0x0 ../G4Capstone_bsp//obj/HAL/src/crt0.o
                0x01400000                __reset

.exceptions     0x01904020      0x19c
                0x01904020                PROVIDE (__ram_exceptions_start, ABSOLUTE (.))
                0x01904020                . = ALIGN (0x20)
 *(.irq)
 *(.exceptions.entry.label)
 .exceptions.entry.label
                0x01904020        0x0 ../G4Capstone_bsp//libucosii_bsp.a(alt_irq_entry.o)
                0x01904020                alt_irq_entry
 .exceptions.entry.label
                0x01904020        0x0 ../G4Capstone_bsp//libucosii_bsp.a(alt_exception_entry.o)
                0x01904020                alt_exception
 *(.exceptions.entry.user)
 *(.exceptions.entry)
 .exceptions.entry
                0x01904020       0x54 ../G4Capstone_bsp//libucosii_bsp.a(alt_exception_entry.o)
 *(.exceptions.irqtest.user)
 *(.exceptions.irqtest)
 .exceptions.irqtest
                0x01904074       0x10 ../G4Capstone_bsp//libucosii_bsp.a(alt_irq_entry.o)
 *(.exceptions.irqhandler.user)
 *(.exceptions.irqhandler)
 .exceptions.irqhandler
                0x01904084        0x4 ../G4Capstone_bsp//libucosii_bsp.a(alt_irq_entry.o)
 *(.exceptions.irqreturn.user)
 *(.exceptions.irqreturn)
 .exceptions.irqreturn
                0x01904088        0x4 ../G4Capstone_bsp//libucosii_bsp.a(alt_irq_entry.o)
 *(.exceptions.notirq.label)
 .exceptions.notirq.label
                0x0190408c        0x0 ../G4Capstone_bsp//libucosii_bsp.a(alt_irq_entry.o)
 *(.exceptions.notirq.user)
 *(.exceptions.notirq)
 .exceptions.notirq
                0x0190408c        0x8 ../G4Capstone_bsp//libucosii_bsp.a(alt_exception_entry.o)
 *(.exceptions.soft.user)
 *(.exceptions.soft)
 *(.exceptions.unknown.user)
 *(.exceptions.unknown)
 .exceptions.unknown
                0x01904094        0x4 ../G4Capstone_bsp//libucosii_bsp.a(alt_exception_entry.o)
 *(.exceptions.exit.label)
 .exceptions.exit.label
                0x01904098        0x0 ../G4Capstone_bsp//libucosii_bsp.a(alt_irq_entry.o)
 .exceptions.exit.label
                0x01904098        0x0 ../G4Capstone_bsp//libucosii_bsp.a(alt_exception_entry.o)
 *(.exceptions.exit.user)
 *(.exceptions.exit)
 .exceptions.exit
                0x01904098       0x54 ../G4Capstone_bsp//libucosii_bsp.a(alt_exception_entry.o)
 *(.exceptions)
 .exceptions    0x019040ec       0xd0 ../G4Capstone_bsp//libucosii_bsp.a(alt_irq_handler.o)
                0x019040ec                alt_irq_handler
                0x019041bc                PROVIDE (__ram_exceptions_end, ABSOLUTE (.))
                0x01904020                PROVIDE (__flash_exceptions_start, LOADADDR (.exceptions))

.text           0x00800000    0x4a9e0
                0x00800000                PROVIDE (stext, ABSOLUTE (.))
 *(.interp)
 *(.hash)
 *(.dynsym)
 *(.dynstr)
 *(.gnu.version)
 *(.gnu.version_d)
 *(.gnu.version_r)
 *(.rel.init)
 *(.rela.init)
 *(.rel.text .rel.text.* .rel.gnu.linkonce.t.*)
 *(.rela.text .rela.text.* .rela.gnu.linkonce.t.*)
 *(.rel.fini)
 *(.rela.fini)
 *(.rel.rodata .rel.rodata.* .rel.gnu.linkonce.r.*)
 *(.rela.rodata .rela.rodata.* .rela.gnu.linkonce.r.*)
 *(.rel.data .rel.data.* .rel.gnu.linkonce.d.*)
 *(.rela.data .rela.data.* .rela.gnu.linkonce.d.*)
 *(.rel.tdata .rel.tdata.* .rel.gnu.linkonce.td.*)
 *(.rela.tdata .rela.tdata.* .rela.gnu.linkonce.td.*)
 *(.rel.tbss .rel.tbss.* .rel.gnu.linkonce.tb.*)
 *(.rela.tbss .rela.tbss.* .rela.gnu.linkonce.tb.*)
 *(.rel.ctors)
 *(.rela.ctors)
 *(.rel.dtors)
 *(.rela.dtors)
 *(.rel.got)
 *(.rela.got)
 *(.rel.sdata .rel.sdata.* .rel.gnu.linkonce.s.*)
 *(.rela.sdata .rela.sdata.* .rela.gnu.linkonce.s.*)
 *(.rel.sbss .rel.sbss.* .rel.gnu.linkonce.sb.*)
 *(.rela.sbss .rela.sbss.* .rela.gnu.linkonce.sb.*)
 *(.rel.sdata2 .rel.sdata2.* .rel.gnu.linkonce.s2.*)
 *(.rela.sdata2 .rela.sdata2.* .rela.gnu.linkonce.s2.*)
 *(.rel.sbss2 .rel.sbss2.* .rel.gnu.linkonce.sb2.*)
 *(.rela.sbss2 .rela.sbss2.* .rela.gnu.linkonce.sb2.*)
 *(.rel.bss .rel.bss.* .rel.gnu.linkonce.b.*)
 *(.rela.bss .rela.bss.* .rela.gnu.linkonce.b.*)
 *(.rel.plt)
 *(.rela.plt)
 *(.rel.dyn)
 *(.init)
 *(.plt)
 *(.text .stub .text.* .gnu.linkonce.t.*)
 .text          0x00800000       0x38 ../G4Capstone_bsp//obj/HAL/src/crt0.o
                0x00800000                _start
 .text          0x00800038      0x624 obj/default/alt_error_handler.o
                0x00800038                alt_uCOSIIErrorHandler
 .text          0x0080065c      0xdf0 obj/default/dm9000a.o
                0x0080065c                dm9000a_iow
                0x008006b0                dm9000a_ior
                0x008006fc                phy_write
                0x00800798                dm9000a_reset
                0x0080095c                TransmitPacket
                0x00800a78                prep_dm9000a
                0x00800c3c                dm9000a_init
                0x0080108c                dm9Ka_isr_wrap
                0x008010cc                dm9ka_init
                0x008011c4                dm9ka_close
                0x008012d4                dm9ka_stats
                0x00801330                dm9ka_pkt_send
 .text          0x0080144c     0x2858 obj/default/http.o
                0x0080144c                print
                0x0080147c                sweep
                0x00801564                http_cleanup_lcd_text
                0x008015e8                lcd_output
                0x008016b0                http_parse_multipart_header
                0x00801900                file_upload
                0x00801b64                ProgFlashStub
                0x00801bb4                http_reset_connection
                0x00801ca4                http_manage_connection
                0x00801e50                http_handle_accept
                0x00801f78                http_read_line
                0x00802028                http_parse_type_boundary
                0x00802114                http_process_headers
                0x00802348                http_process_request
                0x0080263c                http_send_file_chunk
                0x008027e8                http_send_file_header
                0x00802f28                http_find_file
                0x008031a4                http_send_redirect
                0x008031d8                http_handle_post
                0x008034d0                http_prepare_response
                0x00803544                http_handle_receive
                0x00803900                http_handle_transmit
                0x00803960                WSTask
 .text          0x00803ca4      0x6d8 obj/default/network_utilities.o
                0x00803ca4                die_with_error
                0x00803cd4                get_serial_number
                0x00803cf8                generate_and_store_mac_addr
                0x00803eb4                generate_mac_addr
                0x00803ff0                get_board_mac_addr
                0x00804184                get_mac_addr
                0x008041dc                get_ip_addr
                0x00804238                FindLastFlashSectorOffset
 .text          0x0080437c      0x820 obj/default/srec_flash.o
                0x0080437c                ProgFlash
                0x00804620                ParseAndProgramLine
                0x008048dc                ParseSRECBuf
 .text          0x00804b9c      0x388 obj/default/web_server.o
                0x00804b9c                WSInitialTask
                0x00804c14                main
                0x00804df0                AudioTask
                0x00804e94                LCDTask
 .text          0x00804f24      0x14c /OPT/altera/12.1/tools/nios2eds/bin/gnu/H-i686-pc-linux-gnu/bin/../lib/gcc/nios2-elf/4.1.2/libgcc.a(lib2-divmod.o)
                0x00804fa0                __divsi3
                0x00805000                __modsi3
                0x00805060                __udivsi3
                0x00805068                __umodsi3
 .text          0x00805070       0x18 /OPT/altera/12.1/tools/nios2eds/bin/gnu/H-i686-pc-linux-gnu/bin/../lib/gcc/nios2-elf/4.1.2/../../../../nios2-elf/lib/libc.a(lib_a-atoi.o)
                0x00805070                _atoi_r
                0x0080507c                atoi
 .text          0x00805088        0x0 /OPT/altera/12.1/tools/nios2eds/bin/gnu/H-i686-pc-linux-gnu/bin/../lib/gcc/nios2-elf/4.1.2/../../../../nios2-elf/lib/libc.a(lib_a-ctype_.o)
 .text          0x00805088      0x124 /OPT/altera/12.1/tools/nios2eds/bin/gnu/H-i686-pc-linux-gnu/bin/../lib/gcc/nios2-elf/4.1.2/../../../../nios2-elf/lib/libc.a(lib_a-fclose.o)
                0x00805088                _fclose_r
                0x00805198                fclose
 .text          0x008051ac      0x230 /OPT/altera/12.1/tools/nios2eds/bin/gnu/H-i686-pc-linux-gnu/bin/../lib/gcc/nios2-elf/4.1.2/../../../../nios2-elf/lib/libc.a(lib_a-fflush.o)
                0x008051ac                _fflush_r
                0x008053a8                fflush
 .text          0x008053dc       0x48 /OPT/altera/12.1/tools/nios2eds/bin/gnu/H-i686-pc-linux-gnu/bin/../lib/gcc/nios2-elf/4.1.2/../../../../nios2-elf/lib/libc.a(lib_a-fgetpos.o)
                0x008053dc                _fgetpos_r
                0x00805408                fgetpos
 .text          0x00805424      0x2c0 /OPT/altera/12.1/tools/nios2eds/bin/gnu/H-i686-pc-linux-gnu/bin/../lib/gcc/nios2-elf/4.1.2/../../../../nios2-elf/lib/libc.a(lib_a-findfp.o)
                0x0080547c                __sfp_lock_acquire
                0x00805480                __sfp_lock_release
                0x00805484                __sinit_lock_acquire
                0x00805488                __sinit_lock_release
                0x0080548c                __sinit
                0x00805540                __fp_unlock_all
                0x00805558                __fp_lock_all
                0x00805570                _cleanup_r
                0x0080557c                _cleanup
                0x0080558c                __sfmoreglue
                0x008055f4                __sfp
 .text          0x008056e4      0x110 /OPT/altera/12.1/tools/nios2eds/bin/gnu/H-i686-pc-linux-gnu/bin/../lib/gcc/nios2-elf/4.1.2/../../../../nios2-elf/lib/libc.a(lib_a-fopen.o)
                0x008056e4                _fopen_r
                0x008057d8                fopen
 .text          0x008057f4       0x60 /OPT/altera/12.1/tools/nios2eds/bin/gnu/H-i686-pc-linux-gnu/bin/../lib/gcc/nios2-elf/4.1.2/../../../../nios2-elf/lib/libc.a(lib_a-fprintf.o)
                0x008057f4                fprintf
                0x00805820                _fprintf_r
 .text          0x00805854      0x23c /OPT/altera/12.1/tools/nios2eds/bin/gnu/H-i686-pc-linux-gnu/bin/../lib/gcc/nios2-elf/4.1.2/../../../../nios2-elf/lib/libc.a(lib_a-fread.o)
                0x00805854                _fread_r
                0x00805a50                fread
 .text          0x00805a90      0x440 /OPT/altera/12.1/tools/nios2eds/bin/gnu/H-i686-pc-linux-gnu/bin/../lib/gcc/nios2-elf/4.1.2/../../../../nios2-elf/lib/libc.a(lib_a-freer.o)
                0x00805a90                _malloc_trim_r
                0x00805bbc                _free_r
 .text          0x00805ed0      0x460 /OPT/altera/12.1/tools/nios2eds/bin/gnu/H-i686-pc-linux-gnu/bin/../lib/gcc/nios2-elf/4.1.2/../../../../nios2-elf/lib/libc.a(lib_a-fseek.o)
                0x00805ed0                _fseek_r
                0x0080630c                fseek
 .text          0x00806330       0x74 /OPT/altera/12.1/tools/nios2eds/bin/gnu/H-i686-pc-linux-gnu/bin/../lib/gcc/nios2-elf/4.1.2/../../../../nios2-elf/lib/libc.a(lib_a-fstatr.o)
                0x00806330                _fstat_r
 .text          0x008063a4      0x10c /OPT/altera/12.1/tools/nios2eds/bin/gnu/H-i686-pc-linux-gnu/bin/../lib/gcc/nios2-elf/4.1.2/../../../../nios2-elf/lib/libc.a(lib_a-ftell.o)
                0x008063a4                _ftell_r
                0x0080649c                ftell
 .text          0x008064b0      0x180 /OPT/altera/12.1/tools/nios2eds/bin/gnu/H-i686-pc-linux-gnu/bin/../lib/gcc/nios2-elf/4.1.2/../../../../nios2-elf/lib/libc.a(lib_a-fwalk.o)
                0x008064b0                _fwalk_reent
                0x00806578                _fwalk
 .text          0x00806630       0xdc /OPT/altera/12.1/tools/nios2eds/bin/gnu/H-i686-pc-linux-gnu/bin/../lib/gcc/nios2-elf/4.1.2/../../../../nios2-elf/lib/libc.a(lib_a-fwrite.o)
                0x00806630                _fwrite_r
                0x008066cc                fwrite
 .text          0x0080670c        0x0 /OPT/altera/12.1/tools/nios2eds/bin/gnu/H-i686-pc-linux-gnu/bin/../lib/gcc/nios2-elf/4.1.2/../../../../nios2-elf/lib/libc.a(lib_a-impure.o)
 .text          0x0080670c        0x0 /OPT/altera/12.1/tools/nios2eds/bin/gnu/H-i686-pc-linux-gnu/bin/../lib/gcc/nios2-elf/4.1.2/../../../../nios2-elf/lib/libc.a(lib_a-int_errno.o)
 .text          0x0080670c      0x194 /OPT/altera/12.1/tools/nios2eds/bin/gnu/H-i686-pc-linux-gnu/bin/../lib/gcc/nios2-elf/4.1.2/../../../../nios2-elf/lib/libc.a(lib_a-makebuf.o)
                0x0080670c                __smakebuf_r
 .text          0x008068a0      0x740 /OPT/altera/12.1/tools/nios2eds/bin/gnu/H-i686-pc-linux-gnu/bin/../lib/gcc/nios2-elf/4.1.2/../../../../nios2-elf/lib/libc.a(lib_a-mallocr.o)
                0x008068a0                _malloc_r
 .text          0x00806fe0       0xa0 /OPT/altera/12.1/tools/nios2eds/bin/gnu/H-i686-pc-linux-gnu/bin/../lib/gcc/nios2-elf/4.1.2/../../../../nios2-elf/lib/libc.a(lib_a-memcpy.o)
                0x00806fe0                memcpy
 .text          0x00807080       0xe0 /OPT/altera/12.1/tools/nios2eds/bin/gnu/H-i686-pc-linux-gnu/bin/../lib/gcc/nios2-elf/4.1.2/../../../../nios2-elf/lib/libc.a(lib_a-memmove.o)
                0x00807080                memmove
 .text          0x00807160       0x98 /OPT/altera/12.1/tools/nios2eds/bin/gnu/H-i686-pc-linux-gnu/bin/../lib/gcc/nios2-elf/4.1.2/../../../../nios2-elf/lib/libc.a(lib_a-memset.o)
                0x00807160                memset
 .text          0x008071f8       0x78 /OPT/altera/12.1/tools/nios2eds/bin/gnu/H-i686-pc-linux-gnu/bin/../lib/gcc/nios2-elf/4.1.2/../../../../nios2-elf/lib/libc.a(lib_a-openr.o)
                0x008071f8                _open_r
 .text          0x00807270       0x80 /OPT/altera/12.1/tools/nios2eds/bin/gnu/H-i686-pc-linux-gnu/bin/../lib/gcc/nios2-elf/4.1.2/../../../../nios2-elf/lib/libc.a(lib_a-perror.o)
                0x00807270                _perror_r
                0x008072dc                perror
 .text          0x008072f0       0x78 /OPT/altera/12.1/tools/nios2eds/bin/gnu/H-i686-pc-linux-gnu/bin/../lib/gcc/nios2-elf/4.1.2/../../../../nios2-elf/lib/libc.a(lib_a-printf.o)
                0x008072f0                printf
                0x00807334                _printf_r
 .text          0x00807368       0xb4 /OPT/altera/12.1/tools/nios2eds/bin/gnu/H-i686-pc-linux-gnu/bin/../lib/gcc/nios2-elf/4.1.2/../../../../nios2-elf/lib/libc.a(lib_a-puts.o)
                0x00807368                _puts_r
                0x00807408                puts
 .text          0x0080741c      0x1e0 /OPT/altera/12.1/tools/nios2eds/bin/gnu/H-i686-pc-linux-gnu/bin/../lib/gcc/nios2-elf/4.1.2/../../../../nios2-elf/lib/libc.a(lib_a-refill.o)
                0x0080741c                __srefill_r
 .text          0x008075fc       0x70 /OPT/altera/12.1/tools/nios2eds/bin/gnu/H-i686-pc-linux-gnu/bin/../lib/gcc/nios2-elf/4.1.2/../../../../nios2-elf/lib/libc.a(lib_a-sbrkr.o)
                0x008075fc                _sbrk_r
 .text          0x0080766c       0xd4 /OPT/altera/12.1/tools/nios2eds/bin/gnu/H-i686-pc-linux-gnu/bin/../lib/gcc/nios2-elf/4.1.2/../../../../nios2-elf/lib/libc.a(lib_a-sprintf.o)
                0x0080766c                sprintf
                0x008076e0                _sprintf_r
 .text          0x00807740      0x114 /OPT/altera/12.1/tools/nios2eds/bin/gnu/H-i686-pc-linux-gnu/bin/../lib/gcc/nios2-elf/4.1.2/../../../../nios2-elf/lib/libc.a(lib_a-sscanf.o)
                0x00807748                _sscanf_r
                0x008077d0                sscanf
 .text          0x00807854      0x14c /OPT/altera/12.1/tools/nios2eds/bin/gnu/H-i686-pc-linux-gnu/bin/../lib/gcc/nios2-elf/4.1.2/../../../../nios2-elf/lib/libc.a(lib_a-stdio.o)
                0x00807854                __sclose
                0x0080785c                __sseek
                0x008078c4                __swrite
                0x00807940                __sread
 .text          0x008079a0       0xb0 /OPT/altera/12.1/tools/nios2eds/bin/gnu/H-i686-pc-linux-gnu/bin/../lib/gcc/nios2-elf/4.1.2/../../../../nios2-elf/lib/libc.a(lib_a-strcasecmp.o)
                0x008079a0                strcasecmp
 .text          0x00807a50       0x90 /OPT/altera/12.1/tools/nios2eds/bin/gnu/H-i686-pc-linux-gnu/bin/../lib/gcc/nios2-elf/4.1.2/../../../../nios2-elf/lib/libc.a(lib_a-strcat.o)
                0x00807a50                strcat
 .text          0x00807ae0       0xe0 /OPT/altera/12.1/tools/nios2eds/bin/gnu/H-i686-pc-linux-gnu/bin/../lib/gcc/nios2-elf/4.1.2/../../../../nios2-elf/lib/libc.a(lib_a-strchr.o)
                0x00807ae0                strchr
 .text          0x00807bc0       0xbc /OPT/altera/12.1/tools/nios2eds/bin/gnu/H-i686-pc-linux-gnu/bin/../lib/gcc/nios2-elf/4.1.2/../../../../nios2-elf/lib/libc.a(lib_a-strcmp.o)
                0x00807bc0                strcmp
 .text          0x00807c7c       0x8c /OPT/altera/12.1/tools/nios2eds/bin/gnu/H-i686-pc-linux-gnu/bin/../lib/gcc/nios2-elf/4.1.2/../../../../nios2-elf/lib/libc.a(lib_a-strcpy.o)
                0x00807c7c                strcpy
 .text          0x00807d08      0x674 /OPT/altera/12.1/tools/nios2eds/bin/gnu/H-i686-pc-linux-gnu/bin/../lib/gcc/nios2-elf/4.1.2/../../../../nios2-elf/lib/libc.a(lib_a-strerror.o)
                0x00807d08                strerror
 .text          0x0080837c       0x74 /OPT/altera/12.1/tools/nios2eds/bin/gnu/H-i686-pc-linux-gnu/bin/../lib/gcc/nios2-elf/4.1.2/../../../../nios2-elf/lib/libc.a(lib_a-strlen.o)
                0x0080837c                strlen
 .text          0x008083f0       0xf0 /OPT/altera/12.1/tools/nios2eds/bin/gnu/H-i686-pc-linux-gnu/bin/../lib/gcc/nios2-elf/4.1.2/../../../../nios2-elf/lib/libc.a(lib_a-strncmp.o)
                0x008083f0                strncmp
 .text          0x008084e0       0xbc /OPT/altera/12.1/tools/nios2eds/bin/gnu/H-i686-pc-linux-gnu/bin/../lib/gcc/nios2-elf/4.1.2/../../../../nios2-elf/lib/libc.a(lib_a-strncpy.o)
                0x008084e0                strncpy
 .text          0x0080859c      0x794 /OPT/altera/12.1/tools/nios2eds/bin/gnu/H-i686-pc-linux-gnu/bin/../lib/gcc/nios2-elf/4.1.2/../../../../nios2-elf/lib/libc.a(lib_a-strstr.o)
                0x008086d0                strstr
 .text          0x00808d30       0x18 /OPT/altera/12.1/tools/nios2eds/bin/gnu/H-i686-pc-linux-gnu/bin/../lib/gcc/nios2-elf/4.1.2/../../../../nios2-elf/lib/libc.a(lib_a-strtok.o)
                0x00808d30                strtok
 .text          0x00808d48       0xac /OPT/altera/12.1/tools/nios2eds/bin/gnu/H-i686-pc-linux-gnu/bin/../lib/gcc/nios2-elf/4.1.2/../../../../nios2-elf/lib/libc.a(lib_a-strtok_r.o)
                0x00808d48                __strtok_r
                0x00808dec                strtok_r
 .text          0x00808df4      0x268 /OPT/altera/12.1/tools/nios2eds/bin/gnu/H-i686-pc-linux-gnu/bin/../lib/gcc/nios2-elf/4.1.2/../../../../nios2-elf/lib/libc.a(lib_a-strtol.o)
                0x00808df4                _strtol_r
                0x00809038                strtol
 .text          0x0080905c        0x8 /OPT/altera/12.1/tools/nios2eds/bin/gnu/H-i686-pc-linux-gnu/bin/../lib/gcc/nios2-elf/4.1.2/../../../../nios2-elf/lib/libc.a(lib_a-u_strerr.o)
                0x0080905c                _user_strerror
 .text          0x00809064     0x1f28 /OPT/altera/12.1/tools/nios2eds/bin/gnu/H-i686-pc-linux-gnu/bin/../lib/gcc/nios2-elf/4.1.2/../../../../nios2-elf/lib/libc.a(lib_a-vfprintf.o)
                0x008090bc                ___vfprintf_internal_r
                0x0080af68                __vfprintf_internal
 .text          0x0080af8c     0x1780 /OPT/altera/12.1/tools/nios2eds/bin/gnu/H-i686-pc-linux-gnu/bin/../lib/gcc/nios2-elf/4.1.2/../../../../nios2-elf/lib/libc.a(lib_a-vfscanf.o)
                0x0080af8c                __svfscanf_r
                0x0080c60c                __svfscanf
                0x0080c630                _vfscanf_r
                0x0080c698                vfscanf
 .text          0x0080c70c       0x78 /OPT/altera/12.1/tools/nios2eds/bin/gnu/H-i686-pc-linux-gnu/bin/../lib/gcc/nios2-elf/4.1.2/../../../../nios2-elf/lib/libc.a(lib_a-writer.o)
                0x0080c70c                _write_r
 .text          0x0080c784      0x13c /OPT/altera/12.1/tools/nios2eds/bin/gnu/H-i686-pc-linux-gnu/bin/../lib/gcc/nios2-elf/4.1.2/../../../../nios2-elf/lib/libc.a(lib_a-wsetup.o)
                0x0080c784                __swsetup_r
 .text          0x0080c8c0       0x70 /OPT/altera/12.1/tools/nios2eds/bin/gnu/H-i686-pc-linux-gnu/bin/../lib/gcc/nios2-elf/4.1.2/../../../../nios2-elf/lib/libc.a(lib_a-closer.o)
                0x0080c8c0                _close_r
 .text          0x0080c930     0x17cc /OPT/altera/12.1/tools/nios2eds/bin/gnu/H-i686-pc-linux-gnu/bin/../lib/gcc/nios2-elf/4.1.2/../../../../nios2-elf/lib/libc.a(lib_a-dtoa.o)
                0x0080cb48                _dtoa_r
 .text          0x0080e0fc       0xa0 /OPT/altera/12.1/tools/nios2eds/bin/gnu/H-i686-pc-linux-gnu/bin/../lib/gcc/nios2-elf/4.1.2/../../../../nios2-elf/lib/libc.a(lib_a-flags.o)
                0x0080e0fc                __sflags
 .text          0x0080e19c       0xbc /OPT/altera/12.1/tools/nios2eds/bin/gnu/H-i686-pc-linux-gnu/bin/../lib/gcc/nios2-elf/4.1.2/../../../../nios2-elf/lib/libc.a(lib_a-fputc.o)
                0x0080e19c                fputc
                0x0080e200                _fputc_r
 .text          0x0080e258       0x90 /OPT/altera/12.1/tools/nios2eds/bin/gnu/H-i686-pc-linux-gnu/bin/../lib/gcc/nios2-elf/4.1.2/../../../../nios2-elf/lib/libc.a(lib_a-fputs.o)
                0x0080e258                _fputs_r
                0x0080e2cc                fputs
 .text          0x0080e2e8      0x49c /OPT/altera/12.1/tools/nios2eds/bin/gnu/H-i686-pc-linux-gnu/bin/../lib/gcc/nios2-elf/4.1.2/../../../../nios2-elf/lib/libc.a(lib_a-fvwrite.o)
                0x0080e2e8                __sfvwrite_r
 .text          0x0080e784       0x70 /OPT/altera/12.1/tools/nios2eds/bin/gnu/H-i686-pc-linux-gnu/bin/../lib/gcc/nios2-elf/4.1.2/../../../../nios2-elf/lib/libc.a(lib_a-isattyr.o)
                0x0080e784                _isatty_r
 .text          0x0080e7f4       0x2c /OPT/altera/12.1/tools/nios2eds/bin/gnu/H-i686-pc-linux-gnu/bin/../lib/gcc/nios2-elf/4.1.2/../../../../nios2-elf/lib/libc.a(lib_a-iswspace.o)
                0x0080e7f4                iswspace
 .text          0x0080e820       0xc4 /OPT/altera/12.1/tools/nios2eds/bin/gnu/H-i686-pc-linux-gnu/bin/../lib/gcc/nios2-elf/4.1.2/../../../../nios2-elf/lib/libc.a(lib_a-locale.o)
                0x0080e820                __locale_charset
                0x0080e828                _localeconv_r
                0x0080e834                localeconv
                0x0080e844                _setlocale_r
                0x0080e8c8                setlocale
 .text          0x0080e8e4       0x78 /OPT/altera/12.1/tools/nios2eds/bin/gnu/H-i686-pc-linux-gnu/bin/../lib/gcc/nios2-elf/4.1.2/../../../../nios2-elf/lib/libc.a(lib_a-lseekr.o)
                0x0080e8e4                _lseek_r
 .text          0x0080e95c       0xc0 /OPT/altera/12.1/tools/nios2eds/bin/gnu/H-i686-pc-linux-gnu/bin/../lib/gcc/nios2-elf/4.1.2/../../../../nios2-elf/lib/libc.a(lib_a-mbrtowc.o)
                0x0080e95c                _mbrtowc_r
                0x0080e9dc                mbrtowc
 .text          0x0080ea1c       0x40 /OPT/altera/12.1/tools/nios2eds/bin/gnu/H-i686-pc-linux-gnu/bin/../lib/gcc/nios2-elf/4.1.2/../../../../nios2-elf/lib/libc.a(lib_a-mbtowc_r.o)
                0x0080ea1c                _mbtowc_r
 .text          0x0080ea5c       0xe4 /OPT/altera/12.1/tools/nios2eds/bin/gnu/H-i686-pc-linux-gnu/bin/../lib/gcc/nios2-elf/4.1.2/../../../../nios2-elf/lib/libc.a(lib_a-memchr.o)
                0x0080ea5c                memchr
 .text          0x0080eb40       0x74 /OPT/altera/12.1/tools/nios2eds/bin/gnu/H-i686-pc-linux-gnu/bin/../lib/gcc/nios2-elf/4.1.2/../../../../nios2-elf/lib/libc.a(lib_a-memcmp.o)
                0x0080eb40                memcmp
 .text          0x0080ebb4      0xff4 /OPT/altera/12.1/tools/nios2eds/bin/gnu/H-i686-pc-linux-gnu/bin/../lib/gcc/nios2-elf/4.1.2/../../../../nios2-elf/lib/libc.a(lib_a-mprec.o)
                0x0080ebb4                _Bfree
                0x0080ebdc                __hi0bits
                0x0080ec4c                __lo0bits
                0x0080ed10                __mcmp
                0x0080ed70                __ulp
                0x0080edf0                __b2d
                0x0080ef10                __ratio
                0x0080efc0                _mprec_log10
                0x0080f054                __copybits
                0x0080f0ac                __any_on
                0x0080f134                _Balloc
                0x0080f1f0                __d2b
                0x0080f36c                __mdiff
                0x0080f4f8                __lshift
                0x0080f644                __multiply
                0x0080f82c                __i2b
                0x0080f868                __multadd
                0x0080f968                __pow5mult
                0x0080fa88                __s2b
 .text          0x0080fba8      0x1ec /OPT/altera/12.1/tools/nios2eds/bin/gnu/H-i686-pc-linux-gnu/bin/../lib/gcc/nios2-elf/4.1.2/../../../../nios2-elf/lib/libc.a(lib_a-putc.o)
                0x0080fba8                putc
                0x0080fcac                _putc_r
 .text          0x0080fd94       0x78 /OPT/altera/12.1/tools/nios2eds/bin/gnu/H-i686-pc-linux-gnu/bin/../lib/gcc/nios2-elf/4.1.2/../../../../nios2-elf/lib/libc.a(lib_a-readr.o)
                0x0080fd94                _read_r
 .text          0x0080fe0c      0x5f4 /OPT/altera/12.1/tools/nios2eds/bin/gnu/H-i686-pc-linux-gnu/bin/../lib/gcc/nios2-elf/4.1.2/../../../../nios2-elf/lib/libc.a(lib_a-reallocr.o)
                0x0080fe0c                _realloc_r
 .text          0x00810400       0x40 /OPT/altera/12.1/tools/nios2eds/bin/gnu/H-i686-pc-linux-gnu/bin/../lib/gcc/nios2-elf/4.1.2/../../../../nios2-elf/lib/libc.a(lib_a-s_isinfd.o)
                0x00810400                __isinfd
 .text          0x00810440       0x30 /OPT/altera/12.1/tools/nios2eds/bin/gnu/H-i686-pc-linux-gnu/bin/../lib/gcc/nios2-elf/4.1.2/../../../../nios2-elf/lib/libc.a(lib_a-s_isnand.o)
                0x00810440                __isnand
 .text          0x00810470       0xc0 /OPT/altera/12.1/tools/nios2eds/bin/gnu/H-i686-pc-linux-gnu/bin/../lib/gcc/nios2-elf/4.1.2/../../../../nios2-elf/lib/libc.a(lib_a-sccl.o)
                0x00810470                __sccl
 .text          0x00810530        0x8 /OPT/altera/12.1/tools/nios2eds/bin/gnu/H-i686-pc-linux-gnu/bin/../lib/gcc/nios2-elf/4.1.2/../../../../nios2-elf/lib/libc.a(lib_a-sf_nan.o)
                0x00810530                nanf
 .text          0x00810538     0x166c /OPT/altera/12.1/tools/nios2eds/bin/gnu/H-i686-pc-linux-gnu/bin/../lib/gcc/nios2-elf/4.1.2/../../../../nios2-elf/lib/libc.a(lib_a-strtod.o)
                0x00810580                _strtod_r
                0x00811a64                strtof
                0x00811b88                strtod
 .text          0x00811ba4      0x318 /OPT/altera/12.1/tools/nios2eds/bin/gnu/H-i686-pc-linux-gnu/bin/../lib/gcc/nios2-elf/4.1.2/../../../../nios2-elf/lib/libc.a(lib_a-strtoll_r.o)
                0x00811ba4                _strtoll_r
 .text          0x00811ebc      0x254 /OPT/altera/12.1/tools/nios2eds/bin/gnu/H-i686-pc-linux-gnu/bin/../lib/gcc/nios2-elf/4.1.2/../../../../nios2-elf/lib/libc.a(lib_a-strtoul.o)
                0x00811ebc                _strtoul_r
                0x008120ec                strtoul
 .text          0x00812110      0x2f0 /OPT/altera/12.1/tools/nios2eds/bin/gnu/H-i686-pc-linux-gnu/bin/../lib/gcc/nios2-elf/4.1.2/../../../../nios2-elf/lib/libc.a(lib_a-strtoull_r.o)
                0x00812110                _strtoull_r
 .text          0x00812400      0x294 /OPT/altera/12.1/tools/nios2eds/bin/gnu/H-i686-pc-linux-gnu/bin/../lib/gcc/nios2-elf/4.1.2/../../../../nios2-elf/lib/libc.a(lib_a-ungetc.o)
                0x00812400                __submore
                0x008124dc                _ungetc_r
                0x00812678                ungetc
 .text          0x00812694      0x14c /OPT/altera/12.1/tools/nios2eds/bin/gnu/H-i686-pc-linux-gnu/bin/../lib/gcc/nios2-elf/4.1.2/../../../../nios2-elf/lib/libc.a(lib_a-wbuf.o)
                0x00812694                __swbuf_r
                0x008127c4                __swbuf
 .text          0x008127e0       0xb4 /OPT/altera/12.1/tools/nios2eds/bin/gnu/H-i686-pc-linux-gnu/bin/../lib/gcc/nios2-elf/4.1.2/../../../../nios2-elf/lib/libc.a(lib_a-callocr.o)
                0x008127e0                _calloc_r
 .text          0x00812894      0x8f4 /OPT/altera/12.1/tools/nios2eds/bin/gnu/H-i686-pc-linux-gnu/bin/../lib/gcc/nios2-elf/4.1.2/../../../../nios2-elf/lib/libc.a(lib_a-gdtoa-gethex.o)
                0x008128b8                __hexdig_init
                0x008129d0                __gethex
 .text          0x00813188      0x294 /OPT/altera/12.1/tools/nios2eds/bin/gnu/H-i686-pc-linux-gnu/bin/../lib/gcc/nios2-elf/4.1.2/../../../../nios2-elf/lib/libc.a(lib_a-gdtoa-hexnan.o)
                0x008131d4                __hexnan
 .text          0x0081341c       0x98 /OPT/altera/12.1/tools/nios2eds/bin/gnu/H-i686-pc-linux-gnu/bin/../lib/gcc/nios2-elf/4.1.2/libgcc.a(_muldi3.o)
                0x0081341c                __muldi3
 .text          0x008134b4       0xa4 /OPT/altera/12.1/tools/nios2eds/bin/gnu/H-i686-pc-linux-gnu/bin/../lib/gcc/nios2-elf/4.1.2/libgcc.a(_fixunsdfsi.o)
                0x008134b4                __fixunsdfsi
 .text          0x00813558      0x5dc /OPT/altera/12.1/tools/nios2eds/bin/gnu/H-i686-pc-linux-gnu/bin/../lib/gcc/nios2-elf/4.1.2/libgcc.a(_udivdi3.o)
                0x00813558                __udivdi3
 .text          0x00813b34      0x5b0 /OPT/altera/12.1/tools/nios2eds/bin/gnu/H-i686-pc-linux-gnu/bin/../lib/gcc/nios2-elf/4.1.2/libgcc.a(_umoddi3.o)
                0x00813b34                __umoddi3
 .text          0x008140e4       0x78 /OPT/altera/12.1/tools/nios2eds/bin/gnu/H-i686-pc-linux-gnu/bin/../lib/gcc/nios2-elf/4.1.2/libgcc.a(_ne_sf.o)
                0x008140e4                __nesf2
 .text          0x0081415c       0x78 /OPT/altera/12.1/tools/nios2eds/bin/gnu/H-i686-pc-linux-gnu/bin/../lib/gcc/nios2-elf/4.1.2/libgcc.a(_gt_sf.o)
                0x0081415c                __gtsf2
 .text          0x008141d4       0x78 /OPT/altera/12.1/tools/nios2eds/bin/gnu/H-i686-pc-linux-gnu/bin/../lib/gcc/nios2-elf/4.1.2/libgcc.a(_lt_sf.o)
                0x008141d4                __ltsf2
 .text          0x0081424c      0x504 /OPT/altera/12.1/tools/nios2eds/bin/gnu/H-i686-pc-linux-gnu/bin/../lib/gcc/nios2-elf/4.1.2/libgcc.a(_addsub_df.o)
                0x0081465c                __subdf3
                0x008146dc                __adddf3
 .text          0x00814750      0x3c4 /OPT/altera/12.1/tools/nios2eds/bin/gnu/H-i686-pc-linux-gnu/bin/../lib/gcc/nios2-elf/4.1.2/libgcc.a(_mul_df.o)
                0x00814750                __muldf3
 .text          0x00814b14      0x258 /OPT/altera/12.1/tools/nios2eds/bin/gnu/H-i686-pc-linux-gnu/bin/../lib/gcc/nios2-elf/4.1.2/libgcc.a(_div_df.o)
                0x00814b14                __divdf3
 .text          0x00814d6c       0x88 /OPT/altera/12.1/tools/nios2eds/bin/gnu/H-i686-pc-linux-gnu/bin/../lib/gcc/nios2-elf/4.1.2/libgcc.a(_eq_df.o)
                0x00814d6c                __eqdf2
 .text          0x00814df4       0x88 /OPT/altera/12.1/tools/nios2eds/bin/gnu/H-i686-pc-linux-gnu/bin/../lib/gcc/nios2-elf/4.1.2/libgcc.a(_ne_df.o)
                0x00814df4                __nedf2
 .text          0x00814e7c       0x88 /OPT/altera/12.1/tools/nios2eds/bin/gnu/H-i686-pc-linux-gnu/bin/../lib/gcc/nios2-elf/4.1.2/libgcc.a(_gt_df.o)
                0x00814e7c                __gtdf2
 .text          0x00814f04       0x88 /OPT/altera/12.1/tools/nios2eds/bin/gnu/H-i686-pc-linux-gnu/bin/../lib/gcc/nios2-elf/4.1.2/libgcc.a(_ge_df.o)
                0x00814f04                __gedf2
 .text          0x00814f8c       0x88 /OPT/altera/12.1/tools/nios2eds/bin/gnu/H-i686-pc-linux-gnu/bin/../lib/gcc/nios2-elf/4.1.2/libgcc.a(_lt_df.o)
                0x00814f8c                __ltdf2
 .text          0x00815014       0x88 /OPT/altera/12.1/tools/nios2eds/bin/gnu/H-i686-pc-linux-gnu/bin/../lib/gcc/nios2-elf/4.1.2/libgcc.a(_le_df.o)
                0x00815014                __ledf2
 .text          0x0081509c       0xf8 /OPT/altera/12.1/tools/nios2eds/bin/gnu/H-i686-pc-linux-gnu/bin/../lib/gcc/nios2-elf/4.1.2/libgcc.a(_si_to_df.o)
                0x0081509c                __floatsidf
 .text          0x00815194       0xd8 /OPT/altera/12.1/tools/nios2eds/bin/gnu/H-i686-pc-linux-gnu/bin/../lib/gcc/nios2-elf/4.1.2/libgcc.a(_df_to_si.o)
                0x00815194                __fixdfsi
 .text          0x0081526c       0x74 /OPT/altera/12.1/tools/nios2eds/bin/gnu/H-i686-pc-linux-gnu/bin/../lib/gcc/nios2-elf/4.1.2/libgcc.a(_df_to_sf.o)
                0x0081526c                __truncdfsf2
 .text          0x008152e0        0x0 /OPT/altera/12.1/tools/nios2eds/bin/gnu/H-i686-pc-linux-gnu/bin/../lib/gcc/nios2-elf/4.1.2/libgcc.a(_thenan_df.o)
 .text          0x008152e0      0x194 /OPT/altera/12.1/tools/nios2eds/bin/gnu/H-i686-pc-linux-gnu/bin/../lib/gcc/nios2-elf/4.1.2/libgcc.a(_usi_to_df.o)
                0x008152e0                __floatunsidf
 .text          0x00815474        0x0 /OPT/altera/12.1/tools/nios2eds/bin/gnu/H-i686-pc-linux-gnu/bin/../lib/gcc/nios2-elf/4.1.2/libgcc.a(_clz.o)
 .text          0x00815474       0x80 /OPT/altera/12.1/tools/nios2eds/bin/gnu/H-i686-pc-linux-gnu/bin/../lib/gcc/nios2-elf/4.1.2/libgcc.a(_clzsi2.o)
                0x00815474                __clzsi2
 .text          0x008154f4       0xc8 /OPT/altera/12.1/tools/nios2eds/bin/gnu/H-i686-pc-linux-gnu/bin/../lib/gcc/nios2-elf/4.1.2/libgcc.a(_unpack_sf.o)
                0x008154f4                __unpack_f
 .text          0x008155bc       0xa8 /OPT/altera/12.1/tools/nios2eds/bin/gnu/H-i686-pc-linux-gnu/bin/../lib/gcc/nios2-elf/4.1.2/libgcc.a(_fpcmp_parts_sf.o)
                0x008155bc                __fpcmp_parts_f
 .text          0x00815664       0x2c /OPT/altera/12.1/tools/nios2eds/bin/gnu/H-i686-pc-linux-gnu/bin/../lib/gcc/nios2-elf/4.1.2/libgcc.a(_make_sf.o)
                0x00815664                __make_fp
 .text          0x00815690      0x314 /OPT/altera/12.1/tools/nios2eds/bin/gnu/H-i686-pc-linux-gnu/bin/../lib/gcc/nios2-elf/4.1.2/libgcc.a(_pack_df.o)
                0x00815690                __pack_d
 .text          0x008159a4      0x138 /OPT/altera/12.1/tools/nios2eds/bin/gnu/H-i686-pc-linux-gnu/bin/../lib/gcc/nios2-elf/4.1.2/libgcc.a(_unpack_df.o)
                0x008159a4                __unpack_d
 .text          0x00815adc       0xc8 /OPT/altera/12.1/tools/nios2eds/bin/gnu/H-i686-pc-linux-gnu/bin/../lib/gcc/nios2-elf/4.1.2/libgcc.a(_fpcmp_parts_df.o)
                0x00815adc                __fpcmp_parts_d
 .text          0x00815ba4      0x160 /OPT/altera/12.1/tools/nios2eds/bin/gnu/H-i686-pc-linux-gnu/bin/../lib/gcc/nios2-elf/4.1.2/libgcc.a(_pack_sf.o)
                0x00815ba4                __pack_f
 .text          0x00815d04       0x24 ../G4Capstone_bsp//libucosii_bsp.a(alt_dcache_flush.o)
                0x00815d04                alt_dcache_flush
 .text          0x00815d28       0xd0 ../G4Capstone_bsp//libucosii_bsp.a(alt_flash_dev.o)
                0x00815d28                alt_flash_open_dev
                0x00815da4                alt_flash_close_dev
 .text          0x00815df8      0x134 ../G4Capstone_bsp//libucosii_bsp.a(alt_fstat.o)
                0x00815df8                fstat
 .text          0x00815f2c      0x1c0 ../G4Capstone_bsp//libucosii_bsp.a(alt_irq_register.o)
                0x00815f2c                alt_irq_register
 .text          0x008160ec        0x0 ../G4Capstone_bsp//libucosii_bsp.a(alt_irq_vars.o)
 .text          0x008160ec      0x120 ../G4Capstone_bsp//libucosii_bsp.a(alt_isatty.o)
                0x008160ec                isatty
 .text          0x0081620c      0x150 ../G4Capstone_bsp//libucosii_bsp.a(alt_lseek.o)
                0x0081620c                lseek
 .text          0x0081635c       0xc8 ../G4Capstone_bsp//libucosii_bsp.a(alt_main.o)
                0x0081635c                alt_main
 .text          0x00816424      0x2c4 ../G4Capstone_bsp//libucosii_bsp.a(alt_open.o)
                0x00816500                open
 .text          0x008166e8       0x60 ../G4Capstone_bsp//libucosii_bsp.a(alt_release_fd.o)
                0x008166e8                alt_release_fd
 .text          0x00816748       0xbc ../G4Capstone_bsp//libucosii_bsp.a(alt_sbrk.o)
                0x00816748                sbrk
 .text          0x00816804      0x1a8 ../G4Capstone_bsp//libucosii_bsp.a(alt_tick.o)
                0x00816804                alt_alarm_stop
                0x0081689c                alt_tick
 .text          0x008169ac      0x118 ../G4Capstone_bsp//libucosii_bsp.a(alt_usleep.o)
                0x008169ac                usleep
 .text          0x00816ac4      0x108 ../G4Capstone_bsp//libucosii_bsp.a(alt_env_lock.o)
                0x00816ac4                __env_lock
                0x00816b70                __env_unlock
 .text          0x00816bcc      0x1d8 ../G4Capstone_bsp//libucosii_bsp.a(alt_malloc_lock.o)
                0x00816bcc                __malloc_lock
                0x00816cd4                __malloc_unlock
 .text          0x00816da4     0x2128 ../G4Capstone_bsp//libucosii_bsp.a(os_core.o)
                0x00816da4                OSEventNameGet
                0x00816ed4                OSEventNameSet
                0x00817018                OSEventPendMulti
                0x008176cc                OSInit
                0x00817720                OSIntEnter
                0x0081779c                OSIntExit
                0x0081789c                OSSchedLock
                0x00817928                OSSchedUnlock
                0x00817a0c                OSStart
                0x00817a7c                OSStatInit
                0x00817b28                OSTimeTick
                0x00817d68                OSVersion
                0x00817d88                OS_Dummy
                0x00817da4                OS_EventTaskRdy
                0x00817f38                OS_EventTaskWait
                0x00818048                OS_EventTaskWaitMulti
                0x0081819c                OS_EventTaskRemove
                0x00818254                OS_EventTaskRemoveMulti
                0x00818358                OS_EventWaitListInit
                0x00818724                OS_MemClr
                0x00818778                OS_MemCopy
                0x008187e4                OS_Sched
                0x00818928                OS_StrCopy
                0x008189a8                OS_StrLen
                0x00818a00                OS_TaskIdle
                0x00818a5c                OS_TaskStat
                0x00818b24                OS_TaskStatStkChk
                0x00818bec                OS_TCBInit
 .text          0x00818ecc      0x18c ../G4Capstone_bsp//libucosii_bsp.a(os_dbg.o)
                0x00818ecc                OSDebugInit
 .text          0x00819058     0x193c ../G4Capstone_bsp//libucosii_bsp.a(os_flag.o)
                0x00819058                OSFlagAccept
                0x0081938c                OSFlagCreate
                0x008194c8                OSFlagDel
                0x00819770                OSFlagNameGet
                0x008198b4                OSFlagNameSet
                0x00819a08                OSFlagPend
                0x0081a04c                OSFlagPendGetFlagsRdy
                0x0081a0b4                OSFlagPost
                0x0081a45c                OSFlagQuery
                0x0081a6f4                OS_FlagInit
                0x0081a8e8                OS_FlagUnlink
 .text          0x0081a994      0xc8c ../G4Capstone_bsp//libucosii_bsp.a(os_mbox.o)
                0x0081a994                OSMboxAccept
                0x0081aa38                OSMboxCreate
                0x0081ab4c                OSMboxDel
                0x0081adec                OSMboxPend
                0x0081b0b4                OSMboxPendAbort
                0x0081b230                OSMboxPost
                0x0081b364                OSMboxPostOpt
                0x0081b4f0                OSMboxQuery
 .text          0x0081b620      0x808 ../G4Capstone_bsp//libucosii_bsp.a(os_mem.o)
                0x0081b620                OSMemCreate
                0x0081b83c                OSMemGet
                0x0081b940                OSMemNameGet
                0x0081ba4c                OSMemNameSet
                0x0081bb6c                OSMemPut
                0x0081bc5c                OSMemQuery
                0x0081bd58                OS_MemInit
 .text          0x0081be28     0x1334 ../G4Capstone_bsp//libucosii_bsp.a(os_q.o)
                0x0081be28                OSQAccept
                0x0081bf7c                OSQCreate
                0x0081c190                OSQDel
                0x0081c490                OSQFlush
                0x0081c558                OSQPend
                0x0081c878                OSQPendAbort
                0x0081c9f4                OSQPost
                0x0081cb74                OSQPostFront
                0x0081ccfc                OSQPostOpt
                0x0081cf30                OSQQuery
                0x0081d0b0                OS_QInit
 .text          0x0081d15c      0xbc8 ../G4Capstone_bsp//libucosii_bsp.a(os_sem.o)
                0x0081d15c                OSSemAccept
                0x0081d21c                OSSemCreate
                0x0081d330                OSSemDel
                0x0081d5d0                OSSemPend
                0x0081d84c                OSSemPendAbort
                0x0081d9c8                OSSemPost
                0x0081daf0                OSSemQuery
                0x0081dc20                OSSemSet
 .text          0x0081dd24     0x1a40 ../G4Capstone_bsp//libucosii_bsp.a(os_task.o)
                0x0081dd24                OSTaskChangePrio
                0x0081e298                OSTaskCreate
                0x0081e46c                OSTaskCreateExt
                0x0081e66c                OSTaskDel
                0x0081ea78                OSTaskDelReq
                0x0081ebe8                OSTaskNameGet
                0x0081eda0                OSTaskNameSet
                0x0081ef64                OSTaskResume
                0x0081f17c                OSTaskStkChk
                0x0081f378                OSTaskSuspend
                0x0081f5a4                OSTaskQuery
                0x0081f6e8                OS_TaskStkClr
 .text          0x0081f764      0x598 ../G4Capstone_bsp//libucosii_bsp.a(os_time.o)
                0x0081f764                OSTimeDly
                0x0081f8b0                OSTimeDlyHMSM
                0x0081fa24                OSTimeDlyResume
                0x0081fc34                OSTimeGet
                0x0081fc98                OSTimeSet
 .text          0x0081fcfc      0x10c ../G4Capstone_bsp//libucosii_bsp.a(alt_sys_init.o)
                0x0081fcfc                alt_irq_init
                0x0081fd30                alt_sys_init
 .text          0x0081fe08      0x148 ../G4Capstone_bsp//libucosii_bsp.a(altera_avalon_jtag_uart_fd.o)
                0x0081fe08                altera_avalon_jtag_uart_read_fd
                0x0081fe60                altera_avalon_jtag_uart_write_fd
                0x0081feb8                altera_avalon_jtag_uart_close_fd
                0x0081ff00                altera_avalon_jtag_uart_ioctl_fd
 .text          0x0081ff50      0x584 ../G4Capstone_bsp//libucosii_bsp.a(altera_avalon_jtag_uart_init.o)
                0x0081ff50                altera_avalon_jtag_uart_init
                0x00820460                altera_avalon_jtag_uart_close
 .text          0x008204d4       0xf4 ../G4Capstone_bsp//libucosii_bsp.a(altera_avalon_jtag_uart_ioctl.o)
                0x008204d4                altera_avalon_jtag_uart_ioctl
 .text          0x008205c8      0x2c0 ../G4Capstone_bsp//libucosii_bsp.a(altera_avalon_jtag_uart_read.o)
                0x008205c8                altera_avalon_jtag_uart_read
 .text          0x00820888      0x2dc ../G4Capstone_bsp//libucosii_bsp.a(altera_avalon_jtag_uart_write.o)
                0x00820888                altera_avalon_jtag_uart_write
 .text          0x00820b64      0x100 ../G4Capstone_bsp//libucosii_bsp.a(altera_avalon_timer_sc.o)
                0x00820bd4                alt_avalon_timer_sc_init
 .text          0x00820c64      0xb70 ../G4Capstone_bsp//libucosii_bsp.a(altera_ro_zipfs.o)
                0x00820ed8                check_directory_header
                0x00821430                alt_ro_zipfs_open
                0x008214c8                alt_ro_zipfs_read
                0x008215c4                alt_ro_zipfs_seek
                0x0082170c                alt_ro_zipfs_fstat
                0x0082177c                alt_ro_zipfs_check_valid
 .text          0x008217d4      0x788 ../G4Capstone_bsp//libucosii_bsp.a(altera_up_avalon_audio_and_video_config.o)
                0x008217d4                alt_up_av_config_open_dev
                0x00821838                alt_up_av_config_write_data
                0x0082189c                alt_up_av_config_read_data
                0x00821928                alt_up_av_config_reset
                0x00821960                alt_up_av_config_enable_interrupt
                0x00821998                alt_up_av_config_disable_interrupt
                0x008219c8                alt_up_av_config_read_acknowledge
                0x00821a30                alt_up_av_config_read_ready
                0x00821a68                alt_up_av_config_write_audio_cfg_register
                0x00821b14                alt_up_av_config_read_video_cfg_register
                0x00821c0c                alt_up_av_config_write_video_cfg_register
                0x00821d04                alt_up_av_config_read_DC2_cfg_register
                0x00821d68                alt_up_av_config_write_DC2_cfg_register
                0x00821dcc                alt_up_av_config_read_D5M_cfg_register
                0x00821e30                alt_up_av_config_write_D5M_cfg_register
                0x00821e94                alt_up_av_config_read_LTM_cfg_register
                0x00821ef8                alt_up_av_config_write_LTM_cfg_register
 .text          0x00821f5c      0x530 ../G4Capstone_bsp//libucosii_bsp.a(altera_up_avalon_character_lcd.o)
                0x00821f5c                get_DDRAM_addr
                0x00821fd8                alt_up_character_lcd_send_cmd
                0x0082200c                alt_up_character_lcd_init
                0x00822040                alt_up_character_lcd_open_dev
                0x00822080                alt_up_character_lcd_write
                0x008220f8                alt_up_character_lcd_string
                0x00822170                alt_up_character_lcd_write_fd
                0x008221bc                alt_up_character_lcd_set_cursor_pos
                0x00822234                alt_up_character_lcd_shift_cursor
                0x008222e4                alt_up_character_lcd_shift_display
                0x00822394                alt_up_character_lcd_erase_pos
                0x00822424                alt_up_character_lcd_cursor_off
                0x00822458                alt_up_character_lcd_cursor_blink_on
 .text          0x0082248c       0x54 ../G4Capstone_bsp//libucosii_bsp.a(alt_iniche_close.o)
                0x0082248c                close
 .text          0x008224e0      0x144 ../G4Capstone_bsp//libucosii_bsp.a(alt_iniche_dev.o)
                0x008224e0                iniche_devices_init
 .text          0x00822624       0x78 ../G4Capstone_bsp//libucosii_bsp.a(alt_iniche_read.o)
                0x00822624                read
 .text          0x0082269c       0x70 ../G4Capstone_bsp//libucosii_bsp.a(alt_iniche_write.o)
                0x0082269c                write
 .text          0x0082270c      0xedc ../G4Capstone_bsp//libucosii_bsp.a(ipnet.o)
                0x0082270c                Netinit
                0x00822d58                fixup_subnet_mask
                0x00822eb8                netclose
                0x00822fa0                pktdemux
                0x00823374                c_older
                0x00823444                ip2mac
 .text          0x008235e8      0x4b0 ../G4Capstone_bsp//libucosii_bsp.a(ipstart.o)
                0x008235e8                ip_startup
                0x008238cc                exit_hook
                0x00823938                ip_exit
                0x00823a08                if_netnumber
 .text          0x00823a98     0x1010 ../G4Capstone_bsp//libucosii_bsp.a(igmp_cmn.o)
                0x00823a98                igmp_init
                0x00823b48                igmp_input
                0x00823c40                igmp_fasttimo
                0x00823ddc                igmp_send
                0x00824084                igmp_joingroup
                0x008242f0                igmp_leavegroup
                0x0082436c                igmp_validate
                0x008246c8                igmp_print_stats
 .text          0x00824aa8      0xb50 ../G4Capstone_bsp//libucosii_bsp.a(bsdsock.o)
                0x00824aa8                bsd_accept
                0x00824be0                bsd_getpeername
                0x00824d0c                bsd_getsockname
                0x00824e38                bsd_i_sockoptlen
                0x00824ff0                bsd_getsockopt
                0x00825110                bsd_ioctl
                0x00825214                bsd_inet_ntoa
                0x00825244                bsd_recvfrom
                0x008253a4                bsd_select
                0x0082550c                bsd_setsockopt
 .text          0x008255f8      0x118 ../G4Capstone_bsp//libucosii_bsp.a(cksum.o)
                0x008255f8                ccksum
                0x008256a8                cksum
 .text          0x00825710      0xa9c ../G4Capstone_bsp//libucosii_bsp.a(in_utils.o)
                0x00825710                do_trap
                0x0082573c                nextarg
                0x008257b8                hexdump
                0x00825900                print_ipad
                0x00825974                print_uptime
                0x00825aa0                panic
                0x00825ae4                print_eth
                0x00825c48                uslash
                0x00825cc8                ns_printf
                0x00825e4c                std_out
                0x00825e90                con_page
                0x00825f80                parse_args
 .text          0x008261ac      0x1c8 ../G4Capstone_bsp//libucosii_bsp.a(netmain.o)
                0x008261ac                netmain
                0x008262a0                tk_netmain
                0x00826328                tk_nettick
 .text          0x00826374      0x5e8 ../G4Capstone_bsp//libucosii_bsp.a(tk_crnos.o)
                0x00826374                TK_OSTimeDly
                0x008263a0                TK_OSTaskResume
                0x00826410                tcp_sleep
                0x008265b0                tcp_wakeup
                0x008266b4                TK_OSTaskQuery
                0x00826728                tk_yield
                0x00826754                tk_stats
 .text          0x0082695c     0x2f40 ../G4Capstone_bsp//libucosii_bsp.a(dhcpclnt.o)
                0x0082695c                dhc_get_srv_ipaddr
                0x008269ec                dhc_init
                0x00826aa8                dhc_set_callback
                0x00826aec                dhc_upcall
                0x0082731c                dhc_buildheader
                0x00827538                dhc_discover
                0x00827a50                dhc_rx_offer
                0x00827b54                dhc_request
                0x00828690                dhc_setip
                0x00828910                dhc_resetip
                0x008289f4                dhc_decline
                0x00828bd8                dhc_extract_opts
                0x00828e94                dhc_second
                0x00829430                dhc_halt
                0x008294b8                dhc_reclaim
                0x00829688                dhc_state_init
                0x008296e8                dhc_alldone
                0x00829778                dhc_ifacedone
                0x008297ec                dhc_set_state
 .text          0x0082989c       0xcc ../G4Capstone_bsp//libucosii_bsp.a(dhcputil.o)
                0x0082989c                find_opt
 .text          0x00829968      0x79c ../G4Capstone_bsp//libucosii_bsp.a(pktalloc.o)
                0x00829968                pk_init
                0x00829bf8                pk_alloc
                0x00829cd4                pk_validate
                0x00829f8c                pk_free
                0x0082a038                pk_get_max_intrsafe_buf_len
                0x0082a058                dump_buf_estats
 .text          0x0082a104      0x288 ../G4Capstone_bsp//libucosii_bsp.a(q.o)
                0x0082a104                getq
                0x0082a1cc                putq
                0x0082a27c                qdel
 .text          0x0082a38c      0x31c ../G4Capstone_bsp//libucosii_bsp.a(udp_open.o)
                0x0082a38c                udp_open
                0x0082a5c4                udp_close
 .text          0x0082a6a8      0x194 ../G4Capstone_bsp//libucosii_bsp.a(asm_cksum.o)
                0x0082a6a8                asm_cksum
 .text          0x0082a83c      0x2a0 ../G4Capstone_bsp//libucosii_bsp.a(brdutils.o)
                0x0082a83c                dtrap
                0x0082a86c                kbhit
                0x0082a918                getch
                0x0082a978                clock_init
                0x0082a9b4                clock_c
                0x0082a9d0                cticks_hook
                0x0082aa3c                irq_Mask
                0x0082aa98                irq_Unmask
 .text          0x0082aadc      0x488 ../G4Capstone_bsp//libucosii_bsp.a(osportco.o)
                0x0082aadc                LOCK_NET_RESOURCE
                0x0082ab9c                UNLOCK_NET_RESOURCE
                0x0082ac24                TK_NEWTASK
                0x0082ae38                wait_app_sem
                0x0082aeec                post_app_sem
 .text          0x0082af64      0x568 ../G4Capstone_bsp//libucosii_bsp.a(targnios.o)
                0x0082af64                alt_iniche_init
                0x0082b180                pre_task_setup
                0x0082b1f4                post_task_setup
                0x0082b214                prep_armintcp
                0x0082b24c                calloc2
                0x0082b280                npalloc
                0x0082b374                npfree
                0x0082b42c                ncpalloc
                0x0082b480                ncpfree
 .text          0x0082b4cc     0x197c ../G4Capstone_bsp//libucosii_bsp.a(nptcp.o)
                0x0082b4cc                pffindtype
                0x0082b56c                pffindproto
                0x0082b63c                m_getnbuf
                0x0082b7e4                m_free
                0x0082b918                m_freem
                0x0082b95c                m_copy
                0x0082bc80                m_adj
                0x0082be50                mbuf_len
                0x0082bea8                dtom
                0x0082bf50                remque
                0x0082bfc0                insque
                0x0082c03c                nptcp_init
                0x0082c160                tcp_rcv
                0x0082c34c                ip_output
                0x0082c944                in_broadcast
                0x0082c984                np_stripoptions
                0x0082ca6c                so_icmpdu
                0x0082cdc4                tcp_tick
 .text          0x0082ce48      0xa2c ../G4Capstone_bsp//libucosii_bsp.a(rawsock.o)
                0x0082ce48                rawip_lookup
                0x0082ceb8                rawip_soinput
                0x0082d08c                rawip_usrreq
 .text          0x0082d874     0x17fc ../G4Capstone_bsp//libucosii_bsp.a(sockcall.o)
                0x0082d874                DOMAIN_CHECK
                0x0082d8c0                t_socket
                0x0082d950                t_bind
                0x0082dacc                t_listen
                0x0082dbb0                t_accept
                0x0082de48                t_connect
                0x0082e0f0                t_getpeername
                0x0082e134                t_getsockname
                0x0082e374                t_setsockopt
                0x0082e550                t_getsockopt
                0x0082e6f4                t_recv
                0x0082e7e4                t_recvfrom
                0x0082e934                t_sendto
                0x0082eb60                t_send
                0x0082ed88                t_shutdown
                0x0082ee6c                t_socketclose
                0x0082efd4                t_errno
 .text          0x0082f070     0x2374 ../G4Capstone_bsp//libucosii_bsp.a(socket.o)
                0x0082f070                socreate
                0x0082f23c                sobind
                0x0082f298                solisten
                0x0082f388                sofree
                0x0082f4b8                soclose
                0x0082f7ac                soabort
                0x0082f7fc                soaccept
                0x0082f898                soconnect
                0x0082f96c                sodisconnect
                0x0082fa0c                sosend
                0x00830014                soreceive
                0x008307f8                soshutdown
                0x008308a0                sorflush
                0x008309a0                sosetopt
                0x00830e60                sogetopt
                0x008313a0                sohasoutofband
 .text          0x008313e4     0x1318 ../G4Capstone_bsp//libucosii_bsp.a(socket2.o)
                0x008313e4                soisconnecting
                0x00831450                soisconnected
                0x0083154c                soisdisconnecting
                0x008315d8                soisdisconnected
                0x00831694                sonewconn
                0x008318b0                soqinsque
                0x0083195c                soqremque
                0x00831a7c                socantsendmore
                0x00831acc                socantrcvmore
                0x00831b1c                sbselqueue
                0x00831b54                sbwait
                0x00831bbc                sbwakeup
                0x00831c58                soreserve
                0x00831cd8                sbreserve
                0x00831d38                sbrelease
                0x00831d80                sbappend
                0x00831e28                sbappendrecord
                0x00831f08                sbappendaddr
                0x00832110                sbcompress
                0x008322f8                sbflush
                0x00832388                sbdrop
                0x00832558                sbdropend
                0x00832668                sbdroprecord
 .text          0x008326fc      0x914 ../G4Capstone_bsp//libucosii_bsp.a(soselect.o)
                0x008326fc                t_select
                0x0083291c                sock_selscan
                0x00832a74                sock_select
                0x00832c88                in_pcbnotify
                0x00832d54                tcp_notify
                0x00832dbc                ifd_clr
                0x00832eac                ifd_set
                0x00832f20                ifd_isset
                0x00832fa0                ifd_get
 .text          0x00833010     0x2fe8 ../G4Capstone_bsp//libucosii_bsp.a(tcp_in.o)
                0x00833010                tcp_reass
                0x00833418                tcp_input
                0x0083596c                tcp_dooptions
                0x00835afc                tcp_pulloutofband
                0x00835c28                tcp_xmit_timer
                0x00835e94                ip4_tcpmss
                0x00835edc                tcp_mss
 .text          0x00835ff8     0x1360 ../G4Capstone_bsp//libucosii_bsp.a(tcp_out.o)
                0x00835ff8                tcp_output
                0x00837174                tcp_setpersist
 .text          0x00837358      0x9e8 ../G4Capstone_bsp//libucosii_bsp.a(tcp_subr.o)
                0x00837358                tcp_init
                0x008373b0                tcp_template
                0x008374c8                tcp_respond
                0x00837950                tcp_newtcpcb
                0x00837a68                tcp_drop
                0x00837b14                tcp_close
                0x00837bfc                tcp_quench
                0x00837c48                tcp_putseq
                0x00837cc8                tcp_getseq
 .text          0x00837d40      0x798 ../G4Capstone_bsp//libucosii_bsp.a(tcp_timr.o)
                0x00837d40                tcp_slowtimo
                0x00837fe0                tcp_canceltimers
                0x0083803c                tcp_timers
 .text          0x008384d8      0x9ec ../G4Capstone_bsp//libucosii_bsp.a(tcp_usr.o)
                0x008384d8                tcp_usrreq
                0x00838bdc                tcp_attach
                0x00838d10                tcp_disconnect
                0x00838de4                tcp_usrclosed
 .text          0x00838ec4       0x4c ../G4Capstone_bsp//libucosii_bsp.a(tcpport.o)
                0x00838ec4                tcpinit
 .text          0x00838f10      0xd20 ../G4Capstone_bsp//libucosii_bsp.a(udpsock.o)
                0x00838f10                udp_lookup
                0x00838f80                udp_soinput
                0x00839138                udp_usrreq
                0x008393bc                udp4_sockbind
                0x008396f8                udp4_socksend
                0x00839ad4                udp4_sockaddr
 .text          0x00839c30      0x154 ../G4Capstone_bsp//libucosii_bsp.a(alt_alarm_start.o)
                0x00839c30                alt_alarm_start
 .text          0x00839d84      0x14c ../G4Capstone_bsp//libucosii_bsp.a(alt_busy_sleep.o)
                0x00839d84                alt_busy_sleep
 .text          0x00839ed0      0x15c ../G4Capstone_bsp//libucosii_bsp.a(alt_close.o)
                0x00839ed0                alt_close
 .text          0x0083a02c       0x2c ../G4Capstone_bsp//libucosii_bsp.a(alt_dev.o)
 .text          0x0083a058      0x114 ../G4Capstone_bsp//libucosii_bsp.a(alt_dev_llist_insert.o)
                0x0083a058                alt_dev_llist_insert
 .text          0x0083a16c       0x64 ../G4Capstone_bsp//libucosii_bsp.a(alt_do_ctors.o)
                0x0083a16c                _do_ctors
 .text          0x0083a1d0       0x64 ../G4Capstone_bsp//libucosii_bsp.a(alt_do_dtors.o)
                0x0083a1d0                _do_dtors
 .text          0x0083a234        0x0 ../G4Capstone_bsp//libucosii_bsp.a(alt_errno.o)
 .text          0x0083a234       0x94 ../G4Capstone_bsp//libucosii_bsp.a(alt_find_dev.o)
                0x0083a234                alt_find_dev
 .text          0x0083a2c8      0x120 ../G4Capstone_bsp//libucosii_bsp.a(alt_find_file.o)
                0x0083a2c8                alt_find_file
 .text          0x0083a3e8       0x90 ../G4Capstone_bsp//libucosii_bsp.a(alt_fs_reg.o)
                0x0083a3e8                alt_fs_reg
 .text          0x0083a478       0xf4 ../G4Capstone_bsp//libucosii_bsp.a(alt_get_fd.o)
                0x0083a478                alt_get_fd
 .text          0x0083a56c      0x1d4 ../G4Capstone_bsp//libucosii_bsp.a(alt_iic.o)
                0x0083a56c                alt_ic_isr_register
                0x0083a5bc                alt_ic_irq_enable
                0x0083a658                alt_ic_irq_disable
                0x0083a6f8                alt_ic_irq_enabled
 .text          0x0083a740       0xf8 ../G4Capstone_bsp//libucosii_bsp.a(alt_iic_isr_register.o)
                0x0083a740                alt_iic_isr_register
 .text          0x0083a838      0x13c ../G4Capstone_bsp//libucosii_bsp.a(alt_io_redirect.o)
                0x0083a8fc                alt_io_redirect
 .text          0x0083a974        0x0 ../G4Capstone_bsp//libucosii_bsp.a(alt_irq_entry.o)
 .text          0x0083a974        0x0 ../G4Capstone_bsp//libucosii_bsp.a(alt_irq_handler.o)
 .text          0x0083a974      0x180 ../G4Capstone_bsp//libucosii_bsp.a(alt_read.o)
                0x0083a974                alt_read
 .text          0x0083aaf4       0x38 ../G4Capstone_bsp//libucosii_bsp.a(alt_remap_cached.o)
                0x0083aaf4                alt_remap_cached
 .text          0x0083ab2c       0x40 ../G4Capstone_bsp//libucosii_bsp.a(alt_remap_uncached.o)
                0x0083ab2c                alt_remap_uncached
 .text          0x0083ab6c      0x180 ../G4Capstone_bsp//libucosii_bsp.a(alt_write.o)
                0x0083ab6c                alt_write
 .text          0x0083acec       0x20 ../G4Capstone_bsp//libucosii_bsp.a(altera_nios2_qsys_irq.o)
                0x0083acec                altera_nios2_qsys_irq_init
 .text          0x0083ad0c       0xd0 ../G4Capstone_bsp//libucosii_bsp.a(os_cpu_a.o)
                0x0083ad0c                OSCtxSw
                0x0083ad0c                OSIntCtxSw
                0x0083ad98                OSStartHighRdy
                0x0083adb8                OSStartTsk
 .text          0x0083addc      0x424 ../G4Capstone_bsp//libucosii_bsp.a(os_cpu_c.o)
                0x0083addc                OSTaskStkInit
                0x0083b0ec                OSTaskCreateHook
                0x0083b10c                OSTaskDelHook
                0x0083b12c                OSTaskSwHook
                0x0083b148                OSTaskStatHook
                0x0083b164                OSTimeTickHook
                0x0083b18c                OSInitHookBegin
                0x0083b1a8                OSInitHookEnd
                0x0083b1c4                OSTaskIdleHook
                0x0083b1e0                OSTCBInitHook
 .text          0x0083b200      0x3d4 ../G4Capstone_bsp//libucosii_bsp.a(allports.o)
                0x0083b200                netmain_init
                0x0083b2fc                icmp_port_du
                0x0083b384                station_state
                0x0083b4d0                sysuptime
                0x0083b50c                packet_check
                0x0083b558                mcastlist
                0x0083b57c                prep_modules
 .text          0x0083b5d4      0x480 ../G4Capstone_bsp//libucosii_bsp.a(timeouts.o)
                0x0083b5d4                inet_timer
                0x0083b830                in_timerset
                0x0083b9ac                in_timerkill
 .text          0x0083ba54       0xa4 ../G4Capstone_bsp//libucosii_bsp.a(tk_misc.o)
                0x0083ba54                create_apptasks
                0x0083ba78                task_stats
 .text          0x0083baf8       0xb0 ../G4Capstone_bsp//libucosii_bsp.a(alt_iniche_fcntl.o)
                0x0083baf8                fcntl
 .text          0x0083bba8     0x14a0 ../G4Capstone_bsp//libucosii_bsp.a(et_arp.o)
                0x0083bba8                etainit
                0x0083bbfc                et_send
                0x0083bd78                arp_free_pending
                0x0083be00                arp_send_pending
                0x0083be74                send_arp
                0x0083c30c                find_oldest_arp
                0x0083c4b4                make_arp_entry
                0x0083c5c8                arpReply
                0x0083c85c                arprcv
                0x0083cabc                send_via_arp
                0x0083cc64                cb_arpent_tmo
                0x0083cd7c                grat_arp
 .text          0x0083d048      0x298 ../G4Capstone_bsp//libucosii_bsp.a(iface.o)
                0x0083d048                if_getbynum
                0x0083d0cc                isbcast
                0x0083d1ac                reg_type
                0x0083d248                if_killsocks
 .text          0x0083d2e0     0x22a4 ../G4Capstone_bsp//libucosii_bsp.a(ip.o)
                0x0083d2e0                ip_init
                0x0083d3dc                ip_bldhead
                0x0083d580                ip_write_internal
                0x0083dd00                ip_write
                0x0083df48                ip_write2
                0x0083e2f8                ip_raw_write
                0x0083e3d0                ip_fragment_lc
                0x0083e858                ip_fragment
                0x0083ee7c                ip_mymach
                0x0083ef28                ip_dump
                0x0083f1e0                iproute
                0x0083f44c                ip_copypkt
 .text          0x0083f584     0x1d9c ../G4Capstone_bsp//libucosii_bsp.a(ip_reasm.o)
                0x0083f584                ip_reasm_match_frag_with_ire
                0x0083f654                ip_reasm_determine_type_of_frag
                0x0083f740                ip_reasm_check_mem_useage
                0x0083f7d8                ip_reasm_incr_mem_useage
                0x0083f880                ip_reasm_decr_mem_useage
                0x0083f920                ip_reasm_process_first_fragment
                0x0083fc00                ip_reassm
                0x0083fca0                ip_reasm_compute_overlap
                0x00840230                ip_reasm_process_subsequent_fragments
                0x008407c4                ip_reasm_find_ire
                0x00840828                ip_reasm_copy_queued_fragments_into_reassy_buffer
                0x00840b84                ip_reasm_process_timer_tick
                0x00840c68                ip_reasm_delete_ire
                0x00840e30                ip_reasm_mark_compact_rfq
                0x00840f78                ipr_stats
                0x008412cc                ip_reasm_send_icmp_timex
 .text          0x00841320      0xe3c ../G4Capstone_bsp//libucosii_bsp.a(ipdemux.o)
                0x00841320                ip_rcv
                0x00841720                ip_rcv_phase2
                0x00841d2c                ip_demux
 .text          0x0084215c      0x2f0 ../G4Capstone_bsp//libucosii_bsp.a(ipmc.o)
                0x0084215c                in_addmulti
                0x008422c4                in_delmulti
                0x008423dc                lookup_mcast
 .text          0x0084244c       0xe4 ../G4Capstone_bsp//libucosii_bsp.a(ipport.o)
                0x0084244c                prep_ifaces
                0x008424e0                netexit
                0x00842508                evtmap_setup
 .text          0x00842530      0x550 ../G4Capstone_bsp//libucosii_bsp.a(ipraw.o)
                0x00842530                ip_raw_open
                0x00842620                ip_raw_close
                0x008426e0                ip_raw_input
                0x00842918                ip_raw_alloc
                0x008429e4                ip_raw_free
                0x00842a24                ip_raw_maxalloc
 .text          0x00842a80      0x6f0 ../G4Capstone_bsp//libucosii_bsp.a(iproute.o)
                0x00842a80                rt_lookup
                0x00842c04                add_route
                0x0084302c                del_route
 .text          0x00843170      0xe3c ../G4Capstone_bsp//libucosii_bsp.a(udp.o)
                0x00843170                udpdemux
                0x008439c8                udp_send
                0x00843c80                udpswap
                0x00843db0                udp_socket
                0x00843e80                udp_alloc
                0x00843f40                udp_maxalloc
                0x00843f6c                udp_free
 .text          0x00843fac      0x2e8 ../G4Capstone_bsp//libucosii_bsp.a(igmp.o)
                0x00843fac                igmpv1_input
 .text          0x00844294      0x7c0 ../G4Capstone_bsp//libucosii_bsp.a(igmp2.o)
                0x00844294                igmpv2_input
                0x008443f4                igmpv2_process_report
                0x00844540                igmpv2_process_query
                0x0084478c                igmpv2_chk_set_timer
                0x008448e4                igmpv2_chk4_rtr_alert_opt
 .text          0x00844a54      0x8fc ../G4Capstone_bsp//libucosii_bsp.a(ipopt.o)
                0x00844a54                IPADDR_TO_NETP
                0x00844b9c                ip_setmoptions
                0x0084518c                ip_getmoptions
                0x008452cc                ip_freemoptions
 .text          0x00845350      0x6ac ../G4Capstone_bsp//libucosii_bsp.a(u_mctest.o)
                0x00845350                u_mctest_init
                0x00845380                u_mctest_run
 .text          0x008459fc      0x38c ../G4Capstone_bsp//libucosii_bsp.a(dhcsetup.o)
                0x008459fc                dhc_setup
                0x00845c84                dhc_main_ipset
 .text          0x00845d88      0x40c ../G4Capstone_bsp//libucosii_bsp.a(memdev.o)
                0x00845d88                init_memdev
                0x00845e00                md_fopen
                0x00845e28                md_fclose
                0x00845e48                md_fread
                0x00845fc8                md_fwrite
                0x00846048                md_fseek
                0x00846074                md_ftell
                0x00846098                md_fgetc
                0x00846170                md_unlink
 .text          0x00846194      0x810 ../G4Capstone_bsp//libucosii_bsp.a(parseip.o)
                0x00846194                parse_ipad
                0x008464b0                inet_addr
                0x00846518                hextoa
                0x00846588                inet_pton
                0x00846634                inet_ntop
                0x008466c0                print46_addr
                0x00846720                inet46_addr
                0x008467e4                inet_setport
                0x00846858                convert_ip
 .text          0x008469a4      0x1cc ../G4Capstone_bsp//libucosii_bsp.a(tcpcksum.o)
                0x008469a4                tcp_cksum
 .text          0x00846b70      0x900 ../G4Capstone_bsp//libucosii_bsp.a(in_pcb.o)
                0x00846b70                in_pcballoc
                0x00846c04                in_pcbdetach
                0x00846c58                in_pcbbind
                0x00846eac                in_pcbconnect
                0x008470bc                in_pcbdisconnect
                0x0084711c                in_setsockaddr
                0x00847198                in_setpeeraddr
                0x00847214                in_pcblookup
 .text          0x00847470     0x1a74 ../G4Capstone_bsp//libucosii_bsp.a(vfsfiles.o)
                0x00847470                set_vfopen_error
                0x00847498                get_vfopen_error
                0x008474b8                vf_alloc_and_link_vop
                0x00847534                vf_alloc_buffer
                0x0084760c                vf_free_buffer
                0x0084765c                vfopen_locked
                0x008479c4                vfopen
                0x00847a14                vfclose_locked
                0x00847bbc                vfclose
                0x00847bfc                vfflush
                0x00847c44                vfgets
                0x00847d28                vfeof
                0x00847d80                vunlink_flag_open_files
                0x00847ddc                vunlink
                0x00847ffc                vfread
                0x008481a8                vfwrite_locked
                0x00848590                vfwrite
                0x008485f0                vfseek
                0x0084876c                vftell
                0x008488a0                vgetc_locked
                0x008489c0                vgetc
                0x00848a08                vfslookup_locked
                0x00848b40                vfslookup
                0x00848b88                strippath
                0x00848d70                isvfile_locked
                0x00848dd4                isvfile
                0x00848e1c                vferror
                0x00848e88                vclearerr
 .text          0x00848ee4       0x24 ../G4Capstone_bsp//libucosii_bsp.a(vfsport.o)
                0x00848ee4                prep_vfs
 .text          0x00848f08        0x0 ../G4Capstone_bsp//libucosii_bsp.a(alt_exception_entry.o)
 .text          0x00848f08      0x1b4 ../G4Capstone_bsp//libucosii_bsp.a(alt_fcntl.o)
                0x00848f08                alt_fcntl
 .text          0x008490bc     0x130c ../G4Capstone_bsp//libucosii_bsp.a(icmp.o)
                0x008490bc                icmprcv
                0x00849cf0                icmp_destun
                0x0084a040                icmp_timex
                0x0084a374                icmp_du
 .text          0x0084a3c8       0x14 /OPT/altera/12.1/tools/nios2eds/bin/gnu/H-i686-pc-linux-gnu/bin/../lib/gcc/nios2-elf/4.1.2/../../../../nios2-elf/lib/libc.a(lib_a-atexit.o)
                0x0084a3c8                atexit
 .text          0x0084a3dc       0x1c /OPT/altera/12.1/tools/nios2eds/bin/gnu/H-i686-pc-linux-gnu/bin/../lib/gcc/nios2-elf/4.1.2/../../../../nios2-elf/lib/libc.a(lib_a-calloc.o)
                0x0084a3dc                calloc
 .text          0x0084a3f8       0x38 /OPT/altera/12.1/tools/nios2eds/bin/gnu/H-i686-pc-linux-gnu/bin/../lib/gcc/nios2-elf/4.1.2/../../../../nios2-elf/lib/libc.a(lib_a-exit.o)
                0x0084a3f8                exit
 .text          0x0084a430      0x128 /OPT/altera/12.1/tools/nios2eds/bin/gnu/H-i686-pc-linux-gnu/bin/../lib/gcc/nios2-elf/4.1.2/../../../../nios2-elf/lib/libc.a(lib_a-getc.o)
                0x0084a430                getc
                0x0084a4c8                _getc_r
 .text          0x0084a558       0x28 /OPT/altera/12.1/tools/nios2eds/bin/gnu/H-i686-pc-linux-gnu/bin/../lib/gcc/nios2-elf/4.1.2/../../../../nios2-elf/lib/libc.a(lib_a-malloc.o)
                0x0084a558                free
                0x0084a56c                malloc
 .text          0x0084a580       0x60 /OPT/altera/12.1/tools/nios2eds/bin/gnu/H-i686-pc-linux-gnu/bin/../lib/gcc/nios2-elf/4.1.2/../../../../nios2-elf/lib/libc.a(lib_a-rget.o)
                0x0084a580                __srget_r
                0x0084a5cc                __srget
 .text          0x0084a5e0       0x34 /OPT/altera/12.1/tools/nios2eds/bin/gnu/H-i686-pc-linux-gnu/bin/../lib/gcc/nios2-elf/4.1.2/../../../../nios2-elf/lib/libc.a(lib_a-vprintf.o)
                0x0084a5e0                _vprintf_r
                0x0084a5f4                vprintf
 .text          0x0084a614       0x74 /OPT/altera/12.1/tools/nios2eds/bin/gnu/H-i686-pc-linux-gnu/bin/../lib/gcc/nios2-elf/4.1.2/../../../../nios2-elf/lib/libc.a(lib_a-vsprintf.o)
                0x0084a614                _vsprintf_r
                0x0084a664                vsprintf
 .text          0x0084a688      0x134 /OPT/altera/12.1/tools/nios2eds/bin/gnu/H-i686-pc-linux-gnu/bin/../lib/gcc/nios2-elf/4.1.2/../../../../nios2-elf/lib/libc.a(lib_a-__atexit.o)
                0x0084a688                __register_exitproc
 .text          0x0084a7bc      0x1b4 /OPT/altera/12.1/tools/nios2eds/bin/gnu/H-i686-pc-linux-gnu/bin/../lib/gcc/nios2-elf/4.1.2/../../../../nios2-elf/lib/libc.a(lib_a-__call_atexit.o)
                0x0084a7c0                __call_exitprocs
 .text          0x0084a970       0x6c ../G4Capstone_bsp//libucosii_bsp.a(alt_exit.o)
                0x0084a9b0                _exit
 *(.gnu.warning.*)
 *(.fini)
                0x0084a9dc                PROVIDE (__etext, ABSOLUTE (.))
                0x0084a9dc                PROVIDE (_etext, ABSOLUTE (.))
                0x0084a9dc                PROVIDE (etext, ABSOLUTE (.))
 *(.eh_frame_hdr)
                0x0084a9dc                . = ALIGN (0x4)
                0x0084a9dc                PROVIDE (__preinit_array_start, ABSOLUTE (.))
 *(.preinit_array)
                0x0084a9dc                PROVIDE (__preinit_array_end, ABSOLUTE (.))
                0x0084a9dc                PROVIDE (__init_array_start, ABSOLUTE (.))
 *(.init_array)
                0x0084a9dc                PROVIDE (__init_array_end, ABSOLUTE (.))
                0x0084a9dc                PROVIDE (__fini_array_start, ABSOLUTE (.))
 *(.fini_array)
                0x0084a9dc                PROVIDE (__fini_array_end, ABSOLUTE (.))
 *(.eh_frame)
 *(.gcc_except_table)
 *(.dynamic)
                0x0084a9dc                PROVIDE (__CTOR_LIST__, ABSOLUTE (.))
 *(.ctors)
 *(SORT(.ctors.*))
 .ctors.65535   0x0084a9dc        0x4 /OPT/altera/12.1/tools/nios2eds/bin/gnu/H-i686-pc-linux-gnu/bin/../lib/gcc/nios2-elf/4.1.2/../../../../nios2-elf/lib/libc.a(lib_a-__call_atexit.o)
                0x0084a9e0                PROVIDE (__CTOR_END__, ABSOLUTE (.))
                0x0084a9e0                PROVIDE (__DTOR_LIST__, ABSOLUTE (.))
 *(.dtors)
 *(SORT(.dtors.*))
                0x0084a9e0                PROVIDE (__DTOR_END__, ABSOLUTE (.))
 *(.jcr)
                0x0084a9e0                . = ALIGN (0x4)

.rodata         0x0084a9e0     0x427c
                0x0084a9e0                PROVIDE (__ram_rodata_start, ABSOLUTE (.))
                0x0084a9e0                . = ALIGN (0x4)
 *(.rodata .rodata.* .gnu.linkonce.r.*)
 .rodata        0x0084a9e0      0x654 obj/default/alt_error_handler.o
 .rodata        0x0084b034       0x64 obj/default/dm9000a.o
 .rodata        0x0084b098      0x84c obj/default/http.o
 .rodata        0x0084b8e4      0x17c obj/default/network_utilities.o
 .rodata        0x0084ba60      0x1ac obj/default/srec_flash.o
 .rodata        0x0084bc0c       0xe0 obj/default/web_server.o
 .rodata        0x0084bcec      0x281 /OPT/altera/12.1/tools/nios2eds/bin/gnu/H-i686-pc-linux-gnu/bin/../lib/gcc/nios2-elf/4.1.2/../../../../nios2-elf/lib/libc.a(lib_a-ctype_.o)
                0x0084bcec                _ctype_
 *fill*         0x0084bf6d        0x3 00
 .rodata.str1.4
                0x0084bf70        0x2 /OPT/altera/12.1/tools/nios2eds/bin/gnu/H-i686-pc-linux-gnu/bin/../lib/gcc/nios2-elf/4.1.2/../../../../nios2-elf/lib/libc.a(lib_a-impure.o)
                                  0x4 (size before relaxing)
 *fill*         0x0084bf72        0x2 00
 .rodata.str1.4
                0x0084bf74        0x3 /OPT/altera/12.1/tools/nios2eds/bin/gnu/H-i686-pc-linux-gnu/bin/../lib/gcc/nios2-elf/4.1.2/../../../../nios2-elf/lib/libc.a(lib_a-perror.o)
                                  0x4 (size before relaxing)
 *fill*         0x0084bf77        0x1 00
 .rodata.str1.4
                0x0084bf78        0x2 /OPT/altera/12.1/tools/nios2eds/bin/gnu/H-i686-pc-linux-gnu/bin/../lib/gcc/nios2-elf/4.1.2/../../../../nios2-elf/lib/libc.a(lib_a-puts.o)
                                  0x4 (size before relaxing)
 *fill*         0x0084bf7a        0x2 00
 .rodata.str1.4
                0x0084bf7c      0x7a2 /OPT/altera/12.1/tools/nios2eds/bin/gnu/H-i686-pc-linux-gnu/bin/../lib/gcc/nios2-elf/4.1.2/../../../../nios2-elf/lib/libc.a(lib_a-strerror.o)
                                0x7a8 (size before relaxing)
 *fill*         0x0084c71e        0x2 00
 .rodata.str1.4
                0x0084c720       0x5e /OPT/altera/12.1/tools/nios2eds/bin/gnu/H-i686-pc-linux-gnu/bin/../lib/gcc/nios2-elf/4.1.2/../../../../nios2-elf/lib/libc.a(lib_a-vfprintf.o)
                                 0x60 (size before relaxing)
 .rodata        0x0084c77e       0x20 /OPT/altera/12.1/tools/nios2eds/bin/gnu/H-i686-pc-linux-gnu/bin/../lib/gcc/nios2-elf/4.1.2/../../../../nios2-elf/lib/libc.a(lib_a-vfprintf.o)
 *fill*         0x0084c79e        0x2 00
 .rodata.str1.4
                0x0084c7a0        0x5 /OPT/altera/12.1/tools/nios2eds/bin/gnu/H-i686-pc-linux-gnu/bin/../lib/gcc/nios2-elf/4.1.2/../../../../nios2-elf/lib/libc.a(lib_a-vfscanf.o)
                                  0x8 (size before relaxing)
 *fill*         0x0084c7a5        0x1 00
 .rodata        0x0084c7a6       0x22 /OPT/altera/12.1/tools/nios2eds/bin/gnu/H-i686-pc-linux-gnu/bin/../lib/gcc/nios2-elf/4.1.2/../../../../nios2-elf/lib/libc.a(lib_a-vfscanf.o)
 .rodata.str1.4
                0x0084c7c8       0x10 /OPT/altera/12.1/tools/nios2eds/bin/gnu/H-i686-pc-linux-gnu/bin/../lib/gcc/nios2-elf/4.1.2/../../../../nios2-elf/lib/libc.a(lib_a-dtoa.o)
                                 0x14 (size before relaxing)
 .rodata.str1.4
                0x0084c7d8        0xf /OPT/altera/12.1/tools/nios2eds/bin/gnu/H-i686-pc-linux-gnu/bin/../lib/gcc/nios2-elf/4.1.2/../../../../nios2-elf/lib/libc.a(lib_a-locale.o)
                                 0x18 (size before relaxing)
 *fill*         0x0084c7e7        0x1 00
 .rodata        0x0084c7e8       0x30 /OPT/altera/12.1/tools/nios2eds/bin/gnu/H-i686-pc-linux-gnu/bin/../lib/gcc/nios2-elf/4.1.2/../../../../nios2-elf/lib/libc.a(lib_a-locale.o)
 .rodata.str1.4
                0x00000000        0x4 /OPT/altera/12.1/tools/nios2eds/bin/gnu/H-i686-pc-linux-gnu/bin/../lib/gcc/nios2-elf/4.1.2/../../../../nios2-elf/lib/libc.a(lib_a-mbrtowc.o)
 .rodata        0x0084c818      0x124 /OPT/altera/12.1/tools/nios2eds/bin/gnu/H-i686-pc-linux-gnu/bin/../lib/gcc/nios2-elf/4.1.2/../../../../nios2-elf/lib/libc.a(lib_a-mprec.o)
                0x0084c818                __mprec_tens
                0x0084c8e0                __mprec_bigtens
                0x0084c908                __mprec_tinytens
 .rodata.str1.4
                0x0084c93c        0xf /OPT/altera/12.1/tools/nios2eds/bin/gnu/H-i686-pc-linux-gnu/bin/../lib/gcc/nios2-elf/4.1.2/../../../../nios2-elf/lib/libc.a(lib_a-strtod.o)
                                 0x10 (size before relaxing)
 *fill*         0x0084c94b        0x1 00
 .rodata        0x0084c94c       0x28 /OPT/altera/12.1/tools/nios2eds/bin/gnu/H-i686-pc-linux-gnu/bin/../lib/gcc/nios2-elf/4.1.2/../../../../nios2-elf/lib/libc.a(lib_a-strtod.o)
 .rodata.str1.4
                0x0084c974       0x1c /OPT/altera/12.1/tools/nios2eds/bin/gnu/H-i686-pc-linux-gnu/bin/../lib/gcc/nios2-elf/4.1.2/../../../../nios2-elf/lib/libc.a(lib_a-gdtoa-gethex.o)
 .rodata        0x0084c990       0x14 /OPT/altera/12.1/tools/nios2eds/bin/gnu/H-i686-pc-linux-gnu/bin/../lib/gcc/nios2-elf/4.1.2/libgcc.a(_thenan_df.o)
                0x0084c990                __thenan_df
 .rodata        0x0084c9a4      0x100 /OPT/altera/12.1/tools/nios2eds/bin/gnu/H-i686-pc-linux-gnu/bin/../lib/gcc/nios2-elf/4.1.2/libgcc.a(_clz.o)
                0x0084c9a4                __clz_tab
 .rodata        0x0084caa4       0x14 ../G4Capstone_bsp//libucosii_bsp.a(alt_main.o)
 .rodata        0x0084cab8      0x120 ../G4Capstone_bsp//libucosii_bsp.a(os_core.o)
                0x0084cab8                OSUnMapTbl
 .rodata        0x0084cbd8       0x5c ../G4Capstone_bsp//libucosii_bsp.a(alt_sys_init.o)
 .rodata        0x0084cc34       0xd8 ../G4Capstone_bsp//libucosii_bsp.a(ipnet.o)
 .rodata        0x0084cd0c       0xec ../G4Capstone_bsp//libucosii_bsp.a(ipstart.o)
 .rodata        0x0084cdf8      0x54c ../G4Capstone_bsp//libucosii_bsp.a(igmp_cmn.o)
 .rodata        0x0084d344       0xb8 ../G4Capstone_bsp//libucosii_bsp.a(in_utils.o)
 .rodata        0x0084d3fc       0x34 ../G4Capstone_bsp//libucosii_bsp.a(netmain.o)
 .rodata        0x0084d430      0x1a8 ../G4Capstone_bsp//libucosii_bsp.a(tk_crnos.o)
 .rodata        0x0084d5d8        0x8 ../G4Capstone_bsp//libucosii_bsp.a(dhcpclnt.o)
 .rodata        0x0084d5e0      0x118 ../G4Capstone_bsp//libucosii_bsp.a(pktalloc.o)
 .rodata        0x0084d6f8       0x84 ../G4Capstone_bsp//libucosii_bsp.a(udp_open.o)
 .rodata        0x0084d77c       0x2c ../G4Capstone_bsp//libucosii_bsp.a(brdutils.o)
 .rodata        0x0084d7a8      0x26c ../G4Capstone_bsp//libucosii_bsp.a(osportco.o)
 .rodata        0x0084da14       0xa0 ../G4Capstone_bsp//libucosii_bsp.a(targnios.o)
 .rodata        0x0084dab4       0x90 ../G4Capstone_bsp//libucosii_bsp.a(nptcp.o)
 .rodata        0x0084db44        0x8 ../G4Capstone_bsp//libucosii_bsp.a(sockcall.o)
 .rodata        0x0084db4c       0x50 ../G4Capstone_bsp//libucosii_bsp.a(socket.o)
 .rodata        0x0084db9c       0x40 ../G4Capstone_bsp//libucosii_bsp.a(socket2.o)
 .rodata        0x0084dbdc       0x20 ../G4Capstone_bsp//libucosii_bsp.a(tcp_in.o)
 .rodata        0x0084dbfc       0x40 ../G4Capstone_bsp//libucosii_bsp.a(tcp_out.o)
 .rodata        0x0084dc3c       0x24 ../G4Capstone_bsp//libucosii_bsp.a(tcp_subr.o)
 .rodata        0x0084dc60       0x2c ../G4Capstone_bsp//libucosii_bsp.a(tcp_usr.o)
 .rodata        0x0084dc8c        0xc ../G4Capstone_bsp//libucosii_bsp.a(alt_dev.o)
 .rodata        0x0084dc98        0x4 ../G4Capstone_bsp//libucosii_bsp.a(os_cpu_c.o)
 .rodata        0x0084dc9c      0x1d4 ../G4Capstone_bsp//libucosii_bsp.a(allports.o)
 .rodata        0x0084de70       0x34 ../G4Capstone_bsp//libucosii_bsp.a(tk_misc.o)
 .rodata        0x0084dea4       0x44 ../G4Capstone_bsp//libucosii_bsp.a(et_arp.o)
 .rodata        0x0084dee8      0x1dc ../G4Capstone_bsp//libucosii_bsp.a(ip.o)
 .rodata        0x0084e0c4      0x158 ../G4Capstone_bsp//libucosii_bsp.a(ip_reasm.o)
 .rodata        0x0084e21c      0x120 ../G4Capstone_bsp//libucosii_bsp.a(ipdemux.o)
 .rodata        0x0084e33c       0x34 ../G4Capstone_bsp//libucosii_bsp.a(ipport.o)
 .rodata        0x0084e370       0x24 ../G4Capstone_bsp//libucosii_bsp.a(ipraw.o)
 .rodata        0x0084e394       0x38 ../G4Capstone_bsp//libucosii_bsp.a(iproute.o)
 .rodata        0x0084e3cc       0xe8 ../G4Capstone_bsp//libucosii_bsp.a(udp.o)
 .rodata        0x0084e4b4      0x2d0 ../G4Capstone_bsp//libucosii_bsp.a(u_mctest.o)
 .rodata        0x0084e784       0xf8 ../G4Capstone_bsp//libucosii_bsp.a(dhcsetup.o)
 .rodata        0x0084e87c       0x94 ../G4Capstone_bsp//libucosii_bsp.a(parseip.o)
 .rodata        0x0084e910       0x34 ../G4Capstone_bsp//libucosii_bsp.a(vfsfiles.o)
 .rodata        0x0084e944      0x318 ../G4Capstone_bsp//libucosii_bsp.a(icmp.o)
 *(.rodata1)
                0x0084ec5c                . = ALIGN (0x4)
                0x0084ec5c                PROVIDE (__ram_rodata_end, ABSOLUTE (.))
                0x0084a9e0                PROVIDE (__flash_rodata_start, LOADADDR (.rodata))

.rwdata         0x0084ec5c     0x1e80
                0x0084ec5c                PROVIDE (__ram_rwdata_start, ABSOLUTE (.))
                0x0084ec5c                . = ALIGN (0x4)
 *(.got.plt)
 *(.got)
 *(.data1)
 *(.data .data.* .gnu.linkonce.d.*)
 .data          0x0084ec5c        0x0 ../G4Capstone_bsp//obj/HAL/src/crt0.o
 .data          0x0084ec5c        0x0 obj/default/alt_error_handler.o
 .data          0x0084ec5c        0x0 obj/default/dm9000a.o
 .data          0x0084ec5c        0x0 obj/default/http.o
 .data          0x0084ec5c        0x0 obj/default/network_utilities.o
 .data          0x0084ec5c        0x0 obj/default/srec_flash.o
 .data          0x0084ec5c       0x18 obj/default/web_server.o
                0x0084ec5c                wstask
 .data          0x0084ec74        0x0 /OPT/altera/12.1/tools/nios2eds/bin/gnu/H-i686-pc-linux-gnu/bin/../lib/gcc/nios2-elf/4.1.2/libgcc.a(lib2-divmod.o)
 .data          0x0084ec74        0x0 /OPT/altera/12.1/tools/nios2eds/bin/gnu/H-i686-pc-linux-gnu/bin/../lib/gcc/nios2-elf/4.1.2/../../../../nios2-elf/lib/libc.a(lib_a-atoi.o)
 .data          0x0084ec74        0x0 /OPT/altera/12.1/tools/nios2eds/bin/gnu/H-i686-pc-linux-gnu/bin/../lib/gcc/nios2-elf/4.1.2/../../../../nios2-elf/lib/libc.a(lib_a-ctype_.o)
 .data          0x0084ec74        0x0 /OPT/altera/12.1/tools/nios2eds/bin/gnu/H-i686-pc-linux-gnu/bin/../lib/gcc/nios2-elf/4.1.2/../../../../nios2-elf/lib/libc.a(lib_a-fclose.o)